[0.001s][info][gc] Min heap equals to max heap, disabling ShenandoahUncommit
[0.002s][info][gc] Heuristics ergonomically sets -XX:+ExplicitGCInvokesConcurrent
[0.002s][info][gc] Heuristics ergonomically sets -XX:+ShenandoahImplicitGCInvokesConcurrent
[0.002s][info][gc] Using Shenandoah
[0.002s][info][gc,ergo] Pacer for Idle. Initial: 8192K, Alloc Tax Rate: 1.0x
[0.003s][info][gc,init] Version: 21.0.8+9-Ubuntu-0ubuntu124.04.1 (release)
[0.003s][info][gc,init] CPUs: 32 total, 32 available
[0.003s][info][gc,init] Memory: 61914M
[0.003s][info][gc,init] Large Page Support: Disabled
[0.003s][info][gc,init] NUMA Support: Disabled
[0.003s][info][gc,init] Compressed Oops: Enabled (32-bit)
[0.003s][info][gc,init] Heap Min Capacity: 6656K
[0.003s][info][gc,init] Heap Initial Capacity: 400M
[0.003s][info][gc,init] Heap Max Capacity: 400M
[0.003s][info][gc,init] Pre-touch: Disabled
[0.003s][info][gc,init] Mode: Snapshot-At-The-Beginning (SATB)
[0.003s][info][gc,init] Heuristics: Adaptive
[0.003s][info][gc,init] Heap Region Count: 1600
[0.003s][info][gc,init] Heap Region Size: 256K
[0.003s][info][gc,init] TLAB Size Max: 256K
[0.003s][info][gc,init] Humongous Object Threshold: 256K
[0.003s][info][gc,init] Parallel Workers: 16
[0.003s][info][gc,init] Concurrent Workers: 8
[0.006s][info][gc,metaspace] CDS archive(s) mapped at: [0x0000762f67000000-0x0000762f67ca0000-0x0000762f67ca0000), size 13238272, SharedBaseAddress: 0x0000762f67000000, ArchiveRelocationMode: 1.
[0.006s][info][gc,metaspace] Compressed class space mapped at: 0x0000762f68000000-0x0000762fa8000000, reserved size: 1073741824
[0.006s][info][gc,metaspace] Narrow klass base: 0x0000762f67000000, Narrow klass shift: 0, Narrow klass range: 0x100000000
[0.282s][info][gc          ] Trigger: Learning 1 of 5. Free (279M) is below initial threshold (280M)
[0.282s][info][gc,ergo     ] Free: 279M, Max: 256K regular, 279M humongous, Frag: 0% external, 0% internal; Reserve: 20480K, Max: 256K
[0.282s][info][gc,start    ] GC(0) Concurrent reset
[0.283s][info][gc,task     ] GC(0) Using 8 of 16 workers for concurrent reset
[0.283s][info][gc,ergo     ] GC(0) Pacer for Reset. Non-Taxable: 400M
[0.283s][info][gc          ] GC(0) Concurrent reset 0.607ms
[0.283s][info][gc,start    ] GC(0) Pause Init Mark (unload classes)
[0.283s][info][gc,task     ] GC(0) Using 12 of 16 workers for init marking
[0.283s][info][gc,ergo     ] GC(0) Pacer for Mark. Expected Live: 40960K, Free: 276M, Non-Taxable: 28339K, Alloc Tax Rate: 0.2x
[0.283s][info][gc          ] GC(0) Pause Init Mark (unload classes) 0.308ms
[0.283s][info][gc,start    ] GC(0) Concurrent marking roots
[0.283s][info][gc,task     ] GC(0) Using 8 of 16 workers for concurrent marking roots
[0.283s][info][gc          ] GC(0) Concurrent marking roots 0.267ms
[0.283s][info][gc,start    ] GC(0) Concurrent marking (unload classes)
[0.283s][info][gc,task     ] GC(0) Using 8 of 16 workers for concurrent marking
[0.297s][info][gc          ] GC(0) Concurrent marking (unload classes) 13.811ms
[0.297s][info][gc,start    ] GC(0) Pause Final Mark (unload classes)
[0.297s][info][gc,task     ] GC(0) Using 12 of 16 workers for final marking
[0.297s][info][gc,ergo     ] GC(0) Adaptive CSet Selection. Target Free: 58026K, Actual Free: 268M, Max CSet: 17066K, Min Garbage: 0B
[0.297s][info][gc,ergo     ] GC(0) Collectable Garbage: 25102K (99%), Immediate: 512K (2%), CSet: 24590K (97%)
[0.297s][info][gc,ergo     ] GC(0) Pacer for Evacuation. Used CSet: 27136K, Free: 248M, Non-Taxable: 25407K, Alloc Tax Rate: 1.1x
[0.297s][info][gc          ] GC(0) Pause Final Mark (unload classes) 0.117ms
[0.297s][info][gc,start    ] GC(0) Concurrent thread roots
[0.297s][info][gc,task     ] GC(0) Using 8 of 16 workers for Concurrent thread roots
[0.297s][info][gc          ] GC(0) Concurrent thread roots 0.044ms
[0.297s][info][gc,start    ] GC(0) Concurrent weak references
[0.297s][info][gc,task     ] GC(0) Using 8 of 16 workers for concurrent weak references
[0.297s][info][gc,ref      ] GC(0) Encountered references: Soft: 210, Weak: 1214, Final: 0, Phantom: 232
[0.297s][info][gc,ref      ] GC(0) Discovered  references: Soft: 0, Weak: 700, Final: 0, Phantom: 230
[0.297s][info][gc,ref      ] GC(0) Enqueued    references: Soft: 0, Weak: 334, Final: 0, Phantom: 229
[0.297s][info][gc          ] GC(0) Concurrent weak references 0.106ms
[0.297s][info][gc,start    ] GC(0) Concurrent weak roots
[0.297s][info][gc,task     ] GC(0) Using 8 of 16 workers for concurrent weak root
[0.298s][info][gc          ] GC(0) Concurrent weak roots 0.180ms
[0.298s][info][gc,start    ] GC(0) Concurrent cleanup
[0.298s][info][gc          ] GC(0) Concurrent cleanup 132M->131M(400M) 0.023ms
[0.298s][info][gc,ergo     ] GC(0) Free: 248M, Max: 256K regular, 247M humongous, Frag: 1% external, 0% internal; Reserve: 20207K, Max: 256K
[0.298s][info][gc,start    ] GC(0) Concurrent class unloading
[0.298s][info][gc,task     ] GC(0) Using 8 of 16 workers for concurrent class unloading
[0.298s][info][gc          ] GC(0) Concurrent class unloading 0.772ms
[0.298s][info][gc,start    ] GC(0) Concurrent strong roots
[0.298s][info][gc,task     ] GC(0) Using 8 of 16 workers for concurrent strong root
[0.299s][info][gc          ] GC(0) Concurrent strong roots 0.179ms
[0.299s][info][gc,start    ] GC(0) Concurrent evacuation
[0.299s][info][gc,task     ] GC(0) Using 8 of 16 workers for concurrent evacuation
[0.299s][info][gc          ] GC(0) Concurrent evacuation 0.343ms
[0.299s][info][gc,start    ] GC(0) Pause Init Update Refs
[0.299s][info][gc,ergo     ] GC(0) Pacer for Update Refs. Used: 136M, Free: 247M, Non-Taxable: 25369K, Alloc Tax Rate: 1.1x
[0.299s][info][gc          ] GC(0) Pause Init Update Refs 0.021ms
[0.299s][info][gc,start    ] GC(0) Concurrent update references
[0.299s][info][gc,task     ] GC(0) Using 8 of 16 workers for concurrent reference update
[0.304s][info][gc          ] GC(0) Concurrent update references 5.354ms
[0.304s][info][gc,start    ] GC(0) Concurrent update thread roots
[0.304s][info][gc          ] GC(0) Concurrent update thread roots 0.055ms
[0.304s][info][gc,start    ] GC(0) Pause Final Update Refs
[0.304s][info][gc,task     ] GC(0) Using 12 of 16 workers for final reference update
[0.304s][info][gc          ] GC(0) Pause Final Update Refs 0.033ms
[0.304s][info][gc,start    ] GC(0) Concurrent cleanup
[0.305s][info][gc          ] GC(0) Concurrent cleanup 162M->136M(400M) 0.053ms
[0.305s][info][gc,ergo     ] Free: 243M, Max: 256K regular, 217M humongous, Frag: 11% external, 0% internal; Reserve: 20480K, Max: 256K
[0.305s][info][gc,stats    ] 
[0.305s][info][gc,stats    ] All times are wall-clock times, except per-root-class counters, that are sum over
[0.305s][info][gc,stats    ] all workers. Dividing the <total> over the root stage time estimates parallelism.
[0.305s][info][gc,stats    ] 
[0.305s][info][gc,stats    ] Concurrent Reset                    611 us
[0.305s][info][gc,stats    ] Pause Init Mark (G)                 378 us
[0.305s][info][gc,stats    ] Pause Init Mark (N)                 317 us
[0.305s][info][gc,stats    ]   Update Region States               12 us
[0.305s][info][gc,stats    ] Concurrent Mark Roots               272 us, parallelism: 3.35x
[0.305s][info][gc,stats    ]   CMR: <total>                      910 us
[0.305s][info][gc,stats    ]   CMR: Thread Roots                 549 us, workers (us):   0,   9,  77,   8,  76,   0, 154, 226, ---, ---, ---, ---, ---, ---, ---, ---, 
[0.305s][info][gc,stats    ]   CMR: VM Strong Roots              145 us, workers (us):  78,  28,  11,  26,   1,   0,   0,   0, ---, ---, ---, ---, ---, ---, ---, ---, 
[0.305s][info][gc,stats    ]   CMR: CLDG Roots                   216 us, workers (us): ---, ---,   5, ---,   9, 197,   5, ---, ---, ---, ---, ---, ---, ---, ---, ---, 
[0.305s][info][gc,stats    ] Concurrent Marking                13823 us
[0.305s][info][gc,stats    ] Pause Final Mark (G)                135 us
[0.305s][info][gc,stats    ] Pause Final Mark (N)                120 us
[0.305s][info][gc,stats    ]   Finish Mark                        43 us
[0.305s][info][gc,stats    ]   Update Region States                9 us
[0.305s][info][gc,stats    ]   Choose Collection Set              39 us
[0.305s][info][gc,stats    ]   Rebuild Free Set                    3 us
[0.305s][info][gc,stats    ] Concurrent Thread Roots              47 us, parallelism: 1.73x
[0.305s][info][gc,stats    ]   CTR: <total>                       81 us
[0.305s][info][gc,stats    ]   CTR: Thread Roots                  81 us, workers (us):  29,   7,   9,   6,   4,  18,   4,   4, ---, ---, ---, ---, ---, ---, ---, ---, 
[0.305s][info][gc,stats    ] Concurrent Weak References          108 us, parallelism: 1.15x
[0.305s][info][gc,stats    ]   CWRF: <total>                     124 us
[0.305s][info][gc,stats    ]   CWRF: Weak References             124 us, workers (us):   3,  29,  79,  13,   0,   0,   0,   0, ---, ---, ---, ---, ---, ---, ---, ---, 
[0.305s][info][gc,stats    ] Concurrent Weak Roots               184 us
[0.305s][info][gc,stats    ]   Roots                             161 us, parallelism: 5.86x
[0.305s][info][gc,stats    ]     CWR: <total>                    946 us
[0.305s][info][gc,stats    ]     CWR: Code Cache Roots           460 us, workers (us):  64,  80,  38,   7,  86,  59,  55,  72, ---, ---, ---, ---, ---, ---, ---, ---, 
[0.305s][info][gc,stats    ]     CWR: VM Weak Roots              472 us, workers (us):  64,  61,  60,  59,  57,  59,  58,  53, ---, ---, ---, ---, ---, ---, ---, ---, 
[0.305s][info][gc,stats    ]     CWR: CLDG Roots                  14 us, workers (us): ---, ---,   6,   2,   3, ---, ---,   2, ---, ---, ---, ---, ---, ---, ---, ---, 
[0.305s][info][gc,stats    ]   Rendezvous                         16 us
[0.305s][info][gc,stats    ] Concurrent Cleanup                   25 us
[0.305s][info][gc,stats    ] Concurrent Class Unloading          774 us
[0.305s][info][gc,stats    ]   Unlink Stale                      401 us
[0.305s][info][gc,stats    ]     System Dictionary                 3 us
[0.305s][info][gc,stats    ]     Weak Class Links                  0 us
[0.305s][info][gc,stats    ]     Code Roots                      398 us
[0.305s][info][gc,stats    ]   Rendezvous                         22 us
[0.305s][info][gc,stats    ]   Purge Unlinked                    344 us
[0.305s][info][gc,stats    ]     Code Roots                      339 us
[0.305s][info][gc,stats    ]     CLDG                              5 us
[0.305s][info][gc,stats    ]     Exception Caches                  0 us
[0.305s][info][gc,stats    ] Concurrent Strong Roots             181 us, parallelism: 1.86x
[0.305s][info][gc,stats    ]   CSR: <total>                      337 us
[0.305s][info][gc,stats    ]   CSR: VM Strong Roots                8 us, workers (us):   4,   2,   1,   0,   0,   0,   0,   0, ---, ---, ---, ---, ---, ---, ---, ---, 
[0.305s][info][gc,stats    ]   CSR: CLDG Roots                   329 us, workers (us): 163, 125, ---,  27,  13, ---, ---, ---, ---, ---, ---, ---, ---, ---, ---, ---, 
[0.305s][info][gc,stats    ] Concurrent Evacuation               345 us
[0.305s][info][gc,stats    ] Pause Init Update Refs (G)           36 us
[0.305s][info][gc,stats    ] Pause Init Update Refs (N)           23 us
[0.305s][info][gc,stats    ]   Manage GCLABs                       2 us
[0.305s][info][gc,stats    ] Concurrent Update Refs             5357 us
[0.305s][info][gc,stats    ] Concurrent Update Thread Roots       58 us
[0.305s][info][gc,stats    ] Pause Final Update Refs (G)         114 us
[0.305s][info][gc,stats    ] Pause Final Update Refs (N)          36 us
[0.305s][info][gc,stats    ]   Update Region States                7 us
[0.305s][info][gc,stats    ]   Trash Collection Set                2 us
[0.305s][info][gc,stats    ]   Rebuild Free Set                    3 us
[0.305s][info][gc,stats    ] Concurrent Cleanup                   57 us
[0.305s][info][gc,stats    ] Pacing                             9572 us
[0.305s][info][gc,stats    ] 
[0.305s][info][gc,stats    ] Allocation pacing accrued:
[0.305s][info][gc,stats    ]      10 of   302 ms (  3.2%): main
[0.305s][info][gc,stats    ]      10 of   302 ms (  3.2%): <total>
[0.305s][info][gc,stats    ]       0 of   302 ms (  0.2%): <average total>
[0.305s][info][gc,stats    ]      10 of   302 ms (  3.2%): <average non-zero>
[0.305s][info][gc,stats    ] 
[0.305s][info][gc,metaspace] Metaspace: 10512K(10752K)->10523K(10752K) NonClass: 9288K(9408K)->9298K(9408K) Class: 1224K(1344K)->1224K(1344K)
[0.305s][info][gc,ergo     ] Pacer for Idle. Initial: 8192K, Alloc Tax Rate: 1.0x
[0.306s][info][gc          ] Trigger: Learning 2 of 5. Free (234M) is below initial threshold (280M)
[0.306s][info][gc,ergo     ] Free: 234M, Max: 256K regular, 217M humongous, Frag: 8% external, 0% internal; Reserve: 20480K, Max: 256K
[0.306s][info][gc,start    ] GC(1) Concurrent reset
[0.306s][info][gc,task     ] GC(1) Using 8 of 16 workers for concurrent reset
[0.306s][info][gc,ergo     ] GC(1) Pacer for Reset. Non-Taxable: 400M
[0.306s][info][gc          ] GC(1) Concurrent reset 0.187ms
[0.306s][info][gc,start    ] GC(1) Pause Init Mark (unload classes)
[0.306s][info][gc,task     ] GC(1) Using 10 of 16 workers for init marking
[0.306s][info][gc,ergo     ] GC(1) Pacer for Mark. Expected Live: 80033K, Free: 234M, Non-Taxable: 23979K, Alloc Tax Rate: 0.4x
[0.306s][info][gc          ] GC(1) Pause Init Mark (unload classes) 0.018ms
[0.306s][info][gc,start    ] GC(1) Concurrent marking roots
[0.306s][info][gc,task     ] GC(1) Using 8 of 16 workers for concurrent marking roots
[0.306s][info][gc          ] GC(1) Concurrent marking roots 0.089ms
[0.306s][info][gc,start    ] GC(1) Concurrent marking (unload classes)
[0.306s][info][gc,task     ] GC(1) Using 8 of 16 workers for concurrent marking
[0.328s][info][gc          ] GC(1) Concurrent marking (unload classes) 21.308ms
[0.328s][info][gc,start    ] GC(1) Pause Final Mark (unload classes)
[0.328s][info][gc,task     ] GC(1) Using 10 of 16 workers for final marking
[0.328s][info][gc,ergo     ] GC(1) Adaptive CSet Selection. Target Free: 58026K, Actual Free: 230M, Max CSet: 17066K, Min Garbage: 0B
[0.328s][info][gc,ergo     ] GC(1) Collectable Garbage: 1897K (79%), Immediate: 0B (0%), CSet: 1897K (79%)
[0.328s][info][gc,ergo     ] GC(1) Pacer for Evacuation. Used CSet: 2304K, Free: 210M, Non-Taxable: 21504K, Alloc Tax Rate: 1.1x
[0.328s][info][gc          ] GC(1) Pause Final Mark (unload classes) 0.109ms
[0.328s][info][gc,start    ] GC(1) Concurrent thread roots
[0.328s][info][gc,task     ] GC(1) Using 8 of 16 workers for Concurrent thread roots
[0.328s][info][gc          ] GC(1) Concurrent thread roots 0.033ms
[0.328s][info][gc,start    ] GC(1) Concurrent weak references
[0.328s][info][gc,task     ] GC(1) Using 8 of 16 workers for concurrent weak references
[0.328s][info][gc,ref      ] GC(1) Encountered references: Soft: 210, Weak: 880, Final: 0, Phantom: 3
[0.328s][info][gc,ref      ] GC(1) Discovered  references: Soft: 0, Weak: 527, Final: 0, Phantom: 2
[0.328s][info][gc,ref      ] GC(1) Enqueued    references: Soft: 0, Weak: 0, Final: 0, Phantom: 0
[0.328s][info][gc          ] GC(1) Concurrent weak references 0.041ms
[0.328s][info][gc,start    ] GC(1) Concurrent weak roots
[0.328s][info][gc,task     ] GC(1) Using 8 of 16 workers for concurrent weak root
[0.328s][info][gc          ] GC(1) Concurrent weak roots 0.116ms
[0.328s][info][gc,start    ] GC(1) Concurrent cleanup
[0.328s][info][gc          ] GC(1) Concurrent cleanup 169M->169M(400M) 0.021ms
[0.328s][info][gc,ergo     ] GC(1) Free: 210M, Max: 256K regular, 210M humongous, Frag: 0% external, 0% internal; Reserve: 20473K, Max: 256K
[0.328s][info][gc,start    ] GC(1) Concurrent class unloading
[0.328s][info][gc,task     ] GC(1) Using 8 of 16 workers for concurrent class unloading
[0.328s][info][gc          ] GC(1) Concurrent class unloading 0.330ms
[0.328s][info][gc,start    ] GC(1) Concurrent strong roots
[0.328s][info][gc,task     ] GC(1) Using 8 of 16 workers for concurrent strong root
[0.328s][info][gc          ] GC(1) Concurrent strong roots 0.054ms
[0.328s][info][gc,start    ] GC(1) Concurrent evacuation
[0.328s][info][gc,task     ] GC(1) Using 8 of 16 workers for concurrent evacuation
[0.328s][info][gc          ] GC(1) Concurrent evacuation 0.074ms
[0.328s][info][gc,start    ] GC(1) Pause Init Update Refs
[0.328s][info][gc,ergo     ] GC(1) Pacer for Update Refs. Used: 170M, Free: 210M, Non-Taxable: 21504K, Alloc Tax Rate: 1.1x
[0.328s][info][gc          ] GC(1) Pause Init Update Refs 0.017ms
[0.328s][info][gc,start    ] GC(1) Concurrent update references
[0.328s][info][gc,task     ] GC(1) Using 8 of 16 workers for concurrent reference update
[0.336s][info][gc          ] GC(1) Concurrent update references 7.249ms
[0.336s][info][gc,start    ] GC(1) Concurrent update thread roots
[0.336s][info][gc          ] GC(1) Concurrent update thread roots 0.061ms
[0.336s][info][gc,start    ] GC(1) Pause Final Update Refs
[0.336s][info][gc,task     ] GC(1) Using 10 of 16 workers for final reference update
[0.336s][info][gc          ] GC(1) Pause Final Update Refs 0.036ms
[0.336s][info][gc,start    ] GC(1) Concurrent cleanup
[0.336s][info][gc          ] GC(1) Concurrent cleanup 198M->196M(400M) 0.025ms
[0.336s][info][gc,ergo     ] Free: 183M, Max: 256K regular, 183M humongous, Frag: 1% external, 0% internal; Reserve: 20480K, Max: 256K
[0.336s][info][gc,stats    ] 
[0.336s][info][gc,stats    ] All times are wall-clock times, except per-root-class counters, that are sum over
[0.336s][info][gc,stats    ] all workers. Dividing the <total> over the root stage time estimates parallelism.
[0.336s][info][gc,stats    ] 
[0.336s][info][gc,stats    ] Concurrent Reset                    190 us
[0.336s][info][gc,stats    ] Pause Init Mark (G)                  32 us
[0.336s][info][gc,stats    ] Pause Init Mark (N)                  19 us
[0.336s][info][gc,stats    ]   Update Region States                3 us
[0.336s][info][gc,stats    ] Concurrent Mark Roots                91 us, parallelism: 2.21x
[0.336s][info][gc,stats    ]   CMR: <total>                      201 us
[0.336s][info][gc,stats    ]   CMR: Thread Roots                  77 us, workers (us):   3,  12,  11,   9,   3,   0,   3,  35, ---, ---, ---, ---, ---, ---, ---, ---, 
[0.336s][info][gc,stats    ]   CMR: VM Strong Roots               37 us, workers (us):  14,  13,   2,   7,   1,   0,   0,   0, ---, ---, ---, ---, ---, ---, ---, ---, 
[0.336s][info][gc,stats    ]   CMR: CLDG Roots                    88 us, workers (us): ---, ---,  11, ---,  11,  58,   9, ---, ---, ---, ---, ---, ---, ---, ---, ---, 
[0.336s][info][gc,stats    ] Concurrent Marking                21319 us
[0.336s][info][gc,stats    ] Pause Final Mark (G)                126 us
[0.336s][info][gc,stats    ] Pause Final Mark (N)                111 us
[0.336s][info][gc,stats    ]   Finish Mark                        39 us
[0.336s][info][gc,stats    ]   Update Region States               15 us
[0.336s][info][gc,stats    ]   Choose Collection Set              37 us
[0.336s][info][gc,stats    ]   Rebuild Free Set                    3 us
[0.336s][info][gc,stats    ] Concurrent Thread Roots              36 us, parallelism: 1.59x
[0.336s][info][gc,stats    ]   CTR: <total>                       57 us
[0.336s][info][gc,stats    ]   CTR: Thread Roots                  57 us, workers (us):  16,   8,  12,  11,   5,   3,   2,   0, ---, ---, ---, ---, ---, ---, ---, ---, 
[0.336s][info][gc,stats    ] Concurrent Weak References           42 us, parallelism: 0.62x
[0.336s][info][gc,stats    ]   CWRF: <total>                      26 us
[0.336s][info][gc,stats    ]   CWRF: Weak References              26 us, workers (us):   2,  23,   0,   0,   0,   0,   0,   0, ---, ---, ---, ---, ---, ---, ---, ---, 
[0.336s][info][gc,stats    ] Concurrent Weak Roots               118 us
[0.336s][info][gc,stats    ]   Roots                             100 us, parallelism: 5.04x
[0.336s][info][gc,stats    ]     CWR: <total>                    503 us
[0.336s][info][gc,stats    ]     CWR: Code Cache Roots           393 us, workers (us):   5,  62,  58,  60,  70,  57,  70,  12, ---, ---, ---, ---, ---, ---, ---, ---, 
[0.336s][info][gc,stats    ]     CWR: VM Weak Roots              100 us, workers (us):  15,  13,  13,  12,  15,  11,  11,   9, ---, ---, ---, ---, ---, ---, ---, ---, 
[0.336s][info][gc,stats    ]     CWR: CLDG Roots                  10 us, workers (us): ---,   3,   2,   3, ---,   2, ---, ---, ---, ---, ---, ---, ---, ---, ---, ---, 
[0.336s][info][gc,stats    ]   Rendezvous                         14 us
[0.336s][info][gc,stats    ] Concurrent Cleanup                   23 us
[0.336s][info][gc,stats    ] Concurrent Class Unloading          332 us
[0.336s][info][gc,stats    ]   Unlink Stale                      313 us
[0.336s][info][gc,stats    ]     System Dictionary                 3 us
[0.336s][info][gc,stats    ]     Weak Class Links                  0 us
[0.336s][info][gc,stats    ]     Code Roots                      310 us
[0.336s][info][gc,stats    ]   Rendezvous                         10 us
[0.336s][info][gc,stats    ]   Purge Unlinked                      3 us
[0.336s][info][gc,stats    ]     Code Roots                        1 us
[0.336s][info][gc,stats    ]     CLDG                              2 us
[0.336s][info][gc,stats    ]     Exception Caches                  0 us
[0.336s][info][gc,stats    ] Concurrent Strong Roots              56 us, parallelism: 1.54x
[0.336s][info][gc,stats    ]   CSR: <total>                       87 us
[0.336s][info][gc,stats    ]   CSR: VM Strong Roots                3 us, workers (us):   1,   1,   0,   0,   0,   0,   0,   0, ---, ---, ---, ---, ---, ---, ---, ---, 
[0.336s][info][gc,stats    ]   CSR: CLDG Roots                    84 us, workers (us):  42,  10,   9,  24, ---, ---, ---, ---, ---, ---, ---, ---, ---, ---, ---, ---, 
[0.336s][info][gc,stats    ] Concurrent Evacuation                76 us
[0.336s][info][gc,stats    ] Pause Init Update Refs (G)           30 us
[0.336s][info][gc,stats    ] Pause Init Update Refs (N)           19 us
[0.336s][info][gc,stats    ]   Manage GCLABs                       2 us
[0.336s][info][gc,stats    ] Concurrent Update Refs             7255 us
[0.336s][info][gc,stats    ] Concurrent Update Thread Roots       63 us
[0.336s][info][gc,stats    ] Pause Final Update Refs (G)          57 us
[0.336s][info][gc,stats    ] Pause Final Update Refs (N)          40 us
[0.336s][info][gc,stats    ]   Update Region States                4 us
[0.336s][info][gc,stats    ]   Trash Collection Set                1 us
[0.336s][info][gc,stats    ]   Rebuild Free Set                    3 us
[0.336s][info][gc,stats    ] Concurrent Cleanup                   27 us
[0.336s][info][gc,stats    ] Pacing                            20247 us
[0.336s][info][gc,stats    ] 
[0.336s][info][gc,stats    ] Allocation pacing accrued:
[0.336s][info][gc,stats    ]      20 of    31 ms ( 64.9%): main
[0.336s][info][gc,stats    ]      20 of    31 ms ( 64.9%): <total>
[0.336s][info][gc,stats    ]       1 of    31 ms (  3.1%): <average total>
[0.336s][info][gc,stats    ]      20 of    31 ms ( 64.9%): <average non-zero>
[0.336s][info][gc,stats    ] 
[0.336s][info][gc,metaspace] Metaspace: 10523K(10752K)->10523K(10752K) NonClass: 9298K(9408K)->9299K(9408K) Class: 1224K(1344K)->1224K(1344K)
[0.336s][info][gc,ergo     ] Pacer for Idle. Initial: 8192K, Alloc Tax Rate: 1.0x
[0.337s][info][gc          ] Trigger: Learning 3 of 5. Free (183M) is below initial threshold (280M)
[0.337s][info][gc,ergo     ] Free: 183M, Max: 256K regular, 183M humongous, Frag: 1% external, 0% internal; Reserve: 20480K, Max: 256K
[0.337s][info][gc,start    ] GC(2) Concurrent reset
[0.337s][info][gc,task     ] GC(2) Using 8 of 16 workers for concurrent reset
[0.337s][info][gc,ergo     ] GC(2) Pacer for Reset. Non-Taxable: 400M
[0.337s][info][gc          ] GC(2) Concurrent reset 0.177ms
[0.337s][info][gc,start    ] GC(2) Pause Init Mark (unload classes)
[0.337s][info][gc,task     ] GC(2) Using 9 of 16 workers for init marking
[0.337s][info][gc,ergo     ] GC(2) Pacer for Mark. Expected Live: 110M, Free: 183M, Non-Taxable: 18808K, Alloc Tax Rate: 0.7x
[0.337s][info][gc          ] GC(2) Pause Init Mark (unload classes) 0.025ms
[0.337s][info][gc,start    ] GC(2) Concurrent marking roots
[0.337s][info][gc,task     ] GC(2) Using 8 of 16 workers for concurrent marking roots
[0.337s][info][gc          ] GC(2) Concurrent marking roots 0.059ms
[0.337s][info][gc,start    ] GC(2) Concurrent marking (unload classes)
[0.337s][info][gc,task     ] GC(2) Using 8 of 16 workers for concurrent marking
[0.367s][info][gc          ] GC(2) Concurrent marking (unload classes) 29.580ms
[0.367s][info][gc,start    ] GC(2) Pause Final Mark (unload classes)
[0.367s][info][gc,task     ] GC(2) Using 9 of 16 workers for final marking
[0.367s][info][gc,ergo     ] GC(2) Adaptive CSet Selection. Target Free: 58026K, Actual Free: 184M, Max CSet: 17066K, Min Garbage: 0B
[0.367s][info][gc,ergo     ] GC(2) Collectable Garbage: 279K (27%), Immediate: 0B (0%), CSet: 279K (27%)
[0.367s][info][gc,ergo     ] GC(2) Pacer for Evacuation. Used CSet: 584K, Free: 164M, Non-Taxable: 16871K, Alloc Tax Rate: 1.1x
[0.367s][info][gc          ] GC(2) Pause Final Mark (unload classes) 0.146ms
[0.367s][info][gc,start    ] GC(2) Concurrent thread roots
[0.367s][info][gc,task     ] GC(2) Using 8 of 16 workers for Concurrent thread roots
[0.367s][info][gc          ] GC(2) Concurrent thread roots 0.063ms
[0.367s][info][gc,start    ] GC(2) Concurrent weak references
[0.367s][info][gc,task     ] GC(2) Using 8 of 16 workers for concurrent weak references
[0.367s][info][gc,ref      ] GC(2) Encountered references: Soft: 210, Weak: 880, Final: 0, Phantom: 3
[0.367s][info][gc,ref      ] GC(2) Discovered  references: Soft: 0, Weak: 668, Final: 0, Phantom: 2
[0.367s][info][gc,ref      ] GC(2) Enqueued    references: Soft: 0, Weak: 0, Final: 0, Phantom: 0
[0.367s][info][gc          ] GC(2) Concurrent weak references 0.059ms
[0.367s][info][gc,start    ] GC(2) Concurrent weak roots
[0.367s][info][gc,task     ] GC(2) Using 8 of 16 workers for concurrent weak root
[0.367s][info][gc          ] GC(2) Concurrent weak roots 0.138ms
[0.367s][info][gc,start    ] GC(2) Concurrent cleanup
[0.367s][info][gc          ] GC(2) Concurrent cleanup 214M->214M(400M) 0.022ms
[0.367s][info][gc,ergo     ] GC(2) Free: 164M, Max: 256K regular, 164M humongous, Frag: 0% external, 0% internal; Reserve: 20469K, Max: 256K
[0.367s][info][gc,start    ] GC(2) Concurrent class unloading
[0.367s][info][gc,task     ] GC(2) Using 8 of 16 workers for concurrent class unloading
[0.368s][info][gc          ] GC(2) Concurrent class unloading 0.327ms
[0.368s][info][gc,start    ] GC(2) Concurrent strong roots
[0.368s][info][gc,task     ] GC(2) Using 8 of 16 workers for concurrent strong root
[0.368s][info][gc          ] GC(2) Concurrent strong roots 0.064ms
[0.368s][info][gc,start    ] GC(2) Concurrent evacuation
[0.368s][info][gc,task     ] GC(2) Using 8 of 16 workers for concurrent evacuation
[0.368s][info][gc          ] GC(2) Concurrent evacuation 0.080ms
[0.368s][info][gc,start    ] GC(2) Pause Init Update Refs
[0.368s][info][gc,ergo     ] GC(2) Pacer for Update Refs. Used: 215M, Free: 164M, Non-Taxable: 16871K, Alloc Tax Rate: 1.6x
[0.368s][info][gc          ] GC(2) Pause Init Update Refs 0.006ms
[0.368s][info][gc,start    ] GC(2) Concurrent update references
[0.368s][info][gc,task     ] GC(2) Using 8 of 16 workers for concurrent reference update
[0.378s][info][gc          ] GC(2) Concurrent update references 10.150ms
[0.378s][info][gc,start    ] GC(2) Concurrent update thread roots
[0.378s][info][gc          ] GC(2) Concurrent update thread roots 0.075ms
[0.378s][info][gc,start    ] GC(2) Pause Final Update Refs
[0.378s][info][gc,task     ] GC(2) Using 9 of 16 workers for final reference update
[0.378s][info][gc          ] GC(2) Pause Final Update Refs 0.021ms
[0.378s][info][gc,start    ] GC(2) Concurrent cleanup
[0.378s][info][gc          ] GC(2) Concurrent cleanup 242M->242M(400M) 0.024ms
[0.378s][info][gc,ergo     ] Free: 137M, Max: 256K regular, 137M humongous, Frag: 0% external, 0% internal; Reserve: 20480K, Max: 256K
[0.378s][info][gc,stats    ] 
[0.378s][info][gc,stats    ] All times are wall-clock times, except per-root-class counters, that are sum over
[0.378s][info][gc,stats    ] all workers. Dividing the <total> over the root stage time estimates parallelism.
[0.378s][info][gc,stats    ] 
[0.378s][info][gc,stats    ] Concurrent Reset                    179 us
[0.378s][info][gc,stats    ] Pause Init Mark (G)                 114 us
[0.378s][info][gc,stats    ] Pause Init Mark (N)                  27 us
[0.378s][info][gc,stats    ]   Update Region States                3 us
[0.378s][info][gc,stats    ] Concurrent Mark Roots                61 us, parallelism: 1.77x
[0.378s][info][gc,stats    ]   CMR: <total>                      107 us
[0.378s][info][gc,stats    ]   CMR: Thread Roots                  50 us, workers (us):   0,   3,  12,   3,   3,   7,   6,  17, ---, ---, ---, ---, ---, ---, ---, ---, 
[0.378s][info][gc,stats    ]   CMR: VM Strong Roots                7 us, workers (us):   4,   2,   1,   0,   0,   0,   0,   0, ---, ---, ---, ---, ---, ---, ---, ---, 
[0.378s][info][gc,stats    ]   CMR: CLDG Roots                    50 us, workers (us):  35,   5, ---,   5,   5, ---, ---, ---, ---, ---, ---, ---, ---, ---, ---, ---, 
[0.378s][info][gc,stats    ] Concurrent Marking                29600 us
[0.378s][info][gc,stats    ] Pause Final Mark (G)                177 us
[0.378s][info][gc,stats    ] Pause Final Mark (N)                149 us
[0.378s][info][gc,stats    ]   Finish Mark                        37 us
[0.378s][info][gc,stats    ]   Update Region States               15 us
[0.378s][info][gc,stats    ]   Choose Collection Set              57 us
[0.378s][info][gc,stats    ]   Rebuild Free Set                    6 us
[0.378s][info][gc,stats    ] Concurrent Thread Roots              66 us, parallelism: 1.58x
[0.378s][info][gc,stats    ]   CTR: <total>                      105 us
[0.378s][info][gc,stats    ]   CTR: Thread Roots                 105 us, workers (us):  43,  12,  14,  19,   6,   5,   4,   3, ---, ---, ---, ---, ---, ---, ---, ---, 
[0.378s][info][gc,stats    ] Concurrent Weak References           60 us, parallelism: 0.81x
[0.378s][info][gc,stats    ]   CWRF: <total>                      49 us
[0.378s][info][gc,stats    ]   CWRF: Weak References              49 us, workers (us):  43,   2,   1,   2,   0,   0,   0,   0, ---, ---, ---, ---, ---, ---, ---, ---, 
[0.378s][info][gc,stats    ] Concurrent Weak Roots               140 us
[0.378s][info][gc,stats    ]   Roots                             120 us, parallelism: 4.44x
[0.378s][info][gc,stats    ]     CWR: <total>                    533 us
[0.378s][info][gc,stats    ]     CWR: Code Cache Roots           405 us, workers (us):  66,  66,   1,  58,  66,  65,  80,   2, ---, ---, ---, ---, ---, ---, ---, ---, 
[0.378s][info][gc,stats    ]     CWR: VM Weak Roots               99 us, workers (us):  15,  15,  14,  12,  12,  11,  11,   9, ---, ---, ---, ---, ---, ---, ---, ---, 
[0.378s][info][gc,stats    ]     CWR: CLDG Roots                  29 us, workers (us): ---, ---,   9,   3,   9, ---, ---,   9, ---, ---, ---, ---, ---, ---, ---, ---, 
[0.378s][info][gc,stats    ]   Rendezvous                         16 us
[0.378s][info][gc,stats    ] Concurrent Cleanup                   24 us
[0.378s][info][gc,stats    ] Concurrent Class Unloading          330 us
[0.378s][info][gc,stats    ]   Unlink Stale                      305 us
[0.378s][info][gc,stats    ]     System Dictionary                 2 us
[0.378s][info][gc,stats    ]     Weak Class Links                  0 us
[0.378s][info][gc,stats    ]     Code Roots                      302 us
[0.378s][info][gc,stats    ]   Rendezvous                          7 us
[0.378s][info][gc,stats    ]   Purge Unlinked                     11 us
[0.378s][info][gc,stats    ]     Code Roots                        9 us
[0.378s][info][gc,stats    ]     CLDG                              1 us
[0.378s][info][gc,stats    ]     Exception Caches                  0 us
[0.378s][info][gc,stats    ] Concurrent Strong Roots              66 us, parallelism: 1.62x
[0.378s][info][gc,stats    ]   CSR: <total>                      107 us
[0.378s][info][gc,stats    ]   CSR: VM Strong Roots                3 us, workers (us):   2,   1,   0,   0,   0,   0,   0,   0, ---, ---, ---, ---, ---, ---, ---, ---, 
[0.378s][info][gc,stats    ]   CSR: CLDG Roots                   104 us, workers (us):  33,  48,  12,  12, ---, ---, ---, ---, ---, ---, ---, ---, ---, ---, ---, ---, 
[0.378s][info][gc,stats    ] Concurrent Evacuation                82 us
[0.378s][info][gc,stats    ] Pause Init Update Refs (G)           15 us
[0.378s][info][gc,stats    ] Pause Init Update Refs (N)            8 us
[0.378s][info][gc,stats    ]   Manage GCLABs                       2 us
[0.378s][info][gc,stats    ] Concurrent Update Refs            10164 us
[0.378s][info][gc,stats    ] Concurrent Update Thread Roots       78 us
[0.378s][info][gc,stats    ] Pause Final Update Refs (G)         101 us
[0.378s][info][gc,stats    ] Pause Final Update Refs (N)          23 us
[0.378s][info][gc,stats    ]   Update Region States                7 us
[0.378s][info][gc,stats    ]   Trash Collection Set                1 us
[0.378s][info][gc,stats    ]   Rebuild Free Set                    3 us
[0.378s][info][gc,stats    ] Concurrent Cleanup                   26 us
[0.378s][info][gc,stats    ] Pacing                            18495 us
[0.378s][info][gc,stats    ] 
[0.378s][info][gc,stats    ] Allocation pacing accrued:
[0.378s][info][gc,stats    ]      18 of    43 ms ( 43.5%): main
[0.378s][info][gc,stats    ]      18 of    43 ms ( 43.5%): <total>
[0.378s][info][gc,stats    ]       1 of    43 ms (  2.1%): <average total>
[0.378s][info][gc,stats    ]      18 of    43 ms ( 43.5%): <average non-zero>
[0.378s][info][gc,stats    ] 
[0.379s][info][gc,metaspace] Metaspace: 10523K(10752K)->10547K(10816K) NonClass: 9299K(9408K)->9318K(9472K) Class: 1224K(1344K)->1229K(1344K)
[0.379s][info][gc,ergo     ] Pacer for Idle. Initial: 8192K, Alloc Tax Rate: 1.0x
[0.380s][info][gc          ] Trigger: Learning 4 of 5. Free (130M) is below initial threshold (280M)
[0.380s][info][gc,ergo     ] Free: 130M, Max: 256K regular, 130M humongous, Frag: 0% external, 0% internal; Reserve: 20480K, Max: 256K
[0.380s][info][gc,start    ] GC(3) Concurrent reset
[0.380s][info][gc,task     ] GC(3) Using 8 of 16 workers for concurrent reset
[0.380s][info][gc,ergo     ] GC(3) Pacer for Reset. Non-Taxable: 400M
[0.380s][info][gc          ] GC(3) Concurrent reset 0.203ms
[0.380s][info][gc,start    ] GC(3) Pause Init Mark (unload classes)
[0.380s][info][gc,task     ] GC(3) Using 9 of 16 workers for init marking
[0.380s][info][gc,ergo     ] GC(3) Pacer for Mark. Expected Live: 138M, Free: 129M, Non-Taxable: 13249K, Alloc Tax Rate: 1.3x
[0.380s][info][gc          ] GC(3) Pause Init Mark (unload classes) 0.010ms
[0.380s][info][gc,start    ] GC(3) Concurrent marking roots
[0.380s][info][gc,task     ] GC(3) Using 8 of 16 workers for concurrent marking roots
[0.380s][info][gc          ] GC(3) Concurrent marking roots 0.068ms
[0.380s][info][gc,start    ] GC(3) Concurrent marking (unload classes)
[0.380s][info][gc,task     ] GC(3) Using 8 of 16 workers for concurrent marking
[0.387s][info][gc          ] GC(3) Concurrent marking (unload classes) 7.494ms
[0.387s][info][gc,start    ] GC(3) Pause Final Mark (unload classes)
[0.387s][info][gc,task     ] GC(3) Using 9 of 16 workers for final marking
[0.387s][info][gc,ergo     ] GC(3) Collectable Garbage: 192M (99%), Immediate: 192M (99%), CSet: 0B (0%)
[0.387s][info][gc          ] GC(3) Pause Final Mark (unload classes) 0.061ms
[0.388s][info][gc,start    ] GC(3) Concurrent weak references
[0.388s][info][gc,task     ] GC(3) Using 8 of 16 workers for concurrent weak references
[0.388s][info][gc,ref      ] GC(3) Encountered references: Soft: 230, Weak: 922, Final: 0, Phantom: 4
[0.388s][info][gc,ref      ] GC(3) Discovered  references: Soft: 0, Weak: 423, Final: 0, Phantom: 3
[0.388s][info][gc,ref      ] GC(3) Enqueued    references: Soft: 0, Weak: 8, Final: 0, Phantom: 1
[0.388s][info][gc          ] GC(3) Concurrent weak references 0.031ms
[0.388s][info][gc,start    ] GC(3) Concurrent weak roots
[0.388s][info][gc,task     ] GC(3) Using 8 of 16 workers for concurrent weak root
[0.388s][info][gc          ] GC(3) Concurrent weak roots 0.199ms
[0.388s][info][gc,start    ] GC(3) Concurrent cleanup
[0.388s][info][gc          ] GC(3) Concurrent cleanup 263M->71M(400M) 0.061ms
[0.388s][info][gc,ergo     ] GC(3) Free: 308M, Max: 256K regular, 165M humongous, Frag: 47% external, 0% internal; Reserve: 20480K, Max: 256K
[0.388s][info][gc,start    ] GC(3) Concurrent class unloading
[0.388s][info][gc,task     ] GC(3) Using 8 of 16 workers for concurrent class unloading
[0.388s][info][gc          ] GC(3) Concurrent class unloading 0.372ms
[0.388s][info][gc,start    ] GC(3) Pause Final Roots
[0.388s][info][gc          ] GC(3) Pause Final Roots 0.002ms
[0.388s][info][gc,ergo     ] Free: 308M, Max: 256K regular, 165M humongous, Frag: 47% external, 0% internal; Reserve: 20480K, Max: 256K
[0.388s][info][gc,stats    ] 
[0.388s][info][gc,stats    ] All times are wall-clock times, except per-root-class counters, that are sum over
[0.388s][info][gc,stats    ] all workers. Dividing the <total> over the root stage time estimates parallelism.
[0.388s][info][gc,stats    ] 
[0.388s][info][gc,stats    ] Concurrent Reset                    206 us
[0.388s][info][gc,stats    ] Pause Init Mark (G)                  84 us
[0.388s][info][gc,stats    ] Pause Init Mark (N)                  11 us
[0.388s][info][gc,stats    ]   Update Region States                2 us
[0.388s][info][gc,stats    ] Concurrent Mark Roots                70 us, parallelism: 2.11x
[0.388s][info][gc,stats    ]   CMR: <total>                      147 us
[0.388s][info][gc,stats    ]   CMR: Thread Roots                  68 us, workers (us):  28,  10,   4,   0,   4,  13,  10,   0, ---, ---, ---, ---, ---, ---, ---, ---, 
[0.388s][info][gc,stats    ]   CMR: VM Strong Roots               10 us, workers (us):   3,   3,   2,   2,   0,   0,   1,   0, ---, ---, ---, ---, ---, ---, ---, ---, 
[0.388s][info][gc,stats    ]   CMR: CLDG Roots                    68 us, workers (us): ---,  10,  10,  39,  10, ---, ---, ---, ---, ---, ---, ---, ---, ---, ---, ---, 
[0.388s][info][gc,stats    ] Concurrent Marking                 7497 us
[0.388s][info][gc,stats    ] Pause Final Mark (G)                 70 us
[0.388s][info][gc,stats    ] Pause Final Mark (N)                 63 us
[0.388s][info][gc,stats    ]   Finish Mark                        31 us
[0.388s][info][gc,stats    ]   Update Region States                6 us
[0.388s][info][gc,stats    ]   Choose Collection Set              15 us
[0.388s][info][gc,stats    ]   Rebuild Free Set                    3 us
[0.388s][info][gc,stats    ] Concurrent Weak References           32 us, parallelism: 0.54x
[0.388s][info][gc,stats    ]   CWRF: <total>                      17 us
[0.388s][info][gc,stats    ]   CWRF: Weak References              17 us, workers (us):   2,  12,   1,   1,   0,   0,   0,   0, ---, ---, ---, ---, ---, ---, ---, ---, 
[0.388s][info][gc,stats    ] Concurrent Weak Roots               201 us
[0.388s][info][gc,stats    ]   Roots                             185 us, parallelism: 4.31x
[0.388s][info][gc,stats    ]     CWR: <total>                    797 us
[0.388s][info][gc,stats    ]     CWR: Code Cache Roots           667 us, workers (us): 152, 105,  91,   7,   8, 137,  52, 116, ---, ---, ---, ---, ---, ---, ---, ---, 
[0.388s][info][gc,stats    ]     CWR: VM Weak Roots              115 us, workers (us):  17,  17,  17,  15,  14,  12,  12,  11, ---, ---, ---, ---, ---, ---, ---, ---, 
[0.388s][info][gc,stats    ]     CWR: CLDG Roots                  14 us, workers (us): ---,   4, ---,   4, ---,   3, ---,   3, ---, ---, ---, ---, ---, ---, ---, ---, 
[0.388s][info][gc,stats    ]   Rendezvous                         11 us
[0.388s][info][gc,stats    ] Concurrent Cleanup                   63 us
[0.388s][info][gc,stats    ] Concurrent Class Unloading          375 us
[0.388s][info][gc,stats    ]   Unlink Stale                      351 us
[0.388s][info][gc,stats    ]     System Dictionary                 3 us
[0.388s][info][gc,stats    ]     Weak Class Links                  0 us
[0.388s][info][gc,stats    ]     Code Roots                      348 us
[0.388s][info][gc,stats    ]   Rendezvous                          6 us
[0.388s][info][gc,stats    ]   Purge Unlinked                     11 us
[0.388s][info][gc,stats    ]     Code Roots                        9 us
[0.388s][info][gc,stats    ]     CLDG                              2 us
[0.388s][info][gc,stats    ]     Exception Caches                  0 us
[0.388s][info][gc,stats    ] Pause Final Roots (G)                18 us
[0.388s][info][gc,stats    ] Pause Final Roots (N)                 4 us
[0.388s][info][gc,stats    ] 
[0.388s][info][gc,stats    ] Allocation pacing accrued:
[0.388s][info][gc,stats    ]       0 of    10 ms (  0.0%): <total>
[0.388s][info][gc,stats    ]       0 of    10 ms (  0.0%): <average total>
[0.388s][info][gc,stats    ] 
[0.388s][info][gc,metaspace] Metaspace: 10547K(10816K)->10547K(10816K) NonClass: 9318K(9472K)->9318K(9472K) Class: 1229K(1344K)->1229K(1344K)
[0.388s][info][gc,ergo     ] Pacer for Idle. Initial: 8192K, Alloc Tax Rate: 1.0x
[0.393s][info][gc          ] Trigger: Learning 5 of 5. Free (278M) is below initial threshold (280M)
[0.393s][info][gc,ergo     ] Free: 278M, Max: 256K regular, 162M humongous, Frag: 42% external, 0% internal; Reserve: 20480K, Max: 256K
[0.393s][info][gc,start    ] GC(4) Concurrent reset
[0.393s][info][gc,task     ] GC(4) Using 8 of 16 workers for concurrent reset
[0.393s][info][gc,ergo     ] GC(4) Pacer for Reset. Non-Taxable: 400M
[0.393s][info][gc          ] GC(4) Concurrent reset 0.109ms
[0.393s][info][gc,start    ] GC(4) Pause Init Mark (unload classes)
[0.393s][info][gc,task     ] GC(4) Using 9 of 16 workers for init marking
[0.393s][info][gc,ergo     ] GC(4) Pacer for Mark. Expected Live: 118M, Free: 278M, Non-Taxable: 28567K, Alloc Tax Rate: 0.5x
[0.393s][info][gc          ] GC(4) Pause Init Mark (unload classes) 0.010ms
[0.393s][info][gc,start    ] GC(4) Concurrent marking roots
[0.393s][info][gc,task     ] GC(4) Using 8 of 16 workers for concurrent marking roots
[0.393s][info][gc          ] GC(4) Concurrent marking roots 0.177ms
[0.393s][info][gc,start    ] GC(4) Concurrent marking (unload classes)
[0.393s][info][gc,task     ] GC(4) Using 8 of 16 workers for concurrent marking
[0.408s][info][gc          ] GC(4) Concurrent marking (unload classes) 14.969ms
[0.408s][info][gc,start    ] GC(4) Pause Final Mark (unload classes)
[0.408s][info][gc,task     ] GC(4) Using 9 of 16 workers for final marking
[0.408s][info][gc,ergo     ] GC(4) Adaptive CSet Selection. Target Free: 58026K, Actual Free: 268M, Max CSet: 17066K, Min Garbage: 0B
[0.408s][info][gc,ergo     ] GC(4) Collectable Garbage: 909K (52%), Immediate: 0B (0%), CSet: 909K (52%)
[0.408s][info][gc,ergo     ] GC(4) Pacer for Evacuation. Used CSet: 1536K, Free: 248M, Non-Taxable: 25453K, Alloc Tax Rate: 1.1x
[0.408s][info][gc          ] GC(4) Pause Final Mark (unload classes) 0.078ms
[0.408s][info][gc,start    ] GC(4) Concurrent thread roots
[0.408s][info][gc,task     ] GC(4) Using 8 of 16 workers for Concurrent thread roots
[0.408s][info][gc          ] GC(4) Concurrent thread roots 0.087ms
[0.408s][info][gc,start    ] GC(4) Concurrent weak references
[0.408s][info][gc,task     ] GC(4) Using 8 of 16 workers for concurrent weak references
[0.408s][info][gc,ref      ] GC(4) Encountered references: Soft: 230, Weak: 921, Final: 0, Phantom: 3
[0.408s][info][gc,ref      ] GC(4) Discovered  references: Soft: 0, Weak: 311, Final: 0, Phantom: 2
[0.408s][info][gc,ref      ] GC(4) Enqueued    references: Soft: 0, Weak: 1, Final: 0, Phantom: 0
[0.408s][info][gc          ] GC(4) Concurrent weak references 0.034ms
[0.408s][info][gc,start    ] GC(4) Concurrent weak roots
[0.408s][info][gc,task     ] GC(4) Using 8 of 16 workers for concurrent weak root
[0.408s][info][gc          ] GC(4) Concurrent weak roots 0.163ms
[0.408s][info][gc,start    ] GC(4) Concurrent cleanup
[0.408s][info][gc          ] GC(4) Concurrent cleanup 131M->131M(400M) 0.021ms
[0.408s][info][gc,ergo     ] GC(4) Free: 248M, Max: 256K regular, 132M humongous, Frag: 47% external, 0% internal; Reserve: 20467K, Max: 256K
[0.408s][info][gc,start    ] GC(4) Concurrent class unloading
[0.408s][info][gc,task     ] GC(4) Using 8 of 16 workers for concurrent class unloading
[0.409s][info][gc          ] GC(4) Concurrent class unloading 0.383ms
[0.409s][info][gc,start    ] GC(4) Concurrent strong roots
[0.409s][info][gc,task     ] GC(4) Using 8 of 16 workers for concurrent strong root
[0.409s][info][gc          ] GC(4) Concurrent strong roots 0.086ms
[0.409s][info][gc,start    ] GC(4) Concurrent evacuation
[0.409s][info][gc,task     ] GC(4) Using 8 of 16 workers for concurrent evacuation
[0.409s][info][gc          ] GC(4) Concurrent evacuation 0.345ms
[0.409s][info][gc,start    ] GC(4) Pause Init Update Refs
[0.409s][info][gc,ergo     ] GC(4) Pacer for Update Refs. Used: 132M, Free: 248M, Non-Taxable: 25453K, Alloc Tax Rate: 1.1x
[0.409s][info][gc          ] GC(4) Pause Init Update Refs 0.006ms
[0.409s][info][gc,start    ] GC(4) Concurrent update references
[0.409s][info][gc,task     ] GC(4) Using 8 of 16 workers for concurrent reference update
[0.417s][info][gc          ] GC(4) Concurrent update references 7.829ms
[0.417s][info][gc,start    ] GC(4) Concurrent update thread roots
[0.417s][info][gc          ] GC(4) Concurrent update thread roots 0.102ms
[0.417s][info][gc,start    ] GC(4) Pause Final Update Refs
[0.417s][info][gc,task     ] GC(4) Using 16 of 16 workers for final reference update
[0.417s][info][gc          ] GC(4) Pause Final Update Refs 0.266ms
[0.417s][info][gc,start    ] GC(4) Concurrent cleanup
[0.417s][info][gc          ] GC(4) Concurrent cleanup 248M->248M(400M) 0.026ms
[0.417s][info][gc,ergo     ] Free: 131M, Max: 256K regular, 115M humongous, Frag: 12% external, 0% internal; Reserve: 20480K, Max: 256K
[0.418s][info][gc,stats    ] 
[0.418s][info][gc,stats    ] All times are wall-clock times, except per-root-class counters, that are sum over
[0.418s][info][gc,stats    ] all workers. Dividing the <total> over the root stage time estimates parallelism.
[0.418s][info][gc,stats    ] 
[0.418s][info][gc,stats    ] Concurrent Reset                    111 us
[0.418s][info][gc,stats    ] Pause Init Mark (G)                  37 us
[0.418s][info][gc,stats    ] Pause Init Mark (N)                  11 us
[0.418s][info][gc,stats    ]   Update Region States                2 us
[0.418s][info][gc,stats    ] Concurrent Mark Roots               180 us, parallelism: 1.35x
[0.418s][info][gc,stats    ]   CMR: <total>                      243 us
[0.418s][info][gc,stats    ]   CMR: Thread Roots                 197 us, workers (us):   8,  18,   7, 154,   0,   5,   5,   0, ---, ---, ---, ---, ---, ---, ---, ---, 
[0.418s][info][gc,stats    ]   CMR: VM Strong Roots                9 us, workers (us):   2,   2,   2,   2,   0,   0,   0,   0, ---, ---, ---, ---, ---, ---, ---, ---, 
[0.418s][info][gc,stats    ]   CMR: CLDG Roots                    37 us, workers (us):   2,   2,   2, ---,  32, ---, ---, ---, ---, ---, ---, ---, ---, ---, ---, ---, 
[0.418s][info][gc,stats    ] Concurrent Marking                14973 us
[0.418s][info][gc,stats    ] Pause Final Mark (G)                 88 us
[0.418s][info][gc,stats    ] Pause Final Mark (N)                 79 us
[0.418s][info][gc,stats    ]   Finish Mark                        34 us
[0.418s][info][gc,stats    ]   Update Region States                8 us
[0.418s][info][gc,stats    ]   Choose Collection Set              23 us
[0.418s][info][gc,stats    ]   Rebuild Free Set                    3 us
[0.418s][info][gc,stats    ] Concurrent Thread Roots              89 us, parallelism: 5.43x
[0.418s][info][gc,stats    ]   CTR: <total>                      484 us
[0.418s][info][gc,stats    ]   CTR: Thread Roots                 484 us, workers (us):  75,  60,  62,  59,  57,  58,  52,  61, ---, ---, ---, ---, ---, ---, ---, ---, 
[0.418s][info][gc,stats    ] Concurrent Weak References           35 us, parallelism: 0.59x
[0.418s][info][gc,stats    ]   CWRF: <total>                      21 us
[0.418s][info][gc,stats    ]   CWRF: Weak References              21 us, workers (us):   3,   2,  16,   0,   0,   0,   0,   0, ---, ---, ---, ---, ---, ---, ---, ---, 
[0.418s][info][gc,stats    ] Concurrent Weak Roots               165 us
[0.418s][info][gc,stats    ]   Roots                             150 us, parallelism: 5.24x
[0.418s][info][gc,stats    ]     CWR: <total>                    786 us
[0.418s][info][gc,stats    ]     CWR: Code Cache Roots           605 us, workers (us):   0,  98,  88, 109,   0,  91, 111, 108, ---, ---, ---, ---, ---, ---, ---, ---, 
[0.418s][info][gc,stats    ]     CWR: VM Weak Roots              162 us, workers (us):  22,  21,  20,  22,  26,  19,  16,  15, ---, ---, ---, ---, ---, ---, ---, ---, 
[0.418s][info][gc,stats    ]     CWR: CLDG Roots                  20 us, workers (us):  12,   3, ---, ---, ---, ---,   3,   3, ---, ---, ---, ---, ---, ---, ---, ---, 
[0.418s][info][gc,stats    ]   Rendezvous                         11 us
[0.418s][info][gc,stats    ] Concurrent Cleanup                   23 us
[0.418s][info][gc,stats    ] Concurrent Class Unloading          387 us
[0.418s][info][gc,stats    ]   Unlink Stale                      371 us
[0.418s][info][gc,stats    ]     System Dictionary                 1 us
[0.418s][info][gc,stats    ]     Weak Class Links                  0 us
[0.418s][info][gc,stats    ]     Code Roots                      370 us
[0.418s][info][gc,stats    ]   Rendezvous                          5 us
[0.418s][info][gc,stats    ]   Purge Unlinked                      3 us
[0.418s][info][gc,stats    ]     Code Roots                        1 us
[0.418s][info][gc,stats    ]     CLDG                              2 us
[0.418s][info][gc,stats    ]     Exception Caches                  0 us
[0.418s][info][gc,stats    ] Concurrent Strong Roots              88 us, parallelism: 1.68x
[0.418s][info][gc,stats    ]   CSR: <total>                      147 us
[0.418s][info][gc,stats    ]   CSR: VM Strong Roots                7 us, workers (us):   2,   2,   2,   0,   0,   0,   0,   0, ---, ---, ---, ---, ---, ---, ---, ---, 
[0.418s][info][gc,stats    ]   CSR: CLDG Roots                   140 us, workers (us):  14,  69,  12,  45, ---, ---, ---, ---, ---, ---, ---, ---, ---, ---, ---, ---, 
[0.418s][info][gc,stats    ] Concurrent Evacuation               347 us
[0.418s][info][gc,stats    ] Pause Init Update Refs (G)           16 us
[0.418s][info][gc,stats    ] Pause Init Update Refs (N)            8 us
[0.418s][info][gc,stats    ]   Manage GCLABs                       3 us
[0.418s][info][gc,stats    ] Concurrent Update Refs             7852 us
[0.418s][info][gc,stats    ] Concurrent Update Thread Roots      106 us
[0.418s][info][gc,stats    ] Pause Final Update Refs (G)         357 us
[0.418s][info][gc,stats    ] Pause Final Update Refs (N)         268 us
[0.418s][info][gc,stats    ]   Update Region States                4 us
[0.418s][info][gc,stats    ]   Trash Collection Set                1 us
[0.418s][info][gc,stats    ]   Rebuild Free Set                    3 us
[0.418s][info][gc,stats    ] Concurrent Cleanup                   29 us
[0.418s][info][gc,stats    ] Pacing                           136653 us
[0.418s][info][gc,stats    ] 
[0.418s][info][gc,stats    ] Allocation pacing accrued:
[0.418s][info][gc,stats    ]       7 of    29 ms ( 24.6%): main
[0.418s][info][gc,stats    ]      14 of    29 ms ( 49.0%): pool-1-thread-1
[0.418s][info][gc,stats    ]      14 of    29 ms ( 49.1%): pool-1-thread-2
[0.418s][info][gc,stats    ]      14 of    29 ms ( 48.9%): pool-1-thread-3
[0.418s][info][gc,stats    ]      14 of    29 ms ( 49.1%): pool-1-thread-4
[0.418s][info][gc,stats    ]      14 of    29 ms ( 49.1%): pool-1-thread-5
[0.418s][info][gc,stats    ]      14 of    29 ms ( 49.0%): pool-1-thread-6
[0.418s][info][gc,stats    ]      14 of    29 ms ( 49.0%): pool-1-thread-7
[0.418s][info][gc,stats    ]      14 of    29 ms ( 49.1%): pool-1-thread-8
[0.418s][info][gc,stats    ]      14 of    29 ms ( 48.9%): pool-1-thread-9
[0.418s][info][gc,stats    ]     137 of    29 ms (465.9%): <total>
[0.418s][info][gc,stats    ]       5 of    29 ms ( 15.5%): <average total>
[0.418s][info][gc,stats    ]      14 of    29 ms ( 46.6%): <average non-zero>
[0.418s][info][gc,stats    ] 
[0.418s][info][gc,metaspace] Metaspace: 10548K(10816K)->10562K(10816K) NonClass: 9318K(9472K)->9329K(9472K) Class: 1229K(1344K)->1232K(1344K)
[0.418s][info][gc,ergo     ] Pacer for Idle. Initial: 8192K, Alloc Tax Rate: 1.0x
[0.427s][info][gc          ] Trigger: Free (30847K) is below minimum threshold (40960K)
[0.427s][info][gc,ergo     ] Free: 30847K, Max: 256K regular, 30720K humongous, Frag: 0% external, 0% internal; Reserve: 20480K, Max: 256K
[0.427s][info][gc,start    ] GC(5) Concurrent reset
[0.427s][info][gc,task     ] GC(5) Using 8 of 16 workers for concurrent reset
[0.427s][info][gc,ergo     ] GC(5) Pacer for Reset. Non-Taxable: 400M
[0.428s][info][gc          ] GC(5) Concurrent reset 0.364ms
[0.428s][info][gc,start    ] GC(5) Pause Init Mark (unload classes)
[0.428s][info][gc,task     ] GC(5) Using 16 of 16 workers for init marking
[0.428s][info][gc,ergo     ] GC(5) Pacer for Mark. Expected Live: 114M, Free: 27519K, Non-Taxable: 2751K, Alloc Tax Rate: 5.2x
[0.428s][info][gc          ] GC(5) Pause Init Mark (unload classes) 0.021ms
[0.428s][info][gc,start    ] GC(5) Concurrent marking roots
[0.428s][info][gc,task     ] GC(5) Using 8 of 16 workers for concurrent marking roots
[0.428s][info][gc          ] GC(5) Concurrent marking roots 0.197ms
[0.428s][info][gc,start    ] GC(5) Concurrent marking (unload classes)
[0.428s][info][gc,task     ] GC(5) Using 8 of 16 workers for concurrent marking
[0.449s][info][gc          ] GC(5) Concurrent marking (unload classes) 20.742ms
[0.449s][info][gc,start    ] GC(5) Pause Final Mark (unload classes)
[0.449s][info][gc,task     ] GC(5) Using 16 of 16 workers for final marking
[0.449s][info][gc,ergo     ] GC(5) Adaptive CSet Selection. Target Free: 58026K, Actual Free: 225M, Max CSet: 17066K, Min Garbage: 0B
[0.449s][info][gc,ergo     ] GC(5) Collectable Garbage: 211M (96%), Immediate: 183M (83%), CSet: 29454K (13%)
[0.449s][info][gc,ergo     ] GC(5) Pacer for Evacuation. Used CSet: 37505K, Free: 205M, Non-Taxable: 20992K, Alloc Tax Rate: 1.1x
[0.449s][info][gc          ] GC(5) Pause Final Mark (unload classes) 0.140ms
[0.449s][info][gc,start    ] GC(5) Concurrent thread roots
[0.449s][info][gc,task     ] GC(5) Using 8 of 16 workers for Concurrent thread roots
[0.449s][info][gc          ] GC(5) Concurrent thread roots 0.033ms
[0.449s][info][gc,start    ] GC(5) Concurrent weak references
[0.449s][info][gc,task     ] GC(5) Using 8 of 16 workers for concurrent weak references
[0.449s][info][gc,ref      ] GC(5) Encountered references: Soft: 235, Weak: 930, Final: 0, Phantom: 4
[0.449s][info][gc,ref      ] GC(5) Discovered  references: Soft: 0, Weak: 592, Final: 0, Phantom: 3
[0.449s][info][gc,ref      ] GC(5) Enqueued    references: Soft: 0, Weak: 4, Final: 0, Phantom: 1
[0.449s][info][gc          ] GC(5) Concurrent weak references 0.052ms
[0.449s][info][gc,start    ] GC(5) Concurrent weak roots
[0.449s][info][gc,task     ] GC(5) Using 8 of 16 workers for concurrent weak root
[0.449s][info][gc          ] GC(5) Concurrent weak roots 0.118ms
[0.449s][info][gc,start    ] GC(5) Concurrent cleanup
[0.449s][info][gc          ] GC(5) Concurrent cleanup 357M->174M(400M) 0.068ms
[0.449s][info][gc,ergo     ] GC(5) Free: 204M, Max: 256K regular, 22272K humongous, Frag: 90% external, 0% internal; Reserve: 20451K, Max: 256K
[0.449s][info][gc,start    ] GC(5) Concurrent class unloading
[0.449s][info][gc,task     ] GC(5) Using 8 of 16 workers for concurrent class unloading
[0.449s][info][gc          ] GC(5) Concurrent class unloading 0.266ms
[0.449s][info][gc,start    ] GC(5) Concurrent strong roots
[0.449s][info][gc,task     ] GC(5) Using 8 of 16 workers for concurrent strong root
[0.449s][info][gc          ] GC(5) Concurrent strong roots 0.051ms
[0.449s][info][gc,start    ] GC(5) Concurrent evacuation
[0.449s][info][gc,task     ] GC(5) Using 8 of 16 workers for concurrent evacuation
[0.451s][info][gc          ] GC(5) Concurrent evacuation 1.325ms
[0.451s][info][gc,start    ] GC(5) Pause Init Update Refs
[0.451s][info][gc,ergo     ] GC(5) Pacer for Update Refs. Used: 201M, Free: 186M, Non-Taxable: 19134K, Alloc Tax Rate: 1.3x
[0.451s][info][gc          ] GC(5) Pause Init Update Refs 0.008ms
[0.451s][info][gc,start    ] GC(5) Concurrent update references
[0.451s][info][gc,task     ] GC(5) Using 8 of 16 workers for concurrent reference update
[0.461s][info][gc          ] GC(5) Concurrent update references 10.187ms
[0.461s][info][gc,start    ] GC(5) Concurrent update thread roots
[0.461s][info][gc          ] GC(5) Concurrent update thread roots 0.131ms
[0.461s][info][gc,start    ] GC(5) Pause Final Update Refs
[0.461s][info][gc,task     ] GC(5) Using 16 of 16 workers for final reference update
[0.461s][info][gc          ] GC(5) Pause Final Update Refs 0.049ms
[0.461s][info][gc,start    ] GC(5) Concurrent cleanup
[0.461s][info][gc          ] GC(5) Concurrent cleanup 340M->304M(400M) 0.062ms
[0.461s][info][gc,ergo     ] Free: 76405K, Max: 256K regular, 13824K humongous, Frag: 82% external, 0% internal; Reserve: 20480K, Max: 256K
[0.461s][info][gc,stats    ] 
[0.461s][info][gc,stats    ] All times are wall-clock times, except per-root-class counters, that are sum over
[0.461s][info][gc,stats    ] all workers. Dividing the <total> over the root stage time estimates parallelism.
[0.461s][info][gc,stats    ] 
[0.461s][info][gc,stats    ] Concurrent Reset                    371 us
[0.461s][info][gc,stats    ] Pause Init Mark (G)                  76 us
[0.461s][info][gc,stats    ] Pause Init Mark (N)                  22 us
[0.461s][info][gc,stats    ]   Update Region States                4 us
[0.461s][info][gc,stats    ] Concurrent Mark Roots               200 us, parallelism: 2.19x
[0.461s][info][gc,stats    ]   CMR: <total>                      439 us
[0.461s][info][gc,stats    ]   CMR: Thread Roots                 316 us, workers (us):   0,  43,  73,  26,  49,  43,  17,  67, ---, ---, ---, ---, ---, ---, ---, ---, 
[0.461s][info][gc,stats    ]   CMR: VM Strong Roots               22 us, workers (us):  10,   7,   1,   2,   1,   1,   0,   0, ---, ---, ---, ---, ---, ---, ---, ---, 
[0.461s][info][gc,stats    ]   CMR: CLDG Roots                   100 us, workers (us):  93,   3,   4, ---, ---, ---, ---, ---, ---, ---, ---, ---, ---, ---, ---, ---, 
[0.461s][info][gc,stats    ] Concurrent Marking                20761 us
[0.461s][info][gc,stats    ] Pause Final Mark (G)                155 us
[0.461s][info][gc,stats    ] Pause Final Mark (N)                141 us
[0.461s][info][gc,stats    ]   Finish Mark                        60 us
[0.461s][info][gc,stats    ]   Update Region States               15 us
[0.461s][info][gc,stats    ]   Choose Collection Set              43 us
[0.461s][info][gc,stats    ]   Rebuild Free Set                    5 us
[0.461s][info][gc,stats    ] Concurrent Thread Roots              35 us, parallelism: 3.61x
[0.461s][info][gc,stats    ]   CTR: <total>                      128 us
[0.461s][info][gc,stats    ]   CTR: Thread Roots                 128 us, workers (us):  17,  16,  19,  15,  18,  16,  14,  12, ---, ---, ---, ---, ---, ---, ---, ---, 
[0.461s][info][gc,stats    ] Concurrent Weak References           53 us, parallelism: 0.75x
[0.461s][info][gc,stats    ]   CWRF: <total>                      40 us
[0.461s][info][gc,stats    ]   CWRF: Weak References              40 us, workers (us):  35,   2,   2,   1,   0,   0,   0,   0, ---, ---, ---, ---, ---, ---, ---, ---, 
[0.461s][info][gc,stats    ] Concurrent Weak Roots               120 us
[0.461s][info][gc,stats    ]   Roots                             104 us, parallelism: 5.04x
[0.461s][info][gc,stats    ]     CWR: <total>                    523 us
[0.461s][info][gc,stats    ]     CWR: Code Cache Roots           404 us, workers (us):  67,  55,  72,   1,   0,  71,  63,  74, ---, ---, ---, ---, ---, ---, ---, ---, 
[0.461s][info][gc,stats    ]     CWR: VM Weak Roots              101 us, workers (us):  17,  14,  14,  12,  11,  11,  12,  10, ---, ---, ---, ---, ---, ---, ---, ---, 
[0.461s][info][gc,stats    ]     CWR: CLDG Roots                  18 us, workers (us): ---, ---, ---,   3,   9,   3, ---,   3, ---, ---, ---, ---, ---, ---, ---, ---, 
[0.461s][info][gc,stats    ]   Rendezvous                         12 us
[0.462s][info][gc,stats    ] Concurrent Cleanup                   70 us
[0.462s][info][gc,stats    ] Concurrent Class Unloading          268 us
[0.462s][info][gc,stats    ]   Unlink Stale                      252 us
[0.462s][info][gc,stats    ]     System Dictionary                 2 us
[0.462s][info][gc,stats    ]     Weak Class Links                  0 us
[0.462s][info][gc,stats    ]     Code Roots                      250 us
[0.462s][info][gc,stats    ]   Rendezvous                          7 us
[0.462s][info][gc,stats    ]   Purge Unlinked                      3 us
[0.462s][info][gc,stats    ]     Code Roots                        1 us
[0.462s][info][gc,stats    ]     CLDG                              2 us
[0.462s][info][gc,stats    ]     Exception Caches                  0 us
[0.462s][info][gc,stats    ] Concurrent Strong Roots              53 us, parallelism: 1.76x
[0.462s][info][gc,stats    ]   CSR: <total>                       94 us
[0.462s][info][gc,stats    ]   CSR: VM Strong Roots                4 us, workers (us):   2,   1,   1,   0,   0,   0,   0,   0, ---, ---, ---, ---, ---, ---, ---, ---, 
[0.462s][info][gc,stats    ]   CSR: CLDG Roots                    89 us, workers (us):  12,  13,  37,  28, ---, ---, ---, ---, ---, ---, ---, ---, ---, ---, ---, ---, 
[0.462s][info][gc,stats    ] Concurrent Evacuation              1328 us
[0.462s][info][gc,stats    ] Pause Init Update Refs (G)          101 us
[0.462s][info][gc,stats    ] Pause Init Update Refs (N)            9 us
[0.462s][info][gc,stats    ]   Manage GCLABs                       3 us
[0.462s][info][gc,stats    ] Concurrent Update Refs            10253 us
[0.462s][info][gc,stats    ] Concurrent Update Thread Roots      136 us
[0.462s][info][gc,stats    ] Pause Final Update Refs (G)         151 us
[0.462s][info][gc,stats    ] Pause Final Update Refs (N)          52 us
[0.462s][info][gc,stats    ]   Update Region States                6 us
[0.462s][info][gc,stats    ]   Trash Collection Set                4 us
[0.462s][info][gc,stats    ]   Rebuild Free Set                    4 us
[0.462s][info][gc,stats    ] Concurrent Cleanup                   67 us
[0.462s][info][gc,stats    ] Pacing                           212502 us
[0.462s][info][gc,stats    ] 
[0.462s][info][gc,stats    ] Allocation pacing accrued:
[0.462s][info][gc,stats    ]      24 of    44 ms ( 53.7%): pool-1-thread-1
[0.462s][info][gc,stats    ]      24 of    44 ms ( 53.8%): pool-1-thread-2
[0.462s][info][gc,stats    ]      24 of    44 ms ( 53.9%): pool-1-thread-3
[0.462s][info][gc,stats    ]      24 of    44 ms ( 53.9%): pool-1-thread-4
[0.462s][info][gc,stats    ]      24 of    44 ms ( 53.7%): pool-1-thread-5
[0.462s][info][gc,stats    ]      24 of    44 ms ( 53.6%): pool-1-thread-6
[0.462s][info][gc,stats    ]      24 of    44 ms ( 53.5%): pool-1-thread-7
[0.462s][info][gc,stats    ]      24 of    44 ms ( 53.7%): pool-1-thread-8
[0.462s][info][gc,stats    ]      24 of    44 ms ( 53.8%): pool-1-thread-9
[0.462s][info][gc,stats    ]     213 of    44 ms (483.4%): <total>
[0.462s][info][gc,stats    ]       8 of    44 ms ( 17.9%): <average total>
[0.462s][info][gc,stats    ]      24 of    44 ms ( 53.7%): <average non-zero>
[0.462s][info][gc,stats    ] 
[0.462s][info][gc,metaspace] Metaspace: 10562K(10816K)->10562K(10816K) NonClass: 9329K(9472K)->9329K(9472K) Class: 1232K(1344K)->1232K(1344K)
[0.462s][info][gc,ergo     ] Pacer for Idle. Initial: 8192K, Alloc Tax Rate: 1.0x
[0.466s][info][gc          ] Trigger: Free (29301K) is below minimum threshold (40960K)
[0.466s][info][gc,ergo     ] Free: 28789K, Max: 256K regular, 13824K humongous, Frag: 52% external, 0% internal; Reserve: 20480K, Max: 256K
[0.466s][info][gc,start    ] GC(6) Concurrent reset
[0.466s][info][gc,task     ] GC(6) Using 8 of 16 workers for concurrent reset
[0.466s][info][gc,ergo     ] GC(6) Pacer for Reset. Non-Taxable: 400M
[0.466s][info][gc          ] GC(6) Concurrent reset 0.538ms
[0.466s][info][gc,start    ] GC(6) Pause Init Mark (unload classes)
[0.466s][info][gc,task     ] GC(6) Using 16 of 16 workers for init marking
[0.466s][info][gc,ergo     ] GC(6) Pacer for Mark. Expected Live: 125M, Free: 24693K, Non-Taxable: 2469K, Alloc Tax Rate: 6.4x
[0.467s][info][gc          ] GC(6) Pause Init Mark (unload classes) 0.031ms
[0.467s][info][gc,start    ] GC(6) Concurrent marking roots
[0.467s][info][gc,task     ] GC(6) Using 8 of 16 workers for concurrent marking roots
[0.467s][info][gc          ] GC(6) Concurrent marking roots 0.140ms
[0.467s][info][gc,start    ] GC(6) Concurrent marking (unload classes)
[0.467s][info][gc,task     ] GC(6) Using 8 of 16 workers for concurrent marking
[0.488s][info][gc          ] GC(6) Concurrent marking (unload classes) 21.014ms
[0.488s][info][gc,start    ] GC(6) Pause Final Mark (unload classes)
[0.488s][info][gc,task     ] GC(6) Using 16 of 16 workers for final marking
[0.488s][info][gc,ergo     ] GC(6) Collectable Garbage: 210M (98%), Immediate: 210M (98%), CSet: 0B (0%)
[0.488s][info][gc          ] GC(6) Pause Final Mark (unload classes) 0.098ms
[0.488s][info][gc,start    ] GC(6) Concurrent weak references
[0.488s][info][gc,task     ] GC(6) Using 8 of 16 workers for concurrent weak references
[0.488s][info][gc,ref      ] GC(6) Encountered references: Soft: 235, Weak: 926, Final: 0, Phantom: 3
[0.488s][info][gc,ref      ] GC(6) Discovered  references: Soft: 0, Weak: 386, Final: 0, Phantom: 2
[0.488s][info][gc,ref      ] GC(6) Enqueued    references: Soft: 0, Weak: 0, Final: 0, Phantom: 0
[0.488s][info][gc          ] GC(6) Concurrent weak references 0.037ms
[0.488s][info][gc,start    ] GC(6) Concurrent weak roots
[0.488s][info][gc,task     ] GC(6) Using 8 of 16 workers for concurrent weak root
[0.488s][info][gc          ] GC(6) Concurrent weak roots 0.196ms
[0.488s][info][gc,start    ] GC(6) Concurrent cleanup
[0.488s][info][gc          ] GC(6) Concurrent cleanup 362M->151M(400M) 0.073ms
[0.488s][info][gc,ergo     ] GC(6) Free: 227M, Max: 256K regular, 39936K humongous, Frag: 83% external, 0% internal; Reserve: 20480K, Max: 256K
[0.488s][info][gc,start    ] GC(6) Concurrent class unloading
[0.488s][info][gc,task     ] GC(6) Using 8 of 16 workers for concurrent class unloading
[0.489s][info][gc          ] GC(6) Concurrent class unloading 0.489ms
[0.489s][info][gc,start    ] GC(6) Pause Final Roots
[0.489s][info][gc          ] GC(6) Pause Final Roots 0.007ms
[0.489s][info][gc,ergo     ] Free: 223M, Max: 256K regular, 36352K humongous, Frag: 85% external, 0% internal; Reserve: 20480K, Max: 256K
[0.489s][info][gc,stats    ] 
[0.489s][info][gc,stats    ] All times are wall-clock times, except per-root-class counters, that are sum over
[0.489s][info][gc,stats    ] all workers. Dividing the <total> over the root stage time estimates parallelism.
[0.489s][info][gc,stats    ] 
[0.489s][info][gc,stats    ] Concurrent Reset                    544 us
[0.489s][info][gc,stats    ] Pause Init Mark (G)                 116 us
[0.489s][info][gc,stats    ] Pause Init Mark (N)                  32 us
[0.489s][info][gc,stats    ]   Update Region States                5 us
[0.489s][info][gc,stats    ] Concurrent Mark Roots               144 us, parallelism: 2.40x
[0.489s][info][gc,stats    ]   CMR: <total>                      344 us
[0.489s][info][gc,stats    ]   CMR: Thread Roots                 218 us, workers (us):  31,  29,  40,  36,  19,   0,  39,  24, ---, ---, ---, ---, ---, ---, ---, ---, 
[0.489s][info][gc,stats    ]   CMR: VM Strong Roots               24 us, workers (us):   5,   8,   5,   4,   2,   1,   0,   0, ---, ---, ---, ---, ---, ---, ---, ---, 
[0.489s][info][gc,stats    ]   CMR: CLDG Roots                   103 us, workers (us):  11, ---, ---,  10,  11,  72, ---, ---, ---, ---, ---, ---, ---, ---, ---, ---, 
[0.489s][info][gc,stats    ] Concurrent Marking                21029 us
[0.489s][info][gc,stats    ] Pause Final Mark (G)                112 us
[0.489s][info][gc,stats    ] Pause Final Mark (N)                100 us
[0.489s][info][gc,stats    ]   Finish Mark                        53 us
[0.489s][info][gc,stats    ]   Update Region States               11 us
[0.489s][info][gc,stats    ]   Choose Collection Set              17 us
[0.489s][info][gc,stats    ]   Rebuild Free Set                    4 us
[0.489s][info][gc,stats    ] Concurrent Weak References           38 us, parallelism: 0.48x
[0.489s][info][gc,stats    ]   CWRF: <total>                      18 us
[0.489s][info][gc,stats    ]   CWRF: Weak References              18 us, workers (us):  16,   2,   1,   0,   0,   0,   0,   0, ---, ---, ---, ---, ---, ---, ---, ---, 
[0.489s][info][gc,stats    ] Concurrent Weak Roots               199 us
[0.489s][info][gc,stats    ]   Roots                             181 us, parallelism: 4.25x
[0.489s][info][gc,stats    ]     CWR: <total>                    770 us
[0.489s][info][gc,stats    ]     CWR: Code Cache Roots           649 us, workers (us):  78,   6, 137,  85,   6,  89, 103, 145, ---, ---, ---, ---, ---, ---, ---, ---, 
[0.489s][info][gc,stats    ]     CWR: VM Weak Roots              106 us, workers (us):  16,  16,  13,  13,  13,  12,  11,  11, ---, ---, ---, ---, ---, ---, ---, ---, 
[0.489s][info][gc,stats    ]     CWR: CLDG Roots                  15 us, workers (us):   4, ---, ---, ---, ---,   3,   4,   3, ---, ---, ---, ---, ---, ---, ---, ---, 
[0.489s][info][gc,stats    ]   Rendezvous                         12 us
[0.489s][info][gc,stats    ] Concurrent Cleanup                   77 us
[0.489s][info][gc,stats    ] Concurrent Class Unloading          493 us
[0.489s][info][gc,stats    ]   Unlink Stale                      458 us
[0.489s][info][gc,stats    ]     System Dictionary                 3 us
[0.489s][info][gc,stats    ]     Weak Class Links                  0 us
[0.489s][info][gc,stats    ]     Code Roots                      454 us
[0.489s][info][gc,stats    ]   Rendezvous                         21 us
[0.489s][info][gc,stats    ]   Purge Unlinked                      4 us
[0.489s][info][gc,stats    ]     Code Roots                        1 us
[0.489s][info][gc,stats    ]     CLDG                              3 us
[0.489s][info][gc,stats    ]     Exception Caches                  0 us
[0.489s][info][gc,stats    ] Pause Final Roots (G)                50 us
[0.489s][info][gc,stats    ] Pause Final Roots (N)                 8 us
[0.489s][info][gc,stats    ] Pacing                           200290 us
[0.489s][info][gc,stats    ] 
[0.489s][info][gc,stats    ] Allocation pacing accrued:
[0.489s][info][gc,stats    ]      22 of    27 ms ( 82.2%): pool-1-thread-1
[0.489s][info][gc,stats    ]      22 of    27 ms ( 82.0%): pool-1-thread-2
[0.489s][info][gc,stats    ]      22 of    27 ms ( 82.0%): pool-1-thread-3
[0.489s][info][gc,stats    ]      22 of    27 ms ( 82.2%): pool-1-thread-4
[0.489s][info][gc,stats    ]      22 of    27 ms ( 82.3%): pool-1-thread-5
[0.489s][info][gc,stats    ]      22 of    27 ms ( 82.2%): pool-1-thread-6
[0.489s][info][gc,stats    ]      22 of    27 ms ( 81.6%): pool-1-thread-7
[0.489s][info][gc,stats    ]      22 of    27 ms ( 82.2%): pool-1-thread-8
[0.489s][info][gc,stats    ]      21 of    27 ms ( 78.9%): pool-1-thread-9
[0.489s][info][gc,stats    ]     200 of    27 ms (735.7%): <total>
[0.489s][info][gc,stats    ]       7 of    27 ms ( 27.2%): <average total>
[0.489s][info][gc,stats    ]      22 of    27 ms ( 81.7%): <average non-zero>
[0.489s][info][gc,stats    ] 
[0.489s][info][gc,metaspace] Metaspace: 10562K(10816K)->10562K(10816K) NonClass: 9329K(9472K)->9329K(9472K) Class: 1232K(1344K)->1232K(1344K)
[0.489s][info][gc,ergo     ] Pacer for Idle. Initial: 8192K, Alloc Tax Rate: 1.0x
[0.502s][info][gc          ] Trigger: Free (28277K) is below minimum threshold (40960K)
[0.502s][info][gc,ergo     ] Free: 28277K, Max: 256K regular, 20992K humongous, Frag: 26% external, 0% internal; Reserve: 20480K, Max: 256K
[0.502s][info][gc,start    ] GC(7) Concurrent reset
[0.502s][info][gc,task     ] GC(7) Using 8 of 16 workers for concurrent reset
[0.502s][info][gc,ergo     ] GC(7) Pacer for Reset. Non-Taxable: 400M
[0.502s][info][gc          ] GC(7) Concurrent reset 0.217ms
[0.502s][info][gc,start    ] GC(7) Pause Init Mark (unload classes)
[0.502s][info][gc,task     ] GC(7) Using 16 of 16 workers for init marking
[0.502s][info][gc,ergo     ] GC(7) Pacer for Mark. Expected Live: 125M, Free: 28277K, Non-Taxable: 2827K, Alloc Tax Rate: 5.5x
[0.502s][info][gc          ] GC(7) Pause Init Mark (unload classes) 0.047ms
[0.502s][info][gc,start    ] GC(7) Concurrent marking roots
[0.502s][info][gc,task     ] GC(7) Using 8 of 16 workers for concurrent marking roots
[0.502s][info][gc          ] GC(7) Concurrent marking roots 0.093ms
[0.502s][info][gc,start    ] GC(7) Concurrent marking (unload classes)
[0.502s][info][gc,task     ] GC(7) Using 8 of 16 workers for concurrent marking
[0.521s][info][gc          ] GC(7) Concurrent marking (unload classes) 18.551ms
[0.521s][info][gc,start    ] GC(7) Pause Final Mark (unload classes)
[0.521s][info][gc,task     ] GC(7) Using 16 of 16 workers for final marking
[0.521s][info][gc,ergo     ] GC(7) Collectable Garbage: 226M (98%), Immediate: 226M (98%), CSet: 0B (0%)
[0.521s][info][gc          ] GC(7) Pause Final Mark (unload classes) 0.187ms
[0.521s][info][gc,start    ] GC(7) Concurrent weak references
[0.521s][info][gc,task     ] GC(7) Using 8 of 16 workers for concurrent weak references
[0.521s][info][gc,ref      ] GC(7) Encountered references: Soft: 235, Weak: 926, Final: 0, Phantom: 3
[0.521s][info][gc,ref      ] GC(7) Discovered  references: Soft: 0, Weak: 650, Final: 0, Phantom: 1
[0.521s][info][gc,ref      ] GC(7) Enqueued    references: Soft: 0, Weak: 0, Final: 0, Phantom: 0
[0.521s][info][gc          ] GC(7) Concurrent weak references 0.116ms
[0.521s][info][gc,start    ] GC(7) Concurrent weak roots
[0.521s][info][gc,task     ] GC(7) Using 8 of 16 workers for concurrent weak root
[0.521s][info][gc          ] GC(7) Concurrent weak roots 0.393ms
[0.521s][info][gc,start    ] GC(7) Concurrent cleanup
[0.522s][info][gc          ] GC(7) Concurrent cleanup 365M->142M(400M) 0.173ms
[0.522s][info][gc,ergo     ] GC(7) Free: 237M, Max: 256K regular, 51712K humongous, Frag: 79% external, 0% internal; Reserve: 20480K, Max: 256K
[0.522s][info][gc,start    ] GC(7) Concurrent class unloading
[0.522s][info][gc,task     ] GC(7) Using 8 of 16 workers for concurrent class unloading
[0.522s][info][gc          ] GC(7) Concurrent class unloading 0.920ms
[0.522s][info][gc,start    ] GC(7) Pause Final Roots
[0.523s][info][gc          ] GC(7) Pause Final Roots 0.014ms
[0.523s][info][gc,ergo     ] Free: 227M, Max: 256K regular, 50688K humongous, Frag: 79% external, 0% internal; Reserve: 20480K, Max: 256K
[0.523s][info][gc,stats    ] 
[0.523s][info][gc,stats    ] All times are wall-clock times, except per-root-class counters, that are sum over
[0.523s][info][gc,stats    ] all workers. Dividing the <total> over the root stage time estimates parallelism.
[0.523s][info][gc,stats    ] 
[0.523s][info][gc,stats    ] Concurrent Reset                    221 us
[0.523s][info][gc,stats    ] Pause Init Mark (G)                  80 us
[0.523s][info][gc,stats    ] Pause Init Mark (N)                  50 us
[0.523s][info][gc,stats    ]   Update Region States               18 us
[0.523s][info][gc,stats    ] Concurrent Mark Roots                97 us, parallelism: 3.56x
[0.523s][info][gc,stats    ]   CMR: <total>                      345 us
[0.523s][info][gc,stats    ]   CMR: Thread Roots                 279 us, workers (us):   0,  24,  44,  54,  44,  60,  30,  23, ---, ---, ---, ---, ---, ---, ---, ---, 
[0.523s][info][gc,stats    ]   CMR: VM Strong Roots                8 us, workers (us):   3,   3,   1,   0,   0,   0,   0,   0, ---, ---, ---, ---, ---, ---, ---, ---, 
[0.523s][info][gc,stats    ]   CMR: CLDG Roots                    58 us, workers (us):  51,   2,   2,   2, ---, ---, ---, ---, ---, ---, ---, ---, ---, ---, ---, ---, 
[0.523s][info][gc,stats    ] Concurrent Marking                18576 us
[0.523s][info][gc,stats    ] Pause Final Mark (G)                302 us
[0.523s][info][gc,stats    ] Pause Final Mark (N)                193 us
[0.523s][info][gc,stats    ]   Finish Mark                        73 us
[0.523s][info][gc,stats    ]   Update Region States               13 us
[0.523s][info][gc,stats    ]   Choose Collection Set              39 us
[0.523s][info][gc,stats    ]   Rebuild Free Set                    8 us
[0.523s][info][gc,stats    ] Concurrent Weak References          118 us, parallelism: 0.64x
[0.523s][info][gc,stats    ]   CWRF: <total>                      76 us
[0.523s][info][gc,stats    ]   CWRF: Weak References              76 us, workers (us):  71,   3,   1,   1,   0,   0,   0,   0, ---, ---, ---, ---, ---, ---, ---, ---, 
[0.523s][info][gc,stats    ] Concurrent Weak Roots               400 us
[0.523s][info][gc,stats    ]   Roots                             352 us, parallelism: 4.50x
[0.523s][info][gc,stats    ]     CWR: <total>                   1585 us
[0.523s][info][gc,stats    ]     CWR: Code Cache Roots          1390 us, workers (us):   8, 292, 166, 294, 243, 244, 133,  10, ---, ---, ---, ---, ---, ---, ---, ---, 
[0.523s][info][gc,stats    ]     CWR: VM Weak Roots              166 us, workers (us):  26,  25,  24,  22,  21,  17,  16,  16, ---, ---, ---, ---, ---, ---, ---, ---, 
[0.523s][info][gc,stats    ]     CWR: CLDG Roots                  29 us, workers (us): ---,   8,   7, ---,   7,   7, ---, ---, ---, ---, ---, ---, ---, ---, ---, ---, 
[0.523s][info][gc,stats    ]   Rendezvous                         36 us
[0.523s][info][gc,stats    ] Concurrent Cleanup                  180 us
[0.523s][info][gc,stats    ] Concurrent Class Unloading          930 us
[0.523s][info][gc,stats    ]   Unlink Stale                      893 us
[0.523s][info][gc,stats    ]     System Dictionary                 5 us
[0.523s][info][gc,stats    ]     Weak Class Links                  1 us
[0.523s][info][gc,stats    ]     Code Roots                      887 us
[0.523s][info][gc,stats    ]   Rendezvous                         13 us
[0.523s][info][gc,stats    ]   Purge Unlinked                      4 us
[0.523s][info][gc,stats    ]     Code Roots                        1 us
[0.523s][info][gc,stats    ]     CLDG                              3 us
[0.523s][info][gc,stats    ]     Exception Caches                  0 us
[0.523s][info][gc,stats    ] Pause Final Roots (G)                42 us
[0.523s][info][gc,stats    ] Pause Final Roots (N)                25 us
[0.523s][info][gc,stats    ] Pacing                           236060 us
[0.523s][info][gc,stats    ] 
[0.523s][info][gc,stats    ] Allocation pacing accrued:
[0.523s][info][gc,stats    ]      27 of    34 ms ( 79.5%): pool-1-thread-1
[0.523s][info][gc,stats    ]      27 of    34 ms ( 78.7%): pool-1-thread-2
[0.523s][info][gc,stats    ]      27 of    34 ms ( 79.5%): pool-1-thread-3
[0.523s][info][gc,stats    ]      27 of    34 ms ( 79.6%): pool-1-thread-4
[0.523s][info][gc,stats    ]      27 of    34 ms ( 79.5%): pool-1-thread-5
[0.523s][info][gc,stats    ]      27 of    34 ms ( 78.8%): pool-1-thread-6
[0.523s][info][gc,stats    ]      27 of    34 ms ( 79.5%): pool-1-thread-7
[0.523s][info][gc,stats    ]      27 of    34 ms ( 78.8%): pool-1-thread-8
[0.523s][info][gc,stats    ]      21 of    34 ms ( 62.5%): pool-1-thread-9
[0.523s][info][gc,stats    ]     236 of    34 ms (696.4%): <total>
[0.523s][info][gc,stats    ]       9 of    34 ms ( 26.8%): <average total>
[0.523s][info][gc,stats    ]      26 of    34 ms ( 77.4%): <average non-zero>
[0.523s][info][gc,stats    ] 
[0.523s][info][gc,metaspace] Metaspace: 10562K(10816K)->10562K(10816K) NonClass: 9329K(9472K)->9329K(9472K) Class: 1232K(1344K)->1232K(1344K)
[0.523s][info][gc,ergo     ] Pacer for Idle. Initial: 8192K, Alloc Tax Rate: 1.0x
[0.539s][info][gc          ] Trigger: Free (32512K) is below minimum threshold (40960K)
[0.539s][info][gc,ergo     ] Free: 32256K, Max: 256K regular, 14848K humongous, Frag: 54% external, 0% internal; Reserve: 20480K, Max: 256K
[0.539s][info][gc,start    ] GC(8) Concurrent reset
[0.539s][info][gc,task     ] GC(8) Using 8 of 16 workers for concurrent reset
[0.539s][info][gc,ergo     ] GC(8) Pacer for Reset. Non-Taxable: 400M
[0.539s][info][gc          ] GC(8) Concurrent reset 0.560ms
[0.539s][info][gc,start    ] GC(8) Pause Init Mark (unload classes)
[0.539s][info][gc,task     ] GC(8) Using 16 of 16 workers for init marking
[0.539s][info][gc,ergo     ] GC(8) Pacer for Mark. Expected Live: 110M, Free: 25856K, Non-Taxable: 2585K, Alloc Tax Rate: 5.4x
[0.539s][info][gc          ] GC(8) Pause Init Mark (unload classes) 0.042ms
[0.539s][info][gc,start    ] GC(8) Concurrent marking roots
[0.539s][info][gc,task     ] GC(8) Using 8 of 16 workers for concurrent marking roots
[0.540s][info][gc          ] GC(8) Concurrent marking roots 0.132ms
[0.540s][info][gc,start    ] GC(8) Concurrent marking (unload classes)
[0.540s][info][gc,task     ] GC(8) Using 8 of 16 workers for concurrent marking
[0.564s][info][gc          ] GC(8) Concurrent marking (unload classes) 24.092ms
[0.564s][info][gc,start    ] GC(8) Pause Final Mark (unload classes)
[0.564s][info][gc,task     ] GC(8) Using 16 of 16 workers for final marking
[0.564s][info][gc,ergo     ] GC(8) Collectable Garbage: 190M (97%), Immediate: 190M (97%), CSet: 0B (0%)
[0.564s][info][gc          ] GC(8) Pause Final Mark (unload classes) 0.111ms
[0.564s][info][gc,start    ] GC(8) Concurrent weak references
[0.564s][info][gc,task     ] GC(8) Using 8 of 16 workers for concurrent weak references
[0.564s][info][gc,ref      ] GC(8) Encountered references: Soft: 235, Weak: 926, Final: 0, Phantom: 3
[0.564s][info][gc,ref      ] GC(8) Discovered  references: Soft: 0, Weak: 639, Final: 0, Phantom: 2
[0.564s][info][gc,ref      ] GC(8) Enqueued    references: Soft: 0, Weak: 0, Final: 0, Phantom: 0
[0.564s][info][gc          ] GC(8) Concurrent weak references 0.059ms
[0.564s][info][gc,start    ] GC(8) Concurrent weak roots
[0.564s][info][gc,task     ] GC(8) Using 8 of 16 workers for concurrent weak root
[0.564s][info][gc          ] GC(8) Concurrent weak roots 0.151ms
[0.564s][info][gc,start    ] GC(8) Concurrent cleanup
[0.564s][info][gc          ] GC(8) Concurrent cleanup 361M->170M(400M) 0.044ms
[0.564s][info][gc,ergo     ] GC(8) Free: 209M, Max: 256K regular, 15872K humongous, Frag: 93% external, 0% internal; Reserve: 20480K, Max: 256K
[0.564s][info][gc,start    ] GC(8) Concurrent class unloading
[0.564s][info][gc,task     ] GC(8) Using 8 of 16 workers for concurrent class unloading
[0.564s][info][gc          ] GC(8) Concurrent class unloading 0.312ms
[0.564s][info][gc,start    ] GC(8) Pause Final Roots
[0.564s][info][gc          ] GC(8) Pause Final Roots 0.002ms
[0.564s][info][gc,ergo     ] Free: 209M, Max: 256K regular, 15872K humongous, Frag: 93% external, 0% internal; Reserve: 20480K, Max: 256K
[0.564s][info][gc,stats    ] 
[0.564s][info][gc,stats    ] All times are wall-clock times, except per-root-class counters, that are sum over
[0.564s][info][gc,stats    ] all workers. Dividing the <total> over the root stage time estimates parallelism.
[0.564s][info][gc,stats    ] 
[0.564s][info][gc,stats    ] Concurrent Reset                    565 us
[0.564s][info][gc,stats    ] Pause Init Mark (G)                 153 us
[0.564s][info][gc,stats    ] Pause Init Mark (N)                  46 us
[0.564s][info][gc,stats    ]   Update Region States                3 us
[0.564s][info][gc,stats    ] Concurrent Mark Roots               137 us, parallelism: 2.25x
[0.564s][info][gc,stats    ]   CMR: <total>                      308 us
[0.564s][info][gc,stats    ]   CMR: Thread Roots                 215 us, workers (us):  45,  34,   0,  32,  37,  28,  23,  14, ---, ---, ---, ---, ---, ---, ---, ---, 
[0.564s][info][gc,stats    ]   CMR: VM Strong Roots               18 us, workers (us):   7,   3,   3,   1,   1,   1,   1,   1, ---, ---, ---, ---, ---, ---, ---, ---, 
[0.564s][info][gc,stats    ]   CMR: CLDG Roots                    75 us, workers (us):   2,   1,  72, ---, ---, ---, ---, ---, ---, ---, ---, ---, ---, ---, ---, ---, 
[0.564s][info][gc,stats    ] Concurrent Marking                24115 us
[0.564s][info][gc,stats    ] Pause Final Mark (G)                146 us
[0.564s][info][gc,stats    ] Pause Final Mark (N)                113 us
[0.564s][info][gc,stats    ]   Finish Mark                        66 us
[0.564s][info][gc,stats    ]   Update Region States                9 us
[0.564s][info][gc,stats    ]   Choose Collection Set              14 us
[0.564s][info][gc,stats    ]   Rebuild Free Set                    5 us
[0.564s][info][gc,stats    ] Concurrent Weak References           62 us, parallelism: 0.54x
[0.564s][info][gc,stats    ]   CWRF: <total>                      33 us
[0.564s][info][gc,stats    ]   CWRF: Weak References              33 us, workers (us):  31,   2,   0,   0,   0,   0,   0,   0, ---, ---, ---, ---, ---, ---, ---, ---, 
[0.564s][info][gc,stats    ] Concurrent Weak Roots               153 us
[0.564s][info][gc,stats    ]   Roots                             136 us, parallelism: 4.33x
[0.564s][info][gc,stats    ]     CWR: <total>                    587 us
[0.564s][info][gc,stats    ]     CWR: Code Cache Roots           462 us, workers (us):  99,  59,  63,  66,  70,   1, 103,   1, ---, ---, ---, ---, ---, ---, ---, ---, 
[0.564s][info][gc,stats    ]     CWR: VM Weak Roots               92 us, workers (us):  16,  15,  13,  12,  11,  10,   9,   6, ---, ---, ---, ---, ---, ---, ---, ---, 
[0.564s][info][gc,stats    ]     CWR: CLDG Roots                  32 us, workers (us): ---, ---, ---, ---,  10,  10,   4,   9, ---, ---, ---, ---, ---, ---, ---, ---, 
[0.564s][info][gc,stats    ]   Rendezvous                         11 us
[0.564s][info][gc,stats    ] Concurrent Cleanup                   47 us
[0.564s][info][gc,stats    ] Concurrent Class Unloading          315 us
[0.564s][info][gc,stats    ]   Unlink Stale                      298 us
[0.564s][info][gc,stats    ]     System Dictionary                 2 us
[0.564s][info][gc,stats    ]     Weak Class Links                  0 us
[0.564s][info][gc,stats    ]     Code Roots                      295 us
[0.564s][info][gc,stats    ]   Rendezvous                          8 us
[0.564s][info][gc,stats    ]   Purge Unlinked                      2 us
[0.564s][info][gc,stats    ]     Code Roots                        1 us
[0.564s][info][gc,stats    ]     CLDG                              2 us
[0.564s][info][gc,stats    ]     Exception Caches                  0 us
[0.564s][info][gc,stats    ] Pause Final Roots (G)                10 us
[0.564s][info][gc,stats    ] Pause Final Roots (N)                 3 us
[0.564s][info][gc,stats    ] Pacing                           279443 us
[0.564s][info][gc,stats    ] 
[0.564s][info][gc,stats    ] Allocation pacing accrued:
[0.564s][info][gc,stats    ]      31 of    42 ms ( 74.7%): pool-1-thread-1
[0.564s][info][gc,stats    ]      31 of    42 ms ( 74.6%): pool-1-thread-2
[0.564s][info][gc,stats    ]      31 of    42 ms ( 74.8%): pool-1-thread-3
[0.564s][info][gc,stats    ]      31 of    42 ms ( 75.0%): pool-1-thread-4
[0.564s][info][gc,stats    ]      31 of    42 ms ( 75.0%): pool-1-thread-5
[0.564s][info][gc,stats    ]      31 of    42 ms ( 75.0%): pool-1-thread-6
[0.564s][info][gc,stats    ]      30 of    42 ms ( 72.1%): pool-1-thread-7
[0.564s][info][gc,stats    ]      31 of    42 ms ( 75.0%): pool-1-thread-8
[0.564s][info][gc,stats    ]      30 of    42 ms ( 72.5%): pool-1-thread-9
[0.564s][info][gc,stats    ]     279 of    42 ms (668.8%): <total>
[0.564s][info][gc,stats    ]      11 of    42 ms ( 25.7%): <average total>
[0.564s][info][gc,stats    ]      31 of    42 ms ( 74.3%): <average non-zero>
[0.564s][info][gc,stats    ] 
[0.565s][info][gc,metaspace] Metaspace: 10562K(10816K)->10562K(10816K) NonClass: 9329K(9472K)->9329K(9472K) Class: 1232K(1344K)->1232K(1344K)
[0.565s][info][gc,ergo     ] Pacer for Idle. Initial: 8192K, Alloc Tax Rate: 1.0x
[0.582s][info][gc          ] Trigger: Free (32047K) is below minimum threshold (40960K)
[0.582s][info][gc,ergo     ] Free: 32047K, Max: 256K regular, 15872K humongous, Frag: 51% external, 0% internal; Reserve: 20480K, Max: 256K
[0.582s][info][gc,start    ] GC(9) Concurrent reset
[0.582s][info][gc,task     ] GC(9) Using 8 of 16 workers for concurrent reset
[0.582s][info][gc,ergo     ] GC(9) Pacer for Reset. Non-Taxable: 400M
[0.582s][info][gc          ] GC(9) Concurrent reset 0.211ms
[0.582s][info][gc,start    ] GC(9) Pause Init Mark (unload classes)
[0.582s][info][gc,task     ] GC(9) Using 16 of 16 workers for init marking
[0.582s][info][gc,ergo     ] GC(9) Pacer for Mark. Expected Live: 131M, Free: 32047K, Non-Taxable: 3204K, Alloc Tax Rate: 5.1x
[0.582s][info][gc          ] GC(9) Pause Init Mark (unload classes) 0.043ms
[0.582s][info][gc,start    ] GC(9) Concurrent marking roots
[0.582s][info][gc,task     ] GC(9) Using 8 of 16 workers for concurrent marking roots
[0.582s][info][gc          ] GC(9) Concurrent marking roots 0.077ms
[0.582s][info][gc,start    ] GC(9) Concurrent marking (unload classes)
[0.582s][info][gc,task     ] GC(9) Using 8 of 16 workers for concurrent marking
[0.599s][info][gc          ] GC(9) Concurrent marking (unload classes) 17.185ms
[0.599s][info][gc,start    ] GC(9) Pause Final Mark (unload classes)
[0.599s][info][gc,task     ] GC(9) Using 16 of 16 workers for final marking
[0.599s][info][gc,ergo     ] GC(9) Collectable Garbage: 233M (98%), Immediate: 233M (98%), CSet: 0B (0%)
[0.599s][info][gc          ] GC(9) Pause Final Mark (unload classes) 0.108ms
[0.599s][info][gc,start    ] GC(9) Concurrent weak references
[0.599s][info][gc,task     ] GC(9) Using 8 of 16 workers for concurrent weak references
[0.599s][info][gc,ref      ] GC(9) Encountered references: Soft: 235, Weak: 926, Final: 0, Phantom: 3
[0.599s][info][gc,ref      ] GC(9) Discovered  references: Soft: 0, Weak: 460, Final: 0, Phantom: 1
[0.599s][info][gc,ref      ] GC(9) Enqueued    references: Soft: 0, Weak: 0, Final: 0, Phantom: 0
[0.599s][info][gc          ] GC(9) Concurrent weak references 0.042ms
[0.599s][info][gc,start    ] GC(9) Concurrent weak roots
[0.599s][info][gc,task     ] GC(9) Using 8 of 16 workers for concurrent weak root
[0.599s][info][gc          ] GC(9) Concurrent weak roots 0.119ms
[0.599s][info][gc,start    ] GC(9) Concurrent cleanup
[0.600s][info][gc          ] GC(9) Concurrent cleanup 353M->120M(400M) 0.042ms
[0.600s][info][gc,ergo     ] GC(9) Free: 259M, Max: 256K regular, 158M humongous, Frag: 40% external, 0% internal; Reserve: 20480K, Max: 256K
[0.600s][info][gc,start    ] GC(9) Concurrent class unloading
[0.600s][info][gc,task     ] GC(9) Using 8 of 16 workers for concurrent class unloading
[0.600s][info][gc          ] GC(9) Concurrent class unloading 0.308ms
[0.600s][info][gc,start    ] GC(9) Pause Final Roots
[0.600s][info][gc          ] GC(9) Pause Final Roots 0.004ms
[0.600s][info][gc,ergo     ] Free: 259M, Max: 256K regular, 158M humongous, Frag: 40% external, 0% internal; Reserve: 20480K, Max: 256K
[0.600s][info][gc,stats    ] 
[0.600s][info][gc,stats    ] All times are wall-clock times, except per-root-class counters, that are sum over
[0.600s][info][gc,stats    ] all workers. Dividing the <total> over the root stage time estimates parallelism.
[0.600s][info][gc,stats    ] 
[0.600s][info][gc,stats    ] Concurrent Reset                    215 us
[0.600s][info][gc,stats    ] Pause Init Mark (G)                  73 us
[0.600s][info][gc,stats    ] Pause Init Mark (N)                  46 us
[0.600s][info][gc,stats    ]   Update Region States                4 us
[0.600s][info][gc,stats    ] Concurrent Mark Roots                86 us, parallelism: 2.53x
[0.600s][info][gc,stats    ]   CMR: <total>                      218 us
[0.600s][info][gc,stats    ]   CMR: Thread Roots                 160 us, workers (us):  25,  19,  26,   0,  22,  23,  19,  25, ---, ---, ---, ---, ---, ---, ---, ---, 
[0.600s][info][gc,stats    ]   CMR: VM Strong Roots               10 us, workers (us):   4,   4,   1,   0,   0,   0,   0,   0, ---, ---, ---, ---, ---, ---, ---, ---, 
[0.600s][info][gc,stats    ]   CMR: CLDG Roots                    48 us, workers (us):   2,   3,   2,  41, ---, ---, ---, ---, ---, ---, ---, ---, ---, ---, ---, ---, 
[0.600s][info][gc,stats    ] Concurrent Marking                17203 us
[0.600s][info][gc,stats    ] Pause Final Mark (G)                125 us
[0.600s][info][gc,stats    ] Pause Final Mark (N)                110 us
[0.600s][info][gc,stats    ]   Finish Mark                        65 us
[0.600s][info][gc,stats    ]   Update Region States                7 us
[0.600s][info][gc,stats    ]   Choose Collection Set              16 us
[0.600s][info][gc,stats    ]   Rebuild Free Set                    3 us
[0.600s][info][gc,stats    ] Concurrent Weak References           44 us, parallelism: 0.55x
[0.600s][info][gc,stats    ]   CWRF: <total>                      24 us
[0.600s][info][gc,stats    ]   CWRF: Weak References              24 us, workers (us):   2,  21,   1,   1,   0,   0,   0,   0, ---, ---, ---, ---, ---, ---, ---, ---, 
[0.600s][info][gc,stats    ] Concurrent Weak Roots               122 us
[0.600s][info][gc,stats    ]   Roots                             109 us, parallelism: 4.45x
[0.600s][info][gc,stats    ]     CWR: <total>                    484 us
[0.600s][info][gc,stats    ]     CWR: Code Cache Roots           385 us, workers (us):  70,   4,  58,  63,   3,  44,  67,  76, ---, ---, ---, ---, ---, ---, ---, ---, 
[0.600s][info][gc,stats    ]     CWR: VM Weak Roots               91 us, workers (us):  16,  15,  15,  13,  14,  10,   7,   1, ---, ---, ---, ---, ---, ---, ---, ---, 
[0.600s][info][gc,stats    ]     CWR: CLDG Roots                   8 us, workers (us):   2, ---, ---,   2,   2, ---,   2, ---, ---, ---, ---, ---, ---, ---, ---, ---, 
[0.600s][info][gc,stats    ]   Rendezvous                          8 us
[0.600s][info][gc,stats    ] Concurrent Cleanup                   45 us
[0.600s][info][gc,stats    ] Concurrent Class Unloading          311 us
[0.600s][info][gc,stats    ]   Unlink Stale                      293 us
[0.600s][info][gc,stats    ]     System Dictionary                 2 us
[0.600s][info][gc,stats    ]     Weak Class Links                  0 us
[0.600s][info][gc,stats    ]     Code Roots                      290 us
[0.600s][info][gc,stats    ]   Rendezvous                          8 us
[0.600s][info][gc,stats    ]   Purge Unlinked                      3 us
[0.600s][info][gc,stats    ]     Code Roots                        1 us
[0.600s][info][gc,stats    ]     CLDG                              2 us
[0.600s][info][gc,stats    ]     Exception Caches                  0 us
[0.600s][info][gc,stats    ] Pause Final Roots (G)                76 us
[0.600s][info][gc,stats    ] Pause Final Roots (N)                 5 us
[0.600s][info][gc,stats    ] Pacing                           174317 us
[0.600s][info][gc,stats    ] 
[0.600s][info][gc,stats    ] Allocation pacing accrued:
[0.600s][info][gc,stats    ]      20 of    36 ms ( 55.3%): pool-1-thread-1
[0.600s][info][gc,stats    ]      20 of    36 ms ( 55.2%): pool-1-thread-2
[0.600s][info][gc,stats    ]      20 of    36 ms ( 55.4%): pool-1-thread-3
[0.600s][info][gc,stats    ]      20 of    36 ms ( 55.5%): pool-1-thread-4
[0.600s][info][gc,stats    ]      20 of    36 ms ( 55.3%): pool-1-thread-5
[0.600s][info][gc,stats    ]      20 of    36 ms ( 55.3%): pool-1-thread-6
[0.600s][info][gc,stats    ]      21 of    36 ms ( 58.3%): pool-1-thread-7
[0.600s][info][gc,stats    ]      17 of    36 ms ( 48.6%): pool-1-thread-8
[0.600s][info][gc,stats    ]      18 of    36 ms ( 51.9%): pool-1-thread-9
[0.600s][info][gc,stats    ]     174 of    36 ms (490.7%): <total>
[0.600s][info][gc,stats    ]       7 of    36 ms ( 18.9%): <average total>
[0.600s][info][gc,stats    ]      19 of    36 ms ( 54.5%): <average non-zero>
[0.600s][info][gc,stats    ] 
[0.600s][info][gc,metaspace] Metaspace: 10562K(10816K)->10562K(10816K) NonClass: 9329K(9472K)->9329K(9472K) Class: 1232K(1344K)->1232K(1344K)
[0.600s][info][gc,ergo     ] Pacer for Idle. Initial: 8192K, Alloc Tax Rate: 1.0x
[0.662s][info][gc          ] Trigger: Free (39424K) is below minimum threshold (40960K)
[0.662s][info][gc,ergo     ] Free: 39424K, Max: 256K regular, 20992K humongous, Frag: 47% external, 0% internal; Reserve: 20480K, Max: 256K
[0.662s][info][gc,start    ] GC(10) Concurrent reset
[0.662s][info][gc,task     ] GC(10) Using 8 of 16 workers for concurrent reset
[0.662s][info][gc,ergo     ] GC(10) Pacer for Reset. Non-Taxable: 400M
[0.662s][info][gc          ] GC(10) Concurrent reset 0.160ms
[0.662s][info][gc,start    ] GC(10) Pause Init Mark (unload classes)
[0.662s][info][gc,task     ] GC(10) Using 16 of 16 workers for init marking
[0.663s][info][gc,ergo     ] GC(10) Pacer for Mark. Expected Live: 133M, Free: 39424K, Non-Taxable: 3942K, Alloc Tax Rate: 4.2x
[0.663s][info][gc          ] GC(10) Pause Init Mark (unload classes) 0.071ms
[0.663s][info][gc,start    ] GC(10) Concurrent marking roots
[0.663s][info][gc,task     ] GC(10) Using 8 of 16 workers for concurrent marking roots
[0.663s][info][gc          ] GC(10) Concurrent marking roots 0.069ms
[0.663s][info][gc,start    ] GC(10) Concurrent marking (unload classes)
[0.663s][info][gc,task     ] GC(10) Using 8 of 16 workers for concurrent marking
[0.683s][info][gc          ] GC(10) Concurrent marking (unload classes) 20.428ms
[0.683s][info][gc,start    ] GC(10) Pause Final Mark (unload classes)
[0.683s][info][gc,task     ] GC(10) Using 16 of 16 workers for final marking
[0.683s][info][gc,ergo     ] GC(10) Collectable Garbage: 205M (97%), Immediate: 205M (97%), CSet: 0B (0%)
[0.683s][info][gc          ] GC(10) Pause Final Mark (unload classes) 0.121ms
[0.683s][info][gc,start    ] GC(10) Concurrent weak references
[0.683s][info][gc,task     ] GC(10) Using 8 of 16 workers for concurrent weak references
[0.683s][info][gc,ref      ] GC(10) Encountered references: Soft: 235, Weak: 926, Final: 0, Phantom: 3
[0.683s][info][gc,ref      ] GC(10) Discovered  references: Soft: 0, Weak: 542, Final: 0, Phantom: 1
[0.683s][info][gc,ref      ] GC(10) Enqueued    references: Soft: 0, Weak: 0, Final: 0, Phantom: 0
[0.683s][info][gc          ] GC(10) Concurrent weak references 0.042ms
[0.683s][info][gc,start    ] GC(10) Concurrent weak roots
[0.683s][info][gc,task     ] GC(10) Using 8 of 16 workers for concurrent weak root
[0.683s][info][gc          ] GC(10) Concurrent weak roots 0.149ms
[0.683s][info][gc,start    ] GC(10) Concurrent cleanup
[0.683s][info][gc          ] GC(10) Concurrent cleanup 349M->144M(400M) 0.039ms
[0.683s][info][gc,ergo     ] GC(10) Free: 235M, Max: 256K regular, 45312K humongous, Frag: 82% external, 0% internal; Reserve: 20480K, Max: 256K
[0.683s][info][gc,start    ] GC(10) Concurrent class unloading
[0.683s][info][gc,task     ] GC(10) Using 8 of 16 workers for concurrent class unloading
[0.684s][info][gc          ] GC(10) Concurrent class unloading 0.321ms
[0.684s][info][gc,start    ] GC(10) Pause Final Roots
[0.684s][info][gc          ] GC(10) Pause Final Roots 0.004ms
[0.684s][info][gc,ergo     ] Free: 235M, Max: 256K regular, 45312K humongous, Frag: 82% external, 0% internal; Reserve: 20480K, Max: 256K
[0.684s][info][gc,stats    ] 
[0.684s][info][gc,stats    ] All times are wall-clock times, except per-root-class counters, that are sum over
[0.684s][info][gc,stats    ] all workers. Dividing the <total> over the root stage time estimates parallelism.
[0.684s][info][gc,stats    ] 
[0.684s][info][gc,stats    ] Concurrent Reset                    163 us
[0.684s][info][gc,stats    ] Pause Init Mark (G)                 102 us
[0.684s][info][gc,stats    ] Pause Init Mark (N)                  73 us
[0.684s][info][gc,stats    ]   Update Region States                7 us
[0.684s][info][gc,stats    ] Concurrent Mark Roots                72 us, parallelism: 2.98x
[0.684s][info][gc,stats    ]   CMR: <total>                      215 us
[0.684s][info][gc,stats    ]   CMR: Thread Roots                 159 us, workers (us):  25,   0,  24,  29,  20,  25,  17,  19, ---, ---, ---, ---, ---, ---, ---, ---, 
[0.684s][info][gc,stats    ]   CMR: VM Strong Roots                8 us, workers (us):   3,   3,   1,   0,   0,   0,   0,   0, ---, ---, ---, ---, ---, ---, ---, ---, 
[0.684s][info][gc,stats    ]   CMR: CLDG Roots                    48 us, workers (us):   4,  37,   4,   4, ---, ---, ---, ---, ---, ---, ---, ---, ---, ---, ---, ---, 
[0.684s][info][gc,stats    ] Concurrent Marking                20454 us
[0.684s][info][gc,stats    ] Pause Final Mark (G)                137 us
[0.684s][info][gc,stats    ] Pause Final Mark (N)                124 us
[0.684s][info][gc,stats    ]   Finish Mark                        77 us
[0.684s][info][gc,stats    ]   Update Region States                6 us
[0.684s][info][gc,stats    ]   Choose Collection Set              14 us
[0.684s][info][gc,stats    ]   Rebuild Free Set                    4 us
[0.684s][info][gc,stats    ] Concurrent Weak References           43 us, parallelism: 0.62x
[0.684s][info][gc,stats    ]   CWRF: <total>                      27 us
[0.684s][info][gc,stats    ]   CWRF: Weak References              27 us, workers (us):   1,  24,   1,   0,   0,   0,   0,   0, ---, ---, ---, ---, ---, ---, ---, ---, 
[0.684s][info][gc,stats    ] Concurrent Weak Roots               152 us
[0.684s][info][gc,stats    ]   Roots                             140 us, parallelism: 4.15x
[0.684s][info][gc,stats    ]     CWR: <total>                    581 us
[0.684s][info][gc,stats    ]     CWR: Code Cache Roots           480 us, workers (us):   1,  73,  63,   1, 105,  69, 108,  61, ---, ---, ---, ---, ---, ---, ---, ---, 
[0.684s][info][gc,stats    ]     CWR: VM Weak Roots               91 us, workers (us):  12,  12,  12,  12,  11,  11,  11,  10, ---, ---, ---, ---, ---, ---, ---, ---, 
[0.684s][info][gc,stats    ]     CWR: CLDG Roots                  11 us, workers (us):   3,   3, ---,   3, ---, ---,   3, ---, ---, ---, ---, ---, ---, ---, ---, ---, 
[0.684s][info][gc,stats    ]   Rendezvous                          7 us
[0.684s][info][gc,stats    ] Concurrent Cleanup                   42 us
[0.684s][info][gc,stats    ] Concurrent Class Unloading          324 us
[0.684s][info][gc,stats    ]   Unlink Stale                      308 us
[0.684s][info][gc,stats    ]     System Dictionary                 2 us
[0.684s][info][gc,stats    ]     Weak Class Links                  0 us
[0.684s][info][gc,stats    ]     Code Roots                      306 us
[0.684s][info][gc,stats    ]   Rendezvous                          7 us
[0.684s][info][gc,stats    ]   Purge Unlinked                      2 us
[0.684s][info][gc,stats    ]     Code Roots                        1 us
[0.684s][info][gc,stats    ]     CLDG                              1 us
[0.684s][info][gc,stats    ]     Exception Caches                  0 us
[0.684s][info][gc,stats    ] Pause Final Roots (G)                76 us
[0.684s][info][gc,stats    ] Pause Final Roots (N)                 6 us
[0.684s][info][gc,stats    ] Pacing                           768079 us
[0.684s][info][gc,stats    ] 
[0.684s][info][gc,stats    ] Allocation pacing accrued:
[0.684s][info][gc,stats    ]      86 of    84 ms (102.8%): pool-1-thread-1
[0.684s][info][gc,stats    ]      86 of    84 ms (103.0%): pool-1-thread-2
[0.684s][info][gc,stats    ]      86 of    84 ms (102.7%): pool-1-thread-3
[0.684s][info][gc,stats    ]      86 of    84 ms (102.9%): pool-1-thread-4
[0.684s][info][gc,stats    ]      86 of    84 ms (102.7%): pool-1-thread-5
[0.684s][info][gc,stats    ]      86 of    84 ms (102.6%): pool-1-thread-6
[0.684s][info][gc,stats    ]      86 of    84 ms (102.8%): pool-1-thread-7
[0.684s][info][gc,stats    ]      78 of    84 ms ( 92.6%): pool-1-thread-8
[0.684s][info][gc,stats    ]      86 of    84 ms (103.0%): pool-1-thread-9
[0.684s][info][gc,stats    ]     768 of    84 ms (915.0%): <total>
[0.684s][info][gc,stats    ]      30 of    84 ms ( 35.2%): <average total>
[0.684s][info][gc,stats    ]      85 of    84 ms (101.7%): <average non-zero>
[0.684s][info][gc,stats    ] 
[0.684s][info][gc,metaspace] Metaspace: 10562K(10816K)->10562K(10816K) NonClass: 9329K(9472K)->9329K(9472K) Class: 1232K(1344K)->1232K(1344K)
[0.684s][info][gc,ergo     ] Pacer for Idle. Initial: 8192K, Alloc Tax Rate: 1.0x
[0.723s][info][gc          ] Trigger: Free (39936K) is below minimum threshold (40960K)
[0.723s][info][gc,ergo     ] Free: 39936K, Max: 256K regular, 20992K humongous, Frag: 48% external, 0% internal; Reserve: 20480K, Max: 256K
[0.723s][info][gc,start    ] GC(11) Concurrent reset
[0.723s][info][gc,task     ] GC(11) Using 8 of 16 workers for concurrent reset
[0.723s][info][gc,ergo     ] GC(11) Pacer for Reset. Non-Taxable: 400M
[0.723s][info][gc          ] GC(11) Concurrent reset 0.224ms
[0.723s][info][gc,start    ] GC(11) Pause Init Mark (unload classes)
[0.723s][info][gc,task     ] GC(11) Using 16 of 16 workers for init marking
[0.723s][info][gc,ergo     ] GC(11) Pacer for Mark. Expected Live: 132M, Free: 39936K, Non-Taxable: 3993K, Alloc Tax Rate: 4.2x
[0.723s][info][gc          ] GC(11) Pause Init Mark (unload classes) 0.097ms
[0.723s][info][gc,start    ] GC(11) Concurrent marking roots
[0.723s][info][gc,task     ] GC(11) Using 8 of 16 workers for concurrent marking roots
[0.724s][info][gc          ] GC(11) Concurrent marking roots 0.116ms
[0.724s][info][gc,start    ] GC(11) Concurrent marking (unload classes)
[0.724s][info][gc,task     ] GC(11) Using 8 of 16 workers for concurrent marking
[0.746s][info][gc          ] GC(11) Concurrent marking (unload classes) 22.472ms
[0.746s][info][gc,start    ] GC(11) Pause Final Mark (unload classes)
[0.746s][info][gc,task     ] GC(11) Using 16 of 16 workers for final marking
[0.746s][info][gc,ergo     ] GC(11) Collectable Garbage: 187M (97%), Immediate: 187M (97%), CSet: 0B (0%)
[0.746s][info][gc          ] GC(11) Pause Final Mark (unload classes) 0.099ms
[0.746s][info][gc,start    ] GC(11) Concurrent weak references
[0.746s][info][gc,task     ] GC(11) Using 8 of 16 workers for concurrent weak references
[0.746s][info][gc,ref      ] GC(11) Encountered references: Soft: 235, Weak: 926, Final: 0, Phantom: 3
[0.746s][info][gc,ref      ] GC(11) Discovered  references: Soft: 0, Weak: 506, Final: 0, Phantom: 3
[0.746s][info][gc,ref      ] GC(11) Enqueued    references: Soft: 0, Weak: 0, Final: 0, Phantom: 0
[0.746s][info][gc          ] GC(11) Concurrent weak references 0.043ms
[0.746s][info][gc,start    ] GC(11) Concurrent weak roots
[0.746s][info][gc,task     ] GC(11) Using 8 of 16 workers for concurrent weak root
[0.746s][info][gc          ] GC(11) Concurrent weak roots 0.146ms
[0.746s][info][gc,start    ] GC(11) Concurrent cleanup
[0.746s][info][gc          ] GC(11) Concurrent cleanup 348M->160M(400M) 0.040ms
[0.746s][info][gc,ergo     ] GC(11) Free: 219M, Max: 256K regular, 45312K humongous, Frag: 80% external, 0% internal; Reserve: 20480K, Max: 256K
[0.746s][info][gc,start    ] GC(11) Concurrent class unloading
[0.746s][info][gc,task     ] GC(11) Using 8 of 16 workers for concurrent class unloading
[0.747s][info][gc          ] GC(11) Concurrent class unloading 0.347ms
[0.747s][info][gc,start    ] GC(11) Pause Final Roots
[0.747s][info][gc          ] GC(11) Pause Final Roots 0.003ms
[0.747s][info][gc,ergo     ] Free: 219M, Max: 256K regular, 45312K humongous, Frag: 80% external, 0% internal; Reserve: 20480K, Max: 256K
[0.747s][info][gc,stats    ] 
[0.747s][info][gc,stats    ] All times are wall-clock times, except per-root-class counters, that are sum over
[0.747s][info][gc,stats    ] all workers. Dividing the <total> over the root stage time estimates parallelism.
[0.747s][info][gc,stats    ] 
[0.747s][info][gc,stats    ] Concurrent Reset                    231 us
[0.747s][info][gc,stats    ] Pause Init Mark (G)                 128 us
[0.747s][info][gc,stats    ] Pause Init Mark (N)                 100 us
[0.747s][info][gc,stats    ]   Update Region States                5 us
[0.747s][info][gc,stats    ] Concurrent Mark Roots               119 us, parallelism: 3.18x
[0.747s][info][gc,stats    ]   CMR: <total>                      380 us
[0.747s][info][gc,stats    ]   CMR: Thread Roots                 309 us, workers (us):  47,   0,  48,  42,  63,  40,  37,  32, ---, ---, ---, ---, ---, ---, ---, ---, 
[0.747s][info][gc,stats    ]   CMR: VM Strong Roots               14 us, workers (us):   6,   4,   1,   0,   1,   1,   1,   1, ---, ---, ---, ---, ---, ---, ---, ---, 
[0.747s][info][gc,stats    ]   CMR: CLDG Roots                    57 us, workers (us):   4,  47,   4,   2, ---, ---, ---, ---, ---, ---, ---, ---, ---, ---, ---, ---, 
[0.747s][info][gc,stats    ] Concurrent Marking                22492 us
[0.747s][info][gc,stats    ] Pause Final Mark (G)                115 us
[0.747s][info][gc,stats    ] Pause Final Mark (N)                101 us
[0.747s][info][gc,stats    ]   Finish Mark                        63 us
[0.747s][info][gc,stats    ]   Update Region States                5 us
[0.747s][info][gc,stats    ]   Choose Collection Set              12 us
[0.747s][info][gc,stats    ]   Rebuild Free Set                    4 us
[0.747s][info][gc,stats    ] Concurrent Weak References           45 us, parallelism: 0.64x
[0.747s][info][gc,stats    ]   CWRF: <total>                      29 us
[0.747s][info][gc,stats    ]   CWRF: Weak References              29 us, workers (us):  26,   1,   1,   0,   0,   0,   0,   0, ---, ---, ---, ---, ---, ---, ---, ---, 
[0.747s][info][gc,stats    ] Concurrent Weak Roots               149 us
[0.747s][info][gc,stats    ]   Roots                             137 us, parallelism: 4.17x
[0.747s][info][gc,stats    ]     CWR: <total>                    570 us
[0.747s][info][gc,stats    ]     CWR: Code Cache Roots           462 us, workers (us):  92,   3,  64,  61, 101,  58,   5,  78, ---, ---, ---, ---, ---, ---, ---, ---, 
[0.747s][info][gc,stats    ]     CWR: VM Weak Roots               98 us, workers (us):  13,  14,  13,  13,  13,  11,  10,  10, ---, ---, ---, ---, ---, ---, ---, ---, 
[0.747s][info][gc,stats    ]     CWR: CLDG Roots                  10 us, workers (us): ---, ---,   2,   3,   3,   2, ---, ---, ---, ---, ---, ---, ---, ---, ---, ---, 
[0.747s][info][gc,stats    ]   Rendezvous                          7 us
[0.747s][info][gc,stats    ] Concurrent Cleanup                   43 us
[0.747s][info][gc,stats    ] Concurrent Class Unloading          350 us
[0.747s][info][gc,stats    ]   Unlink Stale                      334 us
[0.747s][info][gc,stats    ]     System Dictionary                 2 us
[0.747s][info][gc,stats    ]     Weak Class Links                  0 us
[0.747s][info][gc,stats    ]     Code Roots                      332 us
[0.747s][info][gc,stats    ]   Rendezvous                          7 us
[0.747s][info][gc,stats    ]   Purge Unlinked                      3 us
[0.747s][info][gc,stats    ]     Code Roots                        1 us
[0.747s][info][gc,stats    ]     CLDG                              2 us
[0.747s][info][gc,stats    ]     Exception Caches                  0 us
[0.747s][info][gc,stats    ] Pause Final Roots (G)                11 us
[0.747s][info][gc,stats    ] Pause Final Roots (N)                 4 us
[0.747s][info][gc,stats    ] Pacing                           500877 us
[0.747s][info][gc,stats    ] 
[0.747s][info][gc,stats    ] Allocation pacing accrued:
[0.747s][info][gc,stats    ]      57 of    63 ms ( 90.2%): pool-1-thread-1
[0.747s][info][gc,stats    ]      57 of    63 ms ( 90.3%): pool-1-thread-2
[0.747s][info][gc,stats    ]      57 of    63 ms ( 90.3%): pool-1-thread-3
[0.747s][info][gc,stats    ]      57 of    63 ms ( 90.2%): pool-1-thread-4
[0.747s][info][gc,stats    ]      57 of    63 ms ( 90.2%): pool-1-thread-5
[0.747s][info][gc,stats    ]      57 of    63 ms ( 90.1%): pool-1-thread-6
[0.747s][info][gc,stats    ]      57 of    63 ms ( 90.2%): pool-1-thread-7
[0.747s][info][gc,stats    ]      47 of    63 ms ( 74.9%): pool-1-thread-8
[0.747s][info][gc,stats    ]      57 of    63 ms ( 90.3%): pool-1-thread-9
[0.747s][info][gc,stats    ]     501 of    63 ms (796.7%): <total>
[0.747s][info][gc,stats    ]      19 of    63 ms ( 30.6%): <average total>
[0.747s][info][gc,stats    ]      56 of    63 ms ( 88.5%): <average non-zero>
[0.747s][info][gc,stats    ] 
[0.747s][info][gc,metaspace] Metaspace: 10562K(10816K)->10562K(10816K) NonClass: 9329K(9472K)->9329K(9472K) Class: 1232K(1344K)->1232K(1344K)
[0.747s][info][gc,ergo     ] Pacer for Idle. Initial: 8192K, Alloc Tax Rate: 1.0x
[0.792s][info][gc          ] Trigger: Free (39424K) is below minimum threshold (40960K)
[0.792s][info][gc,ergo     ] Free: 38912K, Max: 256K regular, 20992K humongous, Frag: 47% external, 0% internal; Reserve: 20480K, Max: 256K
[0.792s][info][gc,start    ] GC(12) Concurrent reset
[0.792s][info][gc,task     ] GC(12) Using 8 of 16 workers for concurrent reset
[0.792s][info][gc,ergo     ] GC(12) Pacer for Reset. Non-Taxable: 400M
[0.792s][info][gc          ] GC(12) Concurrent reset 0.311ms
[0.793s][info][gc,start    ] GC(12) Pause Init Mark (unload classes)
[0.793s][info][gc,task     ] GC(12) Using 16 of 16 workers for init marking
[0.793s][info][gc,ergo     ] GC(12) Pacer for Mark. Expected Live: 134M, Free: 30720K, Non-Taxable: 3072K, Alloc Tax Rate: 5.5x
[0.793s][info][gc          ] GC(12) Pause Init Mark (unload classes) 0.054ms
[0.793s][info][gc,start    ] GC(12) Concurrent marking roots
[0.793s][info][gc,task     ] GC(12) Using 8 of 16 workers for concurrent marking roots
[0.793s][info][gc          ] GC(12) Concurrent marking roots 0.123ms
[0.793s][info][gc,start    ] GC(12) Concurrent marking (unload classes)
[0.793s][info][gc,task     ] GC(12) Using 8 of 16 workers for concurrent marking
[0.817s][info][gc          ] GC(12) Concurrent marking (unload classes) 23.875ms
[0.817s][info][gc,start    ] GC(12) Pause Final Mark (unload classes)
[0.817s][info][gc,task     ] GC(12) Using 16 of 16 workers for final marking
[0.817s][info][gc,ergo     ] GC(12) Collectable Garbage: 182M (92%), Immediate: 182M (92%), CSet: 0B (0%)
[0.817s][info][gc          ] GC(12) Pause Final Mark (unload classes) 0.130ms
[0.817s][info][gc,start    ] GC(12) Concurrent weak references
[0.817s][info][gc,task     ] GC(12) Using 8 of 16 workers for concurrent weak references
[0.817s][info][gc,ref      ] GC(12) Encountered references: Soft: 235, Weak: 926, Final: 0, Phantom: 3
[0.817s][info][gc,ref      ] GC(12) Discovered  references: Soft: 0, Weak: 598, Final: 0, Phantom: 2
[0.817s][info][gc,ref      ] GC(12) Enqueued    references: Soft: 0, Weak: 0, Final: 0, Phantom: 0
[0.817s][info][gc          ] GC(12) Concurrent weak references 0.049ms
[0.817s][info][gc,start    ] GC(12) Concurrent weak roots
[0.817s][info][gc,task     ] GC(12) Using 8 of 16 workers for concurrent weak root
[0.817s][info][gc          ] GC(12) Concurrent weak roots 0.152ms
[0.817s][info][gc,start    ] GC(12) Concurrent cleanup
[0.817s][info][gc          ] GC(12) Concurrent cleanup 378M->195M(400M) 0.038ms
[0.817s][info][gc,ergo     ] GC(12) Free: 183M, Max: 256K regular, 45312K humongous, Frag: 76% external, 0% internal; Reserve: 20480K, Max: 256K
[0.817s][info][gc,start    ] GC(12) Concurrent class unloading
[0.817s][info][gc,task     ] GC(12) Using 8 of 16 workers for concurrent class unloading
[0.817s][info][gc          ] GC(12) Concurrent class unloading 0.269ms
[0.817s][info][gc,start    ] GC(12) Pause Final Roots
[0.817s][info][gc          ] GC(12) Pause Final Roots 0.002ms
[0.817s][info][gc,ergo     ] Free: 183M, Max: 256K regular, 45312K humongous, Frag: 76% external, 0% internal; Reserve: 20480K, Max: 256K
[0.817s][info][gc,stats    ] 
[0.817s][info][gc,stats    ] All times are wall-clock times, except per-root-class counters, that are sum over
[0.817s][info][gc,stats    ] all workers. Dividing the <total> over the root stage time estimates parallelism.
[0.817s][info][gc,stats    ] 
[0.817s][info][gc,stats    ] Concurrent Reset                    327 us
[0.817s][info][gc,stats    ] Pause Init Mark (G)                 198 us
[0.817s][info][gc,stats    ] Pause Init Mark (N)                  58 us
[0.817s][info][gc,stats    ]   Update Region States                5 us
[0.817s][info][gc,stats    ] Concurrent Mark Roots               128 us, parallelism: 2.20x
[0.817s][info][gc,stats    ]   CMR: <total>                      281 us
[0.817s][info][gc,stats    ]   CMR: Thread Roots                 189 us, workers (us):   0,  40,  32,  37,  32,  16,  30,   1, ---, ---, ---, ---, ---, ---, ---, ---, 
[0.817s][info][gc,stats    ]   CMR: VM Strong Roots               13 us, workers (us):   5,   5,   0,   0,   0,   0,   1,   1, ---, ---, ---, ---, ---, ---, ---, ---, 
[0.817s][info][gc,stats    ]   CMR: CLDG Roots                    79 us, workers (us):  67,   3,   9, ---, ---, ---, ---, ---, ---, ---, ---, ---, ---, ---, ---, ---, 
[0.817s][info][gc,stats    ] Concurrent Marking                23904 us
[0.817s][info][gc,stats    ] Pause Final Mark (G)                144 us
[0.817s][info][gc,stats    ] Pause Final Mark (N)                132 us
[0.817s][info][gc,stats    ]   Finish Mark                        91 us
[0.817s][info][gc,stats    ]   Update Region States                7 us
[0.817s][info][gc,stats    ]   Choose Collection Set              13 us
[0.817s][info][gc,stats    ]   Rebuild Free Set                    5 us
[0.817s][info][gc,stats    ] Concurrent Weak References           51 us, parallelism: 0.70x
[0.817s][info][gc,stats    ]   CWRF: <total>                      35 us
[0.817s][info][gc,stats    ]   CWRF: Weak References              35 us, workers (us):  31,   2,   1,   1,   0,   0,   0,   0, ---, ---, ---, ---, ---, ---, ---, ---, 
[0.817s][info][gc,stats    ] Concurrent Weak Roots               154 us
[0.817s][info][gc,stats    ]   Roots                             141 us, parallelism: 4.60x
[0.817s][info][gc,stats    ]     CWR: <total>                    647 us
[0.817s][info][gc,stats    ]     CWR: Code Cache Roots           536 us, workers (us): 105,  77,   2,  94,  93,   3,  66,  96, ---, ---, ---, ---, ---, ---, ---, ---, 
[0.817s][info][gc,stats    ]     CWR: VM Weak Roots               98 us, workers (us):  13,  12,  12,  13,  13,  12,  12,  11, ---, ---, ---, ---, ---, ---, ---, ---, 
[0.817s][info][gc,stats    ]     CWR: CLDG Roots                  14 us, workers (us):   3, ---,   3, ---, ---,   4, ---,   4, ---, ---, ---, ---, ---, ---, ---, ---, 
[0.817s][info][gc,stats    ]   Rendezvous                          9 us
[0.817s][info][gc,stats    ] Concurrent Cleanup                   40 us
[0.817s][info][gc,stats    ] Concurrent Class Unloading          271 us
[0.817s][info][gc,stats    ]   Unlink Stale                      255 us
[0.817s][info][gc,stats    ]     System Dictionary                 2 us
[0.817s][info][gc,stats    ]     Weak Class Links                  0 us
[0.817s][info][gc,stats    ]     Code Roots                      253 us
[0.817s][info][gc,stats    ]   Rendezvous                          7 us
[0.817s][info][gc,stats    ]   Purge Unlinked                      2 us
[0.817s][info][gc,stats    ]     Code Roots                        0 us
[0.817s][info][gc,stats    ]     CLDG                              1 us
[0.817s][info][gc,stats    ]     Exception Caches                  0 us
[0.817s][info][gc,stats    ] Pause Final Roots (G)                11 us
[0.817s][info][gc,stats    ] Pause Final Roots (N)                 4 us
[0.817s][info][gc,stats    ] Pacing                           598616 us
[0.817s][info][gc,stats    ] 
[0.817s][info][gc,stats    ] Allocation pacing accrued:
[0.817s][info][gc,stats    ]      68 of    71 ms ( 95.8%): pool-1-thread-1
[0.817s][info][gc,stats    ]      68 of    71 ms ( 95.8%): pool-1-thread-2
[0.817s][info][gc,stats    ]      68 of    71 ms ( 95.9%): pool-1-thread-3
[0.817s][info][gc,stats    ]      68 of    71 ms ( 95.8%): pool-1-thread-4
[0.817s][info][gc,stats    ]      68 of    71 ms ( 95.7%): pool-1-thread-5
[0.817s][info][gc,stats    ]      68 of    71 ms ( 95.7%): pool-1-thread-6
[0.817s][info][gc,stats    ]      58 of    71 ms ( 82.3%): pool-1-thread-7
[0.817s][info][gc,stats    ]      67 of    71 ms ( 95.2%): pool-1-thread-8
[0.817s][info][gc,stats    ]      68 of    71 ms ( 95.9%): pool-1-thread-9
[0.817s][info][gc,stats    ]     599 of    71 ms (848.3%): <total>
[0.817s][info][gc,stats    ]      23 of    71 ms ( 32.6%): <average total>
[0.817s][info][gc,stats    ]      67 of    71 ms ( 94.3%): <average non-zero>
[0.817s][info][gc,stats    ] 
[0.817s][info][gc,metaspace] Metaspace: 10562K(10816K)->10562K(10816K) NonClass: 9329K(9472K)->9329K(9472K) Class: 1232K(1344K)->1232K(1344K)
[0.817s][info][gc,ergo     ] Pacer for Idle. Initial: 8192K, Alloc Tax Rate: 1.0x
[0.830s][info][gc          ] Trigger: Free (20288K) is below minimum threshold (40960K)
[0.830s][info][gc,ergo     ] Free: 19264K, Max: 256K regular, 3072K humongous, Frag: 84% external, 0% internal; Reserve: 20480K, Max: 256K
[0.830s][info][gc,start    ] GC(13) Concurrent reset
[0.830s][info][gc,task     ] GC(13) Using 8 of 16 workers for concurrent reset
[0.830s][info][gc,ergo     ] GC(13) Pacer for Reset. Non-Taxable: 400M
[0.831s][info][gc          ] GC(13) Concurrent reset 0.499ms
[0.831s][info][gc,start    ] GC(13) Pause Init Mark (unload classes)
[0.831s][info][gc,task     ] GC(13) Using 16 of 16 workers for init marking
[0.831s][info][gc,ergo     ] GC(13) Pacer for Mark. Expected Live: 140M, Free: 9280K, Non-Taxable: 928K, Alloc Tax Rate: 18.9x
[0.831s][info][gc          ] GC(13) Pause Init Mark (unload classes) 0.051ms
[0.831s][info][gc,start    ] GC(13) Concurrent marking roots
[0.831s][info][gc,task     ] GC(13) Using 8 of 16 workers for concurrent marking roots
[0.831s][info][gc          ] GC(13) Concurrent marking roots 0.064ms
[0.831s][info][gc,start    ] GC(13) Concurrent marking (unload classes)
[0.831s][info][gc,task     ] GC(13) Using 8 of 16 workers for concurrent marking
[0.855s][info][gc          ] GC(13) Concurrent marking (unload classes) 23.770ms
[0.855s][info][gc,start    ] GC(13) Pause Final Mark (unload classes)
[0.855s][info][gc,task     ] GC(13) Using 16 of 16 workers for final marking
[0.855s][info][gc,ergo     ] GC(13) Collectable Garbage: 201M (92%), Immediate: 201M (92%), CSet: 0B (0%)
[0.855s][info][gc          ] GC(13) Pause Final Mark (unload classes) 0.100ms
[0.855s][info][gc,start    ] GC(13) Concurrent weak references
[0.855s][info][gc,task     ] GC(13) Using 8 of 16 workers for concurrent weak references
[0.855s][info][gc,ref      ] GC(13) Encountered references: Soft: 235, Weak: 926, Final: 0, Phantom: 3
[0.855s][info][gc,ref      ] GC(13) Discovered  references: Soft: 0, Weak: 521, Final: 0, Phantom: 2
[0.855s][info][gc,ref      ] GC(13) Enqueued    references: Soft: 0, Weak: 0, Final: 0, Phantom: 0
[0.855s][info][gc          ] GC(13) Concurrent weak references 0.073ms
[0.855s][info][gc,start    ] GC(13) Concurrent weak roots
[0.855s][info][gc,task     ] GC(13) Using 8 of 16 workers for concurrent weak root
[0.855s][info][gc          ] GC(13) Concurrent weak roots 0.188ms
[0.855s][info][gc,start    ] GC(13) Concurrent cleanup
[0.855s][info][gc          ] GC(13) Concurrent cleanup 377M->175M(400M) 0.041ms
[0.855s][info][gc,ergo     ] GC(13) Free: 204M, Max: 256K regular, 33024K humongous, Frag: 85% external, 0% internal; Reserve: 20480K, Max: 256K
[0.855s][info][gc,start    ] GC(13) Concurrent class unloading
[0.855s][info][gc,task     ] GC(13) Using 8 of 16 workers for concurrent class unloading
[0.855s][info][gc          ] GC(13) Concurrent class unloading 0.327ms
[0.855s][info][gc,start    ] GC(13) Pause Final Roots
[0.855s][info][gc          ] GC(13) Pause Final Roots 0.004ms
[0.855s][info][gc,ergo     ] Free: 204M, Max: 256K regular, 33024K humongous, Frag: 85% external, 0% internal; Reserve: 20480K, Max: 256K
[0.855s][info][gc,stats    ] 
[0.855s][info][gc,stats    ] All times are wall-clock times, except per-root-class counters, that are sum over
[0.855s][info][gc,stats    ] all workers. Dividing the <total> over the root stage time estimates parallelism.
[0.855s][info][gc,stats    ] 
[0.855s][info][gc,stats    ] Concurrent Reset                    504 us
[0.855s][info][gc,stats    ] Pause Init Mark (G)                 160 us
[0.855s][info][gc,stats    ] Pause Init Mark (N)                  55 us
[0.855s][info][gc,stats    ]   Update Region States                6 us
[0.855s][info][gc,stats    ] Concurrent Mark Roots                66 us, parallelism: 2.53x
[0.855s][info][gc,stats    ]   CMR: <total>                      167 us
[0.855s][info][gc,stats    ]   CMR: Thread Roots                 114 us, workers (us):  14,  18,   0,  13,  26,  13,  15,  15, ---, ---, ---, ---, ---, ---, ---, ---, 
[0.855s][info][gc,stats    ]   CMR: VM Strong Roots               10 us, workers (us):   2,   2,   2,   2,   0,   0,   0,   0, ---, ---, ---, ---, ---, ---, ---, ---, 
[0.855s][info][gc,stats    ]   CMR: CLDG Roots                    44 us, workers (us):   3,   3,  36,   2, ---, ---, ---, ---, ---, ---, ---, ---, ---, ---, ---, ---, 
[0.855s][info][gc,stats    ] Concurrent Marking                23812 us
[0.855s][info][gc,stats    ] Pause Final Mark (G)                174 us
[0.855s][info][gc,stats    ] Pause Final Mark (N)                103 us
[0.855s][info][gc,stats    ]   Finish Mark                        50 us
[0.856s][info][gc,stats    ]   Update Region States                9 us
[0.856s][info][gc,stats    ]   Choose Collection Set              15 us
[0.856s][info][gc,stats    ]   Rebuild Free Set                    5 us
[0.856s][info][gc,stats    ] Concurrent Weak References           75 us, parallelism: 0.80x
[0.856s][info][gc,stats    ]   CWRF: <total>                      60 us
[0.856s][info][gc,stats    ]   CWRF: Weak References              60 us, workers (us):  52,   3,   1,   1,   1,   0,   2,   0, ---, ---, ---, ---, ---, ---, ---, ---, 
[0.856s][info][gc,stats    ] Concurrent Weak Roots               190 us
[0.856s][info][gc,stats    ]   Roots                             180 us, parallelism: 5.01x
[0.856s][info][gc,stats    ]     CWR: <total>                    900 us
[0.856s][info][gc,stats    ]     CWR: Code Cache Roots           741 us, workers (us): 123, 114, 110, 129, 136,   6,   6, 117, ---, ---, ---, ---, ---, ---, ---, ---, 
[0.856s][info][gc,stats    ]     CWR: VM Weak Roots              146 us, workers (us):  19,  19,  19,  19,  19,  18,  17,  15, ---, ---, ---, ---, ---, ---, ---, ---, 
[0.856s][info][gc,stats    ]     CWR: CLDG Roots                  13 us, workers (us):   3, ---,   3,   3, ---, ---, ---,   3, ---, ---, ---, ---, ---, ---, ---, ---, 
[0.856s][info][gc,stats    ]   Rendezvous                          6 us
[0.856s][info][gc,stats    ] Concurrent Cleanup                   43 us
[0.856s][info][gc,stats    ] Concurrent Class Unloading          329 us
[0.856s][info][gc,stats    ]   Unlink Stale                      313 us
[0.856s][info][gc,stats    ]     System Dictionary                 2 us
[0.856s][info][gc,stats    ]     Weak Class Links                  0 us
[0.856s][info][gc,stats    ]     Code Roots                      311 us
[0.856s][info][gc,stats    ]   Rendezvous                          6 us
[0.856s][info][gc,stats    ]   Purge Unlinked                      4 us
[0.856s][info][gc,stats    ]     Code Roots                        1 us
[0.856s][info][gc,stats    ]     CLDG                              3 us
[0.856s][info][gc,stats    ]     Exception Caches                  0 us
[0.856s][info][gc,stats    ] Pause Final Roots (G)                20 us
[0.856s][info][gc,stats    ] Pause Final Roots (N)                 6 us
[0.856s][info][gc,stats    ] Pacing                           262868 us
[0.856s][info][gc,stats    ] 
[0.856s][info][gc,stats    ] Allocation pacing accrued:
[0.856s][info][gc,stats    ]      29 of    38 ms ( 76.6%): pool-1-thread-1
[0.856s][info][gc,stats    ]      29 of    38 ms ( 76.9%): pool-1-thread-2
[0.856s][info][gc,stats    ]      29 of    38 ms ( 76.7%): pool-1-thread-3
[0.856s][info][gc,stats    ]      29 of    38 ms ( 76.7%): pool-1-thread-4
[0.856s][info][gc,stats    ]      29 of    38 ms ( 76.7%): pool-1-thread-5
[0.856s][info][gc,stats    ]      29 of    38 ms ( 76.6%): pool-1-thread-6
[0.856s][info][gc,stats    ]      29 of    38 ms ( 76.8%): pool-1-thread-7
[0.856s][info][gc,stats    ]      29 of    38 ms ( 76.2%): pool-1-thread-8
[0.856s][info][gc,stats    ]      29 of    38 ms ( 75.5%): pool-1-thread-9
[0.856s][info][gc,stats    ]     263 of    38 ms (688.8%): <total>
[0.856s][info][gc,stats    ]      10 of    38 ms ( 26.5%): <average total>
[0.856s][info][gc,stats    ]      29 of    38 ms ( 76.5%): <average non-zero>
[0.856s][info][gc,stats    ] 
[0.856s][info][gc,metaspace] Metaspace: 10562K(10816K)->10562K(10816K) NonClass: 9329K(9472K)->9329K(9472K) Class: 1232K(1344K)->1232K(1344K)
[0.856s][info][gc,ergo     ] Pacer for Idle. Initial: 8192K, Alloc Tax Rate: 1.0x
[0.870s][info][gc          ] Trigger: Free (39236K) is below minimum threshold (40960K)
[0.870s][info][gc,ergo     ] Free: 39236K, Max: 256K regular, 2048K humongous, Frag: 95% external, 0% internal; Reserve: 20480K, Max: 256K
[0.870s][info][gc,start    ] GC(14) Concurrent reset
[0.870s][info][gc,task     ] GC(14) Using 8 of 16 workers for concurrent reset
[0.870s][info][gc,ergo     ] GC(14) Pacer for Reset. Non-Taxable: 400M
[0.871s][info][gc          ] GC(14) Concurrent reset 0.377ms
[0.871s][info][gc,start    ] GC(14) Pause Init Mark (unload classes)
[0.871s][info][gc,task     ] GC(14) Using 16 of 16 workers for init marking
[0.871s][info][gc,ergo     ] GC(14) Pacer for Mark. Expected Live: 139M, Free: 36676K, Non-Taxable: 3667K, Alloc Tax Rate: 4.8x
[0.871s][info][gc          ] GC(14) Pause Init Mark (unload classes) 0.025ms
[0.871s][info][gc,start    ] GC(14) Concurrent marking roots
[0.871s][info][gc,task     ] GC(14) Using 8 of 16 workers for concurrent marking roots
[0.871s][info][gc          ] GC(14) Concurrent marking roots 0.072ms
[0.871s][info][gc,start    ] GC(14) Concurrent marking (unload classes)
[0.871s][info][gc,task     ] GC(14) Using 8 of 16 workers for concurrent marking
[0.889s][info][gc          ] GC(14) Concurrent marking (unload classes) 18.276ms
[0.889s][info][gc,start    ] GC(14) Pause Final Mark (unload classes)
[0.889s][info][gc,task     ] GC(14) Using 16 of 16 workers for final marking
[0.889s][info][gc,ergo     ] GC(14) Collectable Garbage: 217M (95%), Immediate: 217M (95%), CSet: 0B (0%)
[0.889s][info][gc          ] GC(14) Pause Final Mark (unload classes) 0.084ms
[0.889s][info][gc,start    ] GC(14) Concurrent weak references
[0.889s][info][gc,task     ] GC(14) Using 8 of 16 workers for concurrent weak references
[0.889s][info][gc,ref      ] GC(14) Encountered references: Soft: 235, Weak: 926, Final: 0, Phantom: 3
[0.889s][info][gc,ref      ] GC(14) Discovered  references: Soft: 0, Weak: 462, Final: 0, Phantom: 3
[0.889s][info][gc,ref      ] GC(14) Enqueued    references: Soft: 0, Weak: 0, Final: 0, Phantom: 0
[0.889s][info][gc          ] GC(14) Concurrent weak references 0.050ms
[0.889s][info][gc,start    ] GC(14) Concurrent weak roots
[0.889s][info][gc,task     ] GC(14) Using 8 of 16 workers for concurrent weak root
[0.890s][info][gc          ] GC(14) Concurrent weak roots 0.178ms
[0.890s][info][gc,start    ] GC(14) Concurrent cleanup
[0.890s][info][gc          ] GC(14) Concurrent cleanup 350M->132M(400M) 0.040ms
[0.890s][info][gc,ergo     ] GC(14) Free: 246M, Max: 256K regular, 72192K humongous, Frag: 72% external, 0% internal; Reserve: 20480K, Max: 256K
[0.890s][info][gc,start    ] GC(14) Concurrent class unloading
[0.890s][info][gc,task     ] GC(14) Using 8 of 16 workers for concurrent class unloading
[0.890s][info][gc          ] GC(14) Concurrent class unloading 0.369ms
[0.890s][info][gc,start    ] GC(14) Pause Final Roots
[0.890s][info][gc          ] GC(14) Pause Final Roots 0.003ms
[0.890s][info][gc,ergo     ] Free: 246M, Max: 256K regular, 72192K humongous, Frag: 72% external, 0% internal; Reserve: 20480K, Max: 256K
[0.890s][info][gc,stats    ] 
[0.890s][info][gc,stats    ] All times are wall-clock times, except per-root-class counters, that are sum over
[0.890s][info][gc,stats    ] all workers. Dividing the <total> over the root stage time estimates parallelism.
[0.890s][info][gc,stats    ] 
[0.890s][info][gc,stats    ] Concurrent Reset                    387 us
[0.890s][info][gc,stats    ] Pause Init Mark (G)                 106 us
[0.890s][info][gc,stats    ] Pause Init Mark (N)                  27 us
[0.890s][info][gc,stats    ]   Update Region States                4 us
[0.890s][info][gc,stats    ] Concurrent Mark Roots                74 us, parallelism: 3.33x
[0.890s][info][gc,stats    ]   CMR: <total>                      247 us
[0.890s][info][gc,stats    ]   CMR: Thread Roots                 184 us, workers (us):  19,  30,   0,  29,  20,  35,  29,  22, ---, ---, ---, ---, ---, ---, ---, ---, 
[0.890s][info][gc,stats    ]   CMR: VM Strong Roots                8 us, workers (us):   3,   2,   1,   2,   0,   0,   0,   0, ---, ---, ---, ---, ---, ---, ---, ---, 
[0.890s][info][gc,stats    ]   CMR: CLDG Roots                    54 us, workers (us):   2,   1,  50, ---,   2, ---, ---, ---, ---, ---, ---, ---, ---, ---, ---, ---, 
[0.890s][info][gc,stats    ] Concurrent Marking                18301 us
[0.890s][info][gc,stats    ] Pause Final Mark (G)                100 us
[0.890s][info][gc,stats    ] Pause Final Mark (N)                 86 us
[0.890s][info][gc,stats    ]   Finish Mark                        36 us
[0.890s][info][gc,stats    ]   Update Region States               12 us
[0.890s][info][gc,stats    ]   Choose Collection Set              16 us
[0.890s][info][gc,stats    ]   Rebuild Free Set                    4 us
[0.890s][info][gc,stats    ] Concurrent Weak References           52 us, parallelism: 0.70x
[0.890s][info][gc,stats    ]   CWRF: <total>                      36 us
[0.890s][info][gc,stats    ]   CWRF: Weak References              36 us, workers (us):   2,   1,  32,   1,   0,   0,   0,   0, ---, ---, ---, ---, ---, ---, ---, ---, 
[0.890s][info][gc,stats    ] Concurrent Weak Roots               180 us
[0.890s][info][gc,stats    ]   Roots                             168 us, parallelism: 5.00x
[0.890s][info][gc,stats    ]     CWR: <total>                    840 us
[0.890s][info][gc,stats    ]     CWR: Code Cache Roots           698 us, workers (us): 120,   1, 120, 104,   2, 127, 113, 110, ---, ---, ---, ---, ---, ---, ---, ---, 
[0.890s][info][gc,stats    ]     CWR: VM Weak Roots              128 us, workers (us):  17,  17,  16,  17,  15,  15,  15,  15, ---, ---, ---, ---, ---, ---, ---, ---, 
[0.890s][info][gc,stats    ]     CWR: CLDG Roots                  14 us, workers (us):   3,   4, ---, ---,   4,   3, ---, ---, ---, ---, ---, ---, ---, ---, ---, ---, 
[0.890s][info][gc,stats    ]   Rendezvous                          7 us
[0.890s][info][gc,stats    ] Concurrent Cleanup                   42 us
[0.890s][info][gc,stats    ] Concurrent Class Unloading          370 us
[0.890s][info][gc,stats    ]   Unlink Stale                      353 us
[0.890s][info][gc,stats    ]     System Dictionary                 3 us
[0.890s][info][gc,stats    ]     Weak Class Links                  1 us
[0.890s][info][gc,stats    ]     Code Roots                      349 us
[0.890s][info][gc,stats    ]   Rendezvous                          7 us
[0.890s][info][gc,stats    ]   Purge Unlinked                      3 us
[0.890s][info][gc,stats    ]     Code Roots                        1 us
[0.890s][info][gc,stats    ]     CLDG                              2 us
[0.890s][info][gc,stats    ]     Exception Caches                  0 us
[0.890s][info][gc,stats    ] Pause Final Roots (G)                75 us
[0.890s][info][gc,stats    ] Pause Final Roots (N)                 5 us
[0.890s][info][gc,stats    ] Pacing                           250314 us
[0.890s][info][gc,stats    ] 
[0.890s][info][gc,stats    ] Allocation pacing accrued:
[0.890s][info][gc,stats    ]      32 of    35 ms ( 92.0%): pool-1-thread-1
[0.890s][info][gc,stats    ]      32 of    35 ms ( 91.7%): pool-1-thread-2
[0.890s][info][gc,stats    ]      32 of    35 ms ( 91.4%): pool-1-thread-3
[0.890s][info][gc,stats    ]      20 of    35 ms ( 59.0%): pool-1-thread-4
[0.890s][info][gc,stats    ]      20 of    35 ms ( 59.1%): pool-1-thread-5
[0.890s][info][gc,stats    ]      20 of    35 ms ( 59.0%): pool-1-thread-6
[0.890s][info][gc,stats    ]      32 of    35 ms ( 91.8%): pool-1-thread-7
[0.890s][info][gc,stats    ]      32 of    35 ms ( 91.8%): pool-1-thread-8
[0.890s][info][gc,stats    ]      30 of    35 ms ( 88.0%): pool-1-thread-9
[0.890s][info][gc,stats    ]     250 of    35 ms (723.9%): <total>
[0.890s][info][gc,stats    ]      10 of    35 ms ( 27.8%): <average total>
[0.890s][info][gc,stats    ]      28 of    35 ms ( 80.4%): <average non-zero>
[0.890s][info][gc,stats    ] 
[0.890s][info][gc,metaspace] Metaspace: 10562K(10816K)->10562K(10816K) NonClass: 9329K(9472K)->9329K(9472K) Class: 1232K(1344K)->1232K(1344K)
[0.890s][info][gc,ergo     ] Pacer for Idle. Initial: 8192K, Alloc Tax Rate: 1.0x
[0.933s][info][gc          ] Trigger: Free (31232K) is below minimum threshold (40960K)
[0.933s][info][gc,ergo     ] Free: 26624K, Max: 256K regular, 20992K humongous, Frag: 22% external, 0% internal; Reserve: 20480K, Max: 256K
[0.934s][info][gc,start    ] GC(15) Concurrent reset
[0.934s][info][gc,task     ] GC(15) Using 8 of 16 workers for concurrent reset
[0.934s][info][gc,ergo     ] GC(15) Pacer for Reset. Non-Taxable: 400M
[0.934s][info][gc          ] GC(15) Concurrent reset 0.424ms
[0.934s][info][gc,start    ] GC(15) Pause Init Mark (unload classes)
[0.934s][info][gc,task     ] GC(15) Using 16 of 16 workers for init marking
[0.934s][info][gc,ergo     ] GC(15) Pacer for Mark. Expected Live: 140M, Free: 21504K, Non-Taxable: 2150K, Alloc Tax Rate: 8.2x
[0.934s][info][gc          ] GC(15) Pause Init Mark (unload classes) 0.067ms
[0.934s][info][gc,start    ] GC(15) Concurrent marking roots
[0.934s][info][gc,task     ] GC(15) Using 8 of 16 workers for concurrent marking roots
[0.934s][info][gc          ] GC(15) Concurrent marking roots 0.093ms
[0.934s][info][gc,start    ] GC(15) Concurrent marking (unload classes)
[0.934s][info][gc,task     ] GC(15) Using 8 of 16 workers for concurrent marking
[0.956s][info][gc          ] GC(15) Concurrent marking (unload classes) 21.947ms
[0.956s][info][gc,start    ] GC(15) Pause Final Mark (unload classes)
[0.956s][info][gc,task     ] GC(15) Using 16 of 16 workers for final marking
[0.956s][info][gc,ergo     ] GC(15) Adaptive CSet Selection. Target Free: 58026K, Actual Free: 220M, Max CSet: 17066K, Min Garbage: 0B
[0.956s][info][gc,ergo     ] GC(15) Collectable Garbage: 221M (98%), Immediate: 197M (87%), CSet: 24783K (10%)
[0.956s][info][gc,ergo     ] GC(15) Pacer for Evacuation. Used CSet: 41728K, Free: 200M, Non-Taxable: 20505K, Alloc Tax Rate: 1.1x
[0.956s][info][gc          ] GC(15) Pause Final Mark (unload classes) 0.151ms
[0.956s][info][gc,start    ] GC(15) Concurrent thread roots
[0.956s][info][gc,task     ] GC(15) Using 8 of 16 workers for Concurrent thread roots
[0.956s][info][gc          ] GC(15) Concurrent thread roots 0.064ms
[0.956s][info][gc,start    ] GC(15) Concurrent weak references
[0.956s][info][gc,task     ] GC(15) Using 8 of 16 workers for concurrent weak references
[0.957s][info][gc,ref      ] GC(15) Encountered references: Soft: 235, Weak: 926, Final: 0, Phantom: 3
[0.957s][info][gc,ref      ] GC(15) Discovered  references: Soft: 0, Weak: 522, Final: 0, Phantom: 1
[0.957s][info][gc,ref      ] GC(15) Enqueued    references: Soft: 0, Weak: 0, Final: 0, Phantom: 0
[0.957s][info][gc          ] GC(15) Concurrent weak references 0.062ms
[0.957s][info][gc,start    ] GC(15) Concurrent weak roots
[0.957s][info][gc,task     ] GC(15) Using 8 of 16 workers for concurrent weak root
[0.957s][info][gc          ] GC(15) Concurrent weak roots 0.259ms
[0.957s][info][gc,start    ] GC(15) Concurrent cleanup
[0.957s][info][gc          ] GC(15) Concurrent cleanup 376M->179M(400M) 0.042ms
[0.957s][info][gc,ergo     ] GC(15) Free: 200M, Max: 256K regular, 50432K humongous, Frag: 76% external, 0% internal; Reserve: 20453K, Max: 256K
[0.957s][info][gc,start    ] GC(15) Concurrent class unloading
[0.957s][info][gc,task     ] GC(15) Using 8 of 16 workers for concurrent class unloading
[0.957s][info][gc          ] GC(15) Concurrent class unloading 0.496ms
[0.957s][info][gc,start    ] GC(15) Concurrent strong roots
[0.957s][info][gc,task     ] GC(15) Using 8 of 16 workers for concurrent strong root
[0.957s][info][gc          ] GC(15) Concurrent strong roots 0.081ms
[0.957s][info][gc,start    ] GC(15) Concurrent evacuation
[0.957s][info][gc,task     ] GC(15) Using 8 of 16 workers for concurrent evacuation
[0.959s][info][gc          ] GC(15) Concurrent evacuation 1.941ms
[0.959s][info][gc,start    ] GC(15) Pause Init Update Refs
[0.959s][info][gc,ergo     ] GC(15) Pacer for Update Refs. Used: 197M, Free: 200M, Non-Taxable: 20505K, Alloc Tax Rate: 1.2x
[0.959s][info][gc          ] GC(15) Pause Init Update Refs 0.008ms
[0.959s][info][gc,start    ] GC(15) Concurrent update references
[0.959s][info][gc,task     ] GC(15) Using 8 of 16 workers for concurrent reference update
[0.970s][info][gc          ] GC(15) Concurrent update references 10.308ms
[0.970s][info][gc,start    ] GC(15) Concurrent update thread roots
[0.970s][info][gc          ] GC(15) Concurrent update thread roots 0.202ms
[0.970s][info][gc,start    ] GC(15) Pause Final Update Refs
[0.970s][info][gc,task     ] GC(15) Using 16 of 16 workers for final reference update
[0.970s][info][gc          ] GC(15) Pause Final Update Refs 0.038ms
[0.970s][info][gc,start    ] GC(15) Concurrent cleanup
[0.970s][info][gc          ] GC(15) Concurrent cleanup 316M->277M(400M) 0.056ms
[0.970s][info][gc,ergo     ] Free: 100M, Max: 256K regular, 37120K humongous, Frag: 64% external, 0% internal; Reserve: 20480K, Max: 256K
[0.970s][info][gc,stats    ] 
[0.970s][info][gc,stats    ] All times are wall-clock times, except per-root-class counters, that are sum over
[0.970s][info][gc,stats    ] all workers. Dividing the <total> over the root stage time estimates parallelism.
[0.970s][info][gc,stats    ] 
[0.970s][info][gc,stats    ] Concurrent Reset                    429 us
[0.970s][info][gc,stats    ] Pause Init Mark (G)                 183 us
[0.970s][info][gc,stats    ] Pause Init Mark (N)                  71 us
[0.970s][info][gc,stats    ]   Update Region States                5 us
[0.970s][info][gc,stats    ] Concurrent Mark Roots                96 us, parallelism: 2.57x
[0.970s][info][gc,stats    ]   CMR: <total>                      247 us
[0.970s][info][gc,stats    ]   CMR: Thread Roots                 182 us, workers (us):  20,   0,  26,  32,  30,  26,  22,  27, ---, ---, ---, ---, ---, ---, ---, ---, 
[0.970s][info][gc,stats    ]   CMR: VM Strong Roots               11 us, workers (us):   4,   4,   0,   0,   0,   0,   0,   0, ---, ---, ---, ---, ---, ---, ---, ---, 
[0.970s][info][gc,stats    ]   CMR: CLDG Roots                    55 us, workers (us):   3,  47,   2,   2, ---, ---, ---, ---, ---, ---, ---, ---, ---, ---, ---, ---, 
[0.970s][info][gc,stats    ] Concurrent Marking                21985 us
[0.970s][info][gc,stats    ] Pause Final Mark (G)                180 us
[0.970s][info][gc,stats    ] Pause Final Mark (N)                154 us
[0.970s][info][gc,stats    ]   Finish Mark                        55 us
[0.970s][info][gc,stats    ]   Update Region States               12 us
[0.970s][info][gc,stats    ]   Choose Collection Set              51 us
[0.970s][info][gc,stats    ]   Rebuild Free Set                    5 us
[0.970s][info][gc,stats    ] Concurrent Thread Roots              67 us, parallelism: 3.93x
[0.970s][info][gc,stats    ]   CTR: <total>                      262 us
[0.970s][info][gc,stats    ]   CTR: Thread Roots                 262 us, workers (us):  33,  34,  30,  35,  32,  34,  32,  31, ---, ---, ---, ---, ---, ---, ---, ---, 
[0.970s][info][gc,stats    ] Concurrent Weak References           63 us, parallelism: 0.80x
[0.970s][info][gc,stats    ]   CWRF: <total>                      51 us
[0.970s][info][gc,stats    ]   CWRF: Weak References              51 us, workers (us):   3,  46,   1,   0,   0,   0,   0,   0, ---, ---, ---, ---, ---, ---, ---, ---, 
[0.970s][info][gc,stats    ] Concurrent Weak Roots               260 us
[0.970s][info][gc,stats    ]   Roots                             241 us, parallelism: 4.33x
[0.970s][info][gc,stats    ]     CWR: <total>                   1040 us
[0.970s][info][gc,stats    ]     CWR: Code Cache Roots           860 us, workers (us): 125, 120,   0,   0, 176, 131, 123, 184, ---, ---, ---, ---, ---, ---, ---, ---, 
[0.970s][info][gc,stats    ]     CWR: VM Weak Roots              152 us, workers (us):  21,  21,  20,  19,  21,  17,  17,  16, ---, ---, ---, ---, ---, ---, ---, ---, 
[0.970s][info][gc,stats    ]     CWR: CLDG Roots                  27 us, workers (us): ---, ---,   9,   6, ---,   6, ---,   6, ---, ---, ---, ---, ---, ---, ---, ---, 
[0.970s][info][gc,stats    ]   Rendezvous                         15 us
[0.970s][info][gc,stats    ] Concurrent Cleanup                   44 us
[0.970s][info][gc,stats    ] Concurrent Class Unloading          498 us
[0.970s][info][gc,stats    ]   Unlink Stale                      479 us
[0.970s][info][gc,stats    ]     System Dictionary                 3 us
[0.970s][info][gc,stats    ]     Weak Class Links                  0 us
[0.970s][info][gc,stats    ]     Code Roots                      476 us
[0.970s][info][gc,stats    ]   Rendezvous                          9 us
[0.970s][info][gc,stats    ]   Purge Unlinked                      3 us
[0.970s][info][gc,stats    ]     Code Roots                        1 us
[0.970s][info][gc,stats    ]     CLDG                              2 us
[0.970s][info][gc,stats    ]     Exception Caches                  0 us
[0.970s][info][gc,stats    ] Concurrent Strong Roots              83 us, parallelism: 1.88x
[0.970s][info][gc,stats    ]   CSR: <total>                      156 us
[0.970s][info][gc,stats    ]   CSR: VM Strong Roots                8 us, workers (us):   5,   1,   1,   0,   0,   0,   0,   0, ---, ---, ---, ---, ---, ---, ---, ---, 
[0.970s][info][gc,stats    ]   CSR: CLDG Roots                   148 us, workers (us):  18,  18,  60,  51, ---, ---, ---, ---, ---, ---, ---, ---, ---, ---, ---, ---, 
[0.970s][info][gc,stats    ] Concurrent Evacuation              1944 us
[0.970s][info][gc,stats    ] Pause Init Update Refs (G)           19 us
[0.970s][info][gc,stats    ] Pause Init Update Refs (N)            9 us
[0.970s][info][gc,stats    ]   Manage GCLABs                       2 us
[0.970s][info][gc,stats    ] Concurrent Update Refs            10343 us
[0.970s][info][gc,stats    ] Concurrent Update Thread Roots      211 us
[0.970s][info][gc,stats    ] Pause Final Update Refs (G)         133 us
[0.970s][info][gc,stats    ] Pause Final Update Refs (N)          41 us
[0.970s][info][gc,stats    ]   Update Region States                7 us
[0.970s][info][gc,stats    ]   Trash Collection Set                3 us
[0.970s][info][gc,stats    ]   Rebuild Free Set                    5 us
[0.970s][info][gc,stats    ] Concurrent Cleanup                   72 us
[0.970s][info][gc,stats    ] Pacing                           636590 us
[0.970s][info][gc,stats    ] 
[0.970s][info][gc,stats    ] Allocation pacing accrued:
[0.970s][info][gc,stats    ]      71 of    80 ms ( 88.7%): pool-1-thread-1
[0.970s][info][gc,stats    ]      71 of    80 ms ( 88.8%): pool-1-thread-2
[0.970s][info][gc,stats    ]      71 of    80 ms ( 88.7%): pool-1-thread-3
[0.970s][info][gc,stats    ]      75 of    80 ms ( 93.1%): pool-1-thread-4
[0.970s][info][gc,stats    ]      75 of    80 ms ( 93.9%): pool-1-thread-5
[0.970s][info][gc,stats    ]      75 of    80 ms ( 93.6%): pool-1-thread-6
[0.970s][info][gc,stats    ]      68 of    80 ms ( 85.2%): pool-1-thread-7
[0.970s][info][gc,stats    ]      59 of    80 ms ( 73.2%): pool-1-thread-8
[0.970s][info][gc,stats    ]      71 of    80 ms ( 88.0%): pool-1-thread-9
[0.970s][info][gc,stats    ]     637 of    80 ms (793.3%): <total>
[0.970s][info][gc,stats    ]      24 of    80 ms ( 30.5%): <average total>
[0.970s][info][gc,stats    ]      71 of    80 ms ( 88.1%): <average non-zero>
[0.970s][info][gc,stats    ] 
[0.970s][info][gc,metaspace] Metaspace: 10562K(10816K)->10562K(10816K) NonClass: 9329K(9472K)->9329K(9472K) Class: 1232K(1344K)->1232K(1344K)
[0.970s][info][gc,ergo     ] Pacer for Idle. Initial: 8192K, Alloc Tax Rate: 1.0x
[0.976s][info][gc          ] Trigger: Free (26880K) is below minimum threshold (40960K)
[0.976s][info][gc,ergo     ] Free: 25615K, Max: 256K regular, 4096K humongous, Frag: 84% external, 0% internal; Reserve: 20480K, Max: 256K
[0.976s][info][gc,start    ] GC(16) Concurrent reset
[0.976s][info][gc,task     ] GC(16) Using 8 of 16 workers for concurrent reset
[0.976s][info][gc,ergo     ] GC(16) Pacer for Reset. Non-Taxable: 400M
[0.977s][info][gc          ] GC(16) Concurrent reset 0.792ms
[0.977s][info][gc,start    ] GC(16) Pause Init Mark (unload classes)
[0.977s][info][gc,task     ] GC(16) Using 16 of 16 workers for init marking
[0.977s][info][gc,ergo     ] GC(16) Pacer for Mark. Expected Live: 140M, Free: 14592K, Non-Taxable: 1459K, Alloc Tax Rate: 12.1x
[0.977s][info][gc          ] GC(16) Pause Init Mark (unload classes) 0.028ms
[0.977s][info][gc,start    ] GC(16) Concurrent marking roots
[0.977s][info][gc,task     ] GC(16) Using 8 of 16 workers for concurrent marking roots
[0.977s][info][gc          ] GC(16) Concurrent marking roots 0.120ms
[0.977s][info][gc,start    ] GC(16) Concurrent marking (unload classes)
[0.977s][info][gc,task     ] GC(16) Using 8 of 16 workers for concurrent marking
[0.999s][info][gc          ] GC(16) Concurrent marking (unload classes) 21.965ms
[0.999s][info][gc,start    ] GC(16) Pause Final Mark (unload classes)
[0.999s][info][gc,task     ] GC(16) Using 16 of 16 workers for final marking
[0.999s][info][gc,ergo     ] GC(16) Collectable Garbage: 205M (93%), Immediate: 205M (93%), CSet: 0B (0%)
[0.999s][info][gc          ] GC(16) Pause Final Mark (unload classes) 0.109ms
[0.999s][info][gc,start    ] GC(16) Concurrent weak references
[0.999s][info][gc,task     ] GC(16) Using 8 of 16 workers for concurrent weak references
[0.999s][info][gc,ref      ] GC(16) Encountered references: Soft: 235, Weak: 926, Final: 0, Phantom: 3
[0.999s][info][gc,ref      ] GC(16) Discovered  references: Soft: 0, Weak: 486, Final: 0, Phantom: 2
[0.999s][info][gc,ref      ] GC(16) Enqueued    references: Soft: 0, Weak: 0, Final: 0, Phantom: 0
[0.999s][info][gc          ] GC(16) Concurrent weak references 0.042ms
[0.999s][info][gc,start    ] GC(16) Concurrent weak roots
[0.999s][info][gc,task     ] GC(16) Using 8 of 16 workers for concurrent weak root
[0.999s][info][gc          ] GC(16) Concurrent weak roots 0.130ms
[0.999s][info][gc,start    ] GC(16) Concurrent cleanup
[0.999s][info][gc          ] GC(16) Concurrent cleanup 378M->173M(400M) 0.042ms
[0.999s][info][gc,ergo     ] GC(16) Free: 206M, Max: 256K regular, 9216K humongous, Frag: 96% external, 0% internal; Reserve: 20480K, Max: 256K
[0.999s][info][gc,start    ] GC(16) Concurrent class unloading
[0.999s][info][gc,task     ] GC(16) Using 8 of 16 workers for concurrent class unloading
[1.000s][info][gc          ] GC(16) Concurrent class unloading 0.327ms
[1.000s][info][gc,start    ] GC(16) Pause Final Roots
[1.000s][info][gc          ] GC(16) Pause Final Roots 0.003ms
[1.000s][info][gc,ergo     ] Free: 206M, Max: 256K regular, 9216K humongous, Frag: 96% external, 0% internal; Reserve: 20480K, Max: 256K
[1.000s][info][gc,stats    ] 
[1.000s][info][gc,stats    ] All times are wall-clock times, except per-root-class counters, that are sum over
[1.000s][info][gc,stats    ] all workers. Dividing the <total> over the root stage time estimates parallelism.
[1.000s][info][gc,stats    ] 
[1.000s][info][gc,stats    ] Concurrent Reset                    817 us
[1.000s][info][gc,stats    ] Pause Init Mark (G)                 145 us
[1.000s][info][gc,stats    ] Pause Init Mark (N)                  31 us
[1.000s][info][gc,stats    ]   Update Region States                4 us
[1.000s][info][gc,stats    ] Concurrent Mark Roots               123 us, parallelism: 1.86x
[1.000s][info][gc,stats    ]   CMR: <total>                      228 us
[1.000s][info][gc,stats    ]   CMR: Thread Roots                 132 us, workers (us):  23,  23,   0,  26,  30,  22,   0,   8, ---, ---, ---, ---, ---, ---, ---, ---, 
[1.000s][info][gc,stats    ]   CMR: VM Strong Roots               21 us, workers (us):   8,   5,   4,   0,   1,   0,   1,   1, ---, ---, ---, ---, ---, ---, ---, ---, 
[1.000s][info][gc,stats    ]   CMR: CLDG Roots                    75 us, workers (us):   4,   3,  64,   4, ---, ---, ---, ---, ---, ---, ---, ---, ---, ---, ---, ---, 
[1.000s][info][gc,stats    ] Concurrent Marking                21983 us
[1.000s][info][gc,stats    ] Pause Final Mark (G)                126 us
[1.000s][info][gc,stats    ] Pause Final Mark (N)                112 us
[1.000s][info][gc,stats    ]   Finish Mark                        63 us
[1.000s][info][gc,stats    ]   Update Region States                8 us
[1.000s][info][gc,stats    ]   Choose Collection Set              17 us
[1.000s][info][gc,stats    ]   Rebuild Free Set                    5 us
[1.000s][info][gc,stats    ] Concurrent Weak References           43 us, parallelism: 0.65x
[1.000s][info][gc,stats    ]   CWRF: <total>                      28 us
[1.000s][info][gc,stats    ]   CWRF: Weak References              28 us, workers (us):  25,   2,   1,   0,   0,   1,   0,   0, ---, ---, ---, ---, ---, ---, ---, ---, 
[1.000s][info][gc,stats    ] Concurrent Weak Roots               132 us
[1.000s][info][gc,stats    ]   Roots                             122 us, parallelism: 4.96x
[1.000s][info][gc,stats    ]     CWR: <total>                    603 us
[1.000s][info][gc,stats    ]     CWR: Code Cache Roots           490 us, workers (us):   6,   4,  79,  70,  86,  89,  78,  78, ---, ---, ---, ---, ---, ---, ---, ---, 
[1.000s][info][gc,stats    ]     CWR: VM Weak Roots               98 us, workers (us):  14,  14,  14,  13,  12,  10,  11,  10, ---, ---, ---, ---, ---, ---, ---, ---, 
[1.000s][info][gc,stats    ]     CWR: CLDG Roots                  15 us, workers (us): ---,   4,   4,   4,   4, ---, ---, ---, ---, ---, ---, ---, ---, ---, ---, ---, 
[1.000s][info][gc,stats    ]   Rendezvous                          6 us
[1.000s][info][gc,stats    ] Concurrent Cleanup                   44 us
[1.000s][info][gc,stats    ] Concurrent Class Unloading          329 us
[1.000s][info][gc,stats    ]   Unlink Stale                      314 us
[1.000s][info][gc,stats    ]     System Dictionary                 2 us
[1.000s][info][gc,stats    ]     Weak Class Links                  0 us
[1.000s][info][gc,stats    ]     Code Roots                      311 us
[1.000s][info][gc,stats    ]   Rendezvous                          7 us
[1.000s][info][gc,stats    ]   Purge Unlinked                      3 us
[1.000s][info][gc,stats    ]     Code Roots                        0 us
[1.000s][info][gc,stats    ]     CLDG                              2 us
[1.000s][info][gc,stats    ]     Exception Caches                  0 us
[1.000s][info][gc,stats    ] Pause Final Roots (G)                12 us
[1.000s][info][gc,stats    ] Pause Final Roots (N)                 4 us
[1.000s][info][gc,stats    ] Pacing                           211999 us
[1.000s][info][gc,stats    ] 
[1.000s][info][gc,stats    ] Allocation pacing accrued:
[1.000s][info][gc,stats    ]      24 of    29 ms ( 81.3%): pool-1-thread-1
[1.000s][info][gc,stats    ]      24 of    29 ms ( 81.2%): pool-1-thread-2
[1.000s][info][gc,stats    ]      24 of    29 ms ( 81.0%): pool-1-thread-3
[1.000s][info][gc,stats    ]      24 of    29 ms ( 81.3%): pool-1-thread-4
[1.000s][info][gc,stats    ]      24 of    29 ms ( 81.3%): pool-1-thread-5
[1.000s][info][gc,stats    ]      24 of    29 ms ( 80.9%): pool-1-thread-6
[1.000s][info][gc,stats    ]      24 of    29 ms ( 80.3%): pool-1-thread-7
[1.000s][info][gc,stats    ]      21 of    29 ms ( 73.0%): pool-1-thread-8
[1.000s][info][gc,stats    ]      24 of    29 ms ( 80.8%): pool-1-thread-9
[1.000s][info][gc,stats    ]     212 of    29 ms (721.2%): <total>
[1.000s][info][gc,stats    ]       8 of    29 ms ( 27.7%): <average total>
[1.000s][info][gc,stats    ]      24 of    29 ms ( 80.1%): <average non-zero>
[1.000s][info][gc,stats    ] 
[1.000s][info][gc,metaspace] Metaspace: 10562K(10816K)->10562K(10816K) NonClass: 9329K(9472K)->9329K(9472K) Class: 1232K(1344K)->1232K(1344K)
[1.000s][info][gc,ergo     ] Pacer for Idle. Initial: 8192K, Alloc Tax Rate: 1.0x
[1.013s][info][gc          ] Trigger: Free (27438K) is below minimum threshold (40960K)
[1.013s][info][gc,ergo     ] Free: 24110K, Max: 256K regular, 9216K humongous, Frag: 62% external, 0% internal; Reserve: 20480K, Max: 256K
[1.013s][info][gc,start    ] GC(17) Concurrent reset
[1.013s][info][gc,task     ] GC(17) Using 8 of 16 workers for concurrent reset
[1.013s][info][gc,ergo     ] GC(17) Pacer for Reset. Non-Taxable: 400M
[1.013s][info][gc          ] GC(17) Concurrent reset 0.616ms
[1.014s][info][gc,start    ] GC(17) Pause Init Mark (unload classes)
[1.014s][info][gc,task     ] GC(17) Using 16 of 16 workers for init marking
[1.014s][info][gc,ergo     ] GC(17) Pacer for Mark. Expected Live: 140M, Free: 8192K, Non-Taxable: 819K, Alloc Tax Rate: 21.4x
[1.014s][info][gc          ] GC(17) Pause Init Mark (unload classes) 0.033ms
[1.014s][info][gc,start    ] GC(17) Concurrent marking roots
[1.014s][info][gc,task     ] GC(17) Using 8 of 16 workers for concurrent marking roots
[1.014s][info][gc          ] GC(17) Concurrent marking roots 0.104ms
[1.014s][info][gc,start    ] GC(17) Concurrent marking (unload classes)
[1.014s][info][gc,task     ] GC(17) Using 8 of 16 workers for concurrent marking
[1.038s][info][gc          ] GC(17) Concurrent marking (unload classes) 23.907ms
[1.038s][info][gc,start    ] GC(17) Pause Final Mark (unload classes)
[1.038s][info][gc,task     ] GC(17) Using 16 of 16 workers for final marking
[1.038s][info][gc,ergo     ] GC(17) Collectable Garbage: 205M (92%), Immediate: 205M (92%), CSet: 0B (0%)
[1.038s][info][gc          ] GC(17) Pause Final Mark (unload classes) 0.110ms
[1.038s][info][gc,start    ] GC(17) Concurrent weak references
[1.038s][info][gc,task     ] GC(17) Using 8 of 16 workers for concurrent weak references
[1.038s][info][gc,ref      ] GC(17) Encountered references: Soft: 235, Weak: 926, Final: 0, Phantom: 3
[1.038s][info][gc,ref      ] GC(17) Discovered  references: Soft: 0, Weak: 640, Final: 0, Phantom: 2
[1.038s][info][gc,ref      ] GC(17) Enqueued    references: Soft: 0, Weak: 0, Final: 0, Phantom: 0
[1.038s][info][gc          ] GC(17) Concurrent weak references 0.096ms
[1.038s][info][gc,start    ] GC(17) Concurrent weak roots
[1.038s][info][gc,task     ] GC(17) Using 8 of 16 workers for concurrent weak root
[1.038s][info][gc          ] GC(17) Concurrent weak roots 0.229ms
[1.038s][info][gc,start    ] GC(17) Concurrent cleanup
[1.038s][info][gc          ] GC(17) Concurrent cleanup 377M->171M(400M) 0.044ms
[1.038s][info][gc,ergo     ] GC(17) Free: 208M, Max: 256K regular, 8448K humongous, Frag: 97% external, 0% internal; Reserve: 20480K, Max: 256K
[1.038s][info][gc,start    ] GC(17) Concurrent class unloading
[1.038s][info][gc,task     ] GC(17) Using 8 of 16 workers for concurrent class unloading
[1.039s][info][gc          ] GC(17) Concurrent class unloading 0.310ms
[1.039s][info][gc,start    ] GC(17) Pause Final Roots
[1.039s][info][gc          ] GC(17) Pause Final Roots 0.002ms
[1.039s][info][gc,ergo     ] Free: 208M, Max: 256K regular, 8448K humongous, Frag: 97% external, 0% internal; Reserve: 20480K, Max: 256K
[1.039s][info][gc,stats    ] 
[1.039s][info][gc,stats    ] All times are wall-clock times, except per-root-class counters, that are sum over
[1.039s][info][gc,stats    ] all workers. Dividing the <total> over the root stage time estimates parallelism.
[1.039s][info][gc,stats    ] 
[1.039s][info][gc,stats    ] Concurrent Reset                    646 us
[1.039s][info][gc,stats    ] Pause Init Mark (G)                 185 us
[1.039s][info][gc,stats    ] Pause Init Mark (N)                  36 us
[1.039s][info][gc,stats    ]   Update Region States                8 us
[1.039s][info][gc,stats    ] Concurrent Mark Roots               106 us, parallelism: 1.68x
[1.039s][info][gc,stats    ]   CMR: <total>                      178 us
[1.039s][info][gc,stats    ]   CMR: Thread Roots                 113 us, workers (us):   0,  18,  17,  16,  21,  16,  15,  10, ---, ---, ---, ---, ---, ---, ---, ---, 
[1.039s][info][gc,stats    ]   CMR: VM Strong Roots               11 us, workers (us):   3,   3,   2,   0,   1,   1,   0,   0, ---, ---, ---, ---, ---, ---, ---, ---, 
[1.039s][info][gc,stats    ]   CMR: CLDG Roots                    54 us, workers (us):  46,   3,   3,   3, ---, ---, ---, ---, ---, ---, ---, ---, ---, ---, ---, ---, 
[1.039s][info][gc,stats    ] Concurrent Marking                23949 us
[1.039s][info][gc,stats    ] Pause Final Mark (G)                132 us
[1.039s][info][gc,stats    ] Pause Final Mark (N)                112 us
[1.039s][info][gc,stats    ]   Finish Mark                        63 us
[1.039s][info][gc,stats    ]   Update Region States                9 us
[1.039s][info][gc,stats    ]   Choose Collection Set              18 us
[1.039s][info][gc,stats    ]   Rebuild Free Set                    4 us
[1.039s][info][gc,stats    ] Concurrent Weak References           98 us, parallelism: 0.70x
[1.039s][info][gc,stats    ]   CWRF: <total>                      68 us
[1.039s][info][gc,stats    ]   CWRF: Weak References              68 us, workers (us):  65,   2,   0,   0,   0,   0,   0,   0, ---, ---, ---, ---, ---, ---, ---, ---, 
[1.039s][info][gc,stats    ] Concurrent Weak Roots               231 us
[1.039s][info][gc,stats    ]   Roots                             216 us, parallelism: 4.68x
[1.039s][info][gc,stats    ]     CWR: <total>                   1012 us
[1.039s][info][gc,stats    ]     CWR: Code Cache Roots           870 us, workers (us):  87, 161,   1, 166, 167,   1, 117, 172, ---, ---, ---, ---, ---, ---, ---, ---, 
[1.039s][info][gc,stats    ]     CWR: VM Weak Roots              128 us, workers (us):  17,  18,  16,  17,  15,  15,  16,  15, ---, ---, ---, ---, ---, ---, ---, ---, 
[1.039s][info][gc,stats    ]     CWR: CLDG Roots                  14 us, workers (us):   3, ---,   3, ---, ---,   4, ---,   4, ---, ---, ---, ---, ---, ---, ---, ---, 
[1.039s][info][gc,stats    ]   Rendezvous                         10 us
[1.039s][info][gc,stats    ] Concurrent Cleanup                   46 us
[1.039s][info][gc,stats    ] Concurrent Class Unloading          312 us
[1.039s][info][gc,stats    ]   Unlink Stale                      297 us
[1.039s][info][gc,stats    ]     System Dictionary                 2 us
[1.039s][info][gc,stats    ]     Weak Class Links                  1 us
[1.039s][info][gc,stats    ]     Code Roots                      295 us
[1.039s][info][gc,stats    ]   Rendezvous                          6 us
[1.039s][info][gc,stats    ]   Purge Unlinked                      3 us
[1.039s][info][gc,stats    ]     Code Roots                        0 us
[1.039s][info][gc,stats    ]     CLDG                              2 us
[1.039s][info][gc,stats    ]     Exception Caches                  0 us
[1.039s][info][gc,stats    ] Pause Final Roots (G)                12 us
[1.039s][info][gc,stats    ] Pause Final Roots (N)                 4 us
[1.039s][info][gc,stats    ] Pacing                           248478 us
[1.039s][info][gc,stats    ] 
[1.039s][info][gc,stats    ] Allocation pacing accrued:
[1.039s][info][gc,stats    ]      28 of    39 ms ( 71.1%): pool-1-thread-1
[1.039s][info][gc,stats    ]      28 of    39 ms ( 70.9%): pool-1-thread-2
[1.039s][info][gc,stats    ]      28 of    39 ms ( 71.1%): pool-1-thread-3
[1.039s][info][gc,stats    ]      28 of    39 ms ( 71.0%): pool-1-thread-4
[1.039s][info][gc,stats    ]      28 of    39 ms ( 70.9%): pool-1-thread-5
[1.039s][info][gc,stats    ]      28 of    39 ms ( 71.0%): pool-1-thread-6
[1.039s][info][gc,stats    ]      28 of    39 ms ( 70.8%): pool-1-thread-7
[1.039s][info][gc,stats    ]      28 of    39 ms ( 70.8%): pool-1-thread-8
[1.039s][info][gc,stats    ]      27 of    39 ms ( 70.3%): pool-1-thread-9
[1.039s][info][gc,stats    ]     248 of    39 ms (637.9%): <total>
[1.039s][info][gc,stats    ]      10 of    39 ms ( 24.5%): <average total>
[1.039s][info][gc,stats    ]      28 of    39 ms ( 70.9%): <average non-zero>
[1.039s][info][gc,stats    ] 
[1.039s][info][gc,metaspace] Metaspace: 10562K(10816K)->10562K(10816K) NonClass: 9329K(9472K)->9329K(9472K) Class: 1232K(1344K)->1232K(1344K)
[1.039s][info][gc,ergo     ] Pacer for Idle. Initial: 8192K, Alloc Tax Rate: 1.0x
[1.050s][info][gc          ] Trigger: Free (26173K) is below minimum threshold (40960K)
[1.050s][info][gc,ergo     ] Free: 25149K, Max: 256K regular, 3584K humongous, Frag: 86% external, 0% internal; Reserve: 20480K, Max: 256K
[1.050s][info][gc,start    ] GC(18) Concurrent reset
[1.050s][info][gc,task     ] GC(18) Using 8 of 16 workers for concurrent reset
[1.050s][info][gc,ergo     ] GC(18) Pacer for Reset. Non-Taxable: 400M
[1.051s][info][gc          ] GC(18) Concurrent reset 0.687ms
[1.051s][info][gc,start    ] GC(18) Pause Init Mark (unload classes)
[1.051s][info][gc,task     ] GC(18) Using 16 of 16 workers for init marking
[1.051s][info][gc,ergo     ] GC(18) Pacer for Mark. Expected Live: 139M, Free: 10301K, Non-Taxable: 1030K, Alloc Tax Rate: 16.9x
[1.051s][info][gc          ] GC(18) Pause Init Mark (unload classes) 0.021ms
[1.051s][info][gc,start    ] GC(18) Concurrent marking roots
[1.051s][info][gc,task     ] GC(18) Using 8 of 16 workers for concurrent marking roots
[1.051s][info][gc          ] GC(18) Concurrent marking roots 0.070ms
[1.051s][info][gc,start    ] GC(18) Concurrent marking (unload classes)
[1.051s][info][gc,task     ] GC(18) Using 8 of 16 workers for concurrent marking
[1.072s][info][gc          ] GC(18) Concurrent marking (unload classes) 20.623ms
[1.072s][info][gc,start    ] GC(18) Pause Final Mark (unload classes)
[1.072s][info][gc,task     ] GC(18) Using 16 of 16 workers for final marking
[1.072s][info][gc,ergo     ] GC(18) Collectable Garbage: 234M (95%), Immediate: 234M (95%), CSet: 0B (0%)
[1.072s][info][gc          ] GC(18) Pause Final Mark (unload classes) 0.108ms
[1.072s][info][gc,start    ] GC(18) Concurrent weak references
[1.072s][info][gc,task     ] GC(18) Using 8 of 16 workers for concurrent weak references
[1.072s][info][gc,ref      ] GC(18) Encountered references: Soft: 235, Weak: 926, Final: 0, Phantom: 3
[1.072s][info][gc,ref      ] GC(18) Discovered  references: Soft: 0, Weak: 504, Final: 0, Phantom: 2
[1.072s][info][gc,ref      ] GC(18) Enqueued    references: Soft: 0, Weak: 0, Final: 0, Phantom: 0
[1.072s][info][gc          ] GC(18) Concurrent weak references 0.065ms
[1.072s][info][gc,start    ] GC(18) Concurrent weak roots
[1.072s][info][gc,task     ] GC(18) Using 8 of 16 workers for concurrent weak root
[1.072s][info][gc          ] GC(18) Concurrent weak roots 0.191ms
[1.072s][info][gc,start    ] GC(18) Concurrent cleanup
[1.072s][info][gc          ] GC(18) Concurrent cleanup 372M->138M(400M) 0.044ms
[1.072s][info][gc,ergo     ] GC(18) Free: 241M, Max: 256K regular, 21504K humongous, Frag: 92% external, 0% internal; Reserve: 20480K, Max: 256K
[1.072s][info][gc,start    ] GC(18) Concurrent class unloading
[1.072s][info][gc,task     ] GC(18) Using 8 of 16 workers for concurrent class unloading
[1.073s][info][gc          ] GC(18) Concurrent class unloading 0.372ms
[1.073s][info][gc,start    ] GC(18) Pause Final Roots
[1.073s][info][gc          ] GC(18) Pause Final Roots 0.002ms
[1.073s][info][gc,ergo     ] Free: 241M, Max: 256K regular, 21504K humongous, Frag: 92% external, 0% internal; Reserve: 20480K, Max: 256K
[1.073s][info][gc,stats    ] 
[1.073s][info][gc,stats    ] All times are wall-clock times, except per-root-class counters, that are sum over
[1.073s][info][gc,stats    ] all workers. Dividing the <total> over the root stage time estimates parallelism.
[1.073s][info][gc,stats    ] 
[1.073s][info][gc,stats    ] Concurrent Reset                    708 us
[1.073s][info][gc,stats    ] Pause Init Mark (G)                 119 us
[1.073s][info][gc,stats    ] Pause Init Mark (N)                  23 us
[1.073s][info][gc,stats    ]   Update Region States                6 us
[1.073s][info][gc,stats    ] Concurrent Mark Roots                76 us, parallelism: 2.55x
[1.073s][info][gc,stats    ]   CMR: <total>                      194 us
[1.073s][info][gc,stats    ]   CMR: Thread Roots                 140 us, workers (us):  26,   0,  27,  23,  21,  15,  14,  14, ---, ---, ---, ---, ---, ---, ---, ---, 
[1.073s][info][gc,stats    ]   CMR: VM Strong Roots               11 us, workers (us):   6,   2,   2,   0,   0,   0,   1,   1, ---, ---, ---, ---, ---, ---, ---, ---, 
[1.073s][info][gc,stats    ]   CMR: CLDG Roots                    44 us, workers (us):   2,  41,   1, ---, ---, ---, ---, ---, ---, ---, ---, ---, ---, ---, ---, ---, 
[1.073s][info][gc,stats    ] Concurrent Marking                20668 us
[1.073s][info][gc,stats    ] Pause Final Mark (G)                133 us
[1.073s][info][gc,stats    ] Pause Final Mark (N)                111 us
[1.073s][info][gc,stats    ]   Finish Mark                        50 us
[1.073s][info][gc,stats    ]   Update Region States               12 us
[1.073s][info][gc,stats    ]   Choose Collection Set              18 us
[1.073s][info][gc,stats    ]   Rebuild Free Set                    5 us
[1.073s][info][gc,stats    ] Concurrent Weak References           67 us, parallelism: 0.74x
[1.073s][info][gc,stats    ]   CWRF: <total>                      49 us
[1.073s][info][gc,stats    ]   CWRF: Weak References              49 us, workers (us):   2,   2,  41,   1,   1,   1,   0,   0, ---, ---, ---, ---, ---, ---, ---, ---, 
[1.073s][info][gc,stats    ] Concurrent Weak Roots               193 us
[1.073s][info][gc,stats    ]   Roots                             180 us, parallelism: 4.81x
[1.073s][info][gc,stats    ]     CWR: <total>                    863 us
[1.073s][info][gc,stats    ]     CWR: Code Cache Roots           718 us, workers (us): 112,   7, 107, 119,   6, 111, 130, 126, ---, ---, ---, ---, ---, ---, ---, ---, 
[1.073s][info][gc,stats    ]     CWR: VM Weak Roots              128 us, workers (us):  17,  17,  17,  16,  16,  16,  15,  15, ---, ---, ---, ---, ---, ---, ---, ---, 
[1.073s][info][gc,stats    ]     CWR: CLDG Roots                  17 us, workers (us): ---, ---,   4,   4, ---, ---,   4,   4, ---, ---, ---, ---, ---, ---, ---, ---, 
[1.073s][info][gc,stats    ]   Rendezvous                          9 us
[1.073s][info][gc,stats    ] Concurrent Cleanup                   46 us
[1.073s][info][gc,stats    ] Concurrent Class Unloading          374 us
[1.073s][info][gc,stats    ]   Unlink Stale                      356 us
[1.073s][info][gc,stats    ]     System Dictionary                 2 us
[1.073s][info][gc,stats    ]     Weak Class Links                  0 us
[1.073s][info][gc,stats    ]     Code Roots                      353 us
[1.073s][info][gc,stats    ]   Rendezvous                          8 us
[1.073s][info][gc,stats    ]   Purge Unlinked                      3 us
[1.073s][info][gc,stats    ]     Code Roots                        1 us
[1.073s][info][gc,stats    ]     CLDG                              2 us
[1.073s][info][gc,stats    ]     Exception Caches                  0 us
[1.073s][info][gc,stats    ] Pause Final Roots (G)                12 us
[1.073s][info][gc,stats    ] Pause Final Roots (N)                 4 us
[1.073s][info][gc,stats    ] Pacing                           164348 us
[1.073s][info][gc,stats    ] 
[1.073s][info][gc,stats    ] Allocation pacing accrued:
[1.073s][info][gc,stats    ]      18 of    34 ms ( 53.8%): pool-1-thread-1
[1.073s][info][gc,stats    ]      18 of    34 ms ( 54.0%): pool-1-thread-2
[1.073s][info][gc,stats    ]      18 of    34 ms ( 53.8%): pool-1-thread-3
[1.073s][info][gc,stats    ]      18 of    34 ms ( 53.7%): pool-1-thread-4
[1.073s][info][gc,stats    ]      18 of    34 ms ( 54.1%): pool-1-thread-5
[1.073s][info][gc,stats    ]      18 of    34 ms ( 53.6%): pool-1-thread-6
[1.073s][info][gc,stats    ]      18 of    34 ms ( 53.9%): pool-1-thread-7
[1.073s][info][gc,stats    ]      18 of    34 ms ( 53.4%): pool-1-thread-8
[1.073s][info][gc,stats    ]      17 of    34 ms ( 50.4%): pool-1-thread-9
[1.073s][info][gc,stats    ]     164 of    34 ms (480.7%): <total>
[1.073s][info][gc,stats    ]       6 of    34 ms ( 18.5%): <average total>
[1.073s][info][gc,stats    ]      18 of    34 ms ( 53.4%): <average non-zero>
[1.073s][info][gc,stats    ] 
[1.073s][info][gc,metaspace] Metaspace: 10562K(10816K)->10562K(10816K) NonClass: 9329K(9472K)->9329K(9472K) Class: 1232K(1344K)->1232K(1344K)
[1.073s][info][gc,ergo     ] Pacer for Idle. Initial: 8192K, Alloc Tax Rate: 1.0x
[1.095s][info][gc          ] Trigger: Free (15104K) is below minimum threshold (40960K)
[1.095s][info][gc,ergo     ] Free: 12288K, Max: 256K regular, 12288K humongous, Frag: 0% external, 0% internal; Reserve: 20480K, Max: 256K
[1.095s][info][gc,start    ] GC(19) Concurrent reset
[1.095s][info][gc,task     ] GC(19) Using 8 of 16 workers for concurrent reset
[1.095s][info][gc,ergo     ] GC(19) Pacer for Reset. Non-Taxable: 400M
[1.096s][info][gc          ] GC(19) Concurrent reset 0.369ms
[1.096s][info][gc,start    ] GC(19) Pause Init Mark (unload classes)
[1.096s][info][gc,task     ] GC(19) Using 16 of 16 workers for init marking
[1.096s][info][gc,ergo     ] GC(19) Pacer for Mark. Expected Live: 133M, Free: 5888K, Non-Taxable: 588K, Alloc Tax Rate: 28.5x
[1.096s][info][gc          ] GC(19) Pause Init Mark (unload classes) 0.029ms
[1.096s][info][gc,start    ] GC(19) Concurrent marking roots
[1.096s][info][gc,task     ] GC(19) Using 8 of 16 workers for concurrent marking roots
[1.096s][info][gc          ] GC(19) Concurrent marking roots 0.104ms
[1.096s][info][gc,start    ] GC(19) Concurrent marking (unload classes)
[1.096s][info][gc,task     ] GC(19) Using 8 of 16 workers for concurrent marking
[1.119s][info][gc          ] GC(19) Concurrent marking (unload classes) 22.939ms
[1.119s][info][gc,start    ] GC(19) Pause Final Mark (unload classes)
[1.119s][info][gc,task     ] GC(19) Using 16 of 16 workers for final marking
[1.119s][info][gc,ergo     ] GC(19) Collectable Garbage: 216M (95%), Immediate: 216M (95%), CSet: 0B (0%)
[1.119s][info][gc          ] GC(19) Pause Final Mark (unload classes) 0.096ms
[1.119s][info][gc,start    ] GC(19) Concurrent weak references
[1.119s][info][gc,task     ] GC(19) Using 8 of 16 workers for concurrent weak references
[1.119s][info][gc,ref      ] GC(19) Encountered references: Soft: 235, Weak: 926, Final: 0, Phantom: 3
[1.119s][info][gc,ref      ] GC(19) Discovered  references: Soft: 0, Weak: 442, Final: 0, Phantom: 1
[1.119s][info][gc,ref      ] GC(19) Enqueued    references: Soft: 0, Weak: 0, Final: 0, Phantom: 0
[1.119s][info][gc          ] GC(19) Concurrent weak references 0.051ms
[1.119s][info][gc,start    ] GC(19) Concurrent weak roots
[1.119s][info][gc,task     ] GC(19) Using 8 of 16 workers for concurrent weak root
[1.119s][info][gc          ] GC(19) Concurrent weak roots 0.197ms
[1.119s][info][gc,start    ] GC(19) Concurrent cleanup
[1.119s][info][gc          ] GC(19) Concurrent cleanup 379M->162M(400M) 0.042ms
[1.119s][info][gc,ergo     ] GC(19) Free: 217M, Max: 256K regular, 2816K humongous, Frag: 99% external, 0% internal; Reserve: 20480K, Max: 256K
[1.119s][info][gc,start    ] GC(19) Concurrent class unloading
[1.119s][info][gc,task     ] GC(19) Using 8 of 16 workers for concurrent class unloading
[1.120s][info][gc          ] GC(19) Concurrent class unloading 0.432ms
[1.120s][info][gc,start    ] GC(19) Pause Final Roots
[1.120s][info][gc          ] GC(19) Pause Final Roots 0.004ms
[1.120s][info][gc,ergo     ] Free: 217M, Max: 256K regular, 2816K humongous, Frag: 99% external, 0% internal; Reserve: 20480K, Max: 256K
[1.120s][info][gc,stats    ] 
[1.120s][info][gc,stats    ] All times are wall-clock times, except per-root-class counters, that are sum over
[1.120s][info][gc,stats    ] all workers. Dividing the <total> over the root stage time estimates parallelism.
[1.120s][info][gc,stats    ] 
[1.120s][info][gc,stats    ] Concurrent Reset                    374 us
[1.120s][info][gc,stats    ] Pause Init Mark (G)                 136 us
[1.120s][info][gc,stats    ] Pause Init Mark (N)                  31 us
[1.120s][info][gc,stats    ]   Update Region States                4 us
[1.120s][info][gc,stats    ] Concurrent Mark Roots               107 us, parallelism: 2.96x
[1.120s][info][gc,stats    ]   CMR: <total>                      315 us
[1.120s][info][gc,stats    ]   CMR: Thread Roots                 252 us, workers (us):  52,  25,  25,  30,   0,  39,  35,  46, ---, ---, ---, ---, ---, ---, ---, ---, 
[1.120s][info][gc,stats    ]   CMR: VM Strong Roots               10 us, workers (us):   3,   3,   2,   0,   1,   0,   0,   0, ---, ---, ---, ---, ---, ---, ---, ---, 
[1.120s][info][gc,stats    ]   CMR: CLDG Roots                    54 us, workers (us):   4,   4, ---,   4,  42, ---, ---, ---, ---, ---, ---, ---, ---, ---, ---, ---, 
[1.120s][info][gc,stats    ] Concurrent Marking                22990 us
[1.120s][info][gc,stats    ] Pause Final Mark (G)                122 us
[1.120s][info][gc,stats    ] Pause Final Mark (N)                 99 us
[1.120s][info][gc,stats    ]   Finish Mark                        43 us
[1.120s][info][gc,stats    ]   Update Region States               12 us
[1.120s][info][gc,stats    ]   Choose Collection Set              17 us
[1.120s][info][gc,stats    ]   Rebuild Free Set                    5 us
[1.120s][info][gc,stats    ] Concurrent Weak References           52 us, parallelism: 0.80x
[1.120s][info][gc,stats    ]   CWRF: <total>                      41 us
[1.120s][info][gc,stats    ]   CWRF: Weak References              41 us, workers (us):   4,   2,  34,   1,   0,   0,   0,   0, ---, ---, ---, ---, ---, ---, ---, ---, 
[1.120s][info][gc,stats    ] Concurrent Weak Roots               199 us
[1.120s][info][gc,stats    ]   Roots                             183 us, parallelism: 4.77x
[1.120s][info][gc,stats    ]     CWR: <total>                    873 us
[1.120s][info][gc,stats    ]     CWR: Code Cache Roots           727 us, workers (us): 110, 119, 127,   6, 113, 133, 113,   7, ---, ---, ---, ---, ---, ---, ---, ---, 
[1.120s][info][gc,stats    ]     CWR: VM Weak Roots              129 us, workers (us):  18,  17,  16,  17,  16,  15,  16,  15, ---, ---, ---, ---, ---, ---, ---, ---, 
[1.120s][info][gc,stats    ]     CWR: CLDG Roots                  17 us, workers (us): ---,   5,   4, ---, ---,   4,   4, ---, ---, ---, ---, ---, ---, ---, ---, ---, 
[1.120s][info][gc,stats    ]   Rendezvous                         11 us
[1.120s][info][gc,stats    ] Concurrent Cleanup                   44 us
[1.120s][info][gc,stats    ] Concurrent Class Unloading          435 us
[1.120s][info][gc,stats    ]   Unlink Stale                      414 us
[1.120s][info][gc,stats    ]     System Dictionary                 2 us
[1.120s][info][gc,stats    ]     Weak Class Links                  0 us
[1.120s][info][gc,stats    ]     Code Roots                      411 us
[1.120s][info][gc,stats    ]   Rendezvous                          9 us
[1.120s][info][gc,stats    ]   Purge Unlinked                      5 us
[1.120s][info][gc,stats    ]     Code Roots                        1 us
[1.120s][info][gc,stats    ]     CLDG                              3 us
[1.120s][info][gc,stats    ]     Exception Caches                  0 us
[1.120s][info][gc,stats    ] Pause Final Roots (G)                14 us
[1.120s][info][gc,stats    ] Pause Final Roots (N)                 5 us
[1.120s][info][gc,stats    ] Pacing                           388462 us
[1.120s][info][gc,stats    ] 
[1.120s][info][gc,stats    ] Allocation pacing accrued:
[1.120s][info][gc,stats    ]      43 of    47 ms ( 92.0%): pool-1-thread-1
[1.120s][info][gc,stats    ]      43 of    47 ms ( 92.1%): pool-1-thread-2
[1.120s][info][gc,stats    ]      43 of    47 ms ( 90.9%): pool-1-thread-3
[1.120s][info][gc,stats    ]      43 of    47 ms ( 92.0%): pool-1-thread-4
[1.120s][info][gc,stats    ]      43 of    47 ms ( 92.2%): pool-1-thread-5
[1.120s][info][gc,stats    ]      43 of    47 ms ( 90.9%): pool-1-thread-6
[1.120s][info][gc,stats    ]      43 of    47 ms ( 91.0%): pool-1-thread-7
[1.120s][info][gc,stats    ]      43 of    47 ms ( 92.1%): pool-1-thread-8
[1.120s][info][gc,stats    ]      43 of    47 ms ( 90.9%): pool-1-thread-9
[1.120s][info][gc,stats    ]     388 of    47 ms (824.0%): <total>
[1.120s][info][gc,stats    ]      15 of    47 ms ( 31.7%): <average total>
[1.120s][info][gc,stats    ]      43 of    47 ms ( 91.6%): <average non-zero>
[1.120s][info][gc,stats    ] 
[1.120s][info][gc,metaspace] Metaspace: 10562K(10816K)->10562K(10816K) NonClass: 9329K(9472K)->9329K(9472K) Class: 1232K(1344K)->1232K(1344K)
[1.120s][info][gc,ergo     ] Pacer for Idle. Initial: 8192K, Alloc Tax Rate: 1.0x
[1.139s][info][gc          ] Trigger: Free (28928K) is below minimum threshold (40960K)
[1.139s][info][gc,ergo     ] Free: 26368K, Max: 256K regular, 2560K humongous, Frag: 91% external, 0% internal; Reserve: 20480K, Max: 256K
[1.139s][info][gc,start    ] GC(20) Concurrent reset
[1.139s][info][gc,task     ] GC(20) Using 8 of 16 workers for concurrent reset
[1.139s][info][gc,ergo     ] GC(20) Pacer for Reset. Non-Taxable: 400M
[1.141s][info][gc          ] GC(20) Concurrent reset 1.266ms
[1.141s][info][gc,start    ] GC(20) Pause Init Mark (unload classes)
[1.141s][info][gc,task     ] GC(20) Using 16 of 16 workers for init marking
[1.141s][info][gc,ergo     ] GC(20) Pacer for Mark. Expected Live: 140M, Free: 6656K, Non-Taxable: 665K, Alloc Tax Rate: 26.4x
[1.141s][info][gc          ] GC(20) Pause Init Mark (unload classes) 0.026ms
[1.141s][info][gc,start    ] GC(20) Concurrent marking roots
[1.141s][info][gc,task     ] GC(20) Using 8 of 16 workers for concurrent marking roots
[1.141s][info][gc          ] GC(20) Concurrent marking roots 0.153ms
[1.141s][info][gc,start    ] GC(20) Concurrent marking (unload classes)
[1.141s][info][gc,task     ] GC(20) Using 8 of 16 workers for concurrent marking
[1.165s][info][gc          ] GC(20) Concurrent marking (unload classes) 23.487ms
[1.165s][info][gc,start    ] GC(20) Pause Final Mark (unload classes)
[1.165s][info][gc,task     ] GC(20) Using 16 of 16 workers for final marking
[1.165s][info][gc,ergo     ] GC(20) Collectable Garbage: 219M (98%), Immediate: 219M (98%), CSet: 0B (0%)
[1.165s][info][gc          ] GC(20) Pause Final Mark (unload classes) 0.080ms
[1.165s][info][gc,start    ] GC(20) Concurrent weak references
[1.165s][info][gc,task     ] GC(20) Using 8 of 16 workers for concurrent weak references
[1.165s][info][gc,ref      ] GC(20) Encountered references: Soft: 235, Weak: 926, Final: 0, Phantom: 3
[1.165s][info][gc,ref      ] GC(20) Discovered  references: Soft: 0, Weak: 574, Final: 0, Phantom: 1
[1.165s][info][gc,ref      ] GC(20) Enqueued    references: Soft: 0, Weak: 0, Final: 0, Phantom: 0
[1.165s][info][gc          ] GC(20) Concurrent weak references 0.046ms
[1.165s][info][gc,start    ] GC(20) Concurrent weak roots
[1.165s][info][gc,task     ] GC(20) Using 8 of 16 workers for concurrent weak root
[1.165s][info][gc          ] GC(20) Concurrent weak roots 0.115ms
[1.165s][info][gc,start    ] GC(20) Concurrent cleanup
[1.165s][info][gc          ] GC(20) Concurrent cleanup 377M->157M(400M) 0.042ms
[1.165s][info][gc,ergo     ] GC(20) Free: 222M, Max: 256K regular, 64000K humongous, Frag: 72% external, 0% internal; Reserve: 20480K, Max: 256K
[1.165s][info][gc,start    ] GC(20) Concurrent class unloading
[1.165s][info][gc,task     ] GC(20) Using 8 of 16 workers for concurrent class unloading
[1.165s][info][gc          ] GC(20) Concurrent class unloading 0.272ms
[1.165s][info][gc,start    ] GC(20) Pause Final Roots
[1.165s][info][gc          ] GC(20) Pause Final Roots 0.003ms
[1.165s][info][gc,ergo     ] Free: 222M, Max: 256K regular, 64000K humongous, Frag: 72% external, 0% internal; Reserve: 20480K, Max: 256K
[1.165s][info][gc,stats    ] 
[1.165s][info][gc,stats    ] All times are wall-clock times, except per-root-class counters, that are sum over
[1.165s][info][gc,stats    ] all workers. Dividing the <total> over the root stage time estimates parallelism.
[1.165s][info][gc,stats    ] 
[1.165s][info][gc,stats    ] Concurrent Reset                   1293 us
[1.165s][info][gc,stats    ] Pause Init Mark (G)                 212 us
[1.165s][info][gc,stats    ] Pause Init Mark (N)                  29 us
[1.165s][info][gc,stats    ]   Update Region States                3 us
[1.165s][info][gc,stats    ] Concurrent Mark Roots               175 us, parallelism: 1.19x
[1.165s][info][gc,stats    ]   CMR: <total>                      208 us
[1.165s][info][gc,stats    ]   CMR: Thread Roots                 141 us, workers (us):   0,  16,  14,  27,  38,  15,  30,   0, ---, ---, ---, ---, ---, ---, ---, ---, 
[1.165s][info][gc,stats    ]   CMR: VM Strong Roots               15 us, workers (us):   3,   3,   3,   3,   1,   0,   0,   0, ---, ---, ---, ---, ---, ---, ---, ---, 
[1.165s][info][gc,stats    ]   CMR: CLDG Roots                    53 us, workers (us):  46,   2,   2, ---,   2, ---, ---, ---, ---, ---, ---, ---, ---, ---, ---, ---, 
[1.165s][info][gc,stats    ] Concurrent Marking                23516 us
[1.165s][info][gc,stats    ] Pause Final Mark (G)                 98 us
[1.165s][info][gc,stats    ] Pause Final Mark (N)                 82 us
[1.165s][info][gc,stats    ]   Finish Mark                        39 us
[1.165s][info][gc,stats    ]   Update Region States                7 us
[1.165s][info][gc,stats    ]   Choose Collection Set              13 us
[1.165s][info][gc,stats    ]   Rebuild Free Set                    4 us
[1.165s][info][gc,stats    ] Concurrent Weak References           47 us, parallelism: 0.64x
[1.165s][info][gc,stats    ]   CWRF: <total>                      30 us
[1.165s][info][gc,stats    ]   CWRF: Weak References              30 us, workers (us):  28,   2,   0,   0,   0,   0,   0,   0, ---, ---, ---, ---, ---, ---, ---, ---, 
[1.165s][info][gc,stats    ] Concurrent Weak Roots               117 us
[1.165s][info][gc,stats    ]   Roots                             105 us, parallelism: 4.67x
[1.165s][info][gc,stats    ]     CWR: <total>                    489 us
[1.165s][info][gc,stats    ]     CWR: Code Cache Roots           391 us, workers (us):  70,  58,  57,  64,  64,   4,  72,   2, ---, ---, ---, ---, ---, ---, ---, ---, 
[1.165s][info][gc,stats    ]     CWR: VM Weak Roots               89 us, workers (us):  12,  12,  12,  11,  11,  12,  10,  10, ---, ---, ---, ---, ---, ---, ---, ---, 
[1.165s][info][gc,stats    ]     CWR: CLDG Roots                  10 us, workers (us): ---, ---, ---,   3,   3, ---,   2,   3, ---, ---, ---, ---, ---, ---, ---, ---, 
[1.165s][info][gc,stats    ]   Rendezvous                          8 us
[1.165s][info][gc,stats    ] Concurrent Cleanup                   44 us
[1.165s][info][gc,stats    ] Concurrent Class Unloading          275 us
[1.165s][info][gc,stats    ]   Unlink Stale                      254 us
[1.165s][info][gc,stats    ]     System Dictionary                 2 us
[1.165s][info][gc,stats    ]     Weak Class Links                  0 us
[1.165s][info][gc,stats    ]     Code Roots                      252 us
[1.165s][info][gc,stats    ]   Rendezvous                          6 us
[1.165s][info][gc,stats    ]   Purge Unlinked                      8 us
[1.165s][info][gc,stats    ]     Code Roots                        6 us
[1.165s][info][gc,stats    ]     CLDG                              2 us
[1.165s][info][gc,stats    ]     Exception Caches                  0 us
[1.165s][info][gc,stats    ] Pause Final Roots (G)                17 us
[1.165s][info][gc,stats    ] Pause Final Roots (N)                 5 us
[1.165s][info][gc,stats    ] Pacing                           318112 us
[1.165s][info][gc,stats    ] 
[1.165s][info][gc,stats    ] Allocation pacing accrued:
[1.165s][info][gc,stats    ]      37 of    45 ms ( 82.8%): pool-1-thread-1
[1.165s][info][gc,stats    ]      38 of    45 ms ( 82.9%): pool-1-thread-2
[1.165s][info][gc,stats    ]      37 of    45 ms ( 82.8%): pool-1-thread-3
[1.165s][info][gc,stats    ]      38 of    45 ms ( 82.9%): pool-1-thread-4
[1.165s][info][gc,stats    ]      37 of    45 ms ( 82.6%): pool-1-thread-5
[1.165s][info][gc,stats    ]      37 of    45 ms ( 82.6%): pool-1-thread-6
[1.165s][info][gc,stats    ]      37 of    45 ms ( 82.3%): pool-1-thread-7
[1.165s][info][gc,stats    ]      26 of    45 ms ( 58.3%): pool-1-thread-8
[1.165s][info][gc,stats    ]      30 of    45 ms ( 65.8%): pool-1-thread-9
[1.165s][info][gc,stats    ]     318 of    45 ms (703.1%): <total>
[1.165s][info][gc,stats    ]      12 of    45 ms ( 27.0%): <average total>
[1.165s][info][gc,stats    ]      35 of    45 ms ( 78.1%): <average non-zero>
[1.165s][info][gc,stats    ] 
[1.165s][info][gc,metaspace] Metaspace: 10562K(10816K)->10562K(10816K) NonClass: 9329K(9472K)->9329K(9472K) Class: 1232K(1344K)->1232K(1344K)
[1.165s][info][gc,ergo     ] Pacer for Idle. Initial: 8192K, Alloc Tax Rate: 1.0x
[1.181s][info][gc          ] Trigger: Free (30464K) is below minimum threshold (40960K)
[1.181s][info][gc,ergo     ] Free: 28190K, Max: 256K regular, 6656K humongous, Frag: 77% external, 0% internal; Reserve: 20480K, Max: 256K
[1.181s][info][gc,start    ] GC(21) Concurrent reset
[1.181s][info][gc,task     ] GC(21) Using 8 of 16 workers for concurrent reset
[1.181s][info][gc,ergo     ] GC(21) Pacer for Reset. Non-Taxable: 400M
[1.182s][info][gc          ] GC(21) Concurrent reset 0.677ms
[1.182s][info][gc,start    ] GC(21) Pause Init Mark (unload classes)
[1.182s][info][gc,task     ] GC(21) Using 16 of 16 workers for init marking
[1.182s][info][gc,ergo     ] GC(21) Pacer for Mark. Expected Live: 143M, Free: 13312K, Non-Taxable: 1331K, Alloc Tax Rate: 13.5x
[1.182s][info][gc          ] GC(21) Pause Init Mark (unload classes) 0.028ms
[1.182s][info][gc,start    ] GC(21) Concurrent marking roots
[1.182s][info][gc,task     ] GC(21) Using 8 of 16 workers for concurrent marking roots
[1.182s][info][gc          ] GC(21) Concurrent marking roots 0.123ms
[1.182s][info][gc,start    ] GC(21) Concurrent marking (unload classes)
[1.182s][info][gc,task     ] GC(21) Using 8 of 16 workers for concurrent marking
[1.206s][info][gc          ] GC(21) Concurrent marking (unload classes) 23.498ms
[1.206s][info][gc,start    ] GC(21) Pause Final Mark (unload classes)
[1.206s][info][gc,task     ] GC(21) Using 16 of 16 workers for final marking
[1.206s][info][gc,ergo     ] GC(21) Collectable Garbage: 204M (96%), Immediate: 204M (96%), CSet: 0B (0%)
[1.206s][info][gc          ] GC(21) Pause Final Mark (unload classes) 0.109ms
[1.206s][info][gc,start    ] GC(21) Concurrent weak references
[1.206s][info][gc,task     ] GC(21) Using 8 of 16 workers for concurrent weak references
[1.206s][info][gc,ref      ] GC(21) Encountered references: Soft: 235, Weak: 926, Final: 0, Phantom: 3
[1.206s][info][gc,ref      ] GC(21) Discovered  references: Soft: 0, Weak: 507, Final: 0, Phantom: 3
[1.206s][info][gc,ref      ] GC(21) Enqueued    references: Soft: 0, Weak: 0, Final: 0, Phantom: 0
[1.206s][info][gc          ] GC(21) Concurrent weak references 0.064ms
[1.206s][info][gc,start    ] GC(21) Concurrent weak roots
[1.206s][info][gc,task     ] GC(21) Using 8 of 16 workers for concurrent weak root
[1.206s][info][gc          ] GC(21) Concurrent weak roots 0.195ms
[1.206s][info][gc,start    ] GC(21) Concurrent cleanup
[1.206s][info][gc          ] GC(21) Concurrent cleanup 377M->173M(400M) 0.042ms
[1.206s][info][gc,ergo     ] GC(21) Free: 206M, Max: 256K regular, 9728K humongous, Frag: 96% external, 0% internal; Reserve: 20480K, Max: 256K
[1.206s][info][gc,start    ] GC(21) Concurrent class unloading
[1.206s][info][gc,task     ] GC(21) Using 8 of 16 workers for concurrent class unloading
[1.207s][info][gc          ] GC(21) Concurrent class unloading 0.378ms
[1.207s][info][gc,start    ] GC(21) Pause Final Roots
[1.207s][info][gc          ] GC(21) Pause Final Roots 0.002ms
[1.207s][info][gc,ergo     ] Free: 206M, Max: 256K regular, 9728K humongous, Frag: 96% external, 0% internal; Reserve: 20480K, Max: 256K
[1.207s][info][gc,stats    ] 
[1.207s][info][gc,stats    ] All times are wall-clock times, except per-root-class counters, that are sum over
[1.207s][info][gc,stats    ] all workers. Dividing the <total> over the root stage time estimates parallelism.
[1.207s][info][gc,stats    ] 
[1.207s][info][gc,stats    ] Concurrent Reset                    686 us
[1.207s][info][gc,stats    ] Pause Init Mark (G)                 211 us
[1.207s][info][gc,stats    ] Pause Init Mark (N)                  31 us
[1.207s][info][gc,stats    ]   Update Region States                4 us
[1.207s][info][gc,stats    ] Concurrent Mark Roots               125 us, parallelism: 1.64x
[1.207s][info][gc,stats    ]   CMR: <total>                      205 us
[1.207s][info][gc,stats    ]   CMR: Thread Roots                 128 us, workers (us):  13,   0,  16,  16,  30,  17,  20,  16, ---, ---, ---, ---, ---, ---, ---, ---, 
[1.207s][info][gc,stats    ]   CMR: VM Strong Roots               12 us, workers (us):   6,   3,   1,   0,   0,   1,   0,   0, ---, ---, ---, ---, ---, ---, ---, ---, 
[1.207s][info][gc,stats    ]   CMR: CLDG Roots                    66 us, workers (us):   9,  49,   4,   5, ---, ---, ---, ---, ---, ---, ---, ---, ---, ---, ---, ---, 
[1.207s][info][gc,stats    ] Concurrent Marking                23544 us
[1.207s][info][gc,stats    ] Pause Final Mark (G)                134 us
[1.207s][info][gc,stats    ] Pause Final Mark (N)                113 us
[1.207s][info][gc,stats    ]   Finish Mark                        48 us
[1.207s][info][gc,stats    ]   Update Region States               12 us
[1.207s][info][gc,stats    ]   Choose Collection Set              21 us
[1.207s][info][gc,stats    ]   Rebuild Free Set                    4 us
[1.207s][info][gc,stats    ] Concurrent Weak References           66 us, parallelism: 0.76x
[1.207s][info][gc,stats    ]   CWRF: <total>                      50 us
[1.207s][info][gc,stats    ]   CWRF: Weak References              50 us, workers (us):  43,   2,   1,   2,   1,   1,   1,   0, ---, ---, ---, ---, ---, ---, ---, ---, 
[1.207s][info][gc,stats    ] Concurrent Weak Roots               197 us
[1.207s][info][gc,stats    ]   Roots                             183 us, parallelism: 4.76x
[1.207s][info][gc,stats    ]     CWR: <total>                    871 us
[1.207s][info][gc,stats    ]     CWR: Code Cache Roots           757 us, workers (us): 119,   2,   7, 142, 112, 128, 132, 114, ---, ---, ---, ---, ---, ---, ---, ---, 
[1.207s][info][gc,stats    ]     CWR: VM Weak Roots               92 us, workers (us):  12,  12,  13,  12,  12,  11,  11,   9, ---, ---, ---, ---, ---, ---, ---, ---, 
[1.207s][info][gc,stats    ]     CWR: CLDG Roots                  22 us, workers (us):   6,   6, ---,   5, ---,   5, ---, ---, ---, ---, ---, ---, ---, ---, ---, ---, 
[1.207s][info][gc,stats    ]   Rendezvous                          9 us
[1.207s][info][gc,stats    ] Concurrent Cleanup                   44 us
[1.207s][info][gc,stats    ] Concurrent Class Unloading          380 us
[1.207s][info][gc,stats    ]   Unlink Stale                      364 us
[1.207s][info][gc,stats    ]     System Dictionary                 3 us
[1.207s][info][gc,stats    ]     Weak Class Links                  0 us
[1.207s][info][gc,stats    ]     Code Roots                      361 us
[1.207s][info][gc,stats    ]   Rendezvous                          5 us
[1.207s][info][gc,stats    ]   Purge Unlinked                      4 us
[1.207s][info][gc,stats    ]     Code Roots                        1 us
[1.207s][info][gc,stats    ]     CLDG                              4 us
[1.207s][info][gc,stats    ]     Exception Caches                  0 us
[1.207s][info][gc,stats    ] Pause Final Roots (G)                12 us
[1.207s][info][gc,stats    ] Pause Final Roots (N)                 4 us
[1.207s][info][gc,stats    ] Pacing                           291995 us
[1.207s][info][gc,stats    ] 
[1.207s][info][gc,stats    ] Allocation pacing accrued:
[1.207s][info][gc,stats    ]      33 of    41 ms ( 78.8%): pool-1-thread-1
[1.207s][info][gc,stats    ]      33 of    41 ms ( 78.7%): pool-1-thread-2
[1.207s][info][gc,stats    ]      33 of    41 ms ( 78.7%): pool-1-thread-3
[1.207s][info][gc,stats    ]      33 of    41 ms ( 78.7%): pool-1-thread-4
[1.207s][info][gc,stats    ]      33 of    41 ms ( 78.7%): pool-1-thread-5
[1.207s][info][gc,stats    ]      33 of    41 ms ( 78.8%): pool-1-thread-6
[1.207s][info][gc,stats    ]      32 of    41 ms ( 78.3%): pool-1-thread-7
[1.207s][info][gc,stats    ]      42 of    41 ms (101.8%): pool-1-thread-8
[1.207s][info][gc,stats    ]      22 of    41 ms ( 52.0%): pool-1-thread-9
[1.207s][info][gc,stats    ]     292 of    41 ms (704.4%): <total>
[1.207s][info][gc,stats    ]      11 of    41 ms ( 27.1%): <average total>
[1.207s][info][gc,stats    ]      32 of    41 ms ( 78.3%): <average non-zero>
[1.207s][info][gc,stats    ] 
[1.207s][info][gc,metaspace] Metaspace: 10562K(10816K)->10562K(10816K) NonClass: 9329K(9472K)->9329K(9472K) Class: 1232K(1344K)->1232K(1344K)
[1.207s][info][gc,ergo     ] Pacer for Idle. Initial: 8192K, Alloc Tax Rate: 1.0x
[1.224s][info][gc          ] Trigger: Free (28672K) is below minimum threshold (40960K)
[1.224s][info][gc,ergo     ] Free: 26880K, Max: 256K regular, 2048K humongous, Frag: 93% external, 0% internal; Reserve: 20480K, Max: 256K
[1.224s][info][gc,start    ] GC(22) Concurrent reset
[1.224s][info][gc,task     ] GC(22) Using 8 of 16 workers for concurrent reset
[1.225s][info][gc,ergo     ] GC(22) Pacer for Reset. Non-Taxable: 400M
[1.226s][info][gc          ] GC(22) Concurrent reset 1.172ms
[1.226s][info][gc,start    ] GC(22) Pause Init Mark (unload classes)
[1.226s][info][gc,task     ] GC(22) Using 16 of 16 workers for init marking
[1.226s][info][gc,ergo     ] GC(22) Pacer for Mark. Expected Live: 145M, Free: 11776K, Non-Taxable: 1177K, Alloc Tax Rate: 15.4x
[1.226s][info][gc          ] GC(22) Pause Init Mark (unload classes) 0.041ms
[1.226s][info][gc,start    ] GC(22) Concurrent marking roots
[1.226s][info][gc,task     ] GC(22) Using 8 of 16 workers for concurrent marking roots
[1.226s][info][gc          ] GC(22) Concurrent marking roots 0.156ms
[1.226s][info][gc,start    ] GC(22) Concurrent marking (unload classes)
[1.226s][info][gc,task     ] GC(22) Using 8 of 16 workers for concurrent marking
[1.249s][info][gc          ] GC(22) Concurrent marking (unload classes) 23.077ms
[1.249s][info][gc,start    ] GC(22) Pause Final Mark (unload classes)
[1.249s][info][gc,task     ] GC(22) Using 16 of 16 workers for final marking
[1.249s][info][gc,ergo     ] GC(22) Collectable Garbage: 211M (97%), Immediate: 211M (97%), CSet: 0B (0%)
[1.249s][info][gc          ] GC(22) Pause Final Mark (unload classes) 0.092ms
[1.249s][info][gc,start    ] GC(22) Concurrent weak references
[1.249s][info][gc,task     ] GC(22) Using 8 of 16 workers for concurrent weak references
[1.249s][info][gc,ref      ] GC(22) Encountered references: Soft: 235, Weak: 926, Final: 0, Phantom: 3
[1.249s][info][gc,ref      ] GC(22) Discovered  references: Soft: 0, Weak: 619, Final: 0, Phantom: 2
[1.249s][info][gc,ref      ] GC(22) Enqueued    references: Soft: 0, Weak: 0, Final: 0, Phantom: 0
[1.249s][info][gc          ] GC(22) Concurrent weak references 0.050ms
[1.249s][info][gc,start    ] GC(22) Concurrent weak roots
[1.249s][info][gc,task     ] GC(22) Using 8 of 16 workers for concurrent weak root
[1.249s][info][gc          ] GC(22) Concurrent weak roots 0.127ms
[1.249s][info][gc,start    ] GC(22) Concurrent cleanup
[1.249s][info][gc          ] GC(22) Concurrent cleanup 378M->167M(400M) 0.047ms
[1.249s][info][gc,ergo     ] GC(22) Free: 212M, Max: 256K regular, 50688K humongous, Frag: 77% external, 0% internal; Reserve: 20480K, Max: 256K
[1.249s][info][gc,start    ] GC(22) Concurrent class unloading
[1.249s][info][gc,task     ] GC(22) Using 8 of 16 workers for concurrent class unloading
[1.250s][info][gc          ] GC(22) Concurrent class unloading 0.280ms
[1.250s][info][gc,start    ] GC(22) Pause Final Roots
[1.250s][info][gc          ] GC(22) Pause Final Roots 0.002ms
[1.250s][info][gc,ergo     ] Free: 212M, Max: 256K regular, 50688K humongous, Frag: 77% external, 0% internal; Reserve: 20480K, Max: 256K
[1.250s][info][gc,stats    ] 
[1.250s][info][gc,stats    ] All times are wall-clock times, except per-root-class counters, that are sum over
[1.250s][info][gc,stats    ] all workers. Dividing the <total> over the root stage time estimates parallelism.
[1.250s][info][gc,stats    ] 
[1.250s][info][gc,stats    ] Concurrent Reset                   1231 us
[1.250s][info][gc,stats    ] Pause Init Mark (G)                 247 us
[1.250s][info][gc,stats    ] Pause Init Mark (N)                  61 us
[1.250s][info][gc,stats    ]   Update Region States               14 us
[1.250s][info][gc,stats    ] Concurrent Mark Roots               162 us, parallelism: 1.81x
[1.250s][info][gc,stats    ]   CMR: <total>                      292 us
[1.250s][info][gc,stats    ]   CMR: Thread Roots                 204 us, workers (us):   0,  23,  37,  21,  35,  53,  22,  12, ---, ---, ---, ---, ---, ---, ---, ---, 
[1.250s][info][gc,stats    ]   CMR: VM Strong Roots               14 us, workers (us):   6,   4,   1,   0,   1,   1,   1,   0, ---, ---, ---, ---, ---, ---, ---, ---, 
[1.250s][info][gc,stats    ]   CMR: CLDG Roots                    74 us, workers (us):  63,   4,   4,   3, ---, ---, ---, ---, ---, ---, ---, ---, ---, ---, ---, ---, 
[1.250s][info][gc,stats    ] Concurrent Marking                23098 us
[1.250s][info][gc,stats    ] Pause Final Mark (G)                105 us
[1.250s][info][gc,stats    ] Pause Final Mark (N)                 94 us
[1.250s][info][gc,stats    ]   Finish Mark                        55 us
[1.250s][info][gc,stats    ]   Update Region States                9 us
[1.250s][info][gc,stats    ]   Choose Collection Set              15 us
[1.250s][info][gc,stats    ]   Rebuild Free Set                    4 us
[1.250s][info][gc,stats    ] Concurrent Weak References           51 us, parallelism: 0.72x
[1.250s][info][gc,stats    ]   CWRF: <total>                      37 us
[1.250s][info][gc,stats    ]   CWRF: Weak References              37 us, workers (us):  33,   1,   1,   0,   0,   0,   0,   0, ---, ---, ---, ---, ---, ---, ---, ---, 
[1.250s][info][gc,stats    ] Concurrent Weak Roots               128 us
[1.250s][info][gc,stats    ]   Roots                             117 us, parallelism: 4.46x
[1.250s][info][gc,stats    ]     CWR: <total>                    521 us
[1.250s][info][gc,stats    ]     CWR: Code Cache Roots           413 us, workers (us):   5,   1,  63,  60,  66,  71,  61,  87, ---, ---, ---, ---, ---, ---, ---, ---, 
[1.250s][info][gc,stats    ]     CWR: VM Weak Roots               98 us, workers (us):  14,  14,  14,  13,  13,  13,  12,   5, ---, ---, ---, ---, ---, ---, ---, ---, 
[1.250s][info][gc,stats    ]     CWR: CLDG Roots                  10 us, workers (us): ---,   2, ---, ---,   3,   3,   2, ---, ---, ---, ---, ---, ---, ---, ---, ---, 
[1.250s][info][gc,stats    ]   Rendezvous                          7 us
[1.250s][info][gc,stats    ] Concurrent Cleanup                   49 us
[1.250s][info][gc,stats    ] Concurrent Class Unloading          282 us
[1.250s][info][gc,stats    ]   Unlink Stale                      267 us
[1.250s][info][gc,stats    ]     System Dictionary                 2 us
[1.250s][info][gc,stats    ]     Weak Class Links                  0 us
[1.250s][info][gc,stats    ]     Code Roots                      264 us
[1.250s][info][gc,stats    ]   Rendezvous                          7 us
[1.250s][info][gc,stats    ]   Purge Unlinked                      2 us
[1.250s][info][gc,stats    ]     Code Roots                        1 us
[1.250s][info][gc,stats    ]     CLDG                              2 us
[1.250s][info][gc,stats    ]     Exception Caches                  0 us
[1.250s][info][gc,stats    ] Pause Final Roots (G)                17 us
[1.250s][info][gc,stats    ] Pause Final Roots (N)                 4 us
[1.250s][info][gc,stats    ] Pacing                           297260 us
[1.250s][info][gc,stats    ] 
[1.250s][info][gc,stats    ] Allocation pacing accrued:
[1.250s][info][gc,stats    ]      32 of    43 ms ( 74.6%): pool-1-thread-1
[1.250s][info][gc,stats    ]      32 of    43 ms ( 73.5%): pool-1-thread-2
[1.250s][info][gc,stats    ]      32 of    43 ms ( 74.6%): pool-1-thread-3
[1.250s][info][gc,stats    ]      32 of    43 ms ( 73.6%): pool-1-thread-4
[1.250s][info][gc,stats    ]      32 of    43 ms ( 74.3%): pool-1-thread-5
[1.250s][info][gc,stats    ]      32 of    43 ms ( 73.7%): pool-1-thread-6
[1.250s][info][gc,stats    ]      32 of    43 ms ( 74.5%): pool-1-thread-7
[1.250s][info][gc,stats    ]      32 of    43 ms ( 74.5%): pool-1-thread-8
[1.250s][info][gc,stats    ]      42 of    43 ms ( 96.6%): pool-1-thread-9
[1.250s][info][gc,stats    ]     297 of    43 ms (689.8%): <total>
[1.250s][info][gc,stats    ]      11 of    43 ms ( 26.5%): <average total>
[1.250s][info][gc,stats    ]      33 of    43 ms ( 76.6%): <average non-zero>
[1.250s][info][gc,stats    ] 
[1.250s][info][gc,metaspace] Metaspace: 10562K(10816K)->10562K(10816K) NonClass: 9329K(9472K)->9329K(9472K) Class: 1232K(1344K)->1232K(1344K)
[1.250s][info][gc,ergo     ] Pacer for Idle. Initial: 8192K, Alloc Tax Rate: 1.0x
[1.264s][info][gc          ] Trigger: Free (15647K) is below minimum threshold (40960K)
[1.264s][info][gc,ergo     ] Free: 9728K, Max: 256K regular, 5376K humongous, Frag: 45% external, 0% internal; Reserve: 20480K, Max: 256K
[1.264s][info][gc,start    ] GC(23) Concurrent reset
[1.264s][info][gc,task     ] GC(23) Using 8 of 16 workers for concurrent reset
[1.264s][info][gc,ergo     ] GC(23) Pacer for Reset. Non-Taxable: 400M
[1.265s][info][gc          ] Failed to allocate TLAB, 256K
[1.265s][info][gc          ] Cancelling GC: Allocation Failure
[1.265s][info][gc          ] GC(23) Concurrent reset 0.549ms
[1.265s][info][gc,start    ] GC(23) Pause Init Mark (unload classes)
[1.265s][info][gc,task     ] GC(23) Using 16 of 16 workers for init marking
[1.265s][info][gc,ergo     ] GC(23) Pacer for Mark. Expected Live: 145M, Free: 0B, Non-Taxable: 0B, Alloc Tax Rate: infx
[1.265s][info][gc          ] GC(23) Pause Init Mark (unload classes) 0.024ms
[1.265s][info][gc,start    ] GC(23) Concurrent marking roots
[1.265s][info][gc,task     ] GC(23) Using 8 of 16 workers for concurrent marking roots
[1.265s][info][gc          ] GC(23) Concurrent marking roots 0.096ms
[1.265s][info][gc,ergo     ] Free: 0B, Max: 0B regular, 0B humongous, Frag: 0% external, 0% internal; Reserve: 20480K, Max: 256K
[1.265s][info][gc,stats    ] 
[1.265s][info][gc,stats    ] All times are wall-clock times, except per-root-class counters, that are sum over
[1.265s][info][gc,stats    ] all workers. Dividing the <total> over the root stage time estimates parallelism.
[1.265s][info][gc,stats    ] 
[1.265s][info][gc,stats    ] Concurrent Reset                    553 us
[1.265s][info][gc,stats    ] Pause Init Mark (G)                 107 us
[1.265s][info][gc,stats    ] Pause Init Mark (N)                  26 us
[1.265s][info][gc,stats    ]   Update Region States                4 us
[1.265s][info][gc,stats    ] Concurrent Mark Roots                98 us, parallelism: 3.36x
[1.265s][info][gc,stats    ]   CMR: <total>                      329 us
[1.265s][info][gc,stats    ]   CMR: Thread Roots                 280 us, workers (us):  36,  32,  51,   0,  26,  29,  58,  47, ---, ---, ---, ---, ---, ---, ---, ---, 
[1.265s][info][gc,stats    ]   CMR: VM Strong Roots                8 us, workers (us):   3,   2,   1,   0,   0,   0,   1,   0, ---, ---, ---, ---, ---, ---, ---, ---, 
[1.265s][info][gc,stats    ]   CMR: CLDG Roots                    42 us, workers (us):   2,   2,   2,  35, ---, ---, ---, ---, ---, ---, ---, ---, ---, ---, ---, ---, 
[1.265s][info][gc,stats    ] Pacing                            59371 us
[1.265s][info][gc,stats    ] 
[1.265s][info][gc,stats    ] Allocation pacing accrued:
[1.265s][info][gc,stats    ]       7 of    15 ms ( 44.2%): pool-1-thread-1
[1.265s][info][gc,stats    ]       7 of    15 ms ( 44.0%): pool-1-thread-2
[1.265s][info][gc,stats    ]       7 of    15 ms ( 44.1%): pool-1-thread-3
[1.265s][info][gc,stats    ]       7 of    15 ms ( 44.2%): pool-1-thread-4
[1.265s][info][gc,stats    ]       7 of    15 ms ( 45.8%): pool-1-thread-5
[1.265s][info][gc,stats    ]       7 of    15 ms ( 44.1%): pool-1-thread-6
[1.265s][info][gc,stats    ]       7 of    15 ms ( 43.8%): pool-1-thread-7
[1.265s][info][gc,stats    ]       7 of    15 ms ( 44.2%): pool-1-thread-8
[1.265s][info][gc,stats    ]       6 of    15 ms ( 38.6%): pool-1-thread-9
[1.265s][info][gc,stats    ]      59 of    15 ms (392.9%): <total>
[1.265s][info][gc,stats    ]       2 of    15 ms ( 15.1%): <average total>
[1.265s][info][gc,stats    ]       7 of    15 ms ( 43.7%): <average non-zero>
[1.265s][info][gc,stats    ] 
[1.265s][info][gc,metaspace] Metaspace: 10562K(10816K)->10562K(10816K) NonClass: 9329K(9472K)->9329K(9472K) Class: 1232K(1344K)->1232K(1344K)
[1.265s][info][gc,ergo     ] Pacer for Idle. Initial: 8192K, Alloc Tax Rate: 1.0x
[1.266s][info][gc          ] Trigger: Handle Allocation Failure
[1.266s][info][gc,ergo     ] Free: 0B, Max: 0B regular, 0B humongous, Frag: 0% external, 0% internal; Reserve: 20480K, Max: 256K
[1.266s][info][gc,start    ] GC(24) Pause Degenerated GC (Outside of Cycle)
[1.266s][info][gc,task     ] GC(24) Using 16 of 16 workers for stw degenerated gc
[1.266s][info][gc,ref      ] GC(24) Clearing All SoftReferences
[1.279s][info][gc,ref      ] GC(24) Encountered references: Soft: 211, Weak: 926, Final: 0, Phantom: 3
[1.279s][info][gc,ref      ] GC(24) Discovered  references: Soft: 163, Weak: 434, Final: 0, Phantom: 2
[1.279s][info][gc,ref      ] GC(24) Enqueued    references: Soft: 68, Weak: 28, Final: 0, Phantom: 0
[1.279s][info][gc,ergo     ] GC(24) Collectable Garbage: 250M (98%), Immediate: 250M (98%), CSet: 0B (0%)
[1.280s][info][gc,ergo     ] GC(24) Good progress for free space: 250M, need 4096K
[1.280s][info][gc,ergo     ] GC(24) Good progress for used space: 250M, need 256K
[1.280s][info][gc          ] GC(24) Pause Degenerated GC (Outside of Cycle) 379M->129M(400M) 13.599ms
[1.280s][info][gc,ergo     ] Free: 250M, Max: 256K regular, 8192K humongous, Frag: 97% external, 0% internal; Reserve: 20480K, Max: 256K
[1.280s][info][gc,stats    ] 
[1.280s][info][gc,stats    ] All times are wall-clock times, except per-root-class counters, that are sum over
[1.280s][info][gc,stats    ] all workers. Dividing the <total> over the root stage time estimates parallelism.
[1.280s][info][gc,stats    ] 
[1.280s][info][gc,stats    ] Pause Degenerated GC (G)          13636 us
[1.280s][info][gc,stats    ] Pause Degenerated GC (N)          13613 us
[1.280s][info][gc,stats    ]   Degen STW Mark                  12097 us, parallelism: 15.77x
[1.280s][info][gc,stats    ]     DSM: <total>                 190772 us
[1.280s][info][gc,stats    ]     DSM: Thread Roots               186 us, workers (us):  13,  14,  10,  16,  15,  13,  15,   7,  14,  13,  13,  12,  15,  13,   2,   1, 
[1.280s][info][gc,stats    ]     DSM: VM Strong Roots              6 us, workers (us):   1,   0,   2,   0,   0,   0,   0,   0,   0,   0,   0,   0,   0,   0,   0,   2, 
[1.280s][info][gc,stats    ]     DSM: CLDG Roots                  58 us, workers (us):   1,   2,   3,   2,   2,   2,   3,  23,   1,   1,   2,   2,   1,   1,  10,   3, 
[1.280s][info][gc,stats    ]     DSM: Parallel Mark           190522 us, workers (us): 11905, 11902, 11910, 11914, 11910, 11904, 11911, 11891, 11908, 11908, 11910, 11915, 11909, 11903, 11913, 11910, 
[1.280s][info][gc,stats    ]     System Purge                    928 us
[1.280s][info][gc,stats    ]       Weak References                43 us, parallelism: 0.95x
[1.280s][info][gc,stats    ]         WRP: <total>                 41 us
[1.280s][info][gc,stats    ]         WRP: Weak References         41 us, workers (us):  19,   6,   3,   4,   3,   3,   2,   0,   0,   0,   0,   0,   0,   0,   0,   0, 
[1.280s][info][gc,stats    ]       Unload Classes                832 us, parallelism: 14.63x
[1.280s][info][gc,stats    ]         DCU: <total>              12169 us
[1.280s][info][gc,stats    ]         DCU: Unload Code Caches     2053 us, workers (us): 121, 123, 122, 127, 122, 144, 130, 128, 132, 147, 119, 148, 117, 123, 125, 125, 
[1.280s][info][gc,stats    ]         DCU: Unlink CLDs          10116 us, workers (us): 642, 649, 641, 635, 640, 618, 632, 632, 629, 613, 641, 612, 640, 634, 631, 628, 
[1.280s][info][gc,stats    ]       Weak Roots                     22 us, parallelism: 4.66x
[1.280s][info][gc,stats    ]         DWR: <total>                101 us
[1.280s][info][gc,stats    ]         DWR: VM Weak Roots          101 us, workers (us):  11,  10,   9,  10,  10,   9,   6,   6,   5,   4,   5,   4,   4,   4,   3,   3, 
[1.280s][info][gc,stats    ]       CLDG                           28 us
[1.280s][info][gc,stats    ]   Update Region States                7 us
[1.280s][info][gc,stats    ]   Manage GC/TLABs                     2 us
[1.280s][info][gc,stats    ]   Choose Collection Set              20 us
[1.280s][info][gc,stats    ]   Rebuild Free Set                    4 us
[1.280s][info][gc,stats    ]   Cleanup                            20 us
[1.280s][info][gc,stats    ] 
[1.280s][info][gc,stats    ] Allocation pacing accrued:
[1.280s][info][gc,stats    ]       0 of    15 ms (  0.0%): <total>
[1.280s][info][gc,stats    ]       0 of    15 ms (  0.0%): <average total>
[1.280s][info][gc,stats    ] 
[1.280s][info][gc,metaspace] Metaspace: 10562K(10816K)->10527K(10816K) NonClass: 9329K(9472K)->9305K(9472K) Class: 1232K(1344K)->1222K(1344K)
[1.280s][info][gc,ergo     ] Pacer for Idle. Initial: 8192K, Alloc Tax Rate: 1.0x
[1.366s][info][gc          ] Trigger: Average GC time (27.18 ms) is above the time for average allocation rate (1579 MB/s) to deplete free headroom (2816K) (margin of error = 1.90)
[1.366s][info][gc,ergo     ] Free headroom: 64256K (free) - 20480K (spike) - 40960K (penalties) = 2816K
[1.366s][info][gc,ergo     ] Free: 64256K, Max: 256K regular, 3328K humongous, Frag: 95% external, 0% internal; Reserve: 20480K, Max: 256K
[1.366s][info][gc,start    ] GC(25) Concurrent reset
[1.366s][info][gc,task     ] GC(25) Using 8 of 16 workers for concurrent reset
[1.366s][info][gc,ergo     ] GC(25) Pacer for Reset. Non-Taxable: 400M
[1.367s][info][gc          ] GC(25) Concurrent reset 0.164ms
[1.367s][info][gc,start    ] GC(25) Pause Init Mark (unload classes)
[1.367s][info][gc,task     ] GC(25) Using 16 of 16 workers for init marking
[1.367s][info][gc,ergo     ] GC(25) Pacer for Mark. Expected Live: 145M, Free: 64256K, Non-Taxable: 6425K, Alloc Tax Rate: 2.8x
[1.367s][info][gc          ] GC(25) Pause Init Mark (unload classes) 0.075ms
[1.367s][info][gc,start    ] GC(25) Concurrent marking roots
[1.367s][info][gc,task     ] GC(25) Using 8 of 16 workers for concurrent marking roots
[1.367s][info][gc          ] GC(25) Concurrent marking roots 0.062ms
[1.367s][info][gc,start    ] GC(25) Concurrent marking (unload classes)
[1.367s][info][gc,task     ] GC(25) Using 8 of 16 workers for concurrent marking
[1.392s][info][gc          ] GC(25) Concurrent marking (unload classes) 25.378ms
[1.392s][info][gc,start    ] GC(25) Pause Final Mark (unload classes)
[1.392s][info][gc,task     ] GC(25) Using 16 of 16 workers for final marking
[1.392s][info][gc,ergo     ] GC(25) Collectable Garbage: 161M (95%), Immediate: 161M (95%), CSet: 0B (0%)
[1.392s][info][gc          ] GC(25) Pause Final Mark (unload classes) 0.109ms
[1.392s][info][gc,start    ] GC(25) Concurrent weak references
[1.392s][info][gc,task     ] GC(25) Using 8 of 16 workers for concurrent weak references
[1.392s][info][gc,ref      ] GC(25) Encountered references: Soft: 143, Weak: 898, Final: 0, Phantom: 3
[1.392s][info][gc,ref      ] GC(25) Discovered  references: Soft: 0, Weak: 637, Final: 0, Phantom: 2
[1.392s][info][gc,ref      ] GC(25) Enqueued    references: Soft: 0, Weak: 0, Final: 0, Phantom: 0
[1.392s][info][gc          ] GC(25) Concurrent weak references 0.051ms
[1.392s][info][gc,start    ] GC(25) Concurrent weak roots
[1.392s][info][gc,task     ] GC(25) Using 8 of 16 workers for concurrent weak root
[1.392s][info][gc          ] GC(25) Concurrent weak roots 0.117ms
[1.392s][info][gc,start    ] GC(25) Concurrent cleanup
[1.392s][info][gc          ] GC(25) Concurrent cleanup 328M->166M(400M) 0.041ms
[1.392s][info][gc,ergo     ] GC(25) Free: 213M, Max: 256K regular, 7168K humongous, Frag: 97% external, 0% internal; Reserve: 20480K, Max: 256K
[1.392s][info][gc,start    ] GC(25) Concurrent class unloading
[1.392s][info][gc,task     ] GC(25) Using 8 of 16 workers for concurrent class unloading
[1.393s][info][gc          ] GC(25) Concurrent class unloading 0.293ms
[1.393s][info][gc,start    ] GC(25) Pause Final Roots
[1.393s][info][gc          ] GC(25) Pause Final Roots 0.003ms
[1.393s][info][gc,ergo     ] Free: 213M, Max: 256K regular, 7168K humongous, Frag: 97% external, 0% internal; Reserve: 20480K, Max: 256K
[1.393s][info][gc,stats    ] 
[1.393s][info][gc,stats    ] All times are wall-clock times, except per-root-class counters, that are sum over
[1.393s][info][gc,stats    ] all workers. Dividing the <total> over the root stage time estimates parallelism.
[1.393s][info][gc,stats    ] 
[1.393s][info][gc,stats    ] Concurrent Reset                    167 us
[1.393s][info][gc,stats    ] Pause Init Mark (G)                 108 us
[1.393s][info][gc,stats    ] Pause Init Mark (N)                  79 us
[1.393s][info][gc,stats    ]   Update Region States               36 us
[1.393s][info][gc,stats    ] Concurrent Mark Roots                64 us, parallelism: 3.32x
[1.393s][info][gc,stats    ]   CMR: <total>                      212 us
[1.393s][info][gc,stats    ]   CMR: Thread Roots                 166 us, workers (us):   0,  26,  30,  24,  31,  22,  20,  14, ---, ---, ---, ---, ---, ---, ---, ---, 
[1.393s][info][gc,stats    ]   CMR: VM Strong Roots                7 us, workers (us):   3,   2,   1,   0,   0,   0,   0,   0, ---, ---, ---, ---, ---, ---, ---, ---, 
[1.393s][info][gc,stats    ]   CMR: CLDG Roots                    38 us, workers (us):  32,   2,   2,   2, ---, ---, ---, ---, ---, ---, ---, ---, ---, ---, ---, ---, 
[1.393s][info][gc,stats    ] Concurrent Marking                25399 us
[1.393s][info][gc,stats    ] Pause Final Mark (G)                122 us
[1.393s][info][gc,stats    ] Pause Final Mark (N)                111 us
[1.393s][info][gc,stats    ]   Finish Mark                        65 us
[1.393s][info][gc,stats    ]   Update Region States                9 us
[1.393s][info][gc,stats    ]   Choose Collection Set              15 us
[1.393s][info][gc,stats    ]   Rebuild Free Set                    4 us
[1.393s][info][gc,stats    ] Concurrent Weak References           53 us, parallelism: 0.73x
[1.393s][info][gc,stats    ]   CWRF: <total>                      38 us
[1.393s][info][gc,stats    ]   CWRF: Weak References              38 us, workers (us):  34,   2,   2,   0,   0,   0,   0,   0, ---, ---, ---, ---, ---, ---, ---, ---, 
[1.393s][info][gc,stats    ] Concurrent Weak Roots               119 us
[1.393s][info][gc,stats    ]   Roots                             107 us, parallelism: 4.75x
[1.393s][info][gc,stats    ]     CWR: <total>                    511 us
[1.393s][info][gc,stats    ]     CWR: Code Cache Roots           403 us, workers (us):   2,  68,  74,  56,  65,   3,  69,  66, ---, ---, ---, ---, ---, ---, ---, ---, 
[1.393s][info][gc,stats    ]     CWR: VM Weak Roots               94 us, workers (us):  15,  14,  14,  13,  13,  12,  12,   1, ---, ---, ---, ---, ---, ---, ---, ---, 
[1.393s][info][gc,stats    ]     CWR: CLDG Roots                  14 us, workers (us):   4,   3, ---, ---,   4,   4, ---, ---, ---, ---, ---, ---, ---, ---, ---, ---, 
[1.393s][info][gc,stats    ]   Rendezvous                          7 us
[1.393s][info][gc,stats    ] Concurrent Cleanup                   44 us
[1.393s][info][gc,stats    ] Concurrent Class Unloading          295 us
[1.393s][info][gc,stats    ]   Unlink Stale                      279 us
[1.393s][info][gc,stats    ]     System Dictionary                 2 us
[1.393s][info][gc,stats    ]     Weak Class Links                  1 us
[1.393s][info][gc,stats    ]     Code Roots                      276 us
[1.393s][info][gc,stats    ]   Rendezvous                          7 us
[1.393s][info][gc,stats    ]   Purge Unlinked                      3 us
[1.393s][info][gc,stats    ]     Code Roots                        0 us
[1.393s][info][gc,stats    ]     CLDG                              2 us
[1.393s][info][gc,stats    ]     Exception Caches                  0 us
[1.393s][info][gc,stats    ] Pause Final Roots (G)                74 us
[1.393s][info][gc,stats    ] Pause Final Roots (N)                 4 us
[1.393s][info][gc,stats    ] Pacing                           907461 us
[1.393s][info][gc,stats    ] 
[1.393s][info][gc,stats    ] Allocation pacing accrued:
[1.393s][info][gc,stats    ]     101 of   113 ms ( 89.6%): pool-1-thread-1
[1.393s][info][gc,stats    ]     101 of   113 ms ( 89.4%): pool-1-thread-2
[1.393s][info][gc,stats    ]     101 of   113 ms ( 89.6%): pool-1-thread-3
[1.393s][info][gc,stats    ]     101 of   113 ms ( 89.5%): pool-1-thread-4
[1.393s][info][gc,stats    ]     101 of   113 ms ( 89.4%): pool-1-thread-5
[1.393s][info][gc,stats    ]     101 of   113 ms ( 89.3%): pool-1-thread-6
[1.393s][info][gc,stats    ]     101 of   113 ms ( 89.1%): pool-1-thread-7
[1.393s][info][gc,stats    ]      98 of   113 ms ( 86.3%): pool-1-thread-8
[1.393s][info][gc,stats    ]     101 of   113 ms ( 89.4%): pool-1-thread-9
[1.393s][info][gc,stats    ]     907 of   113 ms (801.7%): <total>
[1.393s][info][gc,stats    ]      35 of   113 ms ( 30.8%): <average total>
[1.393s][info][gc,stats    ]     101 of   113 ms ( 89.1%): <average non-zero>
[1.393s][info][gc,stats    ] 
[1.393s][info][gc,metaspace] Metaspace: 10527K(10816K)->10527K(10816K) NonClass: 9305K(9472K)->9305K(9472K) Class: 1222K(1344K)->1222K(1344K)
[1.393s][info][gc,ergo     ] Pacer for Idle. Initial: 8192K, Alloc Tax Rate: 1.0x
[1.419s][info][gc          ] Trigger: Average GC time (27.58 ms) is above the time for average allocation rate (1579 MB/s) to deplete free headroom (40192K) (margin of error = 1.90)
[1.419s][info][gc,ergo     ] Free headroom: 97536K (free) - 20480K (spike) - 36864K (penalties) = 40192K
[1.419s][info][gc,ergo     ] Free: 96256K, Max: 256K regular, 7168K humongous, Frag: 93% external, 0% internal; Reserve: 20480K, Max: 256K
[1.419s][info][gc,start    ] GC(26) Concurrent reset
[1.419s][info][gc,task     ] GC(26) Using 8 of 16 workers for concurrent reset
[1.419s][info][gc,ergo     ] GC(26) Pacer for Reset. Non-Taxable: 400M
[1.420s][info][gc          ] GC(26) Concurrent reset 0.314ms
[1.420s][info][gc,start    ] GC(26) Pause Init Mark (unload classes)
[1.420s][info][gc,task     ] GC(26) Using 16 of 16 workers for init marking
[1.420s][info][gc,ergo     ] GC(26) Pacer for Mark. Expected Live: 146M, Free: 93696K, Non-Taxable: 9369K, Alloc Tax Rate: 2.0x
[1.420s][info][gc          ] GC(26) Pause Init Mark (unload classes) 0.035ms
[1.420s][info][gc,start    ] GC(26) Concurrent marking roots
[1.420s][info][gc,task     ] GC(26) Using 8 of 16 workers for concurrent marking roots
[1.420s][info][gc          ] GC(26) Concurrent marking roots 0.106ms
[1.420s][info][gc,start    ] GC(26) Concurrent marking (unload classes)
[1.420s][info][gc,task     ] GC(26) Using 8 of 16 workers for concurrent marking
[1.445s][info][gc          ] GC(26) Concurrent marking (unload classes) 25.102ms
[1.445s][info][gc,start    ] GC(26) Pause Final Mark (unload classes)
[1.445s][info][gc,task     ] GC(26) Using 16 of 16 workers for final marking
[1.445s][info][gc,ergo     ] GC(26) Collectable Garbage: 123M (94%), Immediate: 123M (94%), CSet: 0B (0%)
[1.445s][info][gc          ] GC(26) Pause Final Mark (unload classes) 0.073ms
[1.445s][info][gc,start    ] GC(26) Concurrent weak references
[1.445s][info][gc,task     ] GC(26) Using 8 of 16 workers for concurrent weak references
[1.445s][info][gc,ref      ] GC(26) Encountered references: Soft: 143, Weak: 898, Final: 0, Phantom: 3
[1.445s][info][gc,ref      ] GC(26) Discovered  references: Soft: 0, Weak: 461, Final: 0, Phantom: 2
[1.445s][info][gc,ref      ] GC(26) Enqueued    references: Soft: 0, Weak: 0, Final: 0, Phantom: 0
[1.445s][info][gc          ] GC(26) Concurrent weak references 0.053ms
[1.445s][info][gc,start    ] GC(26) Concurrent weak roots
[1.445s][info][gc,task     ] GC(26) Using 8 of 16 workers for concurrent weak root
[1.446s][info][gc          ] GC(26) Concurrent weak roots 0.264ms
[1.446s][info][gc,start    ] GC(26) Concurrent cleanup
[1.446s][info][gc          ] GC(26) Concurrent cleanup 340M->217M(400M) 0.038ms
[1.446s][info][gc,ergo     ] GC(26) Free: 162M, Max: 256K regular, 7168K humongous, Frag: 96% external, 0% internal; Reserve: 20480K, Max: 256K
[1.446s][info][gc,start    ] GC(26) Concurrent class unloading
[1.446s][info][gc,task     ] GC(26) Using 8 of 16 workers for concurrent class unloading
[1.446s][info][gc          ] GC(26) Concurrent class unloading 0.471ms
[1.446s][info][gc,start    ] GC(26) Pause Final Roots
[1.446s][info][gc          ] GC(26) Pause Final Roots 0.003ms
[1.446s][info][gc,ergo     ] Free: 147M, Max: 256K regular, 7168K humongous, Frag: 96% external, 0% internal; Reserve: 20480K, Max: 256K
[1.446s][info][gc,stats    ] 
[1.446s][info][gc,stats    ] All times are wall-clock times, except per-root-class counters, that are sum over
[1.446s][info][gc,stats    ] all workers. Dividing the <total> over the root stage time estimates parallelism.
[1.446s][info][gc,stats    ] 
[1.446s][info][gc,stats    ] Concurrent Reset                    316 us
[1.446s][info][gc,stats    ] Pause Init Mark (G)                 135 us
[1.446s][info][gc,stats    ] Pause Init Mark (N)                  39 us
[1.446s][info][gc,stats    ]   Update Region States                7 us
[1.446s][info][gc,stats    ] Concurrent Mark Roots               114 us, parallelism: 3.02x
[1.446s][info][gc,stats    ]   CMR: <total>                      344 us
[1.446s][info][gc,stats    ]   CMR: Thread Roots                 269 us, workers (us):  41,  37,   0,  50,  44,  36,  30,  30, ---, ---, ---, ---, ---, ---, ---, ---, 
[1.446s][info][gc,stats    ]   CMR: VM Strong Roots               15 us, workers (us):   4,   3,   3,   3,   0,   0,   0,   1, ---, ---, ---, ---, ---, ---, ---, ---, 
[1.446s][info][gc,stats    ]   CMR: CLDG Roots                    60 us, workers (us):   1,   3,  52, ---,   3, ---, ---, ---, ---, ---, ---, ---, ---, ---, ---, ---, 
[1.446s][info][gc,stats    ] Concurrent Marking                25149 us
[1.446s][info][gc,stats    ] Pause Final Mark (G)                 90 us
[1.446s][info][gc,stats    ] Pause Final Mark (N)                 75 us
[1.446s][info][gc,stats    ]   Finish Mark                        38 us
[1.446s][info][gc,stats    ]   Update Region States                8 us
[1.446s][info][gc,stats    ]   Choose Collection Set              12 us
[1.446s][info][gc,stats    ]   Rebuild Free Set                    4 us
[1.446s][info][gc,stats    ] Concurrent Weak References           54 us, parallelism: 0.69x
[1.446s][info][gc,stats    ]   CWRF: <total>                      38 us
[1.446s][info][gc,stats    ]   CWRF: Weak References              38 us, workers (us):   1,   3,  33,   0,   0,   0,   0,   0, ---, ---, ---, ---, ---, ---, ---, ---, 
[1.446s][info][gc,stats    ] Concurrent Weak Roots               265 us
[1.446s][info][gc,stats    ]   Roots                             249 us, parallelism: 4.68x
[1.446s][info][gc,stats    ]     CWR: <total>                   1166 us
[1.446s][info][gc,stats    ]     CWR: Code Cache Roots          1023 us, workers (us): 193, 189, 108, 210, 196, 113,   6,   8, ---, ---, ---, ---, ---, ---, ---, ---, 
[1.446s][info][gc,stats    ]     CWR: VM Weak Roots              128 us, workers (us):  16,  18,  17,  17,  18,  15,  14,  14, ---, ---, ---, ---, ---, ---, ---, ---, 
[1.446s][info][gc,stats    ]     CWR: CLDG Roots                  15 us, workers (us):   4, ---, ---, ---, ---,   4,   4,   4, ---, ---, ---, ---, ---, ---, ---, ---, 
[1.446s][info][gc,stats    ]   Rendezvous                          9 us
[1.446s][info][gc,stats    ] Concurrent Cleanup                   40 us
[1.446s][info][gc,stats    ] Concurrent Class Unloading          473 us
[1.446s][info][gc,stats    ]   Unlink Stale                      452 us
[1.446s][info][gc,stats    ]     System Dictionary                 2 us
[1.446s][info][gc,stats    ]     Weak Class Links                  0 us
[1.446s][info][gc,stats    ]     Code Roots                      450 us
[1.446s][info][gc,stats    ]   Rendezvous                          8 us
[1.446s][info][gc,stats    ]   Purge Unlinked                      5 us
[1.446s][info][gc,stats    ]     Code Roots                        1 us
[1.446s][info][gc,stats    ]     CLDG                              3 us
[1.446s][info][gc,stats    ]     Exception Caches                  0 us
[1.446s][info][gc,stats    ] Pause Final Roots (G)                75 us
[1.446s][info][gc,stats    ] Pause Final Roots (N)                 4 us
[1.446s][info][gc,stats    ] Pacing                           426822 us
[1.446s][info][gc,stats    ] 
[1.446s][info][gc,stats    ] Allocation pacing accrued:
[1.446s][info][gc,stats    ]      47 of    53 ms ( 89.1%): pool-1-thread-1
[1.446s][info][gc,stats    ]      48 of    53 ms ( 89.2%): pool-1-thread-2
[1.446s][info][gc,stats    ]      48 of    53 ms ( 89.2%): pool-1-thread-3
[1.446s][info][gc,stats    ]      48 of    53 ms ( 89.4%): pool-1-thread-4
[1.446s][info][gc,stats    ]      47 of    53 ms ( 89.0%): pool-1-thread-5
[1.446s][info][gc,stats    ]      47 of    53 ms ( 88.8%): pool-1-thread-6
[1.446s][info][gc,stats    ]      47 of    53 ms ( 88.9%): pool-1-thread-7
[1.446s][info][gc,stats    ]      47 of    53 ms ( 87.7%): pool-1-thread-8
[1.446s][info][gc,stats    ]      48 of    53 ms ( 89.5%): pool-1-thread-9
[1.446s][info][gc,stats    ]     427 of    53 ms (800.7%): <total>
[1.446s][info][gc,stats    ]      16 of    53 ms ( 30.8%): <average total>
[1.446s][info][gc,stats    ]      47 of    53 ms ( 89.0%): <average non-zero>
[1.446s][info][gc,stats    ] 
[1.446s][info][gc,metaspace] Metaspace: 10527K(10816K)->10527K(10816K) NonClass: 9305K(9472K)->9305K(9472K) Class: 1222K(1344K)->1222K(1344K)
[1.446s][info][gc,ergo     ] Pacer for Idle. Initial: 8192K, Alloc Tax Rate: 1.0x
[1.459s][info][gc          ] Trigger: Average GC time (27.75 ms) is above the time for average allocation rate (1583 MB/s) to deplete free headroom (32512K) (margin of error = 1.91)
[1.459s][info][gc,ergo     ] Free headroom: 85760K (free) - 20480K (spike) - 32768K (penalties) = 32512K
[1.459s][info][gc,ergo     ] Free: 83200K, Max: 256K regular, 7168K humongous, Frag: 92% external, 0% internal; Reserve: 20480K, Max: 256K
[1.459s][info][gc,start    ] GC(27) Concurrent reset
[1.459s][info][gc,task     ] GC(27) Using 8 of 16 workers for concurrent reset
[1.459s][info][gc,ergo     ] GC(27) Pacer for Reset. Non-Taxable: 400M
[1.460s][info][gc          ] GC(27) Concurrent reset 0.856ms
[1.460s][info][gc,start    ] GC(27) Pause Init Mark (unload classes)
[1.460s][info][gc,task     ] GC(27) Using 16 of 16 workers for init marking
[1.460s][info][gc,ergo     ] GC(27) Pacer for Mark. Expected Live: 147M, Free: 63232K, Non-Taxable: 6323K, Alloc Tax Rate: 2.9x
[1.460s][info][gc          ] GC(27) Pause Init Mark (unload classes) 0.017ms
[1.460s][info][gc,start    ] GC(27) Concurrent marking roots
[1.460s][info][gc,task     ] GC(27) Using 8 of 16 workers for concurrent marking roots
[1.460s][info][gc          ] GC(27) Concurrent marking roots 0.095ms
[1.460s][info][gc,start    ] GC(27) Concurrent marking (unload classes)
[1.460s][info][gc,task     ] GC(27) Using 8 of 16 workers for concurrent marking
[1.485s][info][gc          ] GC(27) Concurrent marking (unload classes) 24.707ms
[1.485s][info][gc,start    ] GC(27) Pause Final Mark (unload classes)
[1.485s][info][gc,task     ] GC(27) Using 16 of 16 workers for final marking
[1.485s][info][gc,ergo     ] GC(27) Collectable Garbage: 152M (96%), Immediate: 152M (96%), CSet: 0B (0%)
[1.485s][info][gc          ] GC(27) Pause Final Mark (unload classes) 0.126ms
[1.485s][info][gc,start    ] GC(27) Concurrent weak references
[1.485s][info][gc,task     ] GC(27) Using 8 of 16 workers for concurrent weak references
[1.485s][info][gc,ref      ] GC(27) Encountered references: Soft: 143, Weak: 898, Final: 0, Phantom: 3
[1.485s][info][gc,ref      ] GC(27) Discovered  references: Soft: 0, Weak: 454, Final: 0, Phantom: 2
[1.485s][info][gc,ref      ] GC(27) Enqueued    references: Soft: 0, Weak: 0, Final: 0, Phantom: 0
[1.485s][info][gc          ] GC(27) Concurrent weak references 0.043ms
[1.485s][info][gc,start    ] GC(27) Concurrent weak roots
[1.485s][info][gc,task     ] GC(27) Using 8 of 16 workers for concurrent weak root
[1.485s][info][gc          ] GC(27) Concurrent weak roots 0.164ms
[1.485s][info][gc,start    ] GC(27) Concurrent cleanup
[1.485s][info][gc          ] GC(27) Concurrent cleanup 377M->225M(400M) 0.036ms
[1.485s][info][gc,ergo     ] GC(27) Free: 154M, Max: 256K regular, 12544K humongous, Frag: 93% external, 0% internal; Reserve: 20480K, Max: 256K
[1.485s][info][gc,start    ] GC(27) Concurrent class unloading
[1.485s][info][gc,task     ] GC(27) Using 8 of 16 workers for concurrent class unloading
[1.486s][info][gc          ] GC(27) Concurrent class unloading 0.284ms
[1.486s][info][gc,start    ] GC(27) Pause Final Roots
[1.486s][info][gc          ] GC(27) Pause Final Roots 0.005ms
[1.486s][info][gc,ergo     ] Free: 154M, Max: 256K regular, 12544K humongous, Frag: 93% external, 0% internal; Reserve: 20480K, Max: 256K
[1.486s][info][gc,stats    ] 
[1.486s][info][gc,stats    ] All times are wall-clock times, except per-root-class counters, that are sum over
[1.486s][info][gc,stats    ] all workers. Dividing the <total> over the root stage time estimates parallelism.
[1.486s][info][gc,stats    ] 
[1.486s][info][gc,stats    ] Concurrent Reset                    891 us
[1.486s][info][gc,stats    ] Pause Init Mark (G)                 159 us
[1.486s][info][gc,stats    ] Pause Init Mark (N)                  19 us
[1.486s][info][gc,stats    ]   Update Region States                5 us
[1.486s][info][gc,stats    ] Concurrent Mark Roots                99 us, parallelism: 3.17x
[1.486s][info][gc,stats    ]   CMR: <total>                      313 us
[1.486s][info][gc,stats    ]   CMR: Thread Roots                 242 us, workers (us):  40,   0,  43,  51,  35,  31,  17,  25, ---, ---, ---, ---, ---, ---, ---, ---, 
[1.486s][info][gc,stats    ]   CMR: VM Strong Roots               12 us, workers (us):   5,   3,   0,   2,   0,   0,   0,   1, ---, ---, ---, ---, ---, ---, ---, ---, 
[1.486s][info][gc,stats    ]   CMR: CLDG Roots                    59 us, workers (us):   6,  50,   3, ---, ---, ---, ---, ---, ---, ---, ---, ---, ---, ---, ---, ---, 
[1.486s][info][gc,stats    ] Concurrent Marking                24742 us
[1.486s][info][gc,stats    ] Pause Final Mark (G)                148 us
[1.486s][info][gc,stats    ] Pause Final Mark (N)                129 us
[1.486s][info][gc,stats    ]   Finish Mark                        78 us
[1.486s][info][gc,stats    ]   Update Region States               10 us
[1.486s][info][gc,stats    ]   Choose Collection Set              17 us
[1.486s][info][gc,stats    ]   Rebuild Free Set                    6 us
[1.486s][info][gc,stats    ] Concurrent Weak References           45 us, parallelism: 0.65x
[1.486s][info][gc,stats    ]   CWRF: <total>                      29 us
[1.486s][info][gc,stats    ]   CWRF: Weak References              29 us, workers (us):   2,  24,   1,   1,   1,   0,   0,   0, ---, ---, ---, ---, ---, ---, ---, ---, 
[1.486s][info][gc,stats    ] Concurrent Weak Roots               166 us
[1.486s][info][gc,stats    ]   Roots                             153 us, parallelism: 4.26x
[1.486s][info][gc,stats    ]     CWR: <total>                    650 us
[1.486s][info][gc,stats    ]     CWR: Code Cache Roots           527 us, workers (us):  76,  84, 115,  92,   5,   3,  71,  81, ---, ---, ---, ---, ---, ---, ---, ---, 
[1.486s][info][gc,stats    ]     CWR: VM Weak Roots              110 us, workers (us):  15,  15,  14,  13,  13,  13,  13,  13, ---, ---, ---, ---, ---, ---, ---, ---, 
[1.486s][info][gc,stats    ]     CWR: CLDG Roots                  13 us, workers (us): ---, ---,   3,   3, ---,   3, ---,   3, ---, ---, ---, ---, ---, ---, ---, ---, 
[1.486s][info][gc,stats    ]   Rendezvous                          9 us
[1.486s][info][gc,stats    ] Concurrent Cleanup                   38 us
[1.486s][info][gc,stats    ] Concurrent Class Unloading          286 us
[1.486s][info][gc,stats    ]   Unlink Stale                      271 us
[1.486s][info][gc,stats    ]     System Dictionary                 2 us
[1.486s][info][gc,stats    ]     Weak Class Links                  0 us
[1.486s][info][gc,stats    ]     Code Roots                      268 us
[1.486s][info][gc,stats    ]   Rendezvous                          6 us
[1.486s][info][gc,stats    ]   Purge Unlinked                      2 us
[1.486s][info][gc,stats    ]     Code Roots                        0 us
[1.486s][info][gc,stats    ]     CLDG                              2 us
[1.486s][info][gc,stats    ]     Exception Caches                  0 us
[1.486s][info][gc,stats    ] Pause Final Roots (G)                79 us
[1.486s][info][gc,stats    ] Pause Final Roots (N)                 7 us
[1.486s][info][gc,stats    ] Pacing                           335385 us
[1.486s][info][gc,stats    ] 
[1.486s][info][gc,stats    ] Allocation pacing accrued:
[1.486s][info][gc,stats    ]      39 of    40 ms ( 98.4%): pool-1-thread-1
[1.486s][info][gc,stats    ]      39 of    40 ms ( 98.2%): pool-1-thread-2
[1.486s][info][gc,stats    ]      39 of    40 ms ( 98.2%): pool-1-thread-3
[1.486s][info][gc,stats    ]      39 of    40 ms ( 98.5%): pool-1-thread-4
[1.486s][info][gc,stats    ]      39 of    40 ms ( 98.2%): pool-1-thread-5
[1.486s][info][gc,stats    ]      39 of    40 ms ( 98.4%): pool-1-thread-6
[1.486s][info][gc,stats    ]      39 of    40 ms ( 98.1%): pool-1-thread-7
[1.486s][info][gc,stats    ]      32 of    40 ms ( 81.2%): pool-1-thread-8
[1.486s][info][gc,stats    ]      31 of    40 ms ( 78.8%): pool-1-thread-9
[1.486s][info][gc,stats    ]     335 of    40 ms (847.9%): <total>
[1.486s][info][gc,stats    ]      13 of    40 ms ( 32.6%): <average total>
[1.486s][info][gc,stats    ]      37 of    40 ms ( 94.2%): <average non-zero>
[1.486s][info][gc,stats    ] 
[1.486s][info][gc,metaspace] Metaspace: 10527K(10816K)->10527K(10816K) NonClass: 9305K(9472K)->9305K(9472K) Class: 1222K(1344K)->1222K(1344K)
[1.486s][info][gc,ergo     ] Pacer for Idle. Initial: 8192K, Alloc Tax Rate: 1.0x
[1.491s][info][gc          ] Trigger: Average GC time (27.57 ms) is above the time for average allocation rate (1589 MB/s) to deplete free headroom (26640K) (margin of error = 1.93)
[1.491s][info][gc,ergo     ] Free headroom: 75792K (free) - 20480K (spike) - 28672K (penalties) = 26640K
[1.491s][info][gc,ergo     ] Free: 75536K, Max: 256K regular, 12544K humongous, Frag: 84% external, 0% internal; Reserve: 20480K, Max: 256K
[1.491s][info][gc,start    ] GC(28) Concurrent reset
[1.491s][info][gc,task     ] GC(28) Using 8 of 16 workers for concurrent reset
[1.491s][info][gc,ergo     ] GC(28) Pacer for Reset. Non-Taxable: 400M
[1.492s][info][gc          ] GC(28) Concurrent reset 0.751ms
[1.492s][info][gc,start    ] GC(28) Pause Init Mark (unload classes)
[1.492s][info][gc,task     ] GC(28) Using 16 of 16 workers for init marking
[1.492s][info][gc,ergo     ] GC(28) Pacer for Mark. Expected Live: 148M, Free: 66832K, Non-Taxable: 6683K, Alloc Tax Rate: 2.8x
[1.492s][info][gc          ] GC(28) Pause Init Mark (unload classes) 0.020ms
[1.492s][info][gc,start    ] GC(28) Concurrent marking roots
[1.492s][info][gc,task     ] GC(28) Using 8 of 16 workers for concurrent marking roots
[1.492s][info][gc          ] GC(28) Concurrent marking roots 0.154ms
[1.492s][info][gc,start    ] GC(28) Concurrent marking (unload classes)
[1.492s][info][gc,task     ] GC(28) Using 8 of 16 workers for concurrent marking
[1.512s][info][gc          ] GC(28) Concurrent marking (unload classes) 19.381ms
[1.512s][info][gc,start    ] GC(28) Pause Final Mark (unload classes)
[1.512s][info][gc,task     ] GC(28) Using 16 of 16 workers for final marking
[1.512s][info][gc,ergo     ] GC(28) Collectable Garbage: 186M (95%), Immediate: 186M (95%), CSet: 0B (0%)
[1.512s][info][gc          ] GC(28) Pause Final Mark (unload classes) 0.083ms
[1.512s][info][gc,start    ] GC(28) Concurrent weak references
[1.512s][info][gc,task     ] GC(28) Using 8 of 16 workers for concurrent weak references
[1.512s][info][gc,ref      ] GC(28) Encountered references: Soft: 143, Weak: 898, Final: 0, Phantom: 3
[1.512s][info][gc,ref      ] GC(28) Discovered  references: Soft: 0, Weak: 459, Final: 0, Phantom: 1
[1.512s][info][gc,ref      ] GC(28) Enqueued    references: Soft: 0, Weak: 0, Final: 0, Phantom: 0
[1.512s][info][gc          ] GC(28) Concurrent weak references 0.036ms
[1.512s][info][gc,start    ] GC(28) Concurrent weak roots
[1.512s][info][gc,task     ] GC(28) Using 8 of 16 workers for concurrent weak root
[1.512s][info][gc          ] GC(28) Concurrent weak roots 0.142ms
[1.512s][info][gc,start    ] GC(28) Concurrent cleanup
[1.512s][info][gc          ] GC(28) Concurrent cleanup 323M->137M(400M) 0.040ms
[1.512s][info][gc,ergo     ] GC(28) Free: 242M, Max: 256K regular, 76800K humongous, Frag: 70% external, 0% internal; Reserve: 20480K, Max: 256K
[1.512s][info][gc,start    ] GC(28) Concurrent class unloading
[1.512s][info][gc,task     ] GC(28) Using 8 of 16 workers for concurrent class unloading
[1.512s][info][gc          ] GC(28) Concurrent class unloading 0.232ms
[1.512s][info][gc,start    ] GC(28) Pause Final Roots
[1.512s][info][gc          ] GC(28) Pause Final Roots 0.004ms
[1.512s][info][gc,ergo     ] Free: 242M, Max: 256K regular, 76800K humongous, Frag: 70% external, 0% internal; Reserve: 20480K, Max: 256K
[1.512s][info][gc,stats    ] 
[1.512s][info][gc,stats    ] All times are wall-clock times, except per-root-class counters, that are sum over
[1.512s][info][gc,stats    ] all workers. Dividing the <total> over the root stage time estimates parallelism.
[1.512s][info][gc,stats    ] 
[1.512s][info][gc,stats    ] Concurrent Reset                    774 us
[1.512s][info][gc,stats    ] Pause Init Mark (G)                 130 us
[1.512s][info][gc,stats    ] Pause Init Mark (N)                  22 us
[1.512s][info][gc,stats    ]   Update Region States                5 us
[1.512s][info][gc,stats    ] Concurrent Mark Roots               184 us, parallelism: 3.08x
[1.512s][info][gc,stats    ]   CMR: <total>                      568 us
[1.512s][info][gc,stats    ]   CMR: Thread Roots                 410 us, workers (us):  65,   0,  75,  92,  71,  68,  38,   0, ---, ---, ---, ---, ---, ---, ---, ---, 
[1.512s][info][gc,stats    ]   CMR: VM Strong Roots               34 us, workers (us):  15,   7,   3,   0,   4,   3,   0,   1, ---, ---, ---, ---, ---, ---, ---, ---, 
[1.512s][info][gc,stats    ]   CMR: CLDG Roots                   124 us, workers (us):  18, 104, ---,   2, ---, ---, ---, ---, ---, ---, ---, ---, ---, ---, ---, ---, 
[1.512s][info][gc,stats    ] Concurrent Marking                19401 us
[1.512s][info][gc,stats    ] Pause Final Mark (G)                104 us
[1.512s][info][gc,stats    ] Pause Final Mark (N)                 86 us
[1.512s][info][gc,stats    ]   Finish Mark                        41 us
[1.512s][info][gc,stats    ]   Update Region States                7 us
[1.512s][info][gc,stats    ]   Choose Collection Set              15 us
[1.512s][info][gc,stats    ]   Rebuild Free Set                    6 us
[1.512s][info][gc,stats    ] Concurrent Weak References           37 us, parallelism: 0.61x
[1.512s][info][gc,stats    ]   CWRF: <total>                      23 us
[1.512s][info][gc,stats    ]   CWRF: Weak References              23 us, workers (us):   2,  21,   0,   0,   0,   0,   0,   0, ---, ---, ---, ---, ---, ---, ---, ---, 
[1.512s][info][gc,stats    ] Concurrent Weak Roots               144 us
[1.512s][info][gc,stats    ]   Roots                             132 us, parallelism: 4.14x
[1.512s][info][gc,stats    ]     CWR: <total>                    547 us
[1.512s][info][gc,stats    ]     CWR: Code Cache Roots           449 us, workers (us):  63,   5,  59, 103,  68,  96,   0,  55, ---, ---, ---, ---, ---, ---, ---, ---, 
[1.512s][info][gc,stats    ]     CWR: VM Weak Roots               84 us, workers (us):  13,  12,  12,  10,  10,  10,   8,   8, ---, ---, ---, ---, ---, ---, ---, ---, 
[1.512s][info][gc,stats    ]     CWR: CLDG Roots                  14 us, workers (us): ---, ---, ---,   3, ---,   2,   7,   2, ---, ---, ---, ---, ---, ---, ---, ---, 
[1.512s][info][gc,stats    ]   Rendezvous                          7 us
[1.512s][info][gc,stats    ] Concurrent Cleanup                   42 us
[1.512s][info][gc,stats    ] Concurrent Class Unloading          234 us
[1.512s][info][gc,stats    ]   Unlink Stale                      220 us
[1.512s][info][gc,stats    ]     System Dictionary                 2 us
[1.512s][info][gc,stats    ]     Weak Class Links                  0 us
[1.512s][info][gc,stats    ]     Code Roots                      217 us
[1.512s][info][gc,stats    ]   Rendezvous                          6 us
[1.512s][info][gc,stats    ]   Purge Unlinked                      3 us
[1.512s][info][gc,stats    ]     Code Roots                        1 us
[1.512s][info][gc,stats    ]     CLDG                              2 us
[1.512s][info][gc,stats    ]     Exception Caches                  0 us
[1.512s][info][gc,stats    ] Pause Final Roots (G)                76 us
[1.512s][info][gc,stats    ] Pause Final Roots (N)                 5 us
[1.512s][info][gc,stats    ] Pacing                           117362 us
[1.512s][info][gc,stats    ] 
[1.512s][info][gc,stats    ] Allocation pacing accrued:
[1.512s][info][gc,stats    ]      13 of    27 ms ( 48.7%): pool-1-thread-1
[1.512s][info][gc,stats    ]      13 of    27 ms ( 48.8%): pool-1-thread-2
[1.512s][info][gc,stats    ]      13 of    27 ms ( 49.5%): pool-1-thread-3
[1.512s][info][gc,stats    ]      13 of    27 ms ( 49.4%): pool-1-thread-4
[1.512s][info][gc,stats    ]      13 of    27 ms ( 48.6%): pool-1-thread-5
[1.512s][info][gc,stats    ]      13 of    27 ms ( 49.5%): pool-1-thread-6
[1.512s][info][gc,stats    ]      13 of    27 ms ( 49.0%): pool-1-thread-7
[1.512s][info][gc,stats    ]      13 of    27 ms ( 49.4%): pool-1-thread-8
[1.512s][info][gc,stats    ]      13 of    27 ms ( 49.4%): pool-1-thread-9
[1.512s][info][gc,stats    ]     117 of    27 ms (442.3%): <total>
[1.512s][info][gc,stats    ]       5 of    27 ms ( 17.0%): <average total>
[1.512s][info][gc,stats    ]      13 of    27 ms ( 49.1%): <average non-zero>
[1.512s][info][gc,stats    ] 
[1.512s][info][gc,metaspace] Metaspace: 10527K(10816K)->10527K(10816K) NonClass: 9305K(9472K)->9305K(9472K) Class: 1222K(1344K)->1222K(1344K)
[1.512s][info][gc,ergo     ] Pacer for Idle. Initial: 8192K, Alloc Tax Rate: 1.0x
[1.522s][info][gc          ] Trigger: Average GC time (29.01 ms) is above the time for average allocation rate (1585 MB/s) to deplete free headroom (43264K) (margin of error = 1.92)
[1.522s][info][gc,ergo     ] Free headroom: 88320K (free) - 20480K (spike) - 24576K (penalties) = 43264K
[1.522s][info][gc,ergo     ] Free: 86016K, Max: 256K regular, 51968K humongous, Frag: 40% external, 0% internal; Reserve: 20480K, Max: 256K
[1.522s][info][gc,start    ] GC(29) Concurrent reset
[1.522s][info][gc,task     ] GC(29) Using 8 of 16 workers for concurrent reset
[1.522s][info][gc,ergo     ] GC(29) Pacer for Reset. Non-Taxable: 400M
[1.523s][info][gc          ] GC(29) Concurrent reset 0.555ms
[1.523s][info][gc,start    ] GC(29) Pause Init Mark (unload classes)
[1.523s][info][gc,task     ] GC(29) Using 16 of 16 workers for init marking
[1.523s][info][gc,ergo     ] GC(29) Pacer for Mark. Expected Live: 142M, Free: 81408K, Non-Taxable: 8140K, Alloc Tax Rate: 2.2x
[1.523s][info][gc          ] GC(29) Pause Init Mark (unload classes) 0.023ms
[1.523s][info][gc,start    ] GC(29) Concurrent marking roots
[1.523s][info][gc,task     ] GC(29) Using 8 of 16 workers for concurrent marking roots
[1.523s][info][gc          ] GC(29) Concurrent marking roots 0.087ms
[1.523s][info][gc,start    ] GC(29) Concurrent marking (unload classes)
[1.523s][info][gc,task     ] GC(29) Using 8 of 16 workers for concurrent marking
[1.546s][info][gc          ] GC(29) Concurrent marking (unload classes) 22.928ms
[1.546s][info][gc,start    ] GC(29) Pause Final Mark (unload classes)
[1.546s][info][gc,task     ] GC(29) Using 16 of 16 workers for final marking
[1.546s][info][gc,ergo     ] GC(29) Collectable Garbage: 153M (95%), Immediate: 153M (95%), CSet: 0B (0%)
[1.546s][info][gc          ] GC(29) Pause Final Mark (unload classes) 0.087ms
[1.546s][info][gc,start    ] GC(29) Concurrent weak references
[1.546s][info][gc,task     ] GC(29) Using 8 of 16 workers for concurrent weak references
[1.546s][info][gc,ref      ] GC(29) Encountered references: Soft: 143, Weak: 898, Final: 0, Phantom: 3
[1.546s][info][gc,ref      ] GC(29) Discovered  references: Soft: 0, Weak: 466, Final: 0, Phantom: 2
[1.546s][info][gc,ref      ] GC(29) Enqueued    references: Soft: 0, Weak: 0, Final: 0, Phantom: 0
[1.546s][info][gc          ] GC(29) Concurrent weak references 0.078ms
[1.546s][info][gc,start    ] GC(29) Concurrent weak roots
[1.546s][info][gc,task     ] GC(29) Using 8 of 16 workers for concurrent weak root
[1.546s][info][gc          ] GC(29) Concurrent weak roots 0.264ms
[1.546s][info][gc,start    ] GC(29) Concurrent cleanup
[1.546s][info][gc          ] GC(29) Concurrent cleanup 373M->219M(400M) 0.036ms
[1.547s][info][gc,ergo     ] GC(29) Free: 160M, Max: 256K regular, 7168K humongous, Frag: 96% external, 0% internal; Reserve: 20480K, Max: 256K
[1.547s][info][gc,start    ] GC(29) Concurrent class unloading
[1.547s][info][gc,task     ] GC(29) Using 8 of 16 workers for concurrent class unloading
[1.547s][info][gc          ] GC(29) Concurrent class unloading 0.290ms
[1.547s][info][gc,start    ] GC(29) Pause Final Roots
[1.547s][info][gc          ] GC(29) Pause Final Roots 0.003ms
[1.547s][info][gc,ergo     ] Free: 160M, Max: 256K regular, 7168K humongous, Frag: 96% external, 0% internal; Reserve: 20480K, Max: 256K
[1.547s][info][gc,stats    ] 
[1.547s][info][gc,stats    ] All times are wall-clock times, except per-root-class counters, that are sum over
[1.547s][info][gc,stats    ] all workers. Dividing the <total> over the root stage time estimates parallelism.
[1.547s][info][gc,stats    ] 
[1.547s][info][gc,stats    ] Concurrent Reset                    578 us
[1.547s][info][gc,stats    ] Pause Init Mark (G)                 158 us
[1.547s][info][gc,stats    ] Pause Init Mark (N)                  26 us
[1.547s][info][gc,stats    ]   Update Region States                5 us
[1.547s][info][gc,stats    ] Concurrent Mark Roots                89 us, parallelism: 3.28x
[1.547s][info][gc,stats    ]   CMR: <total>                      292 us
[1.547s][info][gc,stats    ]   CMR: Thread Roots                 213 us, workers (us):  26,  31,   0,  32,  36,  32,  24,  32, ---, ---, ---, ---, ---, ---, ---, ---, 
[1.547s][info][gc,stats    ]   CMR: VM Strong Roots               16 us, workers (us):   4,   4,   4,   1,   1,   1,   1,   1, ---, ---, ---, ---, ---, ---, ---, ---, 
[1.547s][info][gc,stats    ]   CMR: CLDG Roots                    64 us, workers (us):   3,   3,  55,   3, ---, ---, ---, ---, ---, ---, ---, ---, ---, ---, ---, ---, 
[1.547s][info][gc,stats    ] Concurrent Marking                22996 us
[1.547s][info][gc,stats    ] Pause Final Mark (G)                128 us
[1.547s][info][gc,stats    ] Pause Final Mark (N)                 89 us
[1.547s][info][gc,stats    ]   Finish Mark                        46 us
[1.547s][info][gc,stats    ]   Update Region States                9 us
[1.547s][info][gc,stats    ]   Choose Collection Set              10 us
[1.547s][info][gc,stats    ]   Rebuild Free Set                    4 us
[1.547s][info][gc,stats    ] Concurrent Weak References           80 us, parallelism: 0.74x
[1.547s][info][gc,stats    ]   CWRF: <total>                      59 us
[1.547s][info][gc,stats    ]   CWRF: Weak References              59 us, workers (us):  51,   2,   1,   1,   2,   1,   0,   0, ---, ---, ---, ---, ---, ---, ---, ---, 
[1.547s][info][gc,stats    ] Concurrent Weak Roots               266 us
[1.547s][info][gc,stats    ]   Roots                             251 us, parallelism: 5.01x
[1.547s][info][gc,stats    ]     CWR: <total>                   1258 us
[1.547s][info][gc,stats    ]     CWR: Code Cache Roots          1048 us, workers (us): 187, 144, 169,   7, 185, 176, 180,   0, ---, ---, ---, ---, ---, ---, ---, ---, 
[1.547s][info][gc,stats    ]     CWR: VM Weak Roots              186 us, workers (us):  31,  31,  27,  26,  26,  24,  21,   0, ---, ---, ---, ---, ---, ---, ---, ---, 
[1.547s][info][gc,stats    ]     CWR: CLDG Roots                  24 us, workers (us): ---, ---,   5,   5, ---,   6,   8, ---, ---, ---, ---, ---, ---, ---, ---, ---, 
[1.547s][info][gc,stats    ]   Rendezvous                         10 us
[1.547s][info][gc,stats    ] Concurrent Cleanup                   38 us
[1.547s][info][gc,stats    ] Concurrent Class Unloading          292 us
[1.547s][info][gc,stats    ]   Unlink Stale                      275 us
[1.547s][info][gc,stats    ]     System Dictionary                 2 us
[1.547s][info][gc,stats    ]     Weak Class Links                  0 us
[1.547s][info][gc,stats    ]     Code Roots                      273 us
[1.547s][info][gc,stats    ]   Rendezvous                          7 us
[1.547s][info][gc,stats    ]   Purge Unlinked                      3 us
[1.547s][info][gc,stats    ]     Code Roots                        0 us
[1.547s][info][gc,stats    ]     CLDG                              2 us
[1.547s][info][gc,stats    ]     Exception Caches                  0 us
[1.547s][info][gc,stats    ] Pause Final Roots (G)                16 us
[1.547s][info][gc,stats    ] Pause Final Roots (N)                 4 us
[1.547s][info][gc,stats    ] Pacing                           295898 us
[1.547s][info][gc,stats    ] 
[1.547s][info][gc,stats    ] Allocation pacing accrued:
[1.547s][info][gc,stats    ]      33 of    35 ms ( 94.8%): pool-1-thread-1
[1.547s][info][gc,stats    ]      33 of    35 ms ( 95.3%): pool-1-thread-2
[1.547s][info][gc,stats    ]      33 of    35 ms ( 95.5%): pool-1-thread-3
[1.547s][info][gc,stats    ]      33 of    35 ms ( 94.8%): pool-1-thread-4
[1.547s][info][gc,stats    ]      33 of    35 ms ( 94.8%): pool-1-thread-5
[1.547s][info][gc,stats    ]      33 of    35 ms ( 94.7%): pool-1-thread-6
[1.547s][info][gc,stats    ]      33 of    35 ms ( 95.5%): pool-1-thread-7
[1.547s][info][gc,stats    ]      33 of    35 ms ( 94.9%): pool-1-thread-8
[1.547s][info][gc,stats    ]      33 of    35 ms ( 95.4%): pool-1-thread-9
[1.547s][info][gc,stats    ]     296 of    35 ms (855.7%): <total>
[1.547s][info][gc,stats    ]      11 of    35 ms ( 32.9%): <average total>
[1.547s][info][gc,stats    ]      33 of    35 ms ( 95.1%): <average non-zero>
[1.547s][info][gc,stats    ] 
[1.547s][info][gc,metaspace] Metaspace: 10527K(10816K)->10527K(10816K) NonClass: 9305K(9472K)->9305K(9472K) Class: 1222K(1344K)->1222K(1344K)
[1.547s][info][gc,ergo     ] Pacer for Idle. Initial: 8192K, Alloc Tax Rate: 1.0x
[1.561s][info][gc          ] Trigger: Average GC time (28.03 ms) is above the time for average allocation rate (1589 MB/s) to deplete free headroom (27648K) (margin of error = 1.93)
[1.561s][info][gc,ergo     ] Free headroom: 68608K (free) - 20480K (spike) - 20480K (penalties) = 27648K
[1.561s][info][gc,ergo     ] Free: 66560K, Max: 256K regular, 7168K humongous, Frag: 90% external, 0% internal; Reserve: 20480K, Max: 256K
[1.561s][info][gc,start    ] GC(30) Concurrent reset
[1.561s][info][gc,task     ] GC(30) Using 8 of 16 workers for concurrent reset
[1.561s][info][gc,ergo     ] GC(30) Pacer for Reset. Non-Taxable: 400M
[1.561s][info][gc          ] GC(30) Concurrent reset 0.519ms
[1.561s][info][gc,start    ] GC(30) Pause Init Mark (unload classes)
[1.561s][info][gc,task     ] GC(30) Using 16 of 16 workers for init marking
[1.562s][info][gc,ergo     ] GC(30) Pacer for Mark. Expected Live: 144M, Free: 53760K, Non-Taxable: 5376K, Alloc Tax Rate: 3.4x
[1.562s][info][gc          ] GC(30) Pause Init Mark (unload classes) 0.017ms
[1.562s][info][gc,start    ] GC(30) Concurrent marking roots
[1.562s][info][gc,task     ] GC(30) Using 8 of 16 workers for concurrent marking roots
[1.562s][info][gc          ] GC(30) Concurrent marking roots 0.233ms
[1.562s][info][gc,start    ] GC(30) Concurrent marking (unload classes)
[1.562s][info][gc,task     ] GC(30) Using 8 of 16 workers for concurrent marking
[1.586s][info][gc          ] GC(30) Concurrent marking (unload classes) 23.851ms
[1.586s][info][gc,start    ] GC(30) Pause Final Mark (unload classes)
[1.586s][info][gc,task     ] GC(30) Using 16 of 16 workers for final marking
[1.586s][info][gc,ergo     ] GC(30) Collectable Garbage: 165M (95%), Immediate: 165M (95%), CSet: 0B (0%)
[1.586s][info][gc          ] GC(30) Pause Final Mark (unload classes) 0.115ms
[1.586s][info][gc,start    ] GC(30) Concurrent weak references
[1.586s][info][gc,task     ] GC(30) Using 8 of 16 workers for concurrent weak references
[1.586s][info][gc,ref      ] GC(30) Encountered references: Soft: 143, Weak: 898, Final: 0, Phantom: 3
[1.586s][info][gc,ref      ] GC(30) Discovered  references: Soft: 0, Weak: 478, Final: 0, Phantom: 2
[1.586s][info][gc,ref      ] GC(30) Enqueued    references: Soft: 0, Weak: 0, Final: 0, Phantom: 0
[1.586s][info][gc          ] GC(30) Concurrent weak references 0.154ms
[1.586s][info][gc,start    ] GC(30) Concurrent weak roots
[1.586s][info][gc,task     ] GC(30) Using 8 of 16 workers for concurrent weak root
[1.587s][info][gc          ] GC(30) Concurrent weak roots 0.665ms
[1.587s][info][gc,start    ] GC(30) Concurrent cleanup
[1.587s][info][gc          ] GC(30) Concurrent cleanup 378M->212M(400M) 0.073ms
[1.587s][info][gc,ergo     ] GC(30) Free: 167M, Max: 256K regular, 9216K humongous, Frag: 95% external, 0% internal; Reserve: 20480K, Max: 256K
[1.587s][info][gc,start    ] GC(30) Concurrent class unloading
[1.587s][info][gc,task     ] GC(30) Using 8 of 16 workers for concurrent class unloading
[1.587s][info][gc          ] GC(30) Concurrent class unloading 0.424ms
[1.587s][info][gc,start    ] GC(30) Pause Final Roots
[1.587s][info][gc          ] GC(30) Pause Final Roots 0.003ms
[1.587s][info][gc,ergo     ] Free: 167M, Max: 256K regular, 9216K humongous, Frag: 95% external, 0% internal; Reserve: 20480K, Max: 256K
[1.587s][info][gc,stats    ] 
[1.587s][info][gc,stats    ] All times are wall-clock times, except per-root-class counters, that are sum over
[1.587s][info][gc,stats    ] all workers. Dividing the <total> over the root stage time estimates parallelism.
[1.587s][info][gc,stats    ] 
[1.587s][info][gc,stats    ] Concurrent Reset                    525 us
[1.587s][info][gc,stats    ] Pause Init Mark (G)                 154 us
[1.587s][info][gc,stats    ] Pause Init Mark (N)                  19 us
[1.587s][info][gc,stats    ]   Update Region States                4 us
[1.587s][info][gc,stats    ] Concurrent Mark Roots               236 us, parallelism: 2.33x
[1.587s][info][gc,stats    ]   CMR: <total>                      551 us
[1.587s][info][gc,stats    ]   CMR: Thread Roots                 357 us, workers (us):   0,  77,  83,  78,  53,  49,  16,   0, ---, ---, ---, ---, ---, ---, ---, ---, 
[1.587s][info][gc,stats    ]   CMR: VM Strong Roots               34 us, workers (us):  16,   8,   1,   3,   4,   2,   1,   0, ---, ---, ---, ---, ---, ---, ---, ---, 
[1.587s][info][gc,stats    ]   CMR: CLDG Roots                   160 us, workers (us): 127,  18,  16, ---, ---, ---, ---, ---, ---, ---, ---, ---, ---, ---, ---, ---, 
[1.587s][info][gc,stats    ] Concurrent Marking                23955 us
[1.587s][info][gc,stats    ] Pause Final Mark (G)                152 us
[1.587s][info][gc,stats    ] Pause Final Mark (N)                119 us
[1.587s][info][gc,stats    ]   Finish Mark                        60 us
[1.587s][info][gc,stats    ]   Update Region States               15 us
[1.587s][info][gc,stats    ]   Choose Collection Set              17 us
[1.587s][info][gc,stats    ]   Rebuild Free Set                    5 us
[1.587s][info][gc,stats    ] Concurrent Weak References          167 us, parallelism: 0.37x
[1.587s][info][gc,stats    ]   CWRF: <total>                      63 us
[1.587s][info][gc,stats    ]   CWRF: Weak References              63 us, workers (us):  52,   4,   4,   1,   1,   0,   0,   0, ---, ---, ---, ---, ---, ---, ---, ---, 
[1.587s][info][gc,stats    ] Concurrent Weak Roots               666 us
[1.587s][info][gc,stats    ]   Roots                             623 us, parallelism: 4.31x
[1.587s][info][gc,stats    ]     CWR: <total>                   2685 us
[1.587s][info][gc,stats    ]     CWR: Code Cache Roots          2404 us, workers (us): 165, 449, 365, 376, 505, 491,  52,   0, ---, ---, ---, ---, ---, ---, ---, ---, 
[1.587s][info][gc,stats    ]     CWR: VM Weak Roots              247 us, workers (us):  51,  49,  48,  30,  28,  22,  19,   0, ---, ---, ---, ---, ---, ---, ---, ---, 
[1.587s][info][gc,stats    ]     CWR: CLDG Roots                  34 us, workers (us):   9, ---,   7,   7,  12, ---, ---, ---, ---, ---, ---, ---, ---, ---, ---, ---, 
[1.587s][info][gc,stats    ]   Rendezvous                         17 us
[1.587s][info][gc,stats    ] Concurrent Cleanup                   75 us
[1.587s][info][gc,stats    ] Concurrent Class Unloading          426 us
[1.587s][info][gc,stats    ]   Unlink Stale                      409 us
[1.587s][info][gc,stats    ]     System Dictionary                 2 us
[1.587s][info][gc,stats    ]     Weak Class Links                  1 us
[1.587s][info][gc,stats    ]     Code Roots                      406 us
[1.587s][info][gc,stats    ]   Rendezvous                          8 us
[1.587s][info][gc,stats    ]   Purge Unlinked                      2 us
[1.587s][info][gc,stats    ]     Code Roots                        1 us
[1.587s][info][gc,stats    ]     CLDG                              2 us
[1.587s][info][gc,stats    ]     Exception Caches                  0 us
[1.587s][info][gc,stats    ] Pause Final Roots (G)                76 us
[1.587s][info][gc,stats    ] Pause Final Roots (N)                 5 us
[1.587s][info][gc,stats    ] Pacing                           297408 us
[1.587s][info][gc,stats    ] 
[1.587s][info][gc,stats    ] Allocation pacing accrued:
[1.587s][info][gc,stats    ]      33 of    40 ms ( 81.9%): pool-1-thread-1
[1.587s][info][gc,stats    ]      33 of    40 ms ( 81.8%): pool-1-thread-2
[1.587s][info][gc,stats    ]      33 of    40 ms ( 81.9%): pool-1-thread-3
[1.587s][info][gc,stats    ]      33 of    40 ms ( 82.0%): pool-1-thread-4
[1.587s][info][gc,stats    ]      33 of    40 ms ( 81.8%): pool-1-thread-5
[1.587s][info][gc,stats    ]      33 of    40 ms ( 81.8%): pool-1-thread-6
[1.587s][info][gc,stats    ]      33 of    40 ms ( 81.5%): pool-1-thread-7
[1.587s][info][gc,stats    ]      33 of    40 ms ( 81.6%): pool-1-thread-8
[1.587s][info][gc,stats    ]      33 of    40 ms ( 80.5%): pool-1-thread-9
[1.587s][info][gc,stats    ]     297 of    40 ms (734.7%): <total>
[1.587s][info][gc,stats    ]      11 of    40 ms ( 28.3%): <average total>
[1.587s][info][gc,stats    ]      33 of    40 ms ( 81.6%): <average non-zero>
[1.587s][info][gc,stats    ] 
[1.587s][info][gc,metaspace] Metaspace: 10527K(10816K)->10527K(10816K) NonClass: 9305K(9472K)->9305K(9472K) Class: 1222K(1344K)->1222K(1344K)
[1.587s][info][gc,ergo     ] Pacer for Idle. Initial: 8192K, Alloc Tax Rate: 1.0x
[1.600s][info][gc          ] Trigger: Average GC time (28.81 ms) is above the time for average allocation rate (1592 MB/s) to deplete free headroom (46336K) (margin of error = 1.94)
[1.600s][info][gc,ergo     ] Free headroom: 83200K (free) - 20480K (spike) - 16384K (penalties) = 46336K
[1.600s][info][gc,ergo     ] Free: 81920K, Max: 256K regular, 9216K humongous, Frag: 89% external, 0% internal; Reserve: 20480K, Max: 256K
[1.600s][info][gc,start    ] GC(31) Concurrent reset
[1.600s][info][gc,task     ] GC(31) Using 8 of 16 workers for concurrent reset
[1.600s][info][gc,ergo     ] GC(31) Pacer for Reset. Non-Taxable: 400M
[1.601s][info][gc          ] GC(31) Concurrent reset 0.623ms
[1.601s][info][gc,start    ] GC(31) Pause Init Mark (unload classes)
[1.601s][info][gc,task     ] GC(31) Using 16 of 16 workers for init marking
[1.601s][info][gc,ergo     ] GC(31) Pacer for Mark. Expected Live: 145M, Free: 66816K, Non-Taxable: 6681K, Alloc Tax Rate: 2.7x
[1.601s][info][gc          ] GC(31) Pause Init Mark (unload classes) 0.023ms
[1.601s][info][gc,start    ] GC(31) Concurrent marking roots
[1.601s][info][gc,task     ] GC(31) Using 8 of 16 workers for concurrent marking roots
[1.601s][info][gc          ] GC(31) Concurrent marking roots 0.216ms
[1.601s][info][gc,start    ] GC(31) Concurrent marking (unload classes)
[1.601s][info][gc,task     ] GC(31) Using 8 of 16 workers for concurrent marking
[1.622s][info][gc          ] GC(31) Concurrent marking (unload classes) 21.138ms
[1.622s][info][gc,start    ] GC(31) Pause Final Mark (unload classes)
[1.622s][info][gc,task     ] GC(31) Using 16 of 16 workers for final marking
[1.623s][info][gc,ergo     ] GC(31) Collectable Garbage: 157M (97%), Immediate: 157M (97%), CSet: 0B (0%)
[1.623s][info][gc          ] GC(31) Pause Final Mark (unload classes) 0.094ms
[1.623s][info][gc,start    ] GC(31) Concurrent weak references
[1.623s][info][gc,task     ] GC(31) Using 8 of 16 workers for concurrent weak references
[1.623s][info][gc,ref      ] GC(31) Encountered references: Soft: 143, Weak: 898, Final: 0, Phantom: 3
[1.623s][info][gc,ref      ] GC(31) Discovered  references: Soft: 0, Weak: 448, Final: 0, Phantom: 3
[1.623s][info][gc,ref      ] GC(31) Enqueued    references: Soft: 0, Weak: 0, Final: 0, Phantom: 0
[1.623s][info][gc          ] GC(31) Concurrent weak references 0.037ms
[1.623s][info][gc,start    ] GC(31) Concurrent weak roots
[1.623s][info][gc,task     ] GC(31) Using 8 of 16 workers for concurrent weak root
[1.623s][info][gc          ] GC(31) Concurrent weak roots 0.123ms
[1.623s][info][gc,start    ] GC(31) Concurrent cleanup
[1.623s][info][gc          ] GC(31) Concurrent cleanup 323M->166M(400M) 0.040ms
[1.623s][info][gc,ergo     ] GC(31) Free: 213M, Max: 256K regular, 75008K humongous, Frag: 66% external, 0% internal; Reserve: 20480K, Max: 256K
[1.623s][info][gc,start    ] GC(31) Concurrent class unloading
[1.623s][info][gc,task     ] GC(31) Using 8 of 16 workers for concurrent class unloading
[1.623s][info][gc          ] GC(31) Concurrent class unloading 0.328ms
[1.623s][info][gc,start    ] GC(31) Pause Final Roots
[1.623s][info][gc          ] GC(31) Pause Final Roots 0.012ms
[1.623s][info][gc,ergo     ] Free: 213M, Max: 256K regular, 75008K humongous, Frag: 66% external, 0% internal; Reserve: 20480K, Max: 256K
[1.623s][info][gc,stats    ] 
[1.623s][info][gc,stats    ] All times are wall-clock times, except per-root-class counters, that are sum over
[1.623s][info][gc,stats    ] all workers. Dividing the <total> over the root stage time estimates parallelism.
[1.623s][info][gc,stats    ] 
[1.623s][info][gc,stats    ] Concurrent Reset                    665 us
[1.623s][info][gc,stats    ] Pause Init Mark (G)                 169 us
[1.623s][info][gc,stats    ] Pause Init Mark (N)                  25 us
[1.623s][info][gc,stats    ]   Update Region States                5 us
[1.623s][info][gc,stats    ] Concurrent Mark Roots               219 us, parallelism: 3.12x
[1.623s][info][gc,stats    ]   CMR: <total>                      684 us
[1.623s][info][gc,stats    ]   CMR: Thread Roots                 445 us, workers (us):  42,   0,  78,  48,  50,  68, 108,  52, ---, ---, ---, ---, ---, ---, ---, ---, 
[1.623s][info][gc,stats    ]   CMR: VM Strong Roots               32 us, workers (us):   8,   6,  13,   0,   0,   1,   2,   1, ---, ---, ---, ---, ---, ---, ---, ---, 
[1.623s][info][gc,stats    ]   CMR: CLDG Roots                   207 us, workers (us):  25, 168,   1,  13, ---, ---, ---, ---, ---, ---, ---, ---, ---, ---, ---, ---, 
[1.623s][info][gc,stats    ] Concurrent Marking                21147 us
[1.623s][info][gc,stats    ] Pause Final Mark (G)                105 us
[1.623s][info][gc,stats    ] Pause Final Mark (N)                 96 us
[1.623s][info][gc,stats    ]   Finish Mark                        61 us
[1.623s][info][gc,stats    ]   Update Region States                7 us
[1.623s][info][gc,stats    ]   Choose Collection Set              13 us
[1.623s][info][gc,stats    ]   Rebuild Free Set                    5 us
[1.623s][info][gc,stats    ] Concurrent Weak References           38 us, parallelism: 0.61x
[1.623s][info][gc,stats    ]   CWRF: <total>                      23 us
[1.623s][info][gc,stats    ]   CWRF: Weak References              23 us, workers (us):   1,  21,   0,   0,   0,   0,   0,   0, ---, ---, ---, ---, ---, ---, ---, ---, 
[1.623s][info][gc,stats    ] Concurrent Weak Roots               125 us
[1.623s][info][gc,stats    ]   Roots                             115 us, parallelism: 4.58x
[1.623s][info][gc,stats    ]     CWR: <total>                    526 us
[1.623s][info][gc,stats    ]     CWR: Code Cache Roots           432 us, workers (us):   4,  75,  70,  71,  89,  62,  61,   0, ---, ---, ---, ---, ---, ---, ---, ---, 
[1.623s][info][gc,stats    ]     CWR: VM Weak Roots               87 us, workers (us):  14,  13,  12,  12,  12,  12,  11,   1, ---, ---, ---, ---, ---, ---, ---, ---, 
[1.623s][info][gc,stats    ]     CWR: CLDG Roots                   8 us, workers (us): ---, ---,   2,   2,   2, ---,   2, ---, ---, ---, ---, ---, ---, ---, ---, ---, 
[1.623s][info][gc,stats    ]   Rendezvous                          6 us
[1.623s][info][gc,stats    ] Concurrent Cleanup                   42 us
[1.623s][info][gc,stats    ] Concurrent Class Unloading          330 us
[1.623s][info][gc,stats    ]   Unlink Stale                      317 us
[1.623s][info][gc,stats    ]     System Dictionary                 2 us
[1.623s][info][gc,stats    ]     Weak Class Links                  0 us
[1.623s][info][gc,stats    ]     Code Roots                      314 us
[1.623s][info][gc,stats    ]   Rendezvous                          5 us
[1.623s][info][gc,stats    ]   Purge Unlinked                      2 us
[1.623s][info][gc,stats    ]     Code Roots                        0 us
[1.623s][info][gc,stats    ]     CLDG                              2 us
[1.623s][info][gc,stats    ]     Exception Caches                  0 us
[1.623s][info][gc,stats    ] Pause Final Roots (G)                19 us
[1.623s][info][gc,stats    ] Pause Final Roots (N)                14 us
[1.623s][info][gc,stats    ] Pacing                           201350 us
[1.623s][info][gc,stats    ] 
[1.623s][info][gc,stats    ] Allocation pacing accrued:
[1.623s][info][gc,stats    ]      22 of    36 ms ( 62.7%): pool-1-thread-1
[1.623s][info][gc,stats    ]      22 of    36 ms ( 62.7%): pool-1-thread-2
[1.623s][info][gc,stats    ]      22 of    36 ms ( 62.7%): pool-1-thread-3
[1.623s][info][gc,stats    ]      22 of    36 ms ( 62.7%): pool-1-thread-4
[1.623s][info][gc,stats    ]      22 of    36 ms ( 62.8%): pool-1-thread-5
[1.623s][info][gc,stats    ]      22 of    36 ms ( 62.7%): pool-1-thread-6
[1.623s][info][gc,stats    ]      22 of    36 ms ( 62.7%): pool-1-thread-7
[1.623s][info][gc,stats    ]      22 of    36 ms ( 60.8%): pool-1-thread-8
[1.623s][info][gc,stats    ]      23 of    36 ms ( 62.9%): pool-1-thread-9
[1.623s][info][gc,stats    ]     201 of    36 ms (562.7%): <total>
[1.623s][info][gc,stats    ]       8 of    36 ms ( 21.6%): <average total>
[1.623s][info][gc,stats    ]      22 of    36 ms ( 62.5%): <average non-zero>
[1.623s][info][gc,stats    ] 
[1.623s][info][gc,metaspace] Metaspace: 10527K(10816K)->10527K(10816K) NonClass: 9305K(9472K)->9305K(9472K) Class: 1222K(1344K)->1222K(1344K)
[1.623s][info][gc,ergo     ] Pacer for Idle. Initial: 8192K, Alloc Tax Rate: 1.0x
[1.632s][info][gc          ] Trigger: Average GC time (27.53 ms) is above the time for average allocation rate (1590 MB/s) to deplete free headroom (34304K) (margin of error = 1.93)
[1.632s][info][gc,ergo     ] Free headroom: 67072K (free) - 20480K (spike) - 12288K (penalties) = 34304K
[1.632s][info][gc,ergo     ] Free: 66816K, Max: 256K regular, 63744K humongous, Frag: 5% external, 0% internal; Reserve: 20480K, Max: 256K
[1.632s][info][gc,start    ] GC(32) Concurrent reset
[1.632s][info][gc,task     ] GC(32) Using 8 of 16 workers for concurrent reset
[1.632s][info][gc,ergo     ] GC(32) Pacer for Reset. Non-Taxable: 400M
[1.632s][info][gc          ] GC(32) Concurrent reset 0.539ms
[1.632s][info][gc,start    ] GC(32) Pause Init Mark (unload classes)
[1.632s][info][gc,task     ] GC(32) Using 16 of 16 workers for init marking
[1.632s][info][gc,ergo     ] GC(32) Pacer for Mark. Expected Live: 145M, Free: 56320K, Non-Taxable: 5632K, Alloc Tax Rate: 3.2x
[1.632s][info][gc          ] GC(32) Pause Init Mark (unload classes) 0.019ms
[1.632s][info][gc,start    ] GC(32) Concurrent marking roots
[1.632s][info][gc,task     ] GC(32) Using 8 of 16 workers for concurrent marking roots
[1.632s][info][gc          ] GC(32) Concurrent marking roots 0.116ms
[1.632s][info][gc,start    ] GC(32) Concurrent marking (unload classes)
[1.632s][info][gc,task     ] GC(32) Using 8 of 16 workers for concurrent marking
[1.650s][info][gc          ] GC(32) Concurrent marking (unload classes) 17.720ms
[1.650s][info][gc,start    ] GC(32) Pause Final Mark (unload classes)
[1.650s][info][gc,task     ] GC(32) Using 16 of 16 workers for final marking
[1.650s][info][gc,ergo     ] GC(32) Collectable Garbage: 193M (97%), Immediate: 193M (97%), CSet: 0B (0%)
[1.650s][info][gc          ] GC(32) Pause Final Mark (unload classes) 0.090ms
[1.650s][info][gc,start    ] GC(32) Concurrent weak references
[1.650s][info][gc,task     ] GC(32) Using 8 of 16 workers for concurrent weak references
[1.650s][info][gc,ref      ] GC(32) Encountered references: Soft: 143, Weak: 898, Final: 0, Phantom: 3
[1.650s][info][gc,ref      ] GC(32) Discovered  references: Soft: 0, Weak: 498, Final: 0, Phantom: 2
[1.650s][info][gc,ref      ] GC(32) Enqueued    references: Soft: 0, Weak: 0, Final: 0, Phantom: 0
[1.650s][info][gc          ] GC(32) Concurrent weak references 0.042ms
[1.650s][info][gc,start    ] GC(32) Concurrent weak roots
[1.650s][info][gc,task     ] GC(32) Using 8 of 16 workers for concurrent weak root
[1.650s][info][gc          ] GC(32) Concurrent weak roots 0.126ms
[1.650s][info][gc,start    ] GC(32) Concurrent cleanup
[1.650s][info][gc          ] GC(32) Concurrent cleanup 332M->139M(400M) 0.040ms
[1.651s][info][gc,ergo     ] GC(32) Free: 240M, Max: 256K regular, 68608K humongous, Frag: 73% external, 0% internal; Reserve: 20480K, Max: 256K
[1.651s][info][gc,start    ] GC(32) Concurrent class unloading
[1.651s][info][gc,task     ] GC(32) Using 8 of 16 workers for concurrent class unloading
[1.651s][info][gc          ] GC(32) Concurrent class unloading 0.266ms
[1.651s][info][gc,start    ] GC(32) Pause Final Roots
[1.651s][info][gc          ] GC(32) Pause Final Roots 0.003ms
[1.651s][info][gc,ergo     ] Free: 240M, Max: 256K regular, 68608K humongous, Frag: 73% external, 0% internal; Reserve: 20480K, Max: 256K
[1.651s][info][gc,stats    ] 
[1.651s][info][gc,stats    ] All times are wall-clock times, except per-root-class counters, that are sum over
[1.651s][info][gc,stats    ] all workers. Dividing the <total> over the root stage time estimates parallelism.
[1.651s][info][gc,stats    ] 
[1.651s][info][gc,stats    ] Concurrent Reset                    543 us
[1.651s][info][gc,stats    ] Pause Init Mark (G)                 133 us
[1.651s][info][gc,stats    ] Pause Init Mark (N)                  21 us
[1.651s][info][gc,stats    ]   Update Region States                5 us
[1.651s][info][gc,stats    ] Concurrent Mark Roots               118 us, parallelism: 3.60x
[1.651s][info][gc,stats    ]   CMR: <total>                      426 us
[1.651s][info][gc,stats    ]   CMR: Thread Roots                 344 us, workers (us):  70,  49,  34,   0,  62,  31,  71,  26, ---, ---, ---, ---, ---, ---, ---, ---, 
[1.651s][info][gc,stats    ]   CMR: VM Strong Roots               13 us, workers (us):   6,   4,   1,   0,   0,   2,   1,   0, ---, ---, ---, ---, ---, ---, ---, ---, 
[1.651s][info][gc,stats    ]   CMR: CLDG Roots                    69 us, workers (us):   4,   9,   8,  49, ---, ---, ---, ---, ---, ---, ---, ---, ---, ---, ---, ---, 
[1.651s][info][gc,stats    ] Concurrent Marking                17751 us
[1.651s][info][gc,stats    ] Pause Final Mark (G)                103 us
[1.651s][info][gc,stats    ] Pause Final Mark (N)                 93 us
[1.651s][info][gc,stats    ]   Finish Mark                        54 us
[1.651s][info][gc,stats    ]   Update Region States                7 us
[1.651s][info][gc,stats    ]   Choose Collection Set              14 us
[1.651s][info][gc,stats    ]   Rebuild Free Set                    4 us
[1.651s][info][gc,stats    ] Concurrent Weak References           44 us, parallelism: 0.65x
[1.651s][info][gc,stats    ]   CWRF: <total>                      28 us
[1.651s][info][gc,stats    ]   CWRF: Weak References              28 us, workers (us):   2,  25,   0,   0,   0,   0,   0,   0, ---, ---, ---, ---, ---, ---, ---, ---, 
[1.651s][info][gc,stats    ] Concurrent Weak Roots               128 us
[1.651s][info][gc,stats    ]   Roots                             118 us, parallelism: 4.64x
[1.651s][info][gc,stats    ]     CWR: <total>                    549 us
[1.651s][info][gc,stats    ]     CWR: Code Cache Roots           439 us, workers (us):  81,  60,  89,   3,  64,  59,  73,  10, ---, ---, ---, ---, ---, ---, ---, ---, 
[1.651s][info][gc,stats    ]     CWR: VM Weak Roots               98 us, workers (us):  14,  12,  12,  12,  12,  12,  11,  11, ---, ---, ---, ---, ---, ---, ---, ---, 
[1.651s][info][gc,stats    ]     CWR: CLDG Roots                  12 us, workers (us): ---,   3, ---,   3,   3, ---,   3, ---, ---, ---, ---, ---, ---, ---, ---, ---, 
[1.651s][info][gc,stats    ]   Rendezvous                          5 us
[1.651s][info][gc,stats    ] Concurrent Cleanup                   42 us
[1.651s][info][gc,stats    ] Concurrent Class Unloading          268 us
[1.651s][info][gc,stats    ]   Unlink Stale                      252 us
[1.651s][info][gc,stats    ]     System Dictionary                 2 us
[1.651s][info][gc,stats    ]     Weak Class Links                  0 us
[1.651s][info][gc,stats    ]     Code Roots                      250 us
[1.651s][info][gc,stats    ]   Rendezvous                          7 us
[1.651s][info][gc,stats    ]   Purge Unlinked                      2 us
[1.651s][info][gc,stats    ]     Code Roots                        1 us
[1.651s][info][gc,stats    ]     CLDG                              2 us
[1.651s][info][gc,stats    ]     Exception Caches                  0 us
[1.651s][info][gc,stats    ] Pause Final Roots (G)                74 us
[1.651s][info][gc,stats    ] Pause Final Roots (N)                 4 us
[1.651s][info][gc,stats    ] Pacing                           227010 us
[1.651s][info][gc,stats    ] 
[1.651s][info][gc,stats    ] Allocation pacing accrued:
[1.651s][info][gc,stats    ]      26 of    28 ms ( 92.3%): pool-1-thread-1
[1.651s][info][gc,stats    ]      26 of    28 ms ( 92.3%): pool-1-thread-2
[1.651s][info][gc,stats    ]      26 of    28 ms ( 92.3%): pool-1-thread-3
[1.651s][info][gc,stats    ]      26 of    28 ms ( 92.3%): pool-1-thread-4
[1.651s][info][gc,stats    ]      26 of    28 ms ( 92.2%): pool-1-thread-5
[1.651s][info][gc,stats    ]      26 of    28 ms ( 92.3%): pool-1-thread-6
[1.651s][info][gc,stats    ]      26 of    28 ms ( 92.1%): pool-1-thread-7
[1.651s][info][gc,stats    ]      26 of    28 ms ( 92.1%): pool-1-thread-8
[1.651s][info][gc,stats    ]      22 of    28 ms ( 79.6%): pool-1-thread-9
[1.651s][info][gc,stats    ]     227 of    28 ms (817.4%): <total>
[1.651s][info][gc,stats    ]       9 of    28 ms ( 31.4%): <average total>
[1.651s][info][gc,stats    ]      25 of    28 ms ( 90.8%): <average non-zero>
[1.651s][info][gc,stats    ] 
[1.651s][info][gc,metaspace] Metaspace: 10527K(10816K)->10527K(10816K) NonClass: 9305K(9472K)->9305K(9472K) Class: 1222K(1344K)->1222K(1344K)
[1.651s][info][gc,ergo     ] Pacer for Idle. Initial: 8192K, Alloc Tax Rate: 1.0x
[1.663s][info][gc          ] Trigger: Average GC time (26.94 ms) is above the time for average allocation rate (1586 MB/s) to deplete free headroom (37730K) (margin of error = 1.92)
[1.663s][info][gc,ergo     ] Free headroom: 66402K (free) - 20480K (spike) - 8192K (penalties) = 37730K
[1.663s][info][gc,ergo     ] Free: 66146K, Max: 256K regular, 49664K humongous, Frag: 25% external, 0% internal; Reserve: 20480K, Max: 256K
[1.663s][info][gc,start    ] GC(33) Concurrent reset
[1.663s][info][gc,task     ] GC(33) Using 8 of 16 workers for concurrent reset
[1.663s][info][gc,ergo     ] GC(33) Pacer for Reset. Non-Taxable: 400M
[1.663s][info][gc          ] GC(33) Concurrent reset 0.625ms
[1.663s][info][gc,start    ] GC(33) Pause Init Mark (unload classes)
[1.663s][info][gc,task     ] GC(33) Using 16 of 16 workers for init marking
[1.663s][info][gc,ergo     ] GC(33) Pacer for Mark. Expected Live: 138M, Free: 53858K, Non-Taxable: 5385K, Alloc Tax Rate: 3.2x
[1.663s][info][gc          ] GC(33) Pause Init Mark (unload classes) 0.020ms
[1.663s][info][gc,start    ] GC(33) Concurrent marking roots
[1.663s][info][gc,task     ] GC(33) Using 8 of 16 workers for concurrent marking roots
[1.663s][info][gc          ] GC(33) Concurrent marking roots 0.091ms
[1.663s][info][gc,start    ] GC(33) Concurrent marking (unload classes)
[1.663s][info][gc,task     ] GC(33) Using 8 of 16 workers for concurrent marking
[1.686s][info][gc          ] GC(33) Concurrent marking (unload classes) 22.113ms
[1.686s][info][gc,start    ] GC(33) Pause Final Mark (unload classes)
[1.686s][info][gc,task     ] GC(33) Using 16 of 16 workers for final marking
[1.686s][info][gc,ergo     ] GC(33) Collectable Garbage: 154M (92%), Immediate: 154M (92%), CSet: 0B (0%)
[1.686s][info][gc          ] GC(33) Pause Final Mark (unload classes) 0.149ms
[1.686s][info][gc,start    ] GC(33) Concurrent weak references
[1.686s][info][gc,task     ] GC(33) Using 8 of 16 workers for concurrent weak references
[1.686s][info][gc,ref      ] GC(33) Encountered references: Soft: 143, Weak: 898, Final: 0, Phantom: 3
[1.686s][info][gc,ref      ] GC(33) Discovered  references: Soft: 0, Weak: 581, Final: 0, Phantom: 2
[1.686s][info][gc,ref      ] GC(33) Enqueued    references: Soft: 0, Weak: 0, Final: 0, Phantom: 0
[1.686s][info][gc          ] GC(33) Concurrent weak references 0.112ms
[1.686s][info][gc,start    ] GC(33) Concurrent weak roots
[1.686s][info][gc,task     ] GC(33) Using 8 of 16 workers for concurrent weak root
[1.686s][info][gc          ] GC(33) Concurrent weak roots 0.474ms
[1.686s][info][gc,start    ] GC(33) Concurrent cleanup
[1.687s][info][gc          ] GC(33) Concurrent cleanup 375M->224M(400M) 0.169ms
[1.687s][info][gc,ergo     ] GC(33) Free: 156M, Max: 256K regular, 15360K humongous, Frag: 91% external, 0% internal; Reserve: 20480K, Max: 256K
[1.687s][info][gc,start    ] GC(33) Concurrent class unloading
[1.687s][info][gc,task     ] GC(33) Using 8 of 16 workers for concurrent class unloading
[1.687s][info][gc          ] GC(33) Concurrent class unloading 0.383ms
[1.687s][info][gc,start    ] GC(33) Pause Final Roots
[1.687s][info][gc          ] GC(33) Pause Final Roots 0.003ms
[1.687s][info][gc,ergo     ] Free: 152M, Max: 256K regular, 15360K humongous, Frag: 91% external, 0% internal; Reserve: 20480K, Max: 256K
[1.687s][info][gc,stats    ] 
[1.687s][info][gc,stats    ] All times are wall-clock times, except per-root-class counters, that are sum over
[1.687s][info][gc,stats    ] all workers. Dividing the <total> over the root stage time estimates parallelism.
[1.687s][info][gc,stats    ] 
[1.687s][info][gc,stats    ] Concurrent Reset                    629 us
[1.687s][info][gc,stats    ] Pause Init Mark (G)                 144 us
[1.687s][info][gc,stats    ] Pause Init Mark (N)                  22 us
[1.687s][info][gc,stats    ]   Update Region States                5 us
[1.687s][info][gc,stats    ] Concurrent Mark Roots                92 us, parallelism: 3.22x
[1.687s][info][gc,stats    ]   CMR: <total>                      298 us
[1.687s][info][gc,stats    ]   CMR: Thread Roots                 210 us, workers (us):   0,  46,  23,  42,  40,  38,  20,   1, ---, ---, ---, ---, ---, ---, ---, ---, 
[1.687s][info][gc,stats    ]   CMR: VM Strong Roots               15 us, workers (us):   6,   3,   1,   0,   0,   1,   0,   2, ---, ---, ---, ---, ---, ---, ---, ---, 
[1.687s][info][gc,stats    ]   CMR: CLDG Roots                    74 us, workers (us):  53,   5,  14, ---,   2, ---, ---, ---, ---, ---, ---, ---, ---, ---, ---, ---, 
[1.687s][info][gc,stats    ] Concurrent Marking                22162 us
[1.687s][info][gc,stats    ] Pause Final Mark (G)                180 us
[1.687s][info][gc,stats    ] Pause Final Mark (N)                152 us
[1.687s][info][gc,stats    ]   Finish Mark                       115 us
[1.687s][info][gc,stats    ]   Update Region States                8 us
[1.687s][info][gc,stats    ]   Choose Collection Set              10 us
[1.687s][info][gc,stats    ]   Rebuild Free Set                    4 us
[1.687s][info][gc,stats    ] Concurrent Weak References          114 us, parallelism: 0.85x
[1.687s][info][gc,stats    ]   CWRF: <total>                      97 us
[1.687s][info][gc,stats    ]   CWRF: Weak References              97 us, workers (us):  87,   4,   2,   1,   1,   1,   0,   0, ---, ---, ---, ---, ---, ---, ---, ---, 
[1.687s][info][gc,stats    ] Concurrent Weak Roots               477 us
[1.687s][info][gc,stats    ]   Roots                             446 us, parallelism: 4.29x
[1.687s][info][gc,stats    ]     CWR: <total>                   1915 us
[1.687s][info][gc,stats    ]     CWR: Code Cache Roots          1685 us, workers (us): 159,   3, 376, 287, 357, 355, 146,   2, ---, ---, ---, ---, ---, ---, ---, ---, 
[1.687s][info][gc,stats    ]     CWR: VM Weak Roots              207 us, workers (us):  33,  32,  29,  29,  31,  26,  14,  13, ---, ---, ---, ---, ---, ---, ---, ---, 
[1.687s][info][gc,stats    ]     CWR: CLDG Roots                  23 us, workers (us):   5,   5, ---,   5, ---, ---, ---,   8, ---, ---, ---, ---, ---, ---, ---, ---, 
[1.687s][info][gc,stats    ]   Rendezvous                         24 us
[1.687s][info][gc,stats    ] Concurrent Cleanup                  171 us
[1.687s][info][gc,stats    ] Concurrent Class Unloading          384 us
[1.687s][info][gc,stats    ]   Unlink Stale                      367 us
[1.687s][info][gc,stats    ]     System Dictionary                 3 us
[1.687s][info][gc,stats    ]     Weak Class Links                  1 us
[1.687s][info][gc,stats    ]     Code Roots                      363 us
[1.687s][info][gc,stats    ]   Rendezvous                          8 us
[1.687s][info][gc,stats    ]   Purge Unlinked                      2 us
[1.687s][info][gc,stats    ]     Code Roots                        1 us
[1.687s][info][gc,stats    ]     CLDG                              1 us
[1.687s][info][gc,stats    ]     Exception Caches                  0 us
[1.687s][info][gc,stats    ] Pause Final Roots (G)                10 us
[1.687s][info][gc,stats    ] Pause Final Roots (N)                 4 us
[1.687s][info][gc,stats    ] Pacing                           286432 us
[1.687s][info][gc,stats    ] 
[1.687s][info][gc,stats    ] Allocation pacing accrued:
[1.687s][info][gc,stats    ]      33 of    36 ms ( 90.7%): pool-1-thread-1
[1.687s][info][gc,stats    ]      33 of    36 ms ( 90.5%): pool-1-thread-2
[1.687s][info][gc,stats    ]      33 of    36 ms ( 90.3%): pool-1-thread-3
[1.687s][info][gc,stats    ]      33 of    36 ms ( 90.6%): pool-1-thread-4
[1.687s][info][gc,stats    ]      33 of    36 ms ( 90.4%): pool-1-thread-5
[1.687s][info][gc,stats    ]      34 of    36 ms ( 93.3%): pool-1-thread-6
[1.687s][info][gc,stats    ]      33 of    36 ms ( 92.8%): pool-1-thread-7
[1.687s][info][gc,stats    ]      33 of    36 ms ( 90.8%): pool-1-thread-8
[1.687s][info][gc,stats    ]      23 of    36 ms ( 64.4%): pool-1-thread-9
[1.687s][info][gc,stats    ]     286 of    36 ms (793.8%): <total>
[1.687s][info][gc,stats    ]      11 of    36 ms ( 30.5%): <average total>
[1.687s][info][gc,stats    ]      32 of    36 ms ( 88.2%): <average non-zero>
[1.687s][info][gc,stats    ] 
[1.687s][info][gc,metaspace] Metaspace: 10527K(10816K)->10527K(10816K) NonClass: 9305K(9472K)->9305K(9472K) Class: 1222K(1344K)->1222K(1344K)
[1.687s][info][gc,ergo     ] Pacer for Idle. Initial: 8192K, Alloc Tax Rate: 1.0x
[1.701s][info][gc          ] Trigger: Average GC time (27.60 ms) is above the time for average allocation rate (1589 MB/s) to deplete free headroom (40960K) (margin of error = 1.93)
[1.701s][info][gc,ergo     ] Free headroom: 65536K (free) - 20480K (spike) - 4096K (penalties) = 40960K
[1.701s][info][gc,ergo     ] Free: 65280K, Max: 256K regular, 15360K humongous, Frag: 77% external, 0% internal; Reserve: 20480K, Max: 256K
[1.701s][info][gc,start    ] GC(34) Concurrent reset
[1.701s][info][gc,task     ] GC(34) Using 8 of 16 workers for concurrent reset
[1.701s][info][gc,ergo     ] GC(34) Pacer for Reset. Non-Taxable: 400M
[1.701s][info][gc          ] GC(34) Concurrent reset 0.501ms
[1.701s][info][gc,start    ] GC(34) Pause Init Mark (unload classes)
[1.701s][info][gc,task     ] GC(34) Using 16 of 16 workers for init marking
[1.701s][info][gc,ergo     ] GC(34) Pacer for Mark. Expected Live: 146M, Free: 56576K, Non-Taxable: 5657K, Alloc Tax Rate: 3.2x
[1.701s][info][gc          ] GC(34) Pause Init Mark (unload classes) 0.018ms
[1.701s][info][gc,start    ] GC(34) Concurrent marking roots
[1.701s][info][gc,task     ] GC(34) Using 8 of 16 workers for concurrent marking roots
[1.701s][info][gc          ] GC(34) Concurrent marking roots 0.133ms
[1.701s][info][gc,start    ] GC(34) Concurrent marking (unload classes)
[1.701s][info][gc,task     ] GC(34) Using 8 of 16 workers for concurrent marking
[1.719s][info][gc          ] GC(34) Concurrent marking (unload classes) 17.562ms
[1.719s][info][gc,start    ] GC(34) Pause Final Mark (unload classes)
[1.719s][info][gc,task     ] GC(34) Using 16 of 16 workers for final marking
[1.719s][info][gc,ergo     ] GC(34) Collectable Garbage: 199M (97%), Immediate: 199M (97%), CSet: 0B (0%)
[1.719s][info][gc          ] GC(34) Pause Final Mark (unload classes) 0.099ms
[1.719s][info][gc,start    ] GC(34) Concurrent weak references
[1.719s][info][gc,task     ] GC(34) Using 8 of 16 workers for concurrent weak references
[1.719s][info][gc,ref      ] GC(34) Encountered references: Soft: 143, Weak: 898, Final: 0, Phantom: 3
[1.719s][info][gc,ref      ] GC(34) Discovered  references: Soft: 0, Weak: 326, Final: 0, Phantom: 2
[1.719s][info][gc,ref      ] GC(34) Enqueued    references: Soft: 0, Weak: 0, Final: 0, Phantom: 0
[1.719s][info][gc          ] GC(34) Concurrent weak references 0.030ms
[1.719s][info][gc,start    ] GC(34) Concurrent weak roots
[1.719s][info][gc,task     ] GC(34) Using 8 of 16 workers for concurrent weak root
[1.719s][info][gc          ] GC(34) Concurrent weak roots 0.136ms
[1.719s][info][gc,start    ] GC(34) Concurrent cleanup
[1.719s][info][gc          ] GC(34) Concurrent cleanup 360M->161M(400M) 0.042ms
[1.719s][info][gc,ergo     ] GC(34) Free: 218M, Max: 256K regular, 52480K humongous, Frag: 77% external, 0% internal; Reserve: 20480K, Max: 256K
[1.719s][info][gc,start    ] GC(34) Concurrent class unloading
[1.719s][info][gc,task     ] GC(34) Using 8 of 16 workers for concurrent class unloading
[1.720s][info][gc          ] GC(34) Concurrent class unloading 0.293ms
[1.720s][info][gc,start    ] GC(34) Pause Final Roots
[1.720s][info][gc          ] GC(34) Pause Final Roots 0.015ms
[1.720s][info][gc,ergo     ] Free: 218M, Max: 256K regular, 52480K humongous, Frag: 77% external, 0% internal; Reserve: 20480K, Max: 256K
[1.720s][info][gc,stats    ] 
[1.720s][info][gc,stats    ] All times are wall-clock times, except per-root-class counters, that are sum over
[1.720s][info][gc,stats    ] all workers. Dividing the <total> over the root stage time estimates parallelism.
[1.720s][info][gc,stats    ] 
[1.720s][info][gc,stats    ] Concurrent Reset                    505 us
[1.720s][info][gc,stats    ] Pause Init Mark (G)                 123 us
[1.720s][info][gc,stats    ] Pause Init Mark (N)                  20 us
[1.720s][info][gc,stats    ]   Update Region States                5 us
[1.720s][info][gc,stats    ] Concurrent Mark Roots               135 us, parallelism: 2.19x
[1.720s][info][gc,stats    ]   CMR: <total>                      295 us
[1.720s][info][gc,stats    ]   CMR: Thread Roots                 168 us, workers (us):  26,  26,   0,  18,  42,  23,  23,  10, ---, ---, ---, ---, ---, ---, ---, ---, 
[1.720s][info][gc,stats    ]   CMR: VM Strong Roots               11 us, workers (us):   4,   3,   2,   1,   0,   0,   0,   1, ---, ---, ---, ---, ---, ---, ---, ---, 
[1.720s][info][gc,stats    ]   CMR: CLDG Roots                   116 us, workers (us):   3,   2, 103,   8, ---, ---, ---, ---, ---, ---, ---, ---, ---, ---, ---, ---, 
[1.720s][info][gc,stats    ] Concurrent Marking                17580 us
[1.720s][info][gc,stats    ] Pause Final Mark (G)                111 us
[1.720s][info][gc,stats    ] Pause Final Mark (N)                101 us
[1.720s][info][gc,stats    ]   Finish Mark                        60 us
[1.720s][info][gc,stats    ]   Update Region States                8 us
[1.720s][info][gc,stats    ]   Choose Collection Set              14 us
[1.720s][info][gc,stats    ]   Rebuild Free Set                    4 us
[1.720s][info][gc,stats    ] Concurrent Weak References           37 us, parallelism: 0.45x
[1.720s][info][gc,stats    ]   CWRF: <total>                      17 us
[1.720s][info][gc,stats    ]   CWRF: Weak References              17 us, workers (us):   1,   1,  13,   1,   0,   0,   0,   0, ---, ---, ---, ---, ---, ---, ---, ---, 
[1.720s][info][gc,stats    ] Concurrent Weak Roots               138 us
[1.720s][info][gc,stats    ]   Roots                             128 us, parallelism: 4.31x
[1.720s][info][gc,stats    ]     CWR: <total>                    553 us
[1.720s][info][gc,stats    ]     CWR: Code Cache Roots           449 us, workers (us):  81,  74,  55,  91,   6,  66,   6,  70, ---, ---, ---, ---, ---, ---, ---, ---, 
[1.720s][info][gc,stats    ]     CWR: VM Weak Roots               92 us, workers (us):  15,  14,  13,  10,  11,   8,  10,  10, ---, ---, ---, ---, ---, ---, ---, ---, 
[1.720s][info][gc,stats    ]     CWR: CLDG Roots                  12 us, workers (us):   3,   3, ---,   3, ---, ---, ---,   3, ---, ---, ---, ---, ---, ---, ---, ---, 
[1.720s][info][gc,stats    ]   Rendezvous                          5 us
[1.720s][info][gc,stats    ] Concurrent Cleanup                   44 us
[1.720s][info][gc,stats    ] Concurrent Class Unloading          310 us
[1.720s][info][gc,stats    ]   Unlink Stale                      258 us
[1.720s][info][gc,stats    ]     System Dictionary                 1 us
[1.720s][info][gc,stats    ]     Weak Class Links                  0 us
[1.720s][info][gc,stats    ]     Code Roots                      256 us
[1.720s][info][gc,stats    ]   Rendezvous                         28 us
[1.720s][info][gc,stats    ]   Purge Unlinked                      3 us
[1.720s][info][gc,stats    ]     Code Roots                        1 us
[1.720s][info][gc,stats    ]     CLDG                              2 us
[1.720s][info][gc,stats    ]     Exception Caches                  0 us
[1.720s][info][gc,stats    ] Pause Final Roots (G)                29 us
[1.720s][info][gc,stats    ] Pause Final Roots (N)                17 us
[1.720s][info][gc,stats    ] Pacing                           254079 us
[1.720s][info][gc,stats    ] 
[1.720s][info][gc,stats    ] Allocation pacing accrued:
[1.720s][info][gc,stats    ]      27 of    33 ms ( 82.9%): pool-1-thread-1
[1.720s][info][gc,stats    ]      27 of    33 ms ( 82.7%): pool-1-thread-2
[1.720s][info][gc,stats    ]      27 of    33 ms ( 82.6%): pool-1-thread-3
[1.720s][info][gc,stats    ]      27 of    33 ms ( 82.6%): pool-1-thread-4
[1.720s][info][gc,stats    ]      27 of    33 ms ( 82.7%): pool-1-thread-5
[1.720s][info][gc,stats    ]      27 of    33 ms ( 82.7%): pool-1-thread-6
[1.720s][info][gc,stats    ]      27 of    33 ms ( 82.2%): pool-1-thread-7
[1.720s][info][gc,stats    ]      27 of    33 ms ( 82.9%): pool-1-thread-8
[1.720s][info][gc,stats    ]      37 of    33 ms (113.1%): pool-1-thread-9
[1.720s][info][gc,stats    ]     254 of    33 ms (774.5%): <total>
[1.720s][info][gc,stats    ]      10 of    33 ms ( 29.8%): <average total>
[1.720s][info][gc,stats    ]      28 of    33 ms ( 86.1%): <average non-zero>
[1.720s][info][gc,stats    ] 
[1.720s][info][gc,metaspace] Metaspace: 10527K(10816K)->10527K(10816K) NonClass: 9305K(9472K)->9305K(9472K) Class: 1222K(1344K)->1222K(1344K)
[1.720s][info][gc,ergo     ] Pacer for Idle. Initial: 8192K, Alloc Tax Rate: 1.0x
[1.735s][info][gc          ] Trigger: Average GC time (26.04 ms) is above the time for average allocation rate (1587 MB/s) to deplete free headroom (20992K) (margin of error = 1.92)
[1.735s][info][gc,ergo     ] Free headroom: 41472K (free) - 20480K (spike) - 0B (penalties) = 20992K
[1.735s][info][gc,ergo     ] Free: 38912K, Max: 256K regular, 38912K humongous, Frag: 0% external, 0% internal; Reserve: 20480K, Max: 256K
[1.735s][info][gc,start    ] GC(35) Concurrent reset
[1.735s][info][gc,task     ] GC(35) Using 8 of 16 workers for concurrent reset
[1.735s][info][gc,ergo     ] GC(35) Pacer for Reset. Non-Taxable: 400M
[1.735s][info][gc          ] GC(35) Concurrent reset 0.551ms
[1.736s][info][gc,start    ] GC(35) Pause Init Mark (unload classes)
[1.736s][info][gc,task     ] GC(35) Using 16 of 16 workers for init marking
[1.736s][info][gc,ergo     ] GC(35) Pacer for Mark. Expected Live: 143M, Free: 25344K, Non-Taxable: 2534K, Alloc Tax Rate: 7.1x
[1.736s][info][gc          ] GC(35) Pause Init Mark (unload classes) 0.022ms
[1.736s][info][gc,start    ] GC(35) Concurrent marking roots
[1.736s][info][gc,task     ] GC(35) Using 8 of 16 workers for concurrent marking roots
[1.736s][info][gc          ] GC(35) Concurrent marking roots 0.141ms
[1.736s][info][gc,start    ] GC(35) Concurrent marking (unload classes)
[1.736s][info][gc,task     ] GC(35) Using 8 of 16 workers for concurrent marking
[1.758s][info][gc          ] GC(35) Concurrent marking (unload classes) 22.629ms
[1.758s][info][gc,start    ] GC(35) Pause Final Mark (unload classes)
[1.758s][info][gc,task     ] GC(35) Using 16 of 16 workers for final marking
[1.759s][info][gc,ergo     ] GC(35) Collectable Garbage: 191M (97%), Immediate: 191M (97%), CSet: 0B (0%)
[1.759s][info][gc          ] GC(35) Pause Final Mark (unload classes) 0.088ms
[1.759s][info][gc,start    ] GC(35) Concurrent weak references
[1.759s][info][gc,task     ] GC(35) Using 8 of 16 workers for concurrent weak references
[1.759s][info][gc,ref      ] GC(35) Encountered references: Soft: 143, Weak: 898, Final: 0, Phantom: 3
[1.759s][info][gc,ref      ] GC(35) Discovered  references: Soft: 0, Weak: 424, Final: 0, Phantom: 2
[1.759s][info][gc,ref      ] GC(35) Enqueued    references: Soft: 0, Weak: 0, Final: 0, Phantom: 0
[1.759s][info][gc          ] GC(35) Concurrent weak references 0.042ms
[1.759s][info][gc,start    ] GC(35) Concurrent weak roots
[1.759s][info][gc,task     ] GC(35) Using 8 of 16 workers for concurrent weak root
[1.759s][info][gc          ] GC(35) Concurrent weak roots 0.135ms
[1.759s][info][gc,start    ] GC(35) Concurrent cleanup
[1.759s][info][gc          ] GC(35) Concurrent cleanup 371M->179M(400M) 0.041ms
[1.759s][info][gc,ergo     ] GC(35) Free: 200M, Max: 256K regular, 16896K humongous, Frag: 92% external, 0% internal; Reserve: 20480K, Max: 256K
[1.759s][info][gc,start    ] GC(35) Concurrent class unloading
[1.759s][info][gc,task     ] GC(35) Using 8 of 16 workers for concurrent class unloading
[1.759s][info][gc          ] GC(35) Concurrent class unloading 0.355ms
[1.759s][info][gc,start    ] GC(35) Pause Final Roots
[1.759s][info][gc          ] GC(35) Pause Final Roots 0.002ms
[1.759s][info][gc,ergo     ] Free: 200M, Max: 256K regular, 16896K humongous, Frag: 92% external, 0% internal; Reserve: 20480K, Max: 256K
[1.759s][info][gc,stats    ] 
[1.759s][info][gc,stats    ] All times are wall-clock times, except per-root-class counters, that are sum over
[1.759s][info][gc,stats    ] all workers. Dividing the <total> over the root stage time estimates parallelism.
[1.759s][info][gc,stats    ] 
[1.759s][info][gc,stats    ] Concurrent Reset                    599 us
[1.759s][info][gc,stats    ] Pause Init Mark (G)                 149 us
[1.759s][info][gc,stats    ] Pause Init Mark (N)                  24 us
[1.759s][info][gc,stats    ]   Update Region States                4 us
[1.759s][info][gc,stats    ] Concurrent Mark Roots               144 us, parallelism: 2.09x
[1.759s][info][gc,stats    ]   CMR: <total>                      301 us
[1.759s][info][gc,stats    ]   CMR: Thread Roots                 214 us, workers (us):   0,  48,  65,  48,  36,  17,   0,   1, ---, ---, ---, ---, ---, ---, ---, ---, 
[1.759s][info][gc,stats    ]   CMR: VM Strong Roots               16 us, workers (us):   9,   0,   0,   1,   1,   2,   2,   1, ---, ---, ---, ---, ---, ---, ---, ---, 
[1.759s][info][gc,stats    ]   CMR: CLDG Roots                    71 us, workers (us):  70,   1, ---, ---, ---, ---, ---, ---, ---, ---, ---, ---, ---, ---, ---, ---, 
[1.759s][info][gc,stats    ] Concurrent Marking                22646 us
[1.759s][info][gc,stats    ] Pause Final Mark (G)                100 us
[1.759s][info][gc,stats    ] Pause Final Mark (N)                 90 us
[1.759s][info][gc,stats    ]   Finish Mark                        52 us
[1.759s][info][gc,stats    ]   Update Region States                7 us
[1.759s][info][gc,stats    ]   Choose Collection Set              13 us
[1.759s][info][gc,stats    ]   Rebuild Free Set                    5 us
[1.759s][info][gc,stats    ] Concurrent Weak References           43 us, parallelism: 0.51x
[1.759s][info][gc,stats    ]   CWRF: <total>                      22 us
[1.759s][info][gc,stats    ]   CWRF: Weak References              22 us, workers (us):  20,   1,   1,   0,   0,   0,   0,   0, ---, ---, ---, ---, ---, ---, ---, ---, 
[1.759s][info][gc,stats    ] Concurrent Weak Roots               136 us
[1.759s][info][gc,stats    ]   Roots                             126 us, parallelism: 4.75x
[1.759s][info][gc,stats    ]     CWR: <total>                    597 us
[1.759s][info][gc,stats    ]     CWR: Code Cache Roots           486 us, workers (us):  69,  70,  73,  73,   8,   0,  96,  97, ---, ---, ---, ---, ---, ---, ---, ---, 
[1.759s][info][gc,stats    ]     CWR: VM Weak Roots               91 us, workers (us):  13,  13,  12,  11,  11,  10,  10,  10, ---, ---, ---, ---, ---, ---, ---, ---, 
[1.759s][info][gc,stats    ]     CWR: CLDG Roots                  20 us, workers (us):   5, ---,   5,   5, ---,   5, ---, ---, ---, ---, ---, ---, ---, ---, ---, ---, 
[1.759s][info][gc,stats    ]   Rendezvous                          7 us
[1.759s][info][gc,stats    ] Concurrent Cleanup                   43 us
[1.759s][info][gc,stats    ] Concurrent Class Unloading          357 us
[1.759s][info][gc,stats    ]   Unlink Stale                      343 us
[1.759s][info][gc,stats    ]     System Dictionary                 2 us
[1.759s][info][gc,stats    ]     Weak Class Links                  0 us
[1.759s][info][gc,stats    ]     Code Roots                      341 us
[1.759s][info][gc,stats    ]   Rendezvous                          6 us
[1.759s][info][gc,stats    ]   Purge Unlinked                      2 us
[1.759s][info][gc,stats    ]     Code Roots                        0 us
[1.759s][info][gc,stats    ]     CLDG                              2 us
[1.759s][info][gc,stats    ]     Exception Caches                  0 us
[1.759s][info][gc,stats    ] Pause Final Roots (G)                10 us
[1.759s][info][gc,stats    ] Pause Final Roots (N)                 4 us
[1.759s][info][gc,stats    ] Pacing                           264205 us
[1.759s][info][gc,stats    ] 
[1.759s][info][gc,stats    ] Allocation pacing accrued:
[1.759s][info][gc,stats    ]      31 of    39 ms ( 77.4%): pool-1-thread-1
[1.759s][info][gc,stats    ]      31 of    39 ms ( 77.5%): pool-1-thread-2
[1.759s][info][gc,stats    ]      30 of    39 ms ( 77.3%): pool-1-thread-3
[1.759s][info][gc,stats    ]      30 of    39 ms ( 77.3%): pool-1-thread-4
[1.759s][info][gc,stats    ]      31 of    39 ms ( 77.4%): pool-1-thread-5
[1.759s][info][gc,stats    ]      30 of    39 ms ( 77.4%): pool-1-thread-6
[1.759s][info][gc,stats    ]      30 of    39 ms ( 77.3%): pool-1-thread-7
[1.759s][info][gc,stats    ]      31 of    39 ms ( 77.6%): pool-1-thread-8
[1.759s][info][gc,stats    ]      31 of    39 ms ( 79.4%): pool-1-thread-9
[1.759s][info][gc,stats    ]     275 of    39 ms (698.6%): <total>
[1.759s][info][gc,stats    ]      11 of    39 ms ( 26.9%): <average total>
[1.759s][info][gc,stats    ]      31 of    39 ms ( 77.6%): <average non-zero>
[1.759s][info][gc,stats    ] 
[1.759s][info][gc,metaspace] Metaspace: 10527K(10816K)->10527K(10816K) NonClass: 9305K(9472K)->9305K(9472K) Class: 1222K(1344K)->1222K(1344K)
[1.759s][info][gc,ergo     ] Pacer for Idle. Initial: 8192K, Alloc Tax Rate: 1.0x
[1.773s][info][gc          ] Trigger: Average GC time (27.36 ms) is above the time for average allocation rate (1587 MB/s) to deplete free headroom (30208K) (margin of error = 1.92)
[1.773s][info][gc,ergo     ] Free headroom: 50688K (free) - 20480K (spike) - 0B (penalties) = 30208K
[1.773s][info][gc,ergo     ] Free: 49408K, Max: 256K regular, 16896K humongous, Frag: 66% external, 0% internal; Reserve: 20480K, Max: 256K
[1.773s][info][gc,start    ] GC(36) Concurrent reset
[1.773s][info][gc,task     ] GC(36) Using 8 of 16 workers for concurrent reset
[1.773s][info][gc,ergo     ] GC(36) Pacer for Reset. Non-Taxable: 400M
[1.774s][info][gc          ] GC(36) Concurrent reset 0.691ms
[1.774s][info][gc,start    ] GC(36) Pause Init Mark (unload classes)
[1.774s][info][gc,task     ] GC(36) Using 16 of 16 workers for init marking
[1.774s][info][gc,ergo     ] GC(36) Pacer for Mark. Expected Live: 144M, Free: 33024K, Non-Taxable: 3302K, Alloc Tax Rate: 5.5x
[1.774s][info][gc          ] GC(36) Pause Init Mark (unload classes) 0.019ms
[1.774s][info][gc,start    ] GC(36) Concurrent marking roots
[1.774s][info][gc,task     ] GC(36) Using 8 of 16 workers for concurrent marking roots
[1.774s][info][gc          ] GC(36) Concurrent marking roots 0.132ms
[1.774s][info][gc,start    ] GC(36) Concurrent marking (unload classes)
[1.774s][info][gc,task     ] GC(36) Using 8 of 16 workers for concurrent marking
[1.793s][info][gc          ] GC(36) Concurrent marking (unload classes) 19.030ms
[1.793s][info][gc,start    ] GC(36) Pause Final Mark (unload classes)
[1.793s][info][gc,task     ] GC(36) Using 16 of 16 workers for final marking
[1.793s][info][gc,ergo     ] GC(36) Collectable Garbage: 216M (97%), Immediate: 216M (97%), CSet: 0B (0%)
[1.793s][info][gc          ] GC(36) Pause Final Mark (unload classes) 0.087ms
[1.793s][info][gc,start    ] GC(36) Concurrent weak references
[1.793s][info][gc,task     ] GC(36) Using 8 of 16 workers for concurrent weak references
[1.793s][info][gc,ref      ] GC(36) Encountered references: Soft: 143, Weak: 898, Final: 0, Phantom: 3
[1.793s][info][gc,ref      ] GC(36) Discovered  references: Soft: 0, Weak: 464, Final: 0, Phantom: 2
[1.793s][info][gc,ref      ] GC(36) Enqueued    references: Soft: 0, Weak: 0, Final: 0, Phantom: 0
[1.793s][info][gc          ] GC(36) Concurrent weak references 0.062ms
[1.793s][info][gc,start    ] GC(36) Concurrent weak roots
[1.793s][info][gc,task     ] GC(36) Using 8 of 16 workers for concurrent weak root
[1.794s][info][gc          ] GC(36) Concurrent weak roots 0.138ms
[1.794s][info][gc,start    ] GC(36) Concurrent cleanup
[1.794s][info][gc          ] GC(36) Concurrent cleanup 353M->136M(400M) 0.076ms
[1.794s][info][gc,ergo     ] GC(36) Free: 243M, Max: 256K regular, 37632K humongous, Frag: 85% external, 0% internal; Reserve: 20480K, Max: 256K
[1.794s][info][gc,start    ] GC(36) Concurrent class unloading
[1.794s][info][gc,task     ] GC(36) Using 8 of 16 workers for concurrent class unloading
[1.794s][info][gc          ] GC(36) Concurrent class unloading 0.320ms
[1.794s][info][gc,start    ] GC(36) Pause Final Roots
[1.794s][info][gc          ] GC(36) Pause Final Roots 0.002ms
[1.794s][info][gc,ergo     ] Free: 243M, Max: 256K regular, 37632K humongous, Frag: 85% external, 0% internal; Reserve: 20480K, Max: 256K
[1.794s][info][gc,stats    ] 
[1.794s][info][gc,stats    ] All times are wall-clock times, except per-root-class counters, that are sum over
[1.794s][info][gc,stats    ] all workers. Dividing the <total> over the root stage time estimates parallelism.
[1.794s][info][gc,stats    ] 
[1.794s][info][gc,stats    ] Concurrent Reset                    773 us
[1.794s][info][gc,stats    ] Pause Init Mark (G)                 170 us
[1.794s][info][gc,stats    ] Pause Init Mark (N)                  21 us
[1.794s][info][gc,stats    ]   Update Region States                4 us
[1.794s][info][gc,stats    ] Concurrent Mark Roots               135 us, parallelism: 2.08x
[1.794s][info][gc,stats    ]   CMR: <total>                      281 us
[1.794s][info][gc,stats    ]   CMR: Thread Roots                 217 us, workers (us):   4,  65,  43,  23,  25,  25,  18,  14, ---, ---, ---, ---, ---, ---, ---, ---, 
[1.794s][info][gc,stats    ]   CMR: VM Strong Roots               12 us, workers (us):   7,   1,   0,   1,   1,   1,   0,   0, ---, ---, ---, ---, ---, ---, ---, ---, 
[1.794s][info][gc,stats    ]   CMR: CLDG Roots                    52 us, workers (us):  50,   2, ---, ---, ---, ---, ---, ---, ---, ---, ---, ---, ---, ---, ---, ---, 
[1.794s][info][gc,stats    ] Concurrent Marking                19041 us
[1.794s][info][gc,stats    ] Pause Final Mark (G)                 99 us
[1.794s][info][gc,stats    ] Pause Final Mark (N)                 89 us
[1.794s][info][gc,stats    ]   Finish Mark                        58 us
[1.794s][info][gc,stats    ]   Update Region States                6 us
[1.794s][info][gc,stats    ]   Choose Collection Set              11 us
[1.794s][info][gc,stats    ]   Rebuild Free Set                    4 us
[1.794s][info][gc,stats    ] Concurrent Weak References           65 us, parallelism: 0.38x
[1.794s][info][gc,stats    ]   CWRF: <total>                      25 us
[1.794s][info][gc,stats    ]   CWRF: Weak References              25 us, workers (us):  22,   2,   0,   0,   0,   0,   0,   0, ---, ---, ---, ---, ---, ---, ---, ---, 
[1.794s][info][gc,stats    ] Concurrent Weak Roots               141 us
[1.794s][info][gc,stats    ]   Roots                             126 us, parallelism: 4.27x
[1.794s][info][gc,stats    ]     CWR: <total>                    537 us
[1.794s][info][gc,stats    ]     CWR: Code Cache Roots           447 us, workers (us):  71,   4,  89,  58,  61,  96,  68,   0, ---, ---, ---, ---, ---, ---, ---, ---, 
[1.794s][info][gc,stats    ]     CWR: VM Weak Roots               82 us, workers (us):  14,  13,  12,  11,  11,  10,  10,   0, ---, ---, ---, ---, ---, ---, ---, ---, 
[1.794s][info][gc,stats    ]     CWR: CLDG Roots                   9 us, workers (us):   2, ---, ---,   2,   2, ---,   2, ---, ---, ---, ---, ---, ---, ---, ---, ---, 
[1.794s][info][gc,stats    ]   Rendezvous                          7 us
[1.794s][info][gc,stats    ] Concurrent Cleanup                   88 us
[1.794s][info][gc,stats    ] Concurrent Class Unloading          323 us
[1.794s][info][gc,stats    ]   Unlink Stale                      305 us
[1.794s][info][gc,stats    ]     System Dictionary                 2 us
[1.794s][info][gc,stats    ]     Weak Class Links                  0 us
[1.794s][info][gc,stats    ]     Code Roots                      302 us
[1.794s][info][gc,stats    ]   Rendezvous                          8 us
[1.794s][info][gc,stats    ]   Purge Unlinked                      3 us
[1.794s][info][gc,stats    ]     Code Roots                        1 us
[1.794s][info][gc,stats    ]     CLDG                              2 us
[1.794s][info][gc,stats    ]     Exception Caches                  0 us
[1.794s][info][gc,stats    ] Pause Final Roots (G)                11 us
[1.794s][info][gc,stats    ] Pause Final Roots (N)                 3 us
[1.794s][info][gc,stats    ] Pacing                           192691 us
[1.794s][info][gc,stats    ] 
[1.794s][info][gc,stats    ] Allocation pacing accrued:
[1.794s][info][gc,stats    ]      22 of    35 ms ( 62.3%): pool-1-thread-1
[1.794s][info][gc,stats    ]      22 of    35 ms ( 62.3%): pool-1-thread-2
[1.794s][info][gc,stats    ]      22 of    35 ms ( 62.2%): pool-1-thread-3
[1.794s][info][gc,stats    ]      22 of    35 ms ( 62.4%): pool-1-thread-4
[1.794s][info][gc,stats    ]      22 of    35 ms ( 62.2%): pool-1-thread-5
[1.794s][info][gc,stats    ]      22 of    35 ms ( 62.3%): pool-1-thread-6
[1.794s][info][gc,stats    ]      22 of    35 ms ( 62.2%): pool-1-thread-7
[1.794s][info][gc,stats    ]      21 of    35 ms ( 60.9%): pool-1-thread-8
[1.794s][info][gc,stats    ]      19 of    35 ms ( 55.9%): pool-1-thread-9
[1.794s][info][gc,stats    ]     193 of    35 ms (552.7%): <total>
[1.794s][info][gc,stats    ]       7 of    35 ms ( 21.3%): <average total>
[1.794s][info][gc,stats    ]      21 of    35 ms ( 61.4%): <average non-zero>
[1.794s][info][gc,stats    ] 
[1.794s][info][gc,metaspace] Metaspace: 10527K(10816K)->10527K(10816K) NonClass: 9305K(9472K)->9305K(9472K) Class: 1222K(1344K)->1222K(1344K)
[1.794s][info][gc,ergo     ] Pacer for Idle. Initial: 8192K, Alloc Tax Rate: 1.0x
[1.803s][info][gc          ] Trigger: Average GC time (25.48 ms) is above the time for average allocation rate (1583 MB/s) to deplete free headroom (30464K) (margin of error = 1.91)
[1.803s][info][gc,ergo     ] Free headroom: 50944K (free) - 20480K (spike) - 0B (penalties) = 30464K
[1.803s][info][gc,ergo     ] Free: 47872K, Max: 256K regular, 27136K humongous, Frag: 44% external, 0% internal; Reserve: 20480K, Max: 256K
[1.803s][info][gc,start    ] GC(37) Concurrent reset
[1.803s][info][gc,task     ] GC(37) Using 8 of 16 workers for concurrent reset
[1.803s][info][gc,ergo     ] GC(37) Pacer for Reset. Non-Taxable: 400M
[1.803s][info][gc          ] GC(37) Concurrent reset 0.267ms
[1.803s][info][gc,start    ] GC(37) Pause Init Mark (unload classes)
[1.803s][info][gc,task     ] GC(37) Using 16 of 16 workers for init marking
[1.803s][info][gc,ergo     ] GC(37) Pacer for Mark. Expected Live: 138M, Free: 46848K, Non-Taxable: 4684K, Alloc Tax Rate: 3.7x
[1.803s][info][gc          ] GC(37) Pause Init Mark (unload classes) 0.019ms
[1.803s][info][gc,start    ] GC(37) Concurrent marking roots
[1.803s][info][gc,task     ] GC(37) Using 8 of 16 workers for concurrent marking roots
[1.803s][info][gc          ] GC(37) Concurrent marking roots 0.068ms
[1.803s][info][gc,start    ] GC(37) Concurrent marking (unload classes)
[1.803s][info][gc,task     ] GC(37) Using 8 of 16 workers for concurrent marking
[1.825s][info][gc          ] GC(37) Concurrent marking (unload classes) 21.959ms
[1.825s][info][gc,start    ] GC(37) Pause Final Mark (unload classes)
[1.825s][info][gc,task     ] GC(37) Using 16 of 16 workers for final marking
[1.825s][info][gc,ergo     ] GC(37) Collectable Garbage: 172M (97%), Immediate: 172M (97%), CSet: 0B (0%)
[1.825s][info][gc          ] GC(37) Pause Final Mark (unload classes) 0.108ms
[1.825s][info][gc,start    ] GC(37) Concurrent weak references
[1.825s][info][gc,task     ] GC(37) Using 8 of 16 workers for concurrent weak references
[1.825s][info][gc,ref      ] GC(37) Encountered references: Soft: 143, Weak: 898, Final: 0, Phantom: 3
[1.825s][info][gc,ref      ] GC(37) Discovered  references: Soft: 0, Weak: 523, Final: 0, Phantom: 1
[1.825s][info][gc,ref      ] GC(37) Enqueued    references: Soft: 0, Weak: 0, Final: 0, Phantom: 0
[1.825s][info][gc          ] GC(37) Concurrent weak references 0.040ms
[1.825s][info][gc,start    ] GC(37) Concurrent weak roots
[1.825s][info][gc,task     ] GC(37) Using 8 of 16 workers for concurrent weak root
[1.826s][info][gc          ] GC(37) Concurrent weak roots 0.138ms
[1.826s][info][gc,start    ] GC(37) Concurrent cleanup
[1.826s][info][gc          ] GC(37) Concurrent cleanup 341M->168M(400M) 0.042ms
[1.826s][info][gc,ergo     ] GC(37) Free: 211M, Max: 256K regular, 20736K humongous, Frag: 91% external, 0% internal; Reserve: 20480K, Max: 256K
[1.826s][info][gc,start    ] GC(37) Concurrent class unloading
[1.826s][info][gc,task     ] GC(37) Using 8 of 16 workers for concurrent class unloading
[1.826s][info][gc          ] GC(37) Concurrent class unloading 0.649ms
[1.826s][info][gc,start    ] GC(37) Pause Final Roots
[1.826s][info][gc          ] GC(37) Pause Final Roots 0.011ms
[1.826s][info][gc,ergo     ] Free: 195M, Max: 256K regular, 20736K humongous, Frag: 90% external, 0% internal; Reserve: 20480K, Max: 256K
[1.826s][info][gc,stats    ] 
[1.827s][info][gc,stats    ] All times are wall-clock times, except per-root-class counters, that are sum over
[1.827s][info][gc,stats    ] all workers. Dividing the <total> over the root stage time estimates parallelism.
[1.827s][info][gc,stats    ] 
[1.827s][info][gc,stats    ] Concurrent Reset                    270 us
[1.827s][info][gc,stats    ] Pause Init Mark (G)                  99 us
[1.827s][info][gc,stats    ] Pause Init Mark (N)                  21 us
[1.827s][info][gc,stats    ]   Update Region States                6 us
[1.827s][info][gc,stats    ] Concurrent Mark Roots                70 us, parallelism: 2.99x
[1.827s][info][gc,stats    ]   CMR: <total>                      210 us
[1.827s][info][gc,stats    ]   CMR: Thread Roots                 149 us, workers (us):  20,  29,  23,   0,  25,  20,  18,  13, ---, ---, ---, ---, ---, ---, ---, ---, 
[1.827s][info][gc,stats    ]   CMR: VM Strong Roots               10 us, workers (us):   3,   3,   2,   0,   0,   0,   0,   0, ---, ---, ---, ---, ---, ---, ---, ---, 
[1.827s][info][gc,stats    ]   CMR: CLDG Roots                    51 us, workers (us):   3, ---, ---,  43,   3,   2, ---, ---, ---, ---, ---, ---, ---, ---, ---, ---, 
[1.827s][info][gc,stats    ] Concurrent Marking                21967 us
[1.827s][info][gc,stats    ] Pause Final Mark (G)                122 us
[1.827s][info][gc,stats    ] Pause Final Mark (N)                111 us
[1.827s][info][gc,stats    ]   Finish Mark                        49 us
[1.827s][info][gc,stats    ]   Update Region States                9 us
[1.827s][info][gc,stats    ]   Choose Collection Set              17 us
[1.827s][info][gc,stats    ]   Rebuild Free Set                    8 us
[1.827s][info][gc,stats    ] Concurrent Weak References           42 us, parallelism: 0.67x
[1.827s][info][gc,stats    ]   CWRF: <total>                      28 us
[1.827s][info][gc,stats    ]   CWRF: Weak References              28 us, workers (us):  26,   1,   0,   0,   0,   0,   0,   0, ---, ---, ---, ---, ---, ---, ---, ---, 
[1.827s][info][gc,stats    ] Concurrent Weak Roots               140 us
[1.827s][info][gc,stats    ]   Roots                             128 us, parallelism: 4.26x
[1.827s][info][gc,stats    ]     CWR: <total>                    545 us
[1.827s][info][gc,stats    ]     CWR: Code Cache Roots           450 us, workers (us):  56,   7,   6, 105,  55,  92,  52,  77, ---, ---, ---, ---, ---, ---, ---, ---, 
[1.827s][info][gc,stats    ]     CWR: VM Weak Roots               88 us, workers (us):  13,  11,  11,  11,  11,  11,  10,   9, ---, ---, ---, ---, ---, ---, ---, ---, 
[1.827s][info][gc,stats    ]     CWR: CLDG Roots                   7 us, workers (us):   2, ---,   2, ---,   2, ---,   1, ---, ---, ---, ---, ---, ---, ---, ---, ---, 
[1.827s][info][gc,stats    ]   Rendezvous                          8 us
[1.827s][info][gc,stats    ] Concurrent Cleanup                   44 us
[1.827s][info][gc,stats    ] Concurrent Class Unloading          677 us
[1.827s][info][gc,stats    ]   Unlink Stale                      612 us
[1.827s][info][gc,stats    ]     System Dictionary                 2 us
[1.827s][info][gc,stats    ]     Weak Class Links                  0 us
[1.827s][info][gc,stats    ]     Code Roots                      610 us
[1.827s][info][gc,stats    ]   Rendezvous                         23 us
[1.827s][info][gc,stats    ]   Purge Unlinked                      8 us
[1.827s][info][gc,stats    ]     Code Roots                        2 us
[1.827s][info][gc,stats    ]     CLDG                              6 us
[1.827s][info][gc,stats    ]     Exception Caches                  0 us
[1.827s][info][gc,stats    ] Pause Final Roots (G)                98 us
[1.827s][info][gc,stats    ] Pause Final Roots (N)                14 us
[1.827s][info][gc,stats    ] Pacing                           295487 us
[1.827s][info][gc,stats    ] 
[1.827s][info][gc,stats    ] Allocation pacing accrued:
[1.827s][info][gc,stats    ]      33 of    33 ms (100.7%): pool-1-thread-1
[1.827s][info][gc,stats    ]      33 of    33 ms (100.7%): pool-1-thread-2
[1.827s][info][gc,stats    ]      33 of    33 ms (100.7%): pool-1-thread-3
[1.827s][info][gc,stats    ]      32 of    33 ms ( 98.0%): pool-1-thread-4
[1.827s][info][gc,stats    ]      33 of    33 ms (100.7%): pool-1-thread-5
[1.827s][info][gc,stats    ]      33 of    33 ms (100.6%): pool-1-thread-6
[1.827s][info][gc,stats    ]      33 of    33 ms (100.6%): pool-1-thread-7
[1.827s][info][gc,stats    ]      33 of    33 ms (100.9%): pool-1-thread-8
[1.827s][info][gc,stats    ]      33 of    33 ms (100.5%): pool-1-thread-9
[1.827s][info][gc,stats    ]     295 of    33 ms (903.4%): <total>
[1.827s][info][gc,stats    ]      11 of    33 ms ( 34.7%): <average total>
[1.827s][info][gc,stats    ]      33 of    33 ms (100.4%): <average non-zero>
[1.827s][info][gc,stats    ] 
[1.827s][info][gc,metaspace] Metaspace: 10527K(10816K)->10527K(10816K) NonClass: 9305K(9472K)->9305K(9472K) Class: 1222K(1344K)->1222K(1344K)
[1.827s][info][gc,ergo     ] Pacer for Idle. Initial: 8192K, Alloc Tax Rate: 1.0x
[1.833s][info][gc          ] Trigger: Average GC time (25.79 ms) is above the time for average allocation rate (1583 MB/s) to deplete free headroom (20992K) (margin of error = 1.91)
[1.833s][info][gc,ergo     ] Free headroom: 41472K (free) - 20480K (spike) - 0B (penalties) = 20992K
[1.833s][info][gc,ergo     ] Free: 38400K, Max: 256K regular, 20736K humongous, Frag: 46% external, 0% internal; Reserve: 20480K, Max: 256K
[1.833s][info][gc,start    ] GC(38) Concurrent reset
[1.834s][info][gc,task     ] GC(38) Using 8 of 16 workers for concurrent reset
[1.834s][info][gc,ergo     ] GC(38) Pacer for Reset. Non-Taxable: 400M
[1.834s][info][gc          ] GC(38) Concurrent reset 0.612ms
[1.834s][info][gc,start    ] GC(38) Pause Init Mark (unload classes)
[1.834s][info][gc,task     ] GC(38) Using 16 of 16 workers for init marking
[1.834s][info][gc,ergo     ] GC(38) Pacer for Mark. Expected Live: 144M, Free: 27904K, Non-Taxable: 2790K, Alloc Tax Rate: 6.5x
[1.834s][info][gc          ] GC(38) Pause Init Mark (unload classes) 0.022ms
[1.834s][info][gc,start    ] GC(38) Concurrent marking roots
[1.834s][info][gc,task     ] GC(38) Using 8 of 16 workers for concurrent marking roots
[1.834s][info][gc          ] GC(38) Concurrent marking roots 0.170ms
[1.834s][info][gc,start    ] GC(38) Concurrent marking (unload classes)
[1.834s][info][gc,task     ] GC(38) Using 8 of 16 workers for concurrent marking
[1.851s][info][gc          ] GC(38) Concurrent marking (unload classes) 16.237ms
[1.851s][info][gc,start    ] GC(38) Pause Final Mark (unload classes)
[1.851s][info][gc,task     ] GC(38) Using 16 of 16 workers for final marking
[1.851s][info][gc,ergo     ] GC(38) Collectable Garbage: 232M (97%), Immediate: 232M (97%), CSet: 0B (0%)
[1.851s][info][gc          ] GC(38) Pause Final Mark (unload classes) 0.077ms
[1.851s][info][gc,start    ] GC(38) Concurrent weak references
[1.851s][info][gc,task     ] GC(38) Using 8 of 16 workers for concurrent weak references
[1.851s][info][gc,ref      ] GC(38) Encountered references: Soft: 143, Weak: 898, Final: 0, Phantom: 3
[1.851s][info][gc,ref      ] GC(38) Discovered  references: Soft: 0, Weak: 505, Final: 0, Phantom: 2
[1.851s][info][gc,ref      ] GC(38) Enqueued    references: Soft: 0, Weak: 0, Final: 0, Phantom: 0
[1.851s][info][gc          ] GC(38) Concurrent weak references 0.040ms
[1.851s][info][gc,start    ] GC(38) Concurrent weak roots
[1.851s][info][gc,task     ] GC(38) Using 8 of 16 workers for concurrent weak root
[1.851s][info][gc          ] GC(38) Concurrent weak roots 0.134ms
[1.851s][info][gc,start    ] GC(38) Concurrent cleanup
[1.851s][info][gc          ] GC(38) Concurrent cleanup 357M->125M(400M) 0.042ms
[1.851s][info][gc,ergo     ] GC(38) Free: 254M, Max: 256K regular, 105M humongous, Frag: 59% external, 0% internal; Reserve: 20480K, Max: 256K
[1.851s][info][gc,start    ] GC(38) Concurrent class unloading
[1.851s][info][gc,task     ] GC(38) Using 8 of 16 workers for concurrent class unloading
[1.851s][info][gc          ] GC(38) Concurrent class unloading 0.261ms
[1.851s][info][gc,start    ] GC(38) Pause Final Roots
[1.851s][info][gc          ] GC(38) Pause Final Roots 0.003ms
[1.851s][info][gc,ergo     ] Free: 254M, Max: 256K regular, 105M humongous, Frag: 59% external, 0% internal; Reserve: 20480K, Max: 256K
[1.851s][info][gc,stats    ] 
[1.851s][info][gc,stats    ] All times are wall-clock times, except per-root-class counters, that are sum over
[1.851s][info][gc,stats    ] all workers. Dividing the <total> over the root stage time estimates parallelism.
[1.851s][info][gc,stats    ] 
[1.851s][info][gc,stats    ] Concurrent Reset                    643 us
[1.851s][info][gc,stats    ] Pause Init Mark (G)                 151 us
[1.851s][info][gc,stats    ] Pause Init Mark (N)                  24 us
[1.851s][info][gc,stats    ]   Update Region States                5 us
[1.851s][info][gc,stats    ] Concurrent Mark Roots               173 us, parallelism: 1.87x
[1.851s][info][gc,stats    ]   CMR: <total>                      322 us
[1.851s][info][gc,stats    ]   CMR: Thread Roots                 193 us, workers (us):  35,   0,  30,  30,  43,  35,  13,   6, ---, ---, ---, ---, ---, ---, ---, ---, 
[1.851s][info][gc,stats    ]   CMR: VM Strong Roots               20 us, workers (us):   7,   7,   1,   1,   1,   2,   0,   0, ---, ---, ---, ---, ---, ---, ---, ---, 
[1.851s][info][gc,stats    ]   CMR: CLDG Roots                   109 us, workers (us):  10,  75,  14,  11, ---, ---, ---, ---, ---, ---, ---, ---, ---, ---, ---, ---, 
[1.851s][info][gc,stats    ] Concurrent Marking                16250 us
[1.851s][info][gc,stats    ] Pause Final Mark (G)                 89 us
[1.851s][info][gc,stats    ] Pause Final Mark (N)                 79 us
[1.851s][info][gc,stats    ]   Finish Mark                        40 us
[1.851s][info][gc,stats    ]   Update Region States                6 us
[1.851s][info][gc,stats    ]   Choose Collection Set              16 us
[1.851s][info][gc,stats    ]   Rebuild Free Set                    3 us
[1.851s][info][gc,stats    ] Concurrent Weak References           41 us, parallelism: 0.67x
[1.851s][info][gc,stats    ]   CWRF: <total>                      28 us
[1.851s][info][gc,stats    ]   CWRF: Weak References              28 us, workers (us):   2,  24,   1,   0,   0,   0,   0,   0, ---, ---, ---, ---, ---, ---, ---, ---, 
[1.851s][info][gc,stats    ] Concurrent Weak Roots               136 us
[1.851s][info][gc,stats    ]   Roots                             125 us, parallelism: 4.40x
[1.851s][info][gc,stats    ]     CWR: <total>                    552 us
[1.851s][info][gc,stats    ]     CWR: Code Cache Roots           458 us, workers (us):  70,  97,  62,   5, 102,  56,   6,  61, ---, ---, ---, ---, ---, ---, ---, ---, 
[1.851s][info][gc,stats    ]     CWR: VM Weak Roots               85 us, workers (us):  12,  12,  11,  12,  10,  10,  10,   9, ---, ---, ---, ---, ---, ---, ---, ---, 
[1.851s][info][gc,stats    ]     CWR: CLDG Roots                   8 us, workers (us):   2,   2,   2, ---, ---,   2, ---, ---, ---, ---, ---, ---, ---, ---, ---, ---, 
[1.851s][info][gc,stats    ]   Rendezvous                          5 us
[1.851s][info][gc,stats    ] Concurrent Cleanup                   44 us
[1.851s][info][gc,stats    ] Concurrent Class Unloading          264 us
[1.851s][info][gc,stats    ]   Unlink Stale                      249 us
[1.851s][info][gc,stats    ]     System Dictionary                 2 us
[1.851s][info][gc,stats    ]     Weak Class Links                  0 us
[1.851s][info][gc,stats    ]     Code Roots                      247 us
[1.851s][info][gc,stats    ]   Rendezvous                          5 us
[1.851s][info][gc,stats    ]   Purge Unlinked                      2 us
[1.851s][info][gc,stats    ]     Code Roots                        0 us
[1.851s][info][gc,stats    ]     CLDG                              2 us
[1.851s][info][gc,stats    ]     Exception Caches                  0 us
[1.851s][info][gc,stats    ] Pause Final Roots (G)                 8 us
[1.851s][info][gc,stats    ] Pause Final Roots (N)                 4 us
[1.851s][info][gc,stats    ] Pacing                           112243 us
[1.851s][info][gc,stats    ] 
[1.851s][info][gc,stats    ] Allocation pacing accrued:
[1.851s][info][gc,stats    ]      13 of    25 ms ( 51.1%): pool-1-thread-1
[1.851s][info][gc,stats    ]      13 of    25 ms ( 51.5%): pool-1-thread-2
[1.851s][info][gc,stats    ]      13 of    25 ms ( 51.4%): pool-1-thread-3
[1.851s][info][gc,stats    ]      13 of    25 ms ( 51.4%): pool-1-thread-4
[1.851s][info][gc,stats    ]      13 of    25 ms ( 51.6%): pool-1-thread-5
[1.851s][info][gc,stats    ]      13 of    25 ms ( 51.5%): pool-1-thread-6
[1.851s][info][gc,stats    ]      13 of    25 ms ( 51.3%): pool-1-thread-7
[1.851s][info][gc,stats    ]      13 of    25 ms ( 51.1%): pool-1-thread-8
[1.851s][info][gc,stats    ]      11 of    25 ms ( 46.2%): pool-1-thread-9
[1.851s][info][gc,stats    ]     112 of    25 ms (456.8%): <total>
[1.851s][info][gc,stats    ]       4 of    25 ms ( 17.6%): <average total>
[1.851s][info][gc,stats    ]      12 of    25 ms ( 50.8%): <average non-zero>
[1.851s][info][gc,stats    ] 
[1.851s][info][gc,metaspace] Metaspace: 10527K(10816K)->10527K(10816K) NonClass: 9305K(9472K)->9305K(9472K) Class: 1222K(1344K)->1222K(1344K)
[1.851s][info][gc,ergo     ] Pacer for Idle. Initial: 8192K, Alloc Tax Rate: 1.0x
[1.866s][info][gc          ] Trigger: Average GC time (25.32 ms) is above the time for average allocation rate (1578 MB/s) to deplete free headroom (26880K) (margin of error = 1.90)
[1.866s][info][gc,ergo     ] Free headroom: 47360K (free) - 20480K (spike) - 0B (penalties) = 26880K
[1.866s][info][gc,ergo     ] Free: 46336K, Max: 256K regular, 23296K humongous, Frag: 50% external, 0% internal; Reserve: 20480K, Max: 256K
[1.866s][info][gc,start    ] GC(39) Concurrent reset
[1.866s][info][gc,task     ] GC(39) Using 8 of 16 workers for concurrent reset
[1.866s][info][gc,ergo     ] GC(39) Pacer for Reset. Non-Taxable: 400M
[1.867s][info][gc          ] GC(39) Concurrent reset 0.306ms
[1.867s][info][gc,start    ] GC(39) Pause Init Mark (unload classes)
[1.867s][info][gc,task     ] GC(39) Using 16 of 16 workers for init marking
[1.867s][info][gc,ergo     ] GC(39) Pacer for Mark. Expected Live: 135M, Free: 42240K, Non-Taxable: 4224K, Alloc Tax Rate: 4.0x
[1.867s][info][gc          ] GC(39) Pause Init Mark (unload classes) 0.021ms
[1.867s][info][gc,start    ] GC(39) Concurrent marking roots
[1.867s][info][gc,task     ] GC(39) Using 8 of 16 workers for concurrent marking roots
[1.867s][info][gc          ] GC(39) Concurrent marking roots 0.072ms
[1.867s][info][gc,start    ] GC(39) Concurrent marking (unload classes)
[1.867s][info][gc,task     ] GC(39) Using 8 of 16 workers for concurrent marking
[1.886s][info][gc          ] GC(39) Concurrent marking (unload classes) 18.786ms
[1.886s][info][gc,start    ] GC(39) Pause Final Mark (unload classes)
[1.886s][info][gc,task     ] GC(39) Using 16 of 16 workers for final marking
[1.886s][info][gc,ergo     ] GC(39) Collectable Garbage: 202M (97%), Immediate: 202M (97%), CSet: 0B (0%)
[1.886s][info][gc          ] GC(39) Pause Final Mark (unload classes) 0.075ms
[1.886s][info][gc,start    ] GC(39) Concurrent weak references
[1.886s][info][gc,task     ] GC(39) Using 8 of 16 workers for concurrent weak references
[1.886s][info][gc,ref      ] GC(39) Encountered references: Soft: 143, Weak: 898, Final: 0, Phantom: 3
[1.886s][info][gc,ref      ] GC(39) Discovered  references: Soft: 0, Weak: 591, Final: 0, Phantom: 1
[1.886s][info][gc,ref      ] GC(39) Enqueued    references: Soft: 0, Weak: 0, Final: 0, Phantom: 0
[1.886s][info][gc          ] GC(39) Concurrent weak references 0.127ms
[1.886s][info][gc,start    ] GC(39) Concurrent weak roots
[1.886s][info][gc,task     ] GC(39) Using 8 of 16 workers for concurrent weak root
[1.886s][info][gc          ] GC(39) Concurrent weak roots 0.324ms
[1.886s][info][gc,start    ] GC(39) Concurrent cleanup
[1.886s][info][gc          ] GC(39) Concurrent cleanup 377M->174M(400M) 0.044ms
[1.886s][info][gc,ergo     ] GC(39) Free: 205M, Max: 256K regular, 52224K humongous, Frag: 76% external, 0% internal; Reserve: 20480K, Max: 256K
[1.886s][info][gc,start    ] GC(39) Concurrent class unloading
[1.886s][info][gc,task     ] GC(39) Using 8 of 16 workers for concurrent class unloading
[1.887s][info][gc          ] GC(39) Concurrent class unloading 0.285ms
[1.887s][info][gc,start    ] GC(39) Pause Final Roots
[1.887s][info][gc          ] GC(39) Pause Final Roots 0.002ms
[1.887s][info][gc,ergo     ] Free: 205M, Max: 256K regular, 52224K humongous, Frag: 76% external, 0% internal; Reserve: 20480K, Max: 256K
[1.887s][info][gc,stats    ] 
[1.887s][info][gc,stats    ] All times are wall-clock times, except per-root-class counters, that are sum over
[1.887s][info][gc,stats    ] all workers. Dividing the <total> over the root stage time estimates parallelism.
[1.887s][info][gc,stats    ] 
[1.887s][info][gc,stats    ] Concurrent Reset                    311 us
[1.887s][info][gc,stats    ] Pause Init Mark (G)                 108 us
[1.887s][info][gc,stats    ] Pause Init Mark (N)                  24 us
[1.887s][info][gc,stats    ]   Update Region States                5 us
[1.887s][info][gc,stats    ] Concurrent Mark Roots                75 us, parallelism: 2.75x
[1.887s][info][gc,stats    ]   CMR: <total>                      206 us
[1.887s][info][gc,stats    ]   CMR: Thread Roots                 155 us, workers (us):   0,  29,  28,  27,  26,  27,  18,   0, ---, ---, ---, ---, ---, ---, ---, ---, 
[1.887s][info][gc,stats    ]   CMR: VM Strong Roots                8 us, workers (us):   3,   2,   1,   0,   0,   1,   0,   0, ---, ---, ---, ---, ---, ---, ---, ---, 
[1.887s][info][gc,stats    ]   CMR: CLDG Roots                    43 us, workers (us):  38,   3,   2, ---, ---, ---, ---, ---, ---, ---, ---, ---, ---, ---, ---, ---, 
[1.887s][info][gc,stats    ] Concurrent Marking                18828 us
[1.887s][info][gc,stats    ] Pause Final Mark (G)                 98 us
[1.887s][info][gc,stats    ] Pause Final Mark (N)                 78 us
[1.887s][info][gc,stats    ]   Finish Mark                        44 us
[1.887s][info][gc,stats    ]   Update Region States                6 us
[1.887s][info][gc,stats    ]   Choose Collection Set              11 us
[1.887s][info][gc,stats    ]   Rebuild Free Set                    4 us
[1.887s][info][gc,stats    ] Concurrent Weak References          128 us, parallelism: 0.78x
[1.887s][info][gc,stats    ]   CWRF: <total>                     100 us
[1.887s][info][gc,stats    ]   CWRF: Weak References             100 us, workers (us):   3,   1,  95,   0,   0,   0,   0,   0, ---, ---, ---, ---, ---, ---, ---, ---, 
[1.887s][info][gc,stats    ] Concurrent Weak Roots               326 us
[1.887s][info][gc,stats    ]   Roots                             313 us, parallelism: 4.80x
[1.887s][info][gc,stats    ]     CWR: <total>                   1501 us
[1.887s][info][gc,stats    ]     CWR: Code Cache Roots          1263 us, workers (us): 236, 213, 222, 241,   0, 125, 225,   0, ---, ---, ---, ---, ---, ---, ---, ---, 
[1.887s][info][gc,stats    ]     CWR: VM Weak Roots              188 us, workers (us):  31,  31,  31,  25,  23,  22,  23,   2, ---, ---, ---, ---, ---, ---, ---, ---, 
[1.887s][info][gc,stats    ]     CWR: CLDG Roots                  50 us, workers (us): ---, ---,   3,   7,  37,   3, ---, ---, ---, ---, ---, ---, ---, ---, ---, ---, 
[1.887s][info][gc,stats    ]   Rendezvous                          7 us
[1.887s][info][gc,stats    ] Concurrent Cleanup                   46 us
[1.887s][info][gc,stats    ] Concurrent Class Unloading          287 us
[1.887s][info][gc,stats    ]   Unlink Stale                      271 us
[1.887s][info][gc,stats    ]     System Dictionary                 2 us
[1.887s][info][gc,stats    ]     Weak Class Links                  0 us
[1.887s][info][gc,stats    ]     Code Roots                      268 us
[1.887s][info][gc,stats    ]   Rendezvous                          6 us
[1.887s][info][gc,stats    ]   Purge Unlinked                      3 us
[1.887s][info][gc,stats    ]     Code Roots                        0 us
[1.887s][info][gc,stats    ]     CLDG                              2 us
[1.887s][info][gc,stats    ]     Exception Caches                  0 us
[1.887s][info][gc,stats    ] Pause Final Roots (G)                11 us
[1.887s][info][gc,stats    ] Pause Final Roots (N)                 4 us
[1.887s][info][gc,stats    ] Pacing                           301865 us
[1.887s][info][gc,stats    ] 
[1.887s][info][gc,stats    ] Allocation pacing accrued:
[1.887s][info][gc,stats    ]      35 of    35 ms ( 99.9%): pool-1-thread-1
[1.887s][info][gc,stats    ]      35 of    35 ms (100.1%): pool-1-thread-2
[1.887s][info][gc,stats    ]      35 of    35 ms (100.0%): pool-1-thread-3
[1.887s][info][gc,stats    ]      35 of    35 ms (100.1%): pool-1-thread-4
[1.887s][info][gc,stats    ]      33 of    35 ms ( 93.8%): pool-1-thread-5
[1.887s][info][gc,stats    ]      33 of    35 ms ( 93.9%): pool-1-thread-6
[1.887s][info][gc,stats    ]      35 of    35 ms (100.0%): pool-1-thread-7
[1.887s][info][gc,stats    ]      24 of    35 ms ( 67.5%): pool-1-thread-8
[1.887s][info][gc,stats    ]      35 of    35 ms (100.0%): pool-1-thread-9
[1.887s][info][gc,stats    ]     302 of    35 ms (855.3%): <total>
[1.887s][info][gc,stats    ]      12 of    35 ms ( 32.9%): <average total>
[1.887s][info][gc,stats    ]      34 of    35 ms ( 95.0%): <average non-zero>
[1.887s][info][gc,stats    ] 
[1.887s][info][gc,metaspace] Metaspace: 10527K(10816K)->10527K(10816K) NonClass: 9305K(9472K)->9305K(9472K) Class: 1222K(1344K)->1222K(1344K)
[1.887s][info][gc,ergo     ] Pacer for Idle. Initial: 8192K, Alloc Tax Rate: 1.0x
[1.895s][info][gc          ] Trigger: Average GC time (23.83 ms) is above the time for average allocation rate (1578 MB/s) to deplete free headroom (27405K) (margin of error = 1.90)
[1.895s][info][gc,ergo     ] Free headroom: 47885K (free) - 20480K (spike) - 0B (penalties) = 27405K
[1.895s][info][gc,ergo     ] Free: 46592K, Max: 256K regular, 5888K humongous, Frag: 88% external, 0% internal; Reserve: 20480K, Max: 256K
[1.895s][info][gc,start    ] GC(40) Concurrent reset
[1.895s][info][gc,task     ] GC(40) Using 8 of 16 workers for concurrent reset
[1.895s][info][gc,ergo     ] GC(40) Pacer for Reset. Non-Taxable: 400M
[1.896s][info][gc          ] GC(40) Concurrent reset 0.744ms
[1.896s][info][gc,start    ] GC(40) Pause Init Mark (unload classes)
[1.896s][info][gc,task     ] GC(40) Using 16 of 16 workers for init marking
[1.896s][info][gc,ergo     ] GC(40) Pacer for Mark. Expected Live: 137M, Free: 28160K, Non-Taxable: 2816K, Alloc Tax Rate: 6.1x
[1.896s][info][gc          ] GC(40) Pause Init Mark (unload classes) 0.030ms
[1.896s][info][gc,start    ] GC(40) Concurrent marking roots
[1.896s][info][gc,task     ] GC(40) Using 8 of 16 workers for concurrent marking roots
[1.896s][info][gc          ] GC(40) Concurrent marking roots 0.137ms
[1.896s][info][gc,start    ] GC(40) Concurrent marking (unload classes)
[1.896s][info][gc,task     ] GC(40) Using 8 of 16 workers for concurrent marking
[1.917s][info][gc          ] GC(40) Concurrent marking (unload classes) 20.303ms
[1.917s][info][gc,start    ] GC(40) Pause Final Mark (unload classes)
[1.917s][info][gc,task     ] GC(40) Using 16 of 16 workers for final marking
[1.917s][info][gc,ergo     ] GC(40) Collectable Garbage: 196M (95%), Immediate: 196M (95%), CSet: 0B (0%)
[1.917s][info][gc          ] GC(40) Pause Final Mark (unload classes) 0.076ms
[1.917s][info][gc,start    ] GC(40) Concurrent weak references
[1.917s][info][gc,task     ] GC(40) Using 8 of 16 workers for concurrent weak references
[1.917s][info][gc,ref      ] GC(40) Encountered references: Soft: 143, Weak: 898, Final: 0, Phantom: 3
[1.917s][info][gc,ref      ] GC(40) Discovered  references: Soft: 0, Weak: 4, Final: 0, Phantom: 2
[1.917s][info][gc,ref      ] GC(40) Enqueued    references: Soft: 0, Weak: 0, Final: 0, Phantom: 0
[1.917s][info][gc          ] GC(40) Concurrent weak references 0.016ms
[1.917s][info][gc,start    ] GC(40) Concurrent weak roots
[1.917s][info][gc,task     ] GC(40) Using 8 of 16 workers for concurrent weak root
[1.917s][info][gc          ] GC(40) Concurrent weak roots 0.129ms
[1.917s][info][gc,start    ] GC(40) Concurrent cleanup
[1.917s][info][gc          ] GC(40) Concurrent cleanup 357M->161M(400M) 0.046ms
[1.917s][info][gc,ergo     ] GC(40) Free: 218M, Max: 256K regular, 5376K humongous, Frag: 98% external, 0% internal; Reserve: 20480K, Max: 256K
[1.917s][info][gc,start    ] GC(40) Concurrent class unloading
[1.917s][info][gc,task     ] GC(40) Using 8 of 16 workers for concurrent class unloading
[1.917s][info][gc          ] GC(40) Concurrent class unloading 0.259ms
[1.917s][info][gc,start    ] GC(40) Pause Final Roots
[1.917s][info][gc          ] GC(40) Pause Final Roots 0.003ms
[1.917s][info][gc,ergo     ] Free: 218M, Max: 256K regular, 5376K humongous, Frag: 98% external, 0% internal; Reserve: 20480K, Max: 256K
[1.917s][info][gc,stats    ] 
[1.917s][info][gc,stats    ] All times are wall-clock times, except per-root-class counters, that are sum over
[1.917s][info][gc,stats    ] all workers. Dividing the <total> over the root stage time estimates parallelism.
[1.917s][info][gc,stats    ] 
[1.917s][info][gc,stats    ] Concurrent Reset                    780 us
[1.917s][info][gc,stats    ] Pause Init Mark (G)                 211 us
[1.917s][info][gc,stats    ] Pause Init Mark (N)                  33 us
[1.917s][info][gc,stats    ]   Update Region States                6 us
[1.917s][info][gc,stats    ] Concurrent Mark Roots               139 us, parallelism: 3.31x
[1.917s][info][gc,stats    ]   CMR: <total>                      460 us
[1.917s][info][gc,stats    ]   CMR: Thread Roots                 326 us, workers (us):   7,  67,  58,  46,  49,  43,  43,  12, ---, ---, ---, ---, ---, ---, ---, ---, 
[1.917s][info][gc,stats    ]   CMR: VM Strong Roots               24 us, workers (us):   7,   8,   1,   2,   1,   1,   0,   3, ---, ---, ---, ---, ---, ---, ---, ---, 
[1.917s][info][gc,stats    ]   CMR: CLDG Roots                   110 us, workers (us):  66,  16,  12,  16, ---, ---, ---, ---, ---, ---, ---, ---, ---, ---, ---, ---, 
[1.917s][info][gc,stats    ] Concurrent Marking                20320 us
[1.917s][info][gc,stats    ] Pause Final Mark (G)                 90 us
[1.917s][info][gc,stats    ] Pause Final Mark (N)                 78 us
[1.917s][info][gc,stats    ]   Finish Mark                        30 us
[1.917s][info][gc,stats    ]   Update Region States               11 us
[1.917s][info][gc,stats    ]   Choose Collection Set              17 us
[1.917s][info][gc,stats    ]   Rebuild Free Set                    5 us
[1.917s][info][gc,stats    ] Concurrent Weak References           17 us, parallelism: 0.17x
[1.917s][info][gc,stats    ]   CWRF: <total>                       3 us
[1.917s][info][gc,stats    ]   CWRF: Weak References               3 us, workers (us):   1,   1,   1,   0,   0,   0,   0,   0, ---, ---, ---, ---, ---, ---, ---, ---, 
[1.917s][info][gc,stats    ] Concurrent Weak Roots               131 us
[1.917s][info][gc,stats    ]   Roots                             120 us, parallelism: 4.62x
[1.917s][info][gc,stats    ]     CWR: <total>                    554 us
[1.917s][info][gc,stats    ]     CWR: Code Cache Roots           450 us, workers (us):  67,  93,   5,  63,   4,  67,  90,  63, ---, ---, ---, ---, ---, ---, ---, ---, 
[1.917s][info][gc,stats    ]     CWR: VM Weak Roots               95 us, workers (us):  13,  13,  13,  12,  12,  11,  11,  10, ---, ---, ---, ---, ---, ---, ---, ---, 
[1.917s][info][gc,stats    ]     CWR: CLDG Roots                   9 us, workers (us):   2, ---, ---,   2, ---,   2,   2, ---, ---, ---, ---, ---, ---, ---, ---, ---, 
[1.917s][info][gc,stats    ]   Rendezvous                          7 us
[1.917s][info][gc,stats    ] Concurrent Cleanup                   48 us
[1.917s][info][gc,stats    ] Concurrent Class Unloading          261 us
[1.917s][info][gc,stats    ]   Unlink Stale                      248 us
[1.917s][info][gc,stats    ]     System Dictionary                 2 us
[1.917s][info][gc,stats    ]     Weak Class Links                  0 us
[1.917s][info][gc,stats    ]     Code Roots                      245 us
[1.917s][info][gc,stats    ]   Rendezvous                          5 us
[1.917s][info][gc,stats    ]   Purge Unlinked                      3 us
[1.917s][info][gc,stats    ]     Code Roots                        1 us
[1.917s][info][gc,stats    ]     CLDG                              2 us
[1.917s][info][gc,stats    ]     Exception Caches                  0 us
[1.917s][info][gc,stats    ] Pause Final Roots (G)                10 us
[1.917s][info][gc,stats    ] Pause Final Roots (N)                 4 us
[1.917s][info][gc,stats    ] Pacing                           137538 us
[1.917s][info][gc,stats    ] 
[1.917s][info][gc,stats    ] Allocation pacing accrued:
[1.917s][info][gc,stats    ]      14 of    31 ms ( 47.0%): pool-1-thread-1
[1.917s][info][gc,stats    ]      14 of    31 ms ( 47.0%): pool-1-thread-2
[1.917s][info][gc,stats    ]      14 of    31 ms ( 47.1%): pool-1-thread-3
[1.917s][info][gc,stats    ]      15 of    31 ms ( 47.1%): pool-1-thread-4
[1.917s][info][gc,stats    ]      14 of    31 ms ( 47.0%): pool-1-thread-5
[1.917s][info][gc,stats    ]      15 of    31 ms ( 47.1%): pool-1-thread-6
[1.917s][info][gc,stats    ]      14 of    31 ms ( 47.1%): pool-1-thread-7
[1.917s][info][gc,stats    ]      22 of    31 ms ( 70.3%): pool-1-thread-8
[1.917s][info][gc,stats    ]      14 of    31 ms ( 47.0%): pool-1-thread-9
[1.917s][info][gc,stats    ]     138 of    31 ms (446.8%): <total>
[1.917s][info][gc,stats    ]       5 of    31 ms ( 17.2%): <average total>
[1.917s][info][gc,stats    ]      15 of    31 ms ( 49.6%): <average non-zero>
[1.917s][info][gc,stats    ] 
[1.917s][info][gc,metaspace] Metaspace: 10527K(10816K)->10527K(10816K) NonClass: 9305K(9472K)->9305K(9472K) Class: 1222K(1344K)->1222K(1344K)
[1.918s][info][gc,ergo     ] Pacer for Idle. Initial: 8192K, Alloc Tax Rate: 1.0x
[1.925s][info][gc          ] Trigger: Average GC time (24.19 ms) is above the time for average allocation rate (1578 MB/s) to deplete free headroom (38144K) (margin of error = 1.90)
[1.925s][info][gc,ergo     ] Free headroom: 58624K (free) - 20480K (spike) - 0B (penalties) = 38144K
[1.925s][info][gc,ergo     ] Free: 54016K, Max: 256K regular, 5376K humongous, Frag: 91% external, 0% internal; Reserve: 20480K, Max: 256K
[1.925s][info][gc,start    ] GC(41) Concurrent reset
[1.925s][info][gc,task     ] GC(41) Using 8 of 16 workers for concurrent reset
[1.925s][info][gc,ergo     ] GC(41) Pacer for Reset. Non-Taxable: 400M
[1.926s][info][gc          ] GC(41) Concurrent reset 0.874ms
[1.926s][info][gc,start    ] GC(41) Pause Init Mark (unload classes)
[1.926s][info][gc,task     ] GC(41) Using 16 of 16 workers for init marking
[1.926s][info][gc,ergo     ] GC(41) Pacer for Mark. Expected Live: 135M, Free: 32768K, Non-Taxable: 3276K, Alloc Tax Rate: 5.2x
[1.926s][info][gc          ] GC(41) Pause Init Mark (unload classes) 0.025ms
[1.926s][info][gc,start    ] GC(41) Concurrent marking roots
[1.926s][info][gc,task     ] GC(41) Using 8 of 16 workers for concurrent marking roots
[1.926s][info][gc          ] GC(41) Concurrent marking roots 0.141ms
[1.926s][info][gc,start    ] GC(41) Concurrent marking (unload classes)
[1.926s][info][gc,task     ] GC(41) Using 8 of 16 workers for concurrent marking
[1.946s][info][gc          ] GC(41) Concurrent marking (unload classes) 19.946ms
[1.946s][info][gc,start    ] GC(41) Pause Final Mark (unload classes)
[1.946s][info][gc,task     ] GC(41) Using 16 of 16 workers for final marking
[1.946s][info][gc,ergo     ] GC(41) Collectable Garbage: 187M (94%), Immediate: 187M (94%), CSet: 0B (0%)
[1.946s][info][gc          ] GC(41) Pause Final Mark (unload classes) 0.064ms
[1.946s][info][gc,start    ] GC(41) Concurrent weak references
[1.946s][info][gc,task     ] GC(41) Using 8 of 16 workers for concurrent weak references
[1.946s][info][gc,ref      ] GC(41) Encountered references: Soft: 143, Weak: 898, Final: 0, Phantom: 3
[1.946s][info][gc,ref      ] GC(41) Discovered  references: Soft: 0, Weak: 327, Final: 0, Phantom: 2
[1.946s][info][gc,ref      ] GC(41) Enqueued    references: Soft: 0, Weak: 0, Final: 0, Phantom: 0
[1.946s][info][gc          ] GC(41) Concurrent weak references 0.024ms
[1.946s][info][gc,start    ] GC(41) Concurrent weak roots
[1.946s][info][gc,task     ] GC(41) Using 8 of 16 workers for concurrent weak root
[1.947s][info][gc          ] GC(41) Concurrent weak roots 0.108ms
[1.947s][info][gc,start    ] GC(41) Concurrent cleanup
[1.947s][info][gc          ] GC(41) Concurrent cleanup 353M->165M(400M) 0.039ms
[1.947s][info][gc,ergo     ] GC(41) Free: 214M, Max: 256K regular, 4864K humongous, Frag: 98% external, 0% internal; Reserve: 20480K, Max: 256K
[1.947s][info][gc,start    ] GC(41) Concurrent class unloading
[1.947s][info][gc,task     ] GC(41) Using 8 of 16 workers for concurrent class unloading
[1.947s][info][gc          ] GC(41) Concurrent class unloading 0.263ms
[1.947s][info][gc,start    ] GC(41) Pause Final Roots
[1.947s][info][gc          ] GC(41) Pause Final Roots 0.002ms
[1.947s][info][gc,ergo     ] Free: 214M, Max: 256K regular, 4864K humongous, Frag: 98% external, 0% internal; Reserve: 20480K, Max: 256K
[1.947s][info][gc,stats    ] 
[1.947s][info][gc,stats    ] All times are wall-clock times, except per-root-class counters, that are sum over
[1.947s][info][gc,stats    ] all workers. Dividing the <total> over the root stage time estimates parallelism.
[1.947s][info][gc,stats    ] 
[1.947s][info][gc,stats    ] Concurrent Reset                    920 us
[1.947s][info][gc,stats    ] Pause Init Mark (G)                 183 us
[1.947s][info][gc,stats    ] Pause Init Mark (N)                  26 us
[1.947s][info][gc,stats    ]   Update Region States                4 us
[1.947s][info][gc,stats    ] Concurrent Mark Roots               145 us, parallelism: 1.62x
[1.947s][info][gc,stats    ]   CMR: <total>                      234 us
[1.947s][info][gc,stats    ]   CMR: Thread Roots                 136 us, workers (us):  31,  22,   0,  13,  18,  23,  18,  12, ---, ---, ---, ---, ---, ---, ---, ---, 
[1.947s][info][gc,stats    ]   CMR: VM Strong Roots               23 us, workers (us):  15,   2,   1,   1,   3,   0,   2,   0, ---, ---, ---, ---, ---, ---, ---, ---, 
[1.947s][info][gc,stats    ]   CMR: CLDG Roots                    74 us, workers (us):   8,   7,  47,  12, ---, ---, ---, ---, ---, ---, ---, ---, ---, ---, ---, ---, 
[1.947s][info][gc,stats    ] Concurrent Marking                19953 us
[1.947s][info][gc,stats    ] Pause Final Mark (G)                 76 us
[1.947s][info][gc,stats    ] Pause Final Mark (N)                 66 us
[1.947s][info][gc,stats    ]   Finish Mark                        32 us
[1.947s][info][gc,stats    ]   Update Region States                6 us
[1.947s][info][gc,stats    ]   Choose Collection Set              12 us
[1.947s][info][gc,stats    ]   Rebuild Free Set                    4 us
[1.947s][info][gc,stats    ] Concurrent Weak References           25 us, parallelism: 0.55x
[1.947s][info][gc,stats    ]   CWRF: <total>                      14 us
[1.947s][info][gc,stats    ]   CWRF: Weak References              14 us, workers (us):   2,  11,   0,   0,   0,   0,   0,   0, ---, ---, ---, ---, ---, ---, ---, ---, 
[1.947s][info][gc,stats    ] Concurrent Weak Roots               110 us
[1.947s][info][gc,stats    ]   Roots                             101 us, parallelism: 4.87x
[1.947s][info][gc,stats    ]     CWR: <total>                    491 us
[1.947s][info][gc,stats    ]     CWR: Code Cache Roots           391 us, workers (us):   3,  70,  72,   3,  66,  59,  57,  60, ---, ---, ---, ---, ---, ---, ---, ---, 
[1.947s][info][gc,stats    ]     CWR: VM Weak Roots               92 us, workers (us):  13,  13,  12,  12,  11,  11,  11,  10, ---, ---, ---, ---, ---, ---, ---, ---, 
[1.947s][info][gc,stats    ]     CWR: CLDG Roots                   8 us, workers (us): ---, ---,   2, ---,   2,   2,   2, ---, ---, ---, ---, ---, ---, ---, ---, ---, 
[1.947s][info][gc,stats    ]   Rendezvous                          5 us
[1.947s][info][gc,stats    ] Concurrent Cleanup                   40 us
[1.947s][info][gc,stats    ] Concurrent Class Unloading          265 us
[1.947s][info][gc,stats    ]   Unlink Stale                      250 us
[1.947s][info][gc,stats    ]     System Dictionary                 2 us
[1.947s][info][gc,stats    ]     Weak Class Links                  0 us
[1.947s][info][gc,stats    ]     Code Roots                      248 us
[1.947s][info][gc,stats    ]   Rendezvous                          7 us
[1.947s][info][gc,stats    ]   Purge Unlinked                      2 us
[1.947s][info][gc,stats    ]     Code Roots                        1 us
[1.947s][info][gc,stats    ]     CLDG                              2 us
[1.947s][info][gc,stats    ]     Exception Caches                  0 us
[1.947s][info][gc,stats    ] Pause Final Roots (G)                 9 us
[1.947s][info][gc,stats    ] Pause Final Roots (N)                 3 us
[1.947s][info][gc,stats    ] Pacing                           203452 us
[1.947s][info][gc,stats    ] 
[1.947s][info][gc,stats    ] Allocation pacing accrued:
[1.947s][info][gc,stats    ]      23 of    30 ms ( 76.9%): pool-1-thread-1
[1.947s][info][gc,stats    ]      23 of    30 ms ( 76.7%): pool-1-thread-2
[1.947s][info][gc,stats    ]      23 of    30 ms ( 76.9%): pool-1-thread-3
[1.947s][info][gc,stats    ]      23 of    30 ms ( 77.0%): pool-1-thread-4
[1.947s][info][gc,stats    ]      23 of    30 ms ( 76.9%): pool-1-thread-5
[1.947s][info][gc,stats    ]      23 of    30 ms ( 76.9%): pool-1-thread-6
[1.947s][info][gc,stats    ]      23 of    30 ms ( 77.0%): pool-1-thread-7
[1.947s][info][gc,stats    ]      23 of    30 ms ( 77.0%): pool-1-thread-8
[1.947s][info][gc,stats    ]      22 of    30 ms ( 74.3%): pool-1-thread-9
[1.947s][info][gc,stats    ]     203 of    30 ms (689.6%): <total>
[1.947s][info][gc,stats    ]       8 of    30 ms ( 26.5%): <average total>
[1.947s][info][gc,stats    ]      23 of    30 ms ( 76.6%): <average non-zero>
[1.947s][info][gc,stats    ] 
[1.947s][info][gc,metaspace] Metaspace: 10527K(10816K)->10527K(10816K) NonClass: 9305K(9472K)->9305K(9472K) Class: 1222K(1344K)->1222K(1344K)
[1.947s][info][gc,ergo     ] Pacer for Idle. Initial: 8192K, Alloc Tax Rate: 1.0x
[1.954s][info][gc          ] Trigger: Average GC time (23.69 ms) is above the time for average allocation rate (1578 MB/s) to deplete free headroom (26206K) (margin of error = 1.90)
[1.955s][info][gc,ergo     ] Free headroom: 46686K (free) - 20480K (spike) - 0B (penalties) = 26206K
[1.955s][info][gc,ergo     ] Free: 43614K, Max: 256K regular, 4864K humongous, Frag: 89% external, 0% internal; Reserve: 20480K, Max: 256K
[1.955s][info][gc,start    ] GC(42) Concurrent reset
[1.955s][info][gc,task     ] GC(42) Using 8 of 16 workers for concurrent reset
[1.955s][info][gc,ergo     ] GC(42) Pacer for Reset. Non-Taxable: 400M
[1.955s][info][gc          ] GC(42) Concurrent reset 0.819ms
[1.956s][info][gc,start    ] GC(42) Pause Init Mark (unload classes)
[1.956s][info][gc,task     ] GC(42) Using 16 of 16 workers for init marking
[1.956s][info][gc,ergo     ] GC(42) Pacer for Mark. Expected Live: 140M, Free: 22016K, Non-Taxable: 2201K, Alloc Tax Rate: 8.0x
[1.956s][info][gc          ] GC(42) Pause Init Mark (unload classes) 0.019ms
[1.956s][info][gc,start    ] GC(42) Concurrent marking roots
[1.956s][info][gc,task     ] GC(42) Using 8 of 16 workers for concurrent marking roots
[1.956s][info][gc          ] GC(42) Concurrent marking roots 0.143ms
[1.956s][info][gc,start    ] GC(42) Concurrent marking (unload classes)
[1.956s][info][gc,task     ] GC(42) Using 8 of 16 workers for concurrent marking
[1.973s][info][gc          ] GC(42) Concurrent marking (unload classes) 17.039ms
[1.973s][info][gc,start    ] GC(42) Pause Final Mark (unload classes)
[1.973s][info][gc,task     ] GC(42) Using 16 of 16 workers for final marking
[1.973s][info][gc,ergo     ] GC(42) Collectable Garbage: 225M (94%), Immediate: 225M (94%), CSet: 0B (0%)
[1.973s][info][gc          ] GC(42) Pause Final Mark (unload classes) 0.068ms
[1.973s][info][gc,start    ] GC(42) Concurrent weak references
[1.973s][info][gc,task     ] GC(42) Using 8 of 16 workers for concurrent weak references
[1.973s][info][gc,ref      ] GC(42) Encountered references: Soft: 143, Weak: 898, Final: 0, Phantom: 3
[1.973s][info][gc,ref      ] GC(42) Discovered  references: Soft: 0, Weak: 444, Final: 0, Phantom: 2
[1.973s][info][gc,ref      ] GC(42) Enqueued    references: Soft: 0, Weak: 0, Final: 0, Phantom: 0
[1.973s][info][gc          ] GC(42) Concurrent weak references 0.035ms
[1.973s][info][gc,start    ] GC(42) Concurrent weak roots
[1.973s][info][gc,task     ] GC(42) Using 8 of 16 workers for concurrent weak root
[1.973s][info][gc          ] GC(42) Concurrent weak roots 0.107ms
[1.973s][info][gc,start    ] GC(42) Concurrent cleanup
[1.973s][info][gc          ] GC(42) Concurrent cleanup 362M->137M(400M) 0.040ms
[1.973s][info][gc,ergo     ] GC(42) Free: 243M, Max: 256K regular, 44288K humongous, Frag: 83% external, 0% internal; Reserve: 20480K, Max: 256K
[1.973s][info][gc,start    ] GC(42) Concurrent class unloading
[1.973s][info][gc,task     ] GC(42) Using 8 of 16 workers for concurrent class unloading
[1.973s][info][gc          ] GC(42) Concurrent class unloading 0.257ms
[1.973s][info][gc,start    ] GC(42) Pause Final Roots
[1.973s][info][gc          ] GC(42) Pause Final Roots 0.002ms
[1.973s][info][gc,ergo     ] Free: 243M, Max: 256K regular, 44288K humongous, Frag: 83% external, 0% internal; Reserve: 20480K, Max: 256K
[1.973s][info][gc,stats    ] 
[1.973s][info][gc,stats    ] All times are wall-clock times, except per-root-class counters, that are sum over
[1.973s][info][gc,stats    ] all workers. Dividing the <total> over the root stage time estimates parallelism.
[1.973s][info][gc,stats    ] 
[1.973s][info][gc,stats    ] Concurrent Reset                    921 us
[1.973s][info][gc,stats    ] Pause Init Mark (G)                 139 us
[1.973s][info][gc,stats    ] Pause Init Mark (N)                  20 us
[1.973s][info][gc,stats    ]   Update Region States                4 us
[1.973s][info][gc,stats    ] Concurrent Mark Roots               145 us, parallelism: 1.97x
[1.973s][info][gc,stats    ]   CMR: <total>                      286 us
[1.973s][info][gc,stats    ]   CMR: Thread Roots                 164 us, workers (us):  29,   0,  23,  35,  26,  19,  13,  19, ---, ---, ---, ---, ---, ---, ---, ---, 
[1.973s][info][gc,stats    ]   CMR: VM Strong Roots               20 us, workers (us):   8,   3,   5,   2,   1,   0,   1,   0, ---, ---, ---, ---, ---, ---, ---, ---, 
[1.973s][info][gc,stats    ]   CMR: CLDG Roots                   102 us, workers (us):  11,  68,  17,   5, ---, ---, ---, ---, ---, ---, ---, ---, ---, ---, ---, ---, 
[1.973s][info][gc,stats    ] Concurrent Marking                17052 us
[1.973s][info][gc,stats    ] Pause Final Mark (G)                 79 us
[1.973s][info][gc,stats    ] Pause Final Mark (N)                 70 us
[1.973s][info][gc,stats    ]   Finish Mark                        35 us
[1.973s][info][gc,stats    ]   Update Region States                6 us
[1.973s][info][gc,stats    ]   Choose Collection Set              13 us
[1.973s][info][gc,stats    ]   Rebuild Free Set                    4 us
[1.973s][info][gc,stats    ] Concurrent Weak References           36 us, parallelism: 0.62x
[1.973s][info][gc,stats    ]   CWRF: <total>                      22 us
[1.973s][info][gc,stats    ]   CWRF: Weak References              22 us, workers (us):  21,   1,   0,   0,   0,   0,   0,   0, ---, ---, ---, ---, ---, ---, ---, ---, 
[1.973s][info][gc,stats    ] Concurrent Weak Roots               109 us
[1.973s][info][gc,stats    ]   Roots                              99 us, parallelism: 4.84x
[1.973s][info][gc,stats    ]     CWR: <total>                    479 us
[1.973s][info][gc,stats    ]     CWR: Code Cache Roots           386 us, workers (us):  61,  65,  61,  59,  67,  71,   1,   1, ---, ---, ---, ---, ---, ---, ---, ---, 
[1.973s][info][gc,stats    ]     CWR: VM Weak Roots               84 us, workers (us):  12,  12,  12,  11,  10,  10,   9,   9, ---, ---, ---, ---, ---, ---, ---, ---, 
[1.973s][info][gc,stats    ]     CWR: CLDG Roots                  10 us, workers (us): ---, ---, ---, ---,   2,   2,   2,   2, ---, ---, ---, ---, ---, ---, ---, ---, 
[1.973s][info][gc,stats    ]   Rendezvous                          5 us
[1.973s][info][gc,stats    ] Concurrent Cleanup                   42 us
[1.973s][info][gc,stats    ] Concurrent Class Unloading          259 us
[1.973s][info][gc,stats    ]   Unlink Stale                      246 us
[1.973s][info][gc,stats    ]     System Dictionary                 2 us
[1.973s][info][gc,stats    ]     Weak Class Links                  0 us
[1.973s][info][gc,stats    ]     Code Roots                      244 us
[1.973s][info][gc,stats    ]   Rendezvous                          5 us
[1.973s][info][gc,stats    ]   Purge Unlinked                      3 us
[1.973s][info][gc,stats    ]     Code Roots                        1 us
[1.973s][info][gc,stats    ]     CLDG                              2 us
[1.973s][info][gc,stats    ]     Exception Caches                  0 us
[1.973s][info][gc,stats    ] Pause Final Roots (G)                 8 us
[1.973s][info][gc,stats    ] Pause Final Roots (N)                 3 us
[1.974s][info][gc,stats    ] Pacing                           195930 us
[1.974s][info][gc,stats    ] 
[1.974s][info][gc,stats    ] Allocation pacing accrued:
[1.974s][info][gc,stats    ]      22 of    27 ms ( 82.1%): pool-1-thread-1
[1.974s][info][gc,stats    ]      22 of    27 ms ( 82.2%): pool-1-thread-2
[1.974s][info][gc,stats    ]      22 of    27 ms ( 82.1%): pool-1-thread-3
[1.974s][info][gc,stats    ]      22 of    27 ms ( 82.1%): pool-1-thread-4
[1.974s][info][gc,stats    ]      22 of    27 ms ( 82.1%): pool-1-thread-5
[1.974s][info][gc,stats    ]      22 of    27 ms ( 82.4%): pool-1-thread-6
[1.974s][info][gc,stats    ]      22 of    27 ms ( 82.1%): pool-1-thread-7
[1.974s][info][gc,stats    ]      22 of    27 ms ( 81.5%): pool-1-thread-8
[1.974s][info][gc,stats    ]      22 of    27 ms ( 81.8%): pool-1-thread-9
[1.974s][info][gc,stats    ]     196 of    27 ms (738.2%): <total>
[1.974s][info][gc,stats    ]       8 of    27 ms ( 28.4%): <average total>
[1.974s][info][gc,stats    ]      22 of    27 ms ( 82.0%): <average non-zero>
[1.974s][info][gc,stats    ] 
[1.974s][info][gc,metaspace] Metaspace: 10527K(10816K)->10527K(10816K) NonClass: 9305K(9472K)->9305K(9472K) Class: 1222K(1344K)->1222K(1344K)
[1.974s][info][gc,ergo     ] Pacer for Idle. Initial: 8192K, Alloc Tax Rate: 1.0x
[1.985s][info][gc          ] Trigger: Free (37120K) is below minimum threshold (40960K)
[1.985s][info][gc,ergo     ] Free: 34560K, Max: 256K regular, 20736K humongous, Frag: 40% external, 0% internal; Reserve: 20480K, Max: 256K
[1.985s][info][gc,start    ] GC(43) Concurrent reset
[1.985s][info][gc,task     ] GC(43) Using 8 of 16 workers for concurrent reset
[1.985s][info][gc,ergo     ] GC(43) Pacer for Reset. Non-Taxable: 400M
[1.986s][info][gc          ] GC(43) Concurrent reset 0.658ms
[1.986s][info][gc,start    ] GC(43) Pause Init Mark (unload classes)
[1.986s][info][gc,task     ] GC(43) Using 16 of 16 workers for init marking
[1.986s][info][gc,ergo     ] GC(43) Pacer for Mark. Expected Live: 132M, Free: 20992K, Non-Taxable: 2099K, Alloc Tax Rate: 7.9x
[1.986s][info][gc          ] GC(43) Pause Init Mark (unload classes) 0.021ms
[1.986s][info][gc,start    ] GC(43) Concurrent marking roots
[1.986s][info][gc,task     ] GC(43) Using 8 of 16 workers for concurrent marking roots
[1.986s][info][gc          ] GC(43) Concurrent marking roots 0.128ms
[1.986s][info][gc,start    ] GC(43) Concurrent marking (unload classes)
[1.986s][info][gc,task     ] GC(43) Using 8 of 16 workers for concurrent marking
[2.006s][info][gc          ] GC(43) Concurrent marking (unload classes) 19.701ms
[2.006s][info][gc,start    ] GC(43) Pause Final Mark (unload classes)
[2.006s][info][gc,task     ] GC(43) Using 16 of 16 workers for final marking
[2.006s][info][gc,ergo     ] GC(43) Collectable Garbage: 205M (93%), Immediate: 205M (93%), CSet: 0B (0%)
[2.006s][info][gc          ] GC(43) Pause Final Mark (unload classes) 0.061ms
[2.006s][info][gc,start    ] GC(43) Concurrent weak references
[2.006s][info][gc,task     ] GC(43) Using 8 of 16 workers for concurrent weak references
[2.006s][info][gc,ref      ] GC(43) Encountered references: Soft: 143, Weak: 898, Final: 0, Phantom: 3
[2.006s][info][gc,ref      ] GC(43) Discovered  references: Soft: 0, Weak: 550, Final: 0, Phantom: 2
[2.006s][info][gc,ref      ] GC(43) Enqueued    references: Soft: 0, Weak: 0, Final: 0, Phantom: 0
[2.006s][info][gc          ] GC(43) Concurrent weak references 0.040ms
[2.006s][info][gc,start    ] GC(43) Concurrent weak roots
[2.006s][info][gc,task     ] GC(43) Using 8 of 16 workers for concurrent weak root
[2.006s][info][gc          ] GC(43) Concurrent weak roots 0.107ms
[2.006s][info][gc,start    ] GC(43) Concurrent cleanup
[2.006s][info][gc          ] GC(43) Concurrent cleanup 363M->158M(400M) 0.040ms
[2.006s][info][gc,ergo     ] GC(43) Free: 222M, Max: 256K regular, 16640K humongous, Frag: 93% external, 0% internal; Reserve: 20480K, Max: 256K
[2.006s][info][gc,start    ] GC(43) Concurrent class unloading
[2.006s][info][gc,task     ] GC(43) Using 8 of 16 workers for concurrent class unloading
[2.007s][info][gc          ] GC(43) Concurrent class unloading 0.250ms
[2.007s][info][gc,start    ] GC(43) Pause Final Roots
[2.007s][info][gc          ] GC(43) Pause Final Roots 0.002ms
[2.007s][info][gc,ergo     ] Free: 222M, Max: 256K regular, 16640K humongous, Frag: 93% external, 0% internal; Reserve: 20480K, Max: 256K
[2.007s][info][gc,stats    ] 
[2.007s][info][gc,stats    ] All times are wall-clock times, except per-root-class counters, that are sum over
[2.007s][info][gc,stats    ] all workers. Dividing the <total> over the root stage time estimates parallelism.
[2.007s][info][gc,stats    ] 
[2.007s][info][gc,stats    ] Concurrent Reset                    689 us
[2.007s][info][gc,stats    ] Pause Init Mark (G)                 144 us
[2.007s][info][gc,stats    ] Pause Init Mark (N)                  24 us
[2.007s][info][gc,stats    ]   Update Region States                4 us
[2.007s][info][gc,stats    ] Concurrent Mark Roots               130 us, parallelism: 2.17x
[2.007s][info][gc,stats    ]   CMR: <total>                      283 us
[2.007s][info][gc,stats    ]   CMR: Thread Roots                 185 us, workers (us):   0,  41,  43,  31,  28,  32,  11,   0, ---, ---, ---, ---, ---, ---, ---, ---, 
[2.007s][info][gc,stats    ]   CMR: VM Strong Roots               14 us, workers (us):   6,   4,   1,   0,   2,   1,   0,   0, ---, ---, ---, ---, ---, ---, ---, ---, 
[2.007s][info][gc,stats    ]   CMR: CLDG Roots                    83 us, workers (us):  75,   7,   1, ---, ---, ---, ---, ---, ---, ---, ---, ---, ---, ---, ---, ---, 
[2.007s][info][gc,stats    ] Concurrent Marking                19720 us
[2.007s][info][gc,stats    ] Pause Final Mark (G)                 74 us
[2.007s][info][gc,stats    ] Pause Final Mark (N)                 63 us
[2.007s][info][gc,stats    ]   Finish Mark                        28 us
[2.007s][info][gc,stats    ]   Update Region States                6 us
[2.007s][info][gc,stats    ]   Choose Collection Set              13 us
[2.007s][info][gc,stats    ]   Rebuild Free Set                    5 us
[2.007s][info][gc,stats    ] Concurrent Weak References           41 us, parallelism: 0.68x
[2.007s][info][gc,stats    ]   CWRF: <total>                      28 us
[2.007s][info][gc,stats    ]   CWRF: Weak References              28 us, workers (us):  25,   1,   1,   0,   0,   0,   0,   0, ---, ---, ---, ---, ---, ---, ---, ---, 
[2.007s][info][gc,stats    ] Concurrent Weak Roots               109 us
[2.007s][info][gc,stats    ]   Roots                              99 us, parallelism: 4.85x
[2.007s][info][gc,stats    ]     CWR: <total>                    481 us
[2.007s][info][gc,stats    ]     CWR: Code Cache Roots           380 us, workers (us):  61,  57,   1,  69,  56,  68,   1,  66, ---, ---, ---, ---, ---, ---, ---, ---, 
[2.007s][info][gc,stats    ]     CWR: VM Weak Roots               90 us, workers (us):  12,  12,  12,  11,  12,  11,  10,  10, ---, ---, ---, ---, ---, ---, ---, ---, 
[2.007s][info][gc,stats    ]     CWR: CLDG Roots                  11 us, workers (us): ---, ---,   3,   3, ---,   3,   3, ---, ---, ---, ---, ---, ---, ---, ---, ---, 
[2.007s][info][gc,stats    ]   Rendezvous                          6 us
[2.007s][info][gc,stats    ] Concurrent Cleanup                   42 us
[2.007s][info][gc,stats    ] Concurrent Class Unloading          252 us
[2.007s][info][gc,stats    ]   Unlink Stale                      238 us
[2.007s][info][gc,stats    ]     System Dictionary                 2 us
[2.007s][info][gc,stats    ]     Weak Class Links                  0 us
[2.007s][info][gc,stats    ]     Code Roots                      236 us
[2.007s][info][gc,stats    ]   Rendezvous                          5 us
[2.007s][info][gc,stats    ]   Purge Unlinked                      2 us
[2.007s][info][gc,stats    ]     Code Roots                        1 us
[2.007s][info][gc,stats    ]     CLDG                              2 us
[2.007s][info][gc,stats    ]     Exception Caches                  0 us
[2.007s][info][gc,stats    ] Pause Final Roots (G)                 8 us
[2.007s][info][gc,stats    ] Pause Final Roots (N)                 3 us
[2.007s][info][gc,stats    ] Pacing                           192887 us
[2.007s][info][gc,stats    ] 
[2.007s][info][gc,stats    ] Allocation pacing accrued:
[2.007s][info][gc,stats    ]      21 of    33 ms ( 64.7%): pool-1-thread-1
[2.007s][info][gc,stats    ]      21 of    33 ms ( 64.7%): pool-1-thread-2
[2.007s][info][gc,stats    ]      21 of    33 ms ( 64.6%): pool-1-thread-3
[2.007s][info][gc,stats    ]      21 of    33 ms ( 64.5%): pool-1-thread-4
[2.007s][info][gc,stats    ]      21 of    33 ms ( 64.6%): pool-1-thread-5
[2.007s][info][gc,stats    ]      21 of    33 ms ( 64.6%): pool-1-thread-6
[2.007s][info][gc,stats    ]      21 of    33 ms ( 64.7%): pool-1-thread-7
[2.007s][info][gc,stats    ]      21 of    33 ms ( 64.3%): pool-1-thread-8
[2.007s][info][gc,stats    ]      21 of    33 ms ( 64.5%): pool-1-thread-9
[2.007s][info][gc,stats    ]     193 of    33 ms (581.2%): <total>
[2.007s][info][gc,stats    ]       7 of    33 ms ( 22.4%): <average total>
[2.007s][info][gc,stats    ]      21 of    33 ms ( 64.6%): <average non-zero>
[2.007s][info][gc,stats    ] 
[2.007s][info][gc,metaspace] Metaspace: 10527K(10816K)->10527K(10816K) NonClass: 9305K(9472K)->9305K(9472K) Class: 1222K(1344K)->1222K(1344K)
[2.007s][info][gc,ergo     ] Pacer for Idle. Initial: 8192K, Alloc Tax Rate: 1.0x
[2.017s][info][gc          ] Trigger: Average GC time (23.01 ms) is above the time for average allocation rate (1575 MB/s) to deplete free headroom (29952K) (margin of error = 1.89)
[2.017s][info][gc,ergo     ] Free headroom: 50432K (free) - 20480K (spike) - 0B (penalties) = 29952K
[2.017s][info][gc,ergo     ] Free: 49152K, Max: 256K regular, 16640K humongous, Frag: 67% external, 0% internal; Reserve: 20480K, Max: 256K
[2.017s][info][gc,start    ] GC(44) Concurrent reset
[2.017s][info][gc,task     ] GC(44) Using 8 of 16 workers for concurrent reset
[2.017s][info][gc,ergo     ] GC(44) Pacer for Reset. Non-Taxable: 400M
[2.018s][info][gc          ] GC(44) Concurrent reset 0.336ms
[2.018s][info][gc,start    ] GC(44) Pause Init Mark (unload classes)
[2.018s][info][gc,task     ] GC(44) Using 16 of 16 workers for init marking
[2.018s][info][gc,ergo     ] GC(44) Pacer for Mark. Expected Live: 137M, Free: 45824K, Non-Taxable: 4582K, Alloc Tax Rate: 3.8x
[2.018s][info][gc          ] GC(44) Pause Init Mark (unload classes) 0.020ms
[2.018s][info][gc,start    ] GC(44) Concurrent marking roots
[2.018s][info][gc,task     ] GC(44) Using 8 of 16 workers for concurrent marking roots
[2.018s][info][gc          ] GC(44) Concurrent marking roots 0.093ms
[2.018s][info][gc,start    ] GC(44) Concurrent marking (unload classes)
[2.018s][info][gc,task     ] GC(44) Using 8 of 16 workers for concurrent marking
[2.037s][info][gc          ] GC(44) Concurrent marking (unload classes) 18.694ms
[2.037s][info][gc,start    ] GC(44) Pause Final Mark (unload classes)
[2.037s][info][gc,task     ] GC(44) Using 16 of 16 workers for final marking
[2.037s][info][gc,ergo     ] GC(44) Collectable Garbage: 196M (97%), Immediate: 196M (97%), CSet: 0B (0%)
[2.037s][info][gc          ] GC(44) Pause Final Mark (unload classes) 0.071ms
[2.037s][info][gc,start    ] GC(44) Concurrent weak references
[2.037s][info][gc,task     ] GC(44) Using 8 of 16 workers for concurrent weak references
[2.037s][info][gc,ref      ] GC(44) Encountered references: Soft: 143, Weak: 898, Final: 0, Phantom: 3
[2.037s][info][gc,ref      ] GC(44) Discovered  references: Soft: 0, Weak: 640, Final: 0, Phantom: 2
[2.037s][info][gc,ref      ] GC(44) Enqueued    references: Soft: 0, Weak: 0, Final: 0, Phantom: 0
[2.037s][info][gc          ] GC(44) Concurrent weak references 0.046ms
[2.037s][info][gc,start    ] GC(44) Concurrent weak roots
[2.037s][info][gc,task     ] GC(44) Using 8 of 16 workers for concurrent weak root
[2.037s][info][gc          ] GC(44) Concurrent weak roots 0.110ms
[2.037s][info][gc,start    ] GC(44) Concurrent cleanup
[2.037s][info][gc          ] GC(44) Concurrent cleanup 342M->145M(400M) 0.038ms
[2.037s][info][gc,ergo     ] GC(44) Free: 234M, Max: 256K regular, 65536K humongous, Frag: 73% external, 0% internal; Reserve: 20480K, Max: 256K
[2.037s][info][gc,start    ] GC(44) Concurrent class unloading
[2.037s][info][gc,task     ] GC(44) Using 8 of 16 workers for concurrent class unloading
[2.037s][info][gc          ] GC(44) Concurrent class unloading 0.230ms
[2.037s][info][gc,start    ] GC(44) Pause Final Roots
[2.037s][info][gc          ] GC(44) Pause Final Roots 0.002ms
[2.037s][info][gc,ergo     ] Free: 234M, Max: 256K regular, 65536K humongous, Frag: 73% external, 0% internal; Reserve: 20480K, Max: 256K
[2.037s][info][gc,stats    ] 
[2.037s][info][gc,stats    ] All times are wall-clock times, except per-root-class counters, that are sum over
[2.037s][info][gc,stats    ] all workers. Dividing the <total> over the root stage time estimates parallelism.
[2.037s][info][gc,stats    ] 
[2.037s][info][gc,stats    ] Concurrent Reset                    341 us
[2.037s][info][gc,stats    ] Pause Init Mark (G)                 118 us
[2.037s][info][gc,stats    ] Pause Init Mark (N)                  22 us
[2.037s][info][gc,stats    ]   Update Region States                5 us
[2.037s][info][gc,stats    ] Concurrent Mark Roots                96 us, parallelism: 2.28x
[2.037s][info][gc,stats    ]   CMR: <total>                      218 us
[2.037s][info][gc,stats    ]   CMR: Thread Roots                 154 us, workers (us):   0,  30,  22,  21,  23,  17,  20,  22, ---, ---, ---, ---, ---, ---, ---, ---, 
[2.037s][info][gc,stats    ]   CMR: VM Strong Roots                8 us, workers (us):   4,   1,   0,   1,   0,   0,   0,   0, ---, ---, ---, ---, ---, ---, ---, ---, 
[2.037s][info][gc,stats    ]   CMR: CLDG Roots                    57 us, workers (us):  53,   1,   2, ---, ---, ---, ---, ---, ---, ---, ---, ---, ---, ---, ---, ---, 
[2.037s][info][gc,stats    ] Concurrent Marking                18709 us
[2.037s][info][gc,stats    ] Pause Final Mark (G)                 82 us
[2.037s][info][gc,stats    ] Pause Final Mark (N)                 73 us
[2.037s][info][gc,stats    ]   Finish Mark                        34 us
[2.037s][info][gc,stats    ]   Update Region States                6 us
[2.037s][info][gc,stats    ]   Choose Collection Set               9 us
[2.037s][info][gc,stats    ]   Rebuild Free Set                    4 us
[2.037s][info][gc,stats    ] Concurrent Weak References           47 us, parallelism: 0.73x
[2.037s][info][gc,stats    ]   CWRF: <total>                      34 us
[2.037s][info][gc,stats    ]   CWRF: Weak References              34 us, workers (us):  32,   1,   1,   0,   0,   0,   0,   0, ---, ---, ---, ---, ---, ---, ---, ---, 
[2.037s][info][gc,stats    ] Concurrent Weak Roots               111 us
[2.037s][info][gc,stats    ]   Roots                             102 us, parallelism: 4.66x
[2.037s][info][gc,stats    ]     CWR: <total>                    473 us
[2.037s][info][gc,stats    ]     CWR: Code Cache Roots           383 us, workers (us):  65,  60,  66,  59,   2,  58,   1,  73, ---, ---, ---, ---, ---, ---, ---, ---, 
[2.037s][info][gc,stats    ]     CWR: VM Weak Roots               81 us, workers (us):  11,  11,  11,  10,  10,   9,   9,   9, ---, ---, ---, ---, ---, ---, ---, ---, 
[2.037s][info][gc,stats    ]     CWR: CLDG Roots                   9 us, workers (us): ---, ---,   2,   2,   2, ---,   2, ---, ---, ---, ---, ---, ---, ---, ---, ---, 
[2.037s][info][gc,stats    ]   Rendezvous                          6 us
[2.037s][info][gc,stats    ] Concurrent Cleanup                   40 us
[2.037s][info][gc,stats    ] Concurrent Class Unloading          232 us
[2.037s][info][gc,stats    ]   Unlink Stale                      220 us
[2.037s][info][gc,stats    ]     System Dictionary                 2 us
[2.037s][info][gc,stats    ]     Weak Class Links                  0 us
[2.037s][info][gc,stats    ]     Code Roots                      218 us
[2.037s][info][gc,stats    ]   Rendezvous                          5 us
[2.037s][info][gc,stats    ]   Purge Unlinked                      2 us
[2.037s][info][gc,stats    ]     Code Roots                        1 us
[2.037s][info][gc,stats    ]     CLDG                              1 us
[2.037s][info][gc,stats    ]     Exception Caches                  0 us
[2.037s][info][gc,stats    ] Pause Final Roots (G)                 8 us
[2.037s][info][gc,stats    ] Pause Final Roots (N)                 3 us
[2.037s][info][gc,stats    ] Pacing                           274280 us
[2.037s][info][gc,stats    ] 
[2.037s][info][gc,stats    ] Allocation pacing accrued:
[2.037s][info][gc,stats    ]      34 of    31 ms (112.0%): pool-1-thread-1
[2.037s][info][gc,stats    ]      23 of    31 ms ( 75.0%): pool-1-thread-2
[2.037s][info][gc,stats    ]      34 of    31 ms (112.0%): pool-1-thread-3
[2.037s][info][gc,stats    ]      23 of    31 ms ( 75.2%): pool-1-thread-4
[2.037s][info][gc,stats    ]      34 of    31 ms (112.2%): pool-1-thread-5
[2.037s][info][gc,stats    ]      34 of    31 ms (112.2%): pool-1-thread-6
[2.037s][info][gc,stats    ]      34 of    31 ms (112.2%): pool-1-thread-7
[2.037s][info][gc,stats    ]      34 of    31 ms (112.1%): pool-1-thread-8
[2.037s][info][gc,stats    ]      23 of    31 ms ( 75.1%): pool-1-thread-9
[2.037s][info][gc,stats    ]     274 of    31 ms (898.0%): <total>
[2.037s][info][gc,stats    ]      11 of    31 ms ( 34.5%): <average total>
[2.037s][info][gc,stats    ]      30 of    31 ms ( 99.8%): <average non-zero>
[2.037s][info][gc,stats    ] 
[2.037s][info][gc,metaspace] Metaspace: 10527K(10816K)->10527K(10816K) NonClass: 9305K(9472K)->9305K(9472K) Class: 1222K(1344K)->1222K(1344K)
[2.037s][info][gc,ergo     ] Pacer for Idle. Initial: 8192K, Alloc Tax Rate: 1.0x
[2.061s][info][gc          ] Trigger: Free (34560K) is below minimum threshold (40960K)
[2.061s][info][gc,ergo     ] Free: 34560K, Max: 256K regular, 17920K humongous, Frag: 49% external, 0% internal; Reserve: 20480K, Max: 256K
[2.061s][info][gc,start    ] GC(45) Concurrent reset
[2.061s][info][gc,task     ] GC(45) Using 8 of 16 workers for concurrent reset
[2.061s][info][gc,ergo     ] GC(45) Pacer for Reset. Non-Taxable: 400M
[2.062s][info][gc          ] GC(45) Concurrent reset 0.183ms
[2.062s][info][gc,start    ] GC(45) Pause Init Mark (unload classes)
[2.062s][info][gc,task     ] GC(45) Using 16 of 16 workers for init marking
[2.062s][info][gc,ergo     ] GC(45) Pacer for Mark. Expected Live: 138M, Free: 34560K, Non-Taxable: 3456K, Alloc Tax Rate: 5.0x
[2.062s][info][gc          ] GC(45) Pause Init Mark (unload classes) 0.018ms
[2.062s][info][gc,start    ] GC(45) Concurrent marking roots
[2.062s][info][gc,task     ] GC(45) Using 8 of 16 workers for concurrent marking roots
[2.062s][info][gc          ] GC(45) Concurrent marking roots 0.120ms
[2.062s][info][gc,start    ] GC(45) Concurrent marking (unload classes)
[2.062s][info][gc,task     ] GC(45) Using 8 of 16 workers for concurrent marking
[2.082s][info][gc          ] GC(45) Concurrent marking (unload classes) 19.963ms
[2.082s][info][gc,start    ] GC(45) Pause Final Mark (unload classes)
[2.082s][info][gc,task     ] GC(45) Using 16 of 16 workers for final marking
[2.082s][info][gc,ergo     ] GC(45) Collectable Garbage: 193M (95%), Immediate: 193M (95%), CSet: 0B (0%)
[2.082s][info][gc          ] GC(45) Pause Final Mark (unload classes) 0.098ms
[2.082s][info][gc,start    ] GC(45) Concurrent weak references
[2.082s][info][gc,task     ] GC(45) Using 8 of 16 workers for concurrent weak references
[2.082s][info][gc,ref      ] GC(45) Encountered references: Soft: 143, Weak: 898, Final: 0, Phantom: 3
[2.082s][info][gc,ref      ] GC(45) Discovered  references: Soft: 0, Weak: 539, Final: 0, Phantom: 1
[2.082s][info][gc,ref      ] GC(45) Enqueued    references: Soft: 0, Weak: 0, Final: 0, Phantom: 0
[2.082s][info][gc          ] GC(45) Concurrent weak references 0.045ms
[2.082s][info][gc,start    ] GC(45) Concurrent weak roots
[2.082s][info][gc,task     ] GC(45) Using 8 of 16 workers for concurrent weak root
[2.082s][info][gc          ] GC(45) Concurrent weak roots 0.141ms
[2.082s][info][gc,start    ] GC(45) Concurrent cleanup
[2.082s][info][gc          ] GC(45) Concurrent cleanup 353M->159M(400M) 0.039ms
[2.082s][info][gc,ergo     ] GC(45) Free: 220M, Max: 256K regular, 65536K humongous, Frag: 71% external, 0% internal; Reserve: 20480K, Max: 256K
[2.082s][info][gc,start    ] GC(45) Concurrent class unloading
[2.082s][info][gc,task     ] GC(45) Using 8 of 16 workers for concurrent class unloading
[2.082s][info][gc          ] GC(45) Concurrent class unloading 0.269ms
[2.082s][info][gc,start    ] GC(45) Pause Final Roots
[2.082s][info][gc          ] GC(45) Pause Final Roots 0.005ms
[2.082s][info][gc,ergo     ] Free: 220M, Max: 256K regular, 65536K humongous, Frag: 71% external, 0% internal; Reserve: 20480K, Max: 256K
[2.082s][info][gc,stats    ] 
[2.082s][info][gc,stats    ] All times are wall-clock times, except per-root-class counters, that are sum over
[2.082s][info][gc,stats    ] all workers. Dividing the <total> over the root stage time estimates parallelism.
[2.082s][info][gc,stats    ] 
[2.082s][info][gc,stats    ] Concurrent Reset                    187 us
[2.082s][info][gc,stats    ] Pause Init Mark (G)                  48 us
[2.082s][info][gc,stats    ] Pause Init Mark (N)                  21 us
[2.082s][info][gc,stats    ]   Update Region States                4 us
[2.082s][info][gc,stats    ] Concurrent Mark Roots               122 us, parallelism: 2.15x
[2.082s][info][gc,stats    ]   CMR: <total>                      262 us
[2.082s][info][gc,stats    ]   CMR: Thread Roots                 192 us, workers (us):  24,  22,   0,  40,  31,  32,  23,  20, ---, ---, ---, ---, ---, ---, ---, ---, 
[2.082s][info][gc,stats    ]   CMR: VM Strong Roots                6 us, workers (us):   3,   1,   0,   1,   0,   0,   0,   0, ---, ---, ---, ---, ---, ---, ---, ---, 
[2.082s][info][gc,stats    ]   CMR: CLDG Roots                    64 us, workers (us):   2,   2,  59, ---,   2, ---, ---, ---, ---, ---, ---, ---, ---, ---, ---, ---, 
[2.082s][info][gc,stats    ] Concurrent Marking                19979 us
[2.082s][info][gc,stats    ] Pause Final Mark (G)                112 us
[2.082s][info][gc,stats    ] Pause Final Mark (N)                100 us
[2.082s][info][gc,stats    ]   Finish Mark                        59 us
[2.082s][info][gc,stats    ]   Update Region States                6 us
[2.082s][info][gc,stats    ]   Choose Collection Set              17 us
[2.082s][info][gc,stats    ]   Rebuild Free Set                    4 us
[2.082s][info][gc,stats    ] Concurrent Weak References           46 us, parallelism: 0.67x
[2.082s][info][gc,stats    ]   CWRF: <total>                      31 us
[2.082s][info][gc,stats    ]   CWRF: Weak References              31 us, workers (us):   1,  29,   0,   0,   0,   0,   0,   0, ---, ---, ---, ---, ---, ---, ---, ---, 
[2.082s][info][gc,stats    ] Concurrent Weak Roots               143 us
[2.082s][info][gc,stats    ]   Roots                             133 us, parallelism: 4.36x
[2.082s][info][gc,stats    ]     CWR: <total>                    579 us
[2.082s][info][gc,stats    ]     CWR: Code Cache Roots           476 us, workers (us): 104,  62,  77,   5,  67,  62,   3,  97, ---, ---, ---, ---, ---, ---, ---, ---, 
[2.082s][info][gc,stats    ]     CWR: VM Weak Roots               93 us, workers (us):  13,  12,  12,  12,  11,  11,  11,  10, ---, ---, ---, ---, ---, ---, ---, ---, 
[2.082s][info][gc,stats    ]     CWR: CLDG Roots                   9 us, workers (us): ---,   2, ---, ---,   2, ---,   2,   2, ---, ---, ---, ---, ---, ---, ---, ---, 
[2.082s][info][gc,stats    ]   Rendezvous                          6 us
[2.082s][info][gc,stats    ] Concurrent Cleanup                   41 us
[2.082s][info][gc,stats    ] Concurrent Class Unloading          271 us
[2.082s][info][gc,stats    ]   Unlink Stale                      257 us
[2.082s][info][gc,stats    ]     System Dictionary                 2 us
[2.082s][info][gc,stats    ]     Weak Class Links                  0 us
[2.082s][info][gc,stats    ]     Code Roots                      255 us
[2.082s][info][gc,stats    ]   Rendezvous                          5 us
[2.082s][info][gc,stats    ]   Purge Unlinked                      3 us
[2.082s][info][gc,stats    ]     Code Roots                        1 us
[2.082s][info][gc,stats    ]     CLDG                              2 us
[2.082s][info][gc,stats    ]     Exception Caches                  0 us
[2.082s][info][gc,stats    ] Pause Final Roots (G)                15 us
[2.082s][info][gc,stats    ] Pause Final Roots (N)                 7 us
[2.082s][info][gc,stats    ] Pacing                           396400 us
[2.082s][info][gc,stats    ] 
[2.082s][info][gc,stats    ] Allocation pacing accrued:
[2.082s][info][gc,stats    ]      44 of    45 ms ( 96.4%): pool-1-thread-1
[2.082s][info][gc,stats    ]      48 of    45 ms (106.0%): pool-1-thread-2
[2.082s][info][gc,stats    ]      44 of    45 ms ( 96.6%): pool-1-thread-3
[2.082s][info][gc,stats    ]      48 of    45 ms (105.9%): pool-1-thread-4
[2.082s][info][gc,stats    ]      44 of    45 ms ( 96.3%): pool-1-thread-5
[2.082s][info][gc,stats    ]      44 of    45 ms ( 96.5%): pool-1-thread-6
[2.082s][info][gc,stats    ]      44 of    45 ms ( 96.7%): pool-1-thread-7
[2.082s][info][gc,stats    ]      35 of    45 ms ( 77.0%): pool-1-thread-8
[2.082s][info][gc,stats    ]      48 of    45 ms (105.7%): pool-1-thread-9
[2.082s][info][gc,stats    ]     396 of    45 ms (877.1%): <total>
[2.082s][info][gc,stats    ]      15 of    45 ms ( 33.7%): <average total>
[2.082s][info][gc,stats    ]      44 of    45 ms ( 97.5%): <average non-zero>
[2.082s][info][gc,stats    ] 
[2.082s][info][gc,metaspace] Metaspace: 10527K(10816K)->10527K(10816K) NonClass: 9305K(9472K)->9305K(9472K) Class: 1222K(1344K)->1222K(1344K)
[2.082s][info][gc,ergo     ] Pacer for Idle. Initial: 8192K, Alloc Tax Rate: 1.0x
[2.132s][info][gc          ] Trigger: Average GC time (22.08 ms) is above the time for average allocation rate (1573 MB/s) to deplete free headroom (31232K) (margin of error = 1.88)
[2.132s][info][gc,ergo     ] Free headroom: 51712K (free) - 20480K (spike) - 0B (penalties) = 31232K
[2.132s][info][gc,ergo     ] Free: 51712K, Max: 256K regular, 27648K humongous, Frag: 47% external, 0% internal; Reserve: 20480K, Max: 256K
[2.132s][info][gc,start    ] GC(46) Concurrent reset
[2.132s][info][gc,task     ] GC(46) Using 8 of 16 workers for concurrent reset
[2.132s][info][gc,ergo     ] GC(46) Pacer for Reset. Non-Taxable: 400M
[2.132s][info][gc          ] GC(46) Concurrent reset 0.148ms
[2.132s][info][gc,start    ] GC(46) Pause Init Mark (unload classes)
[2.132s][info][gc,task     ] GC(46) Using 16 of 16 workers for init marking
[2.132s][info][gc,ergo     ] GC(46) Pacer for Mark. Expected Live: 137M, Free: 51712K, Non-Taxable: 5171K, Alloc Tax Rate: 3.3x
[2.132s][info][gc          ] GC(46) Pause Init Mark (unload classes) 0.025ms
[2.132s][info][gc,start    ] GC(46) Concurrent marking roots
[2.132s][info][gc,task     ] GC(46) Using 8 of 16 workers for concurrent marking roots
[2.132s][info][gc          ] GC(46) Concurrent marking roots 0.061ms
[2.132s][info][gc,start    ] GC(46) Concurrent marking (unload classes)
[2.132s][info][gc,task     ] GC(46) Using 8 of 16 workers for concurrent marking
[2.151s][info][gc          ] GC(46) Concurrent marking (unload classes) 18.436ms
[2.151s][info][gc,start    ] GC(46) Pause Final Mark (unload classes)
[2.151s][info][gc,task     ] GC(46) Using 16 of 16 workers for final marking
[2.151s][info][gc,ergo     ] GC(46) Collectable Garbage: 192M (96%), Immediate: 192M (96%), CSet: 0B (0%)
[2.151s][info][gc          ] GC(46) Pause Final Mark (unload classes) 0.109ms
[2.151s][info][gc,start    ] GC(46) Concurrent weak references
[2.151s][info][gc,task     ] GC(46) Using 8 of 16 workers for concurrent weak references
[2.151s][info][gc,ref      ] GC(46) Encountered references: Soft: 143, Weak: 898, Final: 0, Phantom: 3
[2.151s][info][gc,ref      ] GC(46) Discovered  references: Soft: 0, Weak: 346, Final: 0, Phantom: 1
[2.151s][info][gc,ref      ] GC(46) Enqueued    references: Soft: 0, Weak: 0, Final: 0, Phantom: 0
[2.151s][info][gc          ] GC(46) Concurrent weak references 0.051ms
[2.151s][info][gc,start    ] GC(46) Concurrent weak roots
[2.151s][info][gc,task     ] GC(46) Using 8 of 16 workers for concurrent weak root
[2.151s][info][gc          ] GC(46) Concurrent weak roots 0.488ms
[2.151s][info][gc,start    ] GC(46) Concurrent cleanup
[2.151s][info][gc          ] GC(46) Concurrent cleanup 349M->159M(400M) 0.088ms
[2.151s][info][gc,ergo     ] GC(46) Free: 220M, Max: 256K regular, 108M humongous, Frag: 51% external, 0% internal; Reserve: 20480K, Max: 256K
[2.151s][info][gc,start    ] GC(46) Concurrent class unloading
[2.151s][info][gc,task     ] GC(46) Using 8 of 16 workers for concurrent class unloading
[2.152s][info][gc          ] GC(46) Concurrent class unloading 0.895ms
[2.152s][info][gc,start    ] GC(46) Pause Final Roots
[2.152s][info][gc          ] GC(46) Pause Final Roots 0.003ms
[2.152s][info][gc,ergo     ] Free: 196M, Max: 256K regular, 87040K humongous, Frag: 57% external, 0% internal; Reserve: 20480K, Max: 256K
[2.152s][info][gc,stats    ] 
[2.152s][info][gc,stats    ] All times are wall-clock times, except per-root-class counters, that are sum over
[2.152s][info][gc,stats    ] all workers. Dividing the <total> over the root stage time estimates parallelism.
[2.152s][info][gc,stats    ] 
[2.152s][info][gc,stats    ] Concurrent Reset                    152 us
[2.152s][info][gc,stats    ] Pause Init Mark (G)                  54 us
[2.152s][info][gc,stats    ] Pause Init Mark (N)                  28 us
[2.152s][info][gc,stats    ]   Update Region States                5 us
[2.152s][info][gc,stats    ] Concurrent Mark Roots                63 us, parallelism: 3.17x
[2.152s][info][gc,stats    ]   CMR: <total>                      200 us
[2.152s][info][gc,stats    ]   CMR: Thread Roots                 159 us, workers (us):  25,   0,  25,  22,  25,  27,  19,  16, ---, ---, ---, ---, ---, ---, ---, ---, 
[2.152s][info][gc,stats    ]   CMR: VM Strong Roots                7 us, workers (us):   3,   1,   2,   0,   0,   0,   1,   0, ---, ---, ---, ---, ---, ---, ---, ---, 
[2.152s][info][gc,stats    ]   CMR: CLDG Roots                    35 us, workers (us):   3,  27,   2,   2, ---, ---, ---, ---, ---, ---, ---, ---, ---, ---, ---, ---, 
[2.152s][info][gc,stats    ] Concurrent Marking                18456 us
[2.152s][info][gc,stats    ] Pause Final Mark (G)                127 us
[2.152s][info][gc,stats    ] Pause Final Mark (N)                112 us
[2.152s][info][gc,stats    ]   Finish Mark                        74 us
[2.152s][info][gc,stats    ]   Update Region States                6 us
[2.152s][info][gc,stats    ]   Choose Collection Set              10 us
[2.152s][info][gc,stats    ]   Rebuild Free Set                    5 us
[2.152s][info][gc,stats    ] Concurrent Weak References           52 us, parallelism: 0.54x
[2.152s][info][gc,stats    ]   CWRF: <total>                      28 us
[2.152s][info][gc,stats    ]   CWRF: Weak References              28 us, workers (us):   2,  25,   1,   0,   0,   0,   0,   0, ---, ---, ---, ---, ---, ---, ---, ---, 
[2.152s][info][gc,stats    ] Concurrent Weak Roots               490 us
[2.152s][info][gc,stats    ]   Roots                             463 us, parallelism: 3.69x
[2.152s][info][gc,stats    ]     CWR: <total>                   1707 us
[2.153s][info][gc,stats    ]     CWR: Code Cache Roots          1512 us, workers (us): 136, 157,  33, 341, 397, 267, 181,   0, ---, ---, ---, ---, ---, ---, ---, ---, 
[2.153s][info][gc,stats    ]     CWR: VM Weak Roots              173 us, workers (us):  29,  29,  29,  27,  27,  20,  12,   0, ---, ---, ---, ---, ---, ---, ---, ---, 
[2.153s][info][gc,stats    ]     CWR: CLDG Roots                  22 us, workers (us):   4,   4, ---, ---, ---,   4,   9, ---, ---, ---, ---, ---, ---, ---, ---, ---, 
[2.153s][info][gc,stats    ]   Rendezvous                         21 us
[2.153s][info][gc,stats    ] Concurrent Cleanup                   90 us
[2.153s][info][gc,stats    ] Concurrent Class Unloading          899 us
[2.153s][info][gc,stats    ]   Unlink Stale                      867 us
[2.153s][info][gc,stats    ]     System Dictionary                 3 us
[2.153s][info][gc,stats    ]     Weak Class Links                  1 us
[2.153s][info][gc,stats    ]     Code Roots                      863 us
[2.153s][info][gc,stats    ]   Rendezvous                         16 us
[2.153s][info][gc,stats    ]   Purge Unlinked                      5 us
[2.153s][info][gc,stats    ]     Code Roots                        1 us
[2.153s][info][gc,stats    ]     CLDG                              4 us
[2.153s][info][gc,stats    ]     Exception Caches                  0 us
[2.153s][info][gc,stats    ] Pause Final Roots (G)                86 us
[2.153s][info][gc,stats    ] Pause Final Roots (N)                 4 us
[2.153s][info][gc,stats    ] Pacing                           577601 us
[2.153s][info][gc,stats    ] 
[2.153s][info][gc,stats    ] Allocation pacing accrued:
[2.153s][info][gc,stats    ]      65 of    70 ms ( 92.8%): pool-1-thread-1
[2.153s][info][gc,stats    ]      65 of    70 ms ( 92.7%): pool-1-thread-2
[2.153s][info][gc,stats    ]      65 of    70 ms ( 92.7%): pool-1-thread-3
[2.153s][info][gc,stats    ]      65 of    70 ms ( 92.5%): pool-1-thread-4
[2.153s][info][gc,stats    ]      65 of    70 ms ( 92.1%): pool-1-thread-5
[2.153s][info][gc,stats    ]      65 of    70 ms ( 92.9%): pool-1-thread-6
[2.153s][info][gc,stats    ]      65 of    70 ms ( 92.6%): pool-1-thread-7
[2.153s][info][gc,stats    ]      61 of    70 ms ( 87.7%): pool-1-thread-8
[2.153s][info][gc,stats    ]      62 of    70 ms ( 87.9%): pool-1-thread-9
[2.153s][info][gc,stats    ]     578 of    70 ms (824.1%): <total>
[2.153s][info][gc,stats    ]      22 of    70 ms ( 31.7%): <average total>
[2.153s][info][gc,stats    ]      64 of    70 ms ( 91.6%): <average non-zero>
[2.153s][info][gc,stats    ] 
[2.153s][info][gc,metaspace] Metaspace: 10527K(10816K)->10527K(10816K) NonClass: 9305K(9472K)->9305K(9472K) Class: 1222K(1344K)->1222K(1344K)
[2.153s][info][gc,ergo     ] Pacer for Idle. Initial: 8192K, Alloc Tax Rate: 1.0x
[2.166s][info][gc          ] Trigger: Free (40704K) is below minimum threshold (40960K)
[2.166s][info][gc,ergo     ] Free: 39168K, Max: 256K regular, 39168K humongous, Frag: 0% external, 0% internal; Reserve: 20480K, Max: 256K
[2.167s][info][gc,start    ] GC(47) Concurrent reset
[2.167s][info][gc,task     ] GC(47) Using 8 of 16 workers for concurrent reset
[2.167s][info][gc,ergo     ] GC(47) Pacer for Reset. Non-Taxable: 400M
[2.167s][info][gc          ] GC(47) Concurrent reset 0.597ms
[2.167s][info][gc,start    ] GC(47) Pause Init Mark (unload classes)
[2.167s][info][gc,task     ] GC(47) Using 16 of 16 workers for init marking
[2.167s][info][gc,ergo     ] GC(47) Pacer for Mark. Expected Live: 133M, Free: 22784K, Non-Taxable: 2278K, Alloc Tax Rate: 7.3x
[2.167s][info][gc          ] GC(47) Pause Init Mark (unload classes) 0.023ms
[2.167s][info][gc,start    ] GC(47) Concurrent marking roots
[2.167s][info][gc,task     ] GC(47) Using 8 of 16 workers for concurrent marking roots
[2.167s][info][gc          ] GC(47) Concurrent marking roots 0.106ms
[2.167s][info][gc,start    ] GC(47) Concurrent marking (unload classes)
[2.167s][info][gc,task     ] GC(47) Using 8 of 16 workers for concurrent marking
[2.188s][info][gc          ] GC(47) Concurrent marking (unload classes) 20.111ms
[2.188s][info][gc,start    ] GC(47) Pause Final Mark (unload classes)
[2.188s][info][gc,task     ] GC(47) Using 16 of 16 workers for final marking
[2.188s][info][gc,ergo     ] GC(47) Collectable Garbage: 206M (97%), Immediate: 206M (97%), CSet: 0B (0%)
[2.188s][info][gc          ] GC(47) Pause Final Mark (unload classes) 0.081ms
[2.188s][info][gc,start    ] GC(47) Concurrent weak references
[2.188s][info][gc,task     ] GC(47) Using 8 of 16 workers for concurrent weak references
[2.188s][info][gc,ref      ] GC(47) Encountered references: Soft: 143, Weak: 898, Final: 0, Phantom: 3
[2.188s][info][gc,ref      ] GC(47) Discovered  references: Soft: 0, Weak: 424, Final: 0, Phantom: 2
[2.188s][info][gc,ref      ] GC(47) Enqueued    references: Soft: 0, Weak: 0, Final: 0, Phantom: 0
[2.188s][info][gc          ] GC(47) Concurrent weak references 0.047ms
[2.188s][info][gc,start    ] GC(47) Concurrent weak roots
[2.188s][info][gc,task     ] GC(47) Using 8 of 16 workers for concurrent weak root
[2.188s][info][gc          ] GC(47) Concurrent weak roots 0.115ms
[2.188s][info][gc,start    ] GC(47) Concurrent cleanup
[2.188s][info][gc          ] GC(47) Concurrent cleanup 362M->155M(400M) 0.043ms
[2.188s][info][gc,ergo     ] GC(47) Free: 224M, Max: 256K regular, 18432K humongous, Frag: 92% external, 0% internal; Reserve: 20480K, Max: 256K
[2.188s][info][gc,start    ] GC(47) Concurrent class unloading
[2.188s][info][gc,task     ] GC(47) Using 8 of 16 workers for concurrent class unloading
[2.188s][info][gc          ] GC(47) Concurrent class unloading 0.242ms
[2.188s][info][gc,start    ] GC(47) Pause Final Roots
[2.188s][info][gc          ] GC(47) Pause Final Roots 0.003ms
[2.188s][info][gc,ergo     ] Free: 224M, Max: 256K regular, 18432K humongous, Frag: 92% external, 0% internal; Reserve: 20480K, Max: 256K
[2.188s][info][gc,stats    ] 
[2.188s][info][gc,stats    ] All times are wall-clock times, except per-root-class counters, that are sum over
[2.188s][info][gc,stats    ] all workers. Dividing the <total> over the root stage time estimates parallelism.
[2.188s][info][gc,stats    ] 
[2.188s][info][gc,stats    ] Concurrent Reset                    644 us
[2.188s][info][gc,stats    ] Pause Init Mark (G)                 141 us
[2.188s][info][gc,stats    ] Pause Init Mark (N)                  24 us
[2.188s][info][gc,stats    ]   Update Region States                6 us
[2.188s][info][gc,stats    ] Concurrent Mark Roots               108 us, parallelism: 2.53x
[2.188s][info][gc,stats    ]   CMR: <total>                      274 us
[2.188s][info][gc,stats    ]   CMR: Thread Roots                 161 us, workers (us):  31,  35,   0,  16,  32,  25,  20,   3, ---, ---, ---, ---, ---, ---, ---, ---, 
[2.188s][info][gc,stats    ]   CMR: VM Strong Roots               13 us, workers (us):   6,   3,   3,   0,   0,   0,   0,   1, ---, ---, ---, ---, ---, ---, ---, ---, 
[2.188s][info][gc,stats    ]   CMR: CLDG Roots                   100 us, workers (us):   6,   4,  76,  14, ---, ---, ---, ---, ---, ---, ---, ---, ---, ---, ---, ---, 
[2.188s][info][gc,stats    ] Concurrent Marking                20128 us
[2.188s][info][gc,stats    ] Pause Final Mark (G)                 94 us
[2.188s][info][gc,stats    ] Pause Final Mark (N)                 84 us
[2.188s][info][gc,stats    ]   Finish Mark                        45 us
[2.188s][info][gc,stats    ]   Update Region States                5 us
[2.188s][info][gc,stats    ]   Choose Collection Set              15 us
[2.188s][info][gc,stats    ]   Rebuild Free Set                    4 us
[2.188s][info][gc,stats    ] Concurrent Weak References           48 us, parallelism: 1.11x
[2.188s][info][gc,stats    ]   CWRF: <total>                      53 us
[2.188s][info][gc,stats    ]   CWRF: Weak References              53 us, workers (us):  32,  20,   2,   0,   0,   0,   0,   0, ---, ---, ---, ---, ---, ---, ---, ---, 
[2.188s][info][gc,stats    ] Concurrent Weak Roots               117 us
[2.188s][info][gc,stats    ]   Roots                             107 us, parallelism: 4.48x
[2.188s][info][gc,stats    ]     CWR: <total>                    481 us
[2.188s][info][gc,stats    ]     CWR: Code Cache Roots           391 us, workers (us):   4,  59,  61,  67,  58,  77,   3,  64, ---, ---, ---, ---, ---, ---, ---, ---, 
[2.188s][info][gc,stats    ]     CWR: VM Weak Roots               81 us, workers (us):  12,  12,  11,  11,  10,   9,   8,   9, ---, ---, ---, ---, ---, ---, ---, ---, 
[2.188s][info][gc,stats    ]     CWR: CLDG Roots                   8 us, workers (us): ---, ---,   2,   2, ---,   2,   2, ---, ---, ---, ---, ---, ---, ---, ---, ---, 
[2.188s][info][gc,stats    ]   Rendezvous                          5 us
[2.188s][info][gc,stats    ] Concurrent Cleanup                   45 us
[2.188s][info][gc,stats    ] Concurrent Class Unloading          244 us
[2.188s][info][gc,stats    ]   Unlink Stale                      230 us
[2.188s][info][gc,stats    ]     System Dictionary                 2 us
[2.188s][info][gc,stats    ]     Weak Class Links                  0 us
[2.188s][info][gc,stats    ]     Code Roots                      228 us
[2.188s][info][gc,stats    ]   Rendezvous                          6 us
[2.188s][info][gc,stats    ]   Purge Unlinked                      3 us
[2.188s][info][gc,stats    ]     Code Roots                        1 us
[2.188s][info][gc,stats    ]     CLDG                              2 us
[2.188s][info][gc,stats    ]     Exception Caches                  0 us
[2.188s][info][gc,stats    ] Pause Final Roots (G)                 8 us
[2.188s][info][gc,stats    ] Pause Final Roots (N)                 4 us
[2.188s][info][gc,stats    ] Pacing                           175467 us
[2.188s][info][gc,stats    ] 
[2.188s][info][gc,stats    ] Allocation pacing accrued:
[2.188s][info][gc,stats    ]      20 of    36 ms ( 54.8%): pool-1-thread-1
[2.188s][info][gc,stats    ]      20 of    36 ms ( 54.8%): pool-1-thread-2
[2.188s][info][gc,stats    ]      20 of    36 ms ( 55.1%): pool-1-thread-3
[2.188s][info][gc,stats    ]      20 of    36 ms ( 54.8%): pool-1-thread-4
[2.188s][info][gc,stats    ]      20 of    36 ms ( 54.7%): pool-1-thread-5
[2.188s][info][gc,stats    ]      20 of    36 ms ( 54.8%): pool-1-thread-6
[2.188s][info][gc,stats    ]      20 of    36 ms ( 55.0%): pool-1-thread-7
[2.188s][info][gc,stats    ]      19 of    36 ms ( 53.0%): pool-1-thread-8
[2.188s][info][gc,stats    ]      20 of    36 ms ( 55.0%): pool-1-thread-9
[2.188s][info][gc,stats    ]     175 of    36 ms (491.9%): <total>
[2.188s][info][gc,stats    ]       7 of    36 ms ( 18.9%): <average total>
[2.188s][info][gc,stats    ]      19 of    36 ms ( 54.7%): <average non-zero>
[2.188s][info][gc,stats    ] 
[2.188s][info][gc,metaspace] Metaspace: 10527K(10816K)->10527K(10816K) NonClass: 9305K(9472K)->9305K(9472K) Class: 1222K(1344K)->1222K(1344K)
[2.188s][info][gc,ergo     ] Pacer for Idle. Initial: 8192K, Alloc Tax Rate: 1.0x
[2.198s][info][gc          ] Trigger: Average GC time (22.31 ms) is above the time for average allocation rate (1577 MB/s) to deplete free headroom (33024K) (margin of error = 1.89)
[2.198s][info][gc,ergo     ] Free headroom: 53504K (free) - 20480K (spike) - 0B (penalties) = 33024K
[2.198s][info][gc,ergo     ] Free: 53504K, Max: 256K regular, 18432K humongous, Frag: 66% external, 0% internal; Reserve: 20480K, Max: 256K
[2.198s][info][gc,start    ] GC(48) Concurrent reset
[2.198s][info][gc,task     ] GC(48) Using 8 of 16 workers for concurrent reset
[2.198s][info][gc,ergo     ] GC(48) Pacer for Reset. Non-Taxable: 400M
[2.198s][info][gc          ] GC(48) Concurrent reset 0.553ms
[2.198s][info][gc,start    ] GC(48) Pause Init Mark (unload classes)
[2.198s][info][gc,task     ] GC(48) Using 16 of 16 workers for init marking
[2.198s][info][gc,ergo     ] GC(48) Pacer for Mark. Expected Live: 138M, Free: 40704K, Non-Taxable: 4070K, Alloc Tax Rate: 4.3x
[2.198s][info][gc          ] GC(48) Pause Init Mark (unload classes) 0.017ms
[2.198s][info][gc,start    ] GC(48) Concurrent marking roots
[2.198s][info][gc,task     ] GC(48) Using 8 of 16 workers for concurrent marking roots
[2.199s][info][gc          ] GC(48) Concurrent marking roots 0.124ms
[2.199s][info][gc,start    ] GC(48) Concurrent marking (unload classes)
[2.199s][info][gc,task     ] GC(48) Using 8 of 16 workers for concurrent marking
[2.219s][info][gc          ] GC(48) Concurrent marking (unload classes) 20.742ms
[2.219s][info][gc,start    ] GC(48) Pause Final Mark (unload classes)
[2.219s][info][gc,task     ] GC(48) Using 16 of 16 workers for final marking
[2.219s][info][gc,ergo     ] GC(48) Collectable Garbage: 185M (96%), Immediate: 185M (96%), CSet: 0B (0%)
[2.219s][info][gc          ] GC(48) Pause Final Mark (unload classes) 0.099ms
[2.219s][info][gc,start    ] GC(48) Concurrent weak references
[2.219s][info][gc,task     ] GC(48) Using 8 of 16 workers for concurrent weak references
[2.219s][info][gc,ref      ] GC(48) Encountered references: Soft: 143, Weak: 898, Final: 0, Phantom: 3
[2.219s][info][gc,ref      ] GC(48) Discovered  references: Soft: 0, Weak: 473, Final: 0, Phantom: 2
[2.219s][info][gc,ref      ] GC(48) Enqueued    references: Soft: 0, Weak: 0, Final: 0, Phantom: 0
[2.219s][info][gc          ] GC(48) Concurrent weak references 0.054ms
[2.219s][info][gc,start    ] GC(48) Concurrent weak roots
[2.219s][info][gc,task     ] GC(48) Using 8 of 16 workers for concurrent weak root
[2.220s][info][gc          ] GC(48) Concurrent weak roots 0.126ms
[2.220s][info][gc,start    ] GC(48) Concurrent cleanup
[2.220s][info][gc          ] GC(48) Concurrent cleanup 346M->161M(400M) 0.082ms
[2.220s][info][gc,ergo     ] GC(48) Free: 218M, Max: 256K regular, 18944K humongous, Frag: 92% external, 0% internal; Reserve: 20480K, Max: 256K
[2.220s][info][gc,start    ] GC(48) Concurrent class unloading
[2.220s][info][gc,task     ] GC(48) Using 8 of 16 workers for concurrent class unloading
[2.220s][info][gc          ] GC(48) Concurrent class unloading 0.281ms
[2.220s][info][gc,start    ] GC(48) Pause Final Roots
[2.220s][info][gc          ] GC(48) Pause Final Roots 0.004ms
[2.220s][info][gc,ergo     ] Free: 218M, Max: 256K regular, 18944K humongous, Frag: 92% external, 0% internal; Reserve: 20480K, Max: 256K
[2.220s][info][gc,stats    ] 
[2.220s][info][gc,stats    ] All times are wall-clock times, except per-root-class counters, that are sum over
[2.220s][info][gc,stats    ] all workers. Dividing the <total> over the root stage time estimates parallelism.
[2.220s][info][gc,stats    ] 
[2.220s][info][gc,stats    ] Concurrent Reset                    622 us
[2.220s][info][gc,stats    ] Pause Init Mark (G)                 120 us
[2.220s][info][gc,stats    ] Pause Init Mark (N)                  18 us
[2.220s][info][gc,stats    ]   Update Region States                4 us
[2.220s][info][gc,stats    ] Concurrent Mark Roots               130 us, parallelism: 1.98x
[2.220s][info][gc,stats    ]   CMR: <total>                      257 us
[2.220s][info][gc,stats    ]   CMR: Thread Roots                 163 us, workers (us):  39,   0,  28,  23,  28,  21,  24,   0, ---, ---, ---, ---, ---, ---, ---, ---, 
[2.220s][info][gc,stats    ]   CMR: VM Strong Roots               12 us, workers (us):   6,   3,   0,   1,   1,   1,   0,   0, ---, ---, ---, ---, ---, ---, ---, ---, 
[2.220s][info][gc,stats    ]   CMR: CLDG Roots                    82 us, workers (us):   5,  74,   3, ---, ---, ---, ---, ---, ---, ---, ---, ---, ---, ---, ---, ---, 
[2.220s][info][gc,stats    ] Concurrent Marking                20758 us
[2.220s][info][gc,stats    ] Pause Final Mark (G)                128 us
[2.220s][info][gc,stats    ] Pause Final Mark (N)                102 us
[2.220s][info][gc,stats    ]   Finish Mark                        53 us
[2.220s][info][gc,stats    ]   Update Region States                6 us
[2.220s][info][gc,stats    ]   Choose Collection Set              18 us
[2.220s][info][gc,stats    ]   Rebuild Free Set                    4 us
[2.220s][info][gc,stats    ] Concurrent Weak References           56 us, parallelism: 0.44x
[2.220s][info][gc,stats    ]   CWRF: <total>                      25 us
[2.220s][info][gc,stats    ]   CWRF: Weak References              25 us, workers (us):  23,   1,   0,   0,   0,   0,   0,   0, ---, ---, ---, ---, ---, ---, ---, ---, 
[2.220s][info][gc,stats    ] Concurrent Weak Roots               129 us
[2.220s][info][gc,stats    ]   Roots                             111 us, parallelism: 4.68x
[2.220s][info][gc,stats    ]     CWR: <total>                    518 us
[2.220s][info][gc,stats    ]     CWR: Code Cache Roots           401 us, workers (us):  65,   0,  73,  59,   1,  68,  65,  70, ---, ---, ---, ---, ---, ---, ---, ---, 
[2.220s][info][gc,stats    ]     CWR: VM Weak Roots               86 us, workers (us):  15,  14,  13,  12,  11,  11,  10,   1, ---, ---, ---, ---, ---, ---, ---, ---, 
[2.220s][info][gc,stats    ]     CWR: CLDG Roots                  31 us, workers (us):   8,   8,   8, ---,   8, ---, ---, ---, ---, ---, ---, ---, ---, ---, ---, ---, 
[2.220s][info][gc,stats    ]   Rendezvous                         11 us
[2.220s][info][gc,stats    ] Concurrent Cleanup                   86 us
[2.220s][info][gc,stats    ] Concurrent Class Unloading          285 us
[2.220s][info][gc,stats    ]   Unlink Stale                      260 us
[2.220s][info][gc,stats    ]     System Dictionary                 3 us
[2.220s][info][gc,stats    ]     Weak Class Links                  0 us
[2.220s][info][gc,stats    ]     Code Roots                      256 us
[2.220s][info][gc,stats    ]   Rendezvous                         11 us
[2.220s][info][gc,stats    ]   Purge Unlinked                      3 us
[2.220s][info][gc,stats    ]     Code Roots                        1 us
[2.220s][info][gc,stats    ]     CLDG                              2 us
[2.220s][info][gc,stats    ]     Exception Caches                  0 us
[2.220s][info][gc,stats    ] Pause Final Roots (G)                18 us
[2.220s][info][gc,stats    ] Pause Final Roots (N)                 5 us
[2.220s][info][gc,stats    ] Pacing                           218468 us
[2.220s][info][gc,stats    ] 
[2.220s][info][gc,stats    ] Allocation pacing accrued:
[2.220s][info][gc,stats    ]      33 of    32 ms (103.7%): pool-1-thread-1
[2.220s][info][gc,stats    ]      33 of    32 ms (103.8%): pool-1-thread-2
[2.220s][info][gc,stats    ]      33 of    32 ms (103.9%): pool-1-thread-3
[2.220s][info][gc,stats    ]      33 of    32 ms (103.7%): pool-1-thread-4
[2.220s][info][gc,stats    ]      33 of    32 ms (103.8%): pool-1-thread-5
[2.220s][info][gc,stats    ]      33 of    32 ms (103.9%): pool-1-thread-6
[2.220s][info][gc,stats    ]      33 of    32 ms (103.9%): pool-1-thread-7
[2.220s][info][gc,stats    ]      33 of    32 ms (103.7%): pool-1-thread-8
[2.220s][info][gc,stats    ]      24 of    32 ms ( 74.1%): pool-1-thread-9
[2.220s][info][gc,stats    ]     289 of    32 ms (904.3%): <total>
[2.220s][info][gc,stats    ]      11 of    32 ms ( 34.8%): <average total>
[2.220s][info][gc,stats    ]      32 of    32 ms (100.5%): <average non-zero>
[2.220s][info][gc,stats    ] 
[2.220s][info][gc,metaspace] Metaspace: 10527K(10816K)->10527K(10816K) NonClass: 9305K(9472K)->9305K(9472K) Class: 1222K(1344K)->1222K(1344K)
[2.220s][info][gc,ergo     ] Pacer for Idle. Initial: 8192K, Alloc Tax Rate: 1.0x
[2.234s][info][gc          ] Trigger: Free (38734K) is below minimum threshold (40960K)
[2.234s][info][gc,ergo     ] Free: 38400K, Max: 256K regular, 18944K humongous, Frag: 51% external, 0% internal; Reserve: 20480K, Max: 256K
[2.234s][info][gc,start    ] GC(49) Concurrent reset
[2.234s][info][gc,task     ] GC(49) Using 8 of 16 workers for concurrent reset
[2.234s][info][gc,ergo     ] GC(49) Pacer for Reset. Non-Taxable: 400M
[2.234s][info][gc          ] GC(49) Concurrent reset 0.340ms
[2.234s][info][gc,start    ] GC(49) Pause Init Mark (unload classes)
[2.234s][info][gc,task     ] GC(49) Using 16 of 16 workers for init marking
[2.234s][info][gc,ergo     ] GC(49) Pacer for Mark. Expected Live: 140M, Free: 31232K, Non-Taxable: 3123K, Alloc Tax Rate: 5.6x
[2.234s][info][gc          ] GC(49) Pause Init Mark (unload classes) 0.043ms
[2.234s][info][gc,start    ] GC(49) Concurrent marking roots
[2.234s][info][gc,task     ] GC(49) Using 8 of 16 workers for concurrent marking roots
[2.234s][info][gc          ] GC(49) Concurrent marking roots 0.103ms
[2.235s][info][gc,start    ] GC(49) Concurrent marking (unload classes)
[2.235s][info][gc,task     ] GC(49) Using 8 of 16 workers for concurrent marking
[2.251s][info][gc          ] GC(49) Concurrent marking (unload classes) 16.897ms
[2.251s][info][gc,start    ] GC(49) Pause Final Mark (unload classes)
[2.251s][info][gc,task     ] GC(49) Using 16 of 16 workers for final marking
[2.252s][info][gc,ergo     ] GC(49) Collectable Garbage: 226M (97%), Immediate: 226M (97%), CSet: 0B (0%)
[2.252s][info][gc          ] GC(49) Pause Final Mark (unload classes) 0.113ms
[2.252s][info][gc,start    ] GC(49) Concurrent weak references
[2.252s][info][gc,task     ] GC(49) Using 8 of 16 workers for concurrent weak references
[2.252s][info][gc,ref      ] GC(49) Encountered references: Soft: 143, Weak: 898, Final: 0, Phantom: 3
[2.252s][info][gc,ref      ] GC(49) Discovered  references: Soft: 0, Weak: 457, Final: 0, Phantom: 2
[2.252s][info][gc,ref      ] GC(49) Enqueued    references: Soft: 0, Weak: 0, Final: 0, Phantom: 0
[2.252s][info][gc          ] GC(49) Concurrent weak references 0.070ms
[2.252s][info][gc,start    ] GC(49) Concurrent weak roots
[2.252s][info][gc,task     ] GC(49) Using 8 of 16 workers for concurrent weak root
[2.252s][info][gc          ] GC(49) Concurrent weak roots 0.389ms
[2.252s][info][gc,start    ] GC(49) Concurrent cleanup
[2.252s][info][gc          ] GC(49) Concurrent cleanup 372M->146M(400M) 0.086ms
[2.252s][info][gc,ergo     ] GC(49) Free: 233M, Max: 256K regular, 79360K humongous, Frag: 67% external, 0% internal; Reserve: 20480K, Max: 256K
[2.252s][info][gc,start    ] GC(49) Concurrent class unloading
[2.252s][info][gc,task     ] GC(49) Using 8 of 16 workers for concurrent class unloading
[2.252s][info][gc          ] GC(49) Concurrent class unloading 0.314ms
[2.252s][info][gc,start    ] GC(49) Pause Final Roots
[2.252s][info][gc          ] GC(49) Pause Final Roots 0.004ms
[2.252s][info][gc,ergo     ] Free: 233M, Max: 256K regular, 79360K humongous, Frag: 67% external, 0% internal; Reserve: 20480K, Max: 256K
[2.253s][info][gc,stats    ] 
[2.253s][info][gc,stats    ] All times are wall-clock times, except per-root-class counters, that are sum over
[2.253s][info][gc,stats    ] all workers. Dividing the <total> over the root stage time estimates parallelism.
[2.253s][info][gc,stats    ] 
[2.253s][info][gc,stats    ] Concurrent Reset                    342 us
[2.253s][info][gc,stats    ] Pause Init Mark (G)                 183 us
[2.253s][info][gc,stats    ] Pause Init Mark (N)                  46 us
[2.253s][info][gc,stats    ]   Update Region States                7 us
[2.253s][info][gc,stats    ] Concurrent Mark Roots               106 us, parallelism: 2.48x
[2.253s][info][gc,stats    ]   CMR: <total>                      263 us
[2.253s][info][gc,stats    ]   CMR: Thread Roots                 139 us, workers (us):  17,   0,  27,  27,  24,  17,  13,  14, ---, ---, ---, ---, ---, ---, ---, ---, 
[2.253s][info][gc,stats    ]   CMR: VM Strong Roots               11 us, workers (us):   7,   0,   2,   1,   0,   0,   0,   0, ---, ---, ---, ---, ---, ---, ---, ---, 
[2.253s][info][gc,stats    ]   CMR: CLDG Roots                   112 us, workers (us):  19,  70,  12,  12, ---, ---, ---, ---, ---, ---, ---, ---, ---, ---, ---, ---, 
[2.253s][info][gc,stats    ] Concurrent Marking                16920 us
[2.253s][info][gc,stats    ] Pause Final Mark (G)                158 us
[2.253s][info][gc,stats    ] Pause Final Mark (N)                116 us
[2.253s][info][gc,stats    ]   Finish Mark                        60 us
[2.253s][info][gc,stats    ]   Update Region States               13 us
[2.253s][info][gc,stats    ]   Choose Collection Set              18 us
[2.253s][info][gc,stats    ]   Rebuild Free Set                    3 us
[2.253s][info][gc,stats    ] Concurrent Weak References           74 us, parallelism: 0.50x
[2.253s][info][gc,stats    ]   CWRF: <total>                      37 us
[2.253s][info][gc,stats    ]   CWRF: Weak References              37 us, workers (us):  33,   1,   1,   0,   0,   0,   0,   0, ---, ---, ---, ---, ---, ---, ---, ---, 
[2.253s][info][gc,stats    ] Concurrent Weak Roots               393 us
[2.253s][info][gc,stats    ]   Roots                             358 us, parallelism: 4.06x
[2.253s][info][gc,stats    ]     CWR: <total>                   1452 us
[2.253s][info][gc,stats    ]     CWR: Code Cache Roots          1216 us, workers (us):  73, 129, 188, 161, 304, 111, 248,   1, ---, ---, ---, ---, ---, ---, ---, ---, 
[2.253s][info][gc,stats    ]     CWR: VM Weak Roots              193 us, workers (us):  34,  37,  29,  26,  22,  29,   9,   6, ---, ---, ---, ---, ---, ---, ---, ---, 
[2.253s][info][gc,stats    ]     CWR: CLDG Roots                  43 us, workers (us):   2, ---, ---,   2, ---, ---,  13,  26, ---, ---, ---, ---, ---, ---, ---, ---, 
[2.253s][info][gc,stats    ]   Rendezvous                         13 us
[2.253s][info][gc,stats    ] Concurrent Cleanup                   88 us
[2.253s][info][gc,stats    ] Concurrent Class Unloading          316 us
[2.253s][info][gc,stats    ]   Unlink Stale                      295 us
[2.253s][info][gc,stats    ]     System Dictionary                 2 us
[2.253s][info][gc,stats    ]     Weak Class Links                  0 us
[2.253s][info][gc,stats    ]     Code Roots                      292 us
[2.253s][info][gc,stats    ]   Rendezvous                         12 us
[2.253s][info][gc,stats    ]   Purge Unlinked                      2 us
[2.253s][info][gc,stats    ]     Code Roots                        1 us
[2.253s][info][gc,stats    ]     CLDG                              1 us
[2.253s][info][gc,stats    ]     Exception Caches                  0 us
[2.253s][info][gc,stats    ] Pause Final Roots (G)                18 us
[2.253s][info][gc,stats    ] Pause Final Roots (N)                 7 us
[2.253s][info][gc,stats    ] Pacing                           244931 us
[2.253s][info][gc,stats    ] 
[2.253s][info][gc,stats    ] Allocation pacing accrued:
[2.253s][info][gc,stats    ]      27 of    32 ms ( 84.0%): pool-1-thread-1
[2.253s][info][gc,stats    ]      27 of    32 ms ( 83.8%): pool-1-thread-2
[2.253s][info][gc,stats    ]      27 of    32 ms ( 84.0%): pool-1-thread-3
[2.253s][info][gc,stats    ]      27 of    32 ms ( 83.6%): pool-1-thread-4
[2.253s][info][gc,stats    ]      27 of    32 ms ( 83.7%): pool-1-thread-5
[2.253s][info][gc,stats    ]      27 of    32 ms ( 83.9%): pool-1-thread-6
[2.253s][info][gc,stats    ]      27 of    32 ms ( 83.6%): pool-1-thread-7
[2.253s][info][gc,stats    ]      27 of    32 ms ( 83.1%): pool-1-thread-8
[2.253s][info][gc,stats    ]      28 of    32 ms ( 85.3%): pool-1-thread-9
[2.253s][info][gc,stats    ]     245 of    32 ms (755.1%): <total>
[2.253s][info][gc,stats    ]       9 of    32 ms ( 29.0%): <average total>
[2.253s][info][gc,stats    ]      27 of    32 ms ( 83.9%): <average non-zero>
[2.253s][info][gc,stats    ] 
[2.253s][info][gc,metaspace] Metaspace: 10527K(10816K)->10527K(10816K) NonClass: 9305K(9472K)->9305K(9472K) Class: 1222K(1344K)->1222K(1344K)
[2.253s][info][gc,ergo     ] Pacer for Idle. Initial: 8192K, Alloc Tax Rate: 1.0x
[2.268s][info][gc          ] Trigger: Average GC time (23.28 ms) is above the time for average allocation rate (1577 MB/s) to deplete free headroom (23040K) (margin of error = 1.89)
[2.268s][info][gc,ergo     ] Free headroom: 43520K (free) - 20480K (spike) - 0B (penalties) = 23040K
[2.268s][info][gc,ergo     ] Free: 43008K, Max: 256K regular, 7424K humongous, Frag: 83% external, 0% internal; Reserve: 20480K, Max: 256K
[2.268s][info][gc,start    ] GC(50) Concurrent reset
[2.268s][info][gc,task     ] GC(50) Using 8 of 16 workers for concurrent reset
[2.268s][info][gc,ergo     ] GC(50) Pacer for Reset. Non-Taxable: 400M
[2.269s][info][gc          ] GC(50) Concurrent reset 0.363ms
[2.269s][info][gc,start    ] GC(50) Pause Init Mark (unload classes)
[2.269s][info][gc,task     ] GC(50) Using 16 of 16 workers for init marking
[2.269s][info][gc,ergo     ] GC(50) Pacer for Mark. Expected Live: 136M, Free: 34048K, Non-Taxable: 3404K, Alloc Tax Rate: 5.0x
[2.269s][info][gc          ] GC(50) Pause Init Mark (unload classes) 0.033ms
[2.269s][info][gc,start    ] GC(50) Concurrent marking roots
[2.269s][info][gc,task     ] GC(50) Using 8 of 16 workers for concurrent marking roots
[2.269s][info][gc          ] GC(50) Concurrent marking roots 0.130ms
[2.269s][info][gc,start    ] GC(50) Concurrent marking (unload classes)
[2.269s][info][gc,task     ] GC(50) Using 8 of 16 workers for concurrent marking
[2.288s][info][gc          ] GC(50) Concurrent marking (unload classes) 18.433ms
[2.288s][info][gc,start    ] GC(50) Pause Final Mark (unload classes)
[2.288s][info][gc,task     ] GC(50) Using 16 of 16 workers for final marking
[2.288s][info][gc,ergo     ] GC(50) Collectable Garbage: 210M (96%), Immediate: 210M (96%), CSet: 0B (0%)
[2.288s][info][gc          ] GC(50) Pause Final Mark (unload classes) 0.091ms
[2.288s][info][gc,start    ] GC(50) Concurrent weak references
[2.288s][info][gc,task     ] GC(50) Using 8 of 16 workers for concurrent weak references
[2.288s][info][gc,ref      ] GC(50) Encountered references: Soft: 143, Weak: 898, Final: 0, Phantom: 3
[2.288s][info][gc,ref      ] GC(50) Discovered  references: Soft: 0, Weak: 454, Final: 0, Phantom: 2
[2.288s][info][gc,ref      ] GC(50) Enqueued    references: Soft: 0, Weak: 0, Final: 0, Phantom: 0
[2.288s][info][gc          ] GC(50) Concurrent weak references 0.040ms
[2.288s][info][gc,start    ] GC(50) Concurrent weak roots
[2.288s][info][gc,task     ] GC(50) Using 8 of 16 workers for concurrent weak root
[2.288s][info][gc          ] GC(50) Concurrent weak roots 0.127ms
[2.288s][info][gc,start    ] GC(50) Concurrent cleanup
[2.288s][info][gc          ] GC(50) Concurrent cleanup 352M->142M(400M) 0.048ms
[2.288s][info][gc,ergo     ] GC(50) Free: 237M, Max: 256K regular, 8704K humongous, Frag: 97% external, 0% internal; Reserve: 20480K, Max: 256K
[2.288s][info][gc,start    ] GC(50) Concurrent class unloading
[2.288s][info][gc,task     ] GC(50) Using 8 of 16 workers for concurrent class unloading
[2.288s][info][gc          ] GC(50) Concurrent class unloading 0.299ms
[2.288s][info][gc,start    ] GC(50) Pause Final Roots
[2.288s][info][gc          ] GC(50) Pause Final Roots 0.002ms
[2.288s][info][gc,ergo     ] Free: 237M, Max: 256K regular, 8704K humongous, Frag: 97% external, 0% internal; Reserve: 20480K, Max: 256K
[2.288s][info][gc,stats    ] 
[2.288s][info][gc,stats    ] All times are wall-clock times, except per-root-class counters, that are sum over
[2.288s][info][gc,stats    ] all workers. Dividing the <total> over the root stage time estimates parallelism.
[2.288s][info][gc,stats    ] 
[2.288s][info][gc,stats    ] Concurrent Reset                    374 us
[2.288s][info][gc,stats    ] Pause Init Mark (G)                 159 us
[2.288s][info][gc,stats    ] Pause Init Mark (N)                  34 us
[2.288s][info][gc,stats    ]   Update Region States                9 us
[2.288s][info][gc,stats    ] Concurrent Mark Roots               137 us, parallelism: 1.79x
[2.288s][info][gc,stats    ]   CMR: <total>                      245 us
[2.288s][info][gc,stats    ]   CMR: Thread Roots                 154 us, workers (us):   0,  26,  27,  28,  18,  18,  36,   0, ---, ---, ---, ---, ---, ---, ---, ---, 
[2.288s][info][gc,stats    ]   CMR: VM Strong Roots               14 us, workers (us):   7,   3,   2,   0,   0,   0,   1,   0, ---, ---, ---, ---, ---, ---, ---, ---, 
[2.288s][info][gc,stats    ]   CMR: CLDG Roots                    77 us, workers (us):  73,   2,   2, ---, ---, ---, ---, ---, ---, ---, ---, ---, ---, ---, ---, ---, 
[2.288s][info][gc,stats    ] Concurrent Marking                18446 us
[2.288s][info][gc,stats    ] Pause Final Mark (G)                102 us
[2.288s][info][gc,stats    ] Pause Final Mark (N)                 93 us
[2.288s][info][gc,stats    ]   Finish Mark                        52 us
[2.288s][info][gc,stats    ]   Update Region States               12 us
[2.288s][info][gc,stats    ]   Choose Collection Set              16 us
[2.288s][info][gc,stats    ]   Rebuild Free Set                    4 us
[2.288s][info][gc,stats    ] Concurrent Weak References           42 us, parallelism: 0.65x
[2.288s][info][gc,stats    ]   CWRF: <total>                      28 us
[2.288s][info][gc,stats    ]   CWRF: Weak References              28 us, workers (us):  25,   1,   0,   0,   0,   0,   0,   0, ---, ---, ---, ---, ---, ---, ---, ---, 
[2.288s][info][gc,stats    ] Concurrent Weak Roots               130 us
[2.288s][info][gc,stats    ]   Roots                             119 us, parallelism: 4.46x
[2.288s][info][gc,stats    ]     CWR: <total>                    531 us
[2.288s][info][gc,stats    ]     CWR: Code Cache Roots           427 us, workers (us):  58,   5,  78,  63,  63,  80,  75,   6, ---, ---, ---, ---, ---, ---, ---, ---, 
[2.288s][info][gc,stats    ]     CWR: VM Weak Roots               93 us, workers (us):  20,  18,  15,  14,   8,   6,   6,   5, ---, ---, ---, ---, ---, ---, ---, ---, 
[2.288s][info][gc,stats    ]     CWR: CLDG Roots                  10 us, workers (us):   3, ---,   2,   3, ---,   2, ---, ---, ---, ---, ---, ---, ---, ---, ---, ---, 
[2.288s][info][gc,stats    ]   Rendezvous                          5 us
[2.288s][info][gc,stats    ] Concurrent Cleanup                   50 us
[2.288s][info][gc,stats    ] Concurrent Class Unloading          302 us
[2.288s][info][gc,stats    ]   Unlink Stale                      286 us
[2.288s][info][gc,stats    ]     System Dictionary                 1 us
[2.288s][info][gc,stats    ]     Weak Class Links                  0 us
[2.288s][info][gc,stats    ]     Code Roots                      284 us
[2.288s][info][gc,stats    ]   Rendezvous                          7 us
[2.288s][info][gc,stats    ]   Purge Unlinked                      2 us
[2.288s][info][gc,stats    ]     Code Roots                        0 us
[2.288s][info][gc,stats    ]     CLDG                              2 us
[2.288s][info][gc,stats    ]     Exception Caches                  0 us
[2.288s][info][gc,stats    ] Pause Final Roots (G)                 9 us
[2.288s][info][gc,stats    ] Pause Final Roots (N)                 3 us
[2.288s][info][gc,stats    ] Pacing                           184661 us
[2.288s][info][gc,stats    ] 
[2.288s][info][gc,stats    ] Allocation pacing accrued:
[2.288s][info][gc,stats    ]      21 of    36 ms ( 57.4%): pool-1-thread-1
[2.288s][info][gc,stats    ]      20 of    36 ms ( 57.3%): pool-1-thread-2
[2.288s][info][gc,stats    ]      21 of    36 ms ( 57.6%): pool-1-thread-3
[2.288s][info][gc,stats    ]      21 of    36 ms ( 57.5%): pool-1-thread-4
[2.288s][info][gc,stats    ]      21 of    36 ms ( 57.5%): pool-1-thread-5
[2.288s][info][gc,stats    ]      21 of    36 ms ( 57.4%): pool-1-thread-6
[2.288s][info][gc,stats    ]      20 of    36 ms ( 57.2%): pool-1-thread-7
[2.288s][info][gc,stats    ]      20 of    36 ms ( 57.3%): pool-1-thread-8
[2.288s][info][gc,stats    ]      21 of    36 ms ( 57.5%): pool-1-thread-9
[2.288s][info][gc,stats    ]     185 of    36 ms (516.7%): <total>
[2.288s][info][gc,stats    ]       7 of    36 ms ( 19.9%): <average total>
[2.288s][info][gc,stats    ]      21 of    36 ms ( 57.4%): <average non-zero>
[2.288s][info][gc,stats    ] 
[2.288s][info][gc,metaspace] Metaspace: 10527K(10816K)->10527K(10816K) NonClass: 9305K(9472K)->9305K(9472K) Class: 1222K(1344K)->1222K(1344K)
[2.288s][info][gc,ergo     ] Pacer for Idle. Initial: 8192K, Alloc Tax Rate: 1.0x
[2.324s][info][gc          ] Trigger: Free (37888K) is below minimum threshold (40960K)
[2.324s][info][gc,ergo     ] Free: 37888K, Max: 256K regular, 8704K humongous, Frag: 78% external, 0% internal; Reserve: 20480K, Max: 256K
[2.324s][info][gc,start    ] GC(51) Concurrent reset
[2.324s][info][gc,task     ] GC(51) Using 8 of 16 workers for concurrent reset
[2.324s][info][gc,ergo     ] GC(51) Pacer for Reset. Non-Taxable: 400M
[2.325s][info][gc          ] GC(51) Concurrent reset 0.174ms
[2.325s][info][gc,start    ] GC(51) Pause Init Mark (unload classes)
[2.325s][info][gc,task     ] GC(51) Using 16 of 16 workers for init marking
[2.325s][info][gc,ergo     ] GC(51) Pacer for Mark. Expected Live: 133M, Free: 37888K, Non-Taxable: 3788K, Alloc Tax Rate: 4.4x
[2.325s][info][gc          ] GC(51) Pause Init Mark (unload classes) 0.015ms
[2.325s][info][gc,start    ] GC(51) Concurrent marking roots
[2.325s][info][gc,task     ] GC(51) Using 8 of 16 workers for concurrent marking roots
[2.325s][info][gc          ] GC(51) Concurrent marking roots 0.063ms
[2.325s][info][gc,start    ] GC(51) Concurrent marking (unload classes)
[2.325s][info][gc,task     ] GC(51) Using 8 of 16 workers for concurrent marking
[2.344s][info][gc          ] GC(51) Concurrent marking (unload classes) 19.241ms
[2.344s][info][gc,start    ] GC(51) Pause Final Mark (unload classes)
[2.344s][info][gc,task     ] GC(51) Using 16 of 16 workers for final marking
[2.344s][info][gc,ergo     ] GC(51) Collectable Garbage: 188M (96%), Immediate: 188M (96%), CSet: 0B (0%)
[2.344s][info][gc          ] GC(51) Pause Final Mark (unload classes) 0.101ms
[2.344s][info][gc,start    ] GC(51) Concurrent weak references
[2.344s][info][gc,task     ] GC(51) Using 8 of 16 workers for concurrent weak references
[2.344s][info][gc,ref      ] GC(51) Encountered references: Soft: 143, Weak: 898, Final: 0, Phantom: 3
[2.344s][info][gc,ref      ] GC(51) Discovered  references: Soft: 0, Weak: 468, Final: 0, Phantom: 1
[2.344s][info][gc,ref      ] GC(51) Enqueued    references: Soft: 0, Weak: 0, Final: 0, Phantom: 0
[2.344s][info][gc          ] GC(51) Concurrent weak references 0.047ms
[2.344s][info][gc,start    ] GC(51) Concurrent weak roots
[2.344s][info][gc,task     ] GC(51) Using 8 of 16 workers for concurrent weak root
[2.344s][info][gc          ] GC(51) Concurrent weak roots 0.132ms
[2.344s][info][gc,start    ] GC(51) Concurrent cleanup
[2.344s][info][gc          ] GC(51) Concurrent cleanup 348M->160M(400M) 0.042ms
[2.344s][info][gc,ergo     ] GC(51) Free: 219M, Max: 256K regular, 8704K humongous, Frag: 97% external, 0% internal; Reserve: 20480K, Max: 256K
[2.344s][info][gc,start    ] GC(51) Concurrent class unloading
[2.344s][info][gc,task     ] GC(51) Using 8 of 16 workers for concurrent class unloading
[2.345s][info][gc          ] GC(51) Concurrent class unloading 0.344ms
[2.345s][info][gc,start    ] GC(51) Pause Final Roots
[2.345s][info][gc          ] GC(51) Pause Final Roots 0.002ms
[2.345s][info][gc,ergo     ] Free: 219M, Max: 256K regular, 8704K humongous, Frag: 97% external, 0% internal; Reserve: 20480K, Max: 256K
[2.345s][info][gc,stats    ] 
[2.345s][info][gc,stats    ] All times are wall-clock times, except per-root-class counters, that are sum over
[2.345s][info][gc,stats    ] all workers. Dividing the <total> over the root stage time estimates parallelism.
[2.345s][info][gc,stats    ] 
[2.345s][info][gc,stats    ] Concurrent Reset                    178 us
[2.345s][info][gc,stats    ] Pause Init Mark (G)                  51 us
[2.345s][info][gc,stats    ] Pause Init Mark (N)                  17 us
[2.345s][info][gc,stats    ]   Update Region States                4 us
[2.345s][info][gc,stats    ] Concurrent Mark Roots                68 us, parallelism: 2.56x
[2.345s][info][gc,stats    ]   CMR: <total>                      174 us
[2.345s][info][gc,stats    ]   CMR: Thread Roots                 129 us, workers (us):  22,  25,   0,  21,  21,  18,  13,  10, ---, ---, ---, ---, ---, ---, ---, ---, 
[2.345s][info][gc,stats    ]   CMR: VM Strong Roots                8 us, workers (us):   3,   3,   0,   0,   0,   0,   0,   0, ---, ---, ---, ---, ---, ---, ---, ---, 
[2.345s][info][gc,stats    ]   CMR: CLDG Roots                    37 us, workers (us):   2,   2,  33, ---, ---, ---, ---, ---, ---, ---, ---, ---, ---, ---, ---, ---, 
[2.345s][info][gc,stats    ] Concurrent Marking                19258 us
[2.345s][info][gc,stats    ] Pause Final Mark (G)                115 us
[2.345s][info][gc,stats    ] Pause Final Mark (N)                104 us
[2.345s][info][gc,stats    ]   Finish Mark                        63 us
[2.345s][info][gc,stats    ]   Update Region States                8 us
[2.345s][info][gc,stats    ]   Choose Collection Set              14 us
[2.345s][info][gc,stats    ]   Rebuild Free Set                    4 us
[2.345s][info][gc,stats    ] Concurrent Weak References           48 us, parallelism: 0.71x
[2.345s][info][gc,stats    ]   CWRF: <total>                      34 us
[2.345s][info][gc,stats    ]   CWRF: Weak References              34 us, workers (us):   2,  29,   1,   1,   1,   0,   0,   0, ---, ---, ---, ---, ---, ---, ---, ---, 
[2.345s][info][gc,stats    ] Concurrent Weak Roots               134 us
[2.345s][info][gc,stats    ]   Roots                             125 us, parallelism: 4.01x
[2.345s][info][gc,stats    ]     CWR: <total>                    501 us
[2.345s][info][gc,stats    ]     CWR: Code Cache Roots           404 us, workers (us):   4,   1,  65,  63,  58,  59,  88,  65, ---, ---, ---, ---, ---, ---, ---, ---, 
[2.345s][info][gc,stats    ]     CWR: VM Weak Roots               88 us, workers (us):  16,  14,  15,  14,  13,  13,   2,   0, ---, ---, ---, ---, ---, ---, ---, ---, 
[2.345s][info][gc,stats    ]     CWR: CLDG Roots                   9 us, workers (us): ---,   3, ---,   2, ---,   2,   3, ---, ---, ---, ---, ---, ---, ---, ---, ---, 
[2.345s][info][gc,stats    ]   Rendezvous                          5 us
[2.345s][info][gc,stats    ] Concurrent Cleanup                   44 us
[2.345s][info][gc,stats    ] Concurrent Class Unloading          346 us
[2.345s][info][gc,stats    ]   Unlink Stale                      331 us
[2.345s][info][gc,stats    ]     System Dictionary                 1 us
[2.345s][info][gc,stats    ]     Weak Class Links                  0 us
[2.345s][info][gc,stats    ]     Code Roots                      329 us
[2.345s][info][gc,stats    ]   Rendezvous                          6 us
[2.345s][info][gc,stats    ]   Purge Unlinked                      3 us
[2.345s][info][gc,stats    ]     Code Roots                        1 us
[2.345s][info][gc,stats    ]     CLDG                              2 us
[2.345s][info][gc,stats    ]     Exception Caches                  0 us
[2.345s][info][gc,stats    ] Pause Final Roots (G)                 8 us
[2.345s][info][gc,stats    ] Pause Final Roots (N)                 3 us
[2.345s][info][gc,stats    ] Pacing                           428862 us
[2.345s][info][gc,stats    ] 
[2.345s][info][gc,stats    ] Allocation pacing accrued:
[2.345s][info][gc,stats    ]      48 of    56 ms ( 84.3%): pool-1-thread-1
[2.345s][info][gc,stats    ]      48 of    56 ms ( 84.5%): pool-1-thread-2
[2.345s][info][gc,stats    ]      48 of    56 ms ( 84.3%): pool-1-thread-3
[2.345s][info][gc,stats    ]      48 of    56 ms ( 84.3%): pool-1-thread-4
[2.345s][info][gc,stats    ]      48 of    56 ms ( 84.4%): pool-1-thread-5
[2.345s][info][gc,stats    ]      48 of    56 ms ( 84.4%): pool-1-thread-6
[2.345s][info][gc,stats    ]      48 of    56 ms ( 84.2%): pool-1-thread-7
[2.345s][info][gc,stats    ]      48 of    56 ms ( 85.0%): pool-1-thread-8
[2.345s][info][gc,stats    ]      47 of    56 ms ( 84.1%): pool-1-thread-9
[2.345s][info][gc,stats    ]     429 of    56 ms (759.4%): <total>
[2.345s][info][gc,stats    ]      16 of    56 ms ( 29.2%): <average total>
[2.345s][info][gc,stats    ]      48 of    56 ms ( 84.4%): <average non-zero>
[2.345s][info][gc,stats    ] 
[2.345s][info][gc,metaspace] Metaspace: 10527K(10816K)->10527K(10816K) NonClass: 9305K(9472K)->9305K(9472K) Class: 1222K(1344K)->1222K(1344K)
[2.345s][info][gc,ergo     ] Pacer for Idle. Initial: 8192K, Alloc Tax Rate: 1.0x
[2.393s][info][gc          ] Trigger: Average GC time (21.71 ms) is above the time for average allocation rate (1574 MB/s) to deplete free headroom (20736K) (margin of error = 1.88)
[2.393s][info][gc,ergo     ] Free headroom: 41216K (free) - 20480K (spike) - 0B (penalties) = 20736K
[2.393s][info][gc,ergo     ] Free: 41216K, Max: 256K regular, 8704K humongous, Frag: 79% external, 0% internal; Reserve: 20480K, Max: 256K
[2.393s][info][gc,start    ] GC(52) Concurrent reset
[2.393s][info][gc,task     ] GC(52) Using 8 of 16 workers for concurrent reset
[2.393s][info][gc,ergo     ] GC(52) Pacer for Reset. Non-Taxable: 400M
[2.393s][info][gc          ] GC(52) Concurrent reset 0.179ms
[2.393s][info][gc,start    ] GC(52) Pause Init Mark (unload classes)
[2.393s][info][gc,task     ] GC(52) Using 16 of 16 workers for init marking
[2.393s][info][gc,ergo     ] GC(52) Pacer for Mark. Expected Live: 137M, Free: 41216K, Non-Taxable: 4121K, Alloc Tax Rate: 4.2x
[2.394s][info][gc          ] GC(52) Pause Init Mark (unload classes) 0.045ms
[2.394s][info][gc,start    ] GC(52) Concurrent marking roots
[2.394s][info][gc,task     ] GC(52) Using 8 of 16 workers for concurrent marking roots
[2.394s][info][gc          ] GC(52) Concurrent marking roots 0.087ms
[2.394s][info][gc,start    ] GC(52) Concurrent marking (unload classes)
[2.394s][info][gc,task     ] GC(52) Using 8 of 16 workers for concurrent marking
[2.410s][info][gc          ] GC(52) Concurrent marking (unload classes) 16.508ms
[2.410s][info][gc,start    ] GC(52) Pause Final Mark (unload classes)
[2.410s][info][gc,task     ] GC(52) Using 16 of 16 workers for final marking
[2.410s][info][gc,ergo     ] GC(52) Collectable Garbage: 213M (97%), Immediate: 213M (97%), CSet: 0B (0%)
[2.410s][info][gc          ] GC(52) Pause Final Mark (unload classes) 0.098ms
[2.410s][info][gc,start    ] GC(52) Concurrent weak references
[2.410s][info][gc,task     ] GC(52) Using 8 of 16 workers for concurrent weak references
[2.410s][info][gc,ref      ] GC(52) Encountered references: Soft: 167, Weak: 937, Final: 0, Phantom: 4
[2.410s][info][gc,ref      ] GC(52) Discovered  references: Soft: 0, Weak: 588, Final: 0, Phantom: 2
[2.410s][info][gc,ref      ] GC(52) Enqueued    references: Soft: 0, Weak: 9, Final: 0, Phantom: 1
[2.410s][info][gc          ] GC(52) Concurrent weak references 0.056ms
[2.410s][info][gc,start    ] GC(52) Concurrent weak roots
[2.410s][info][gc,task     ] GC(52) Using 8 of 16 workers for concurrent weak root
[2.410s][info][gc          ] GC(52) Concurrent weak roots 0.140ms
[2.410s][info][gc,start    ] GC(52) Concurrent cleanup
[2.411s][info][gc          ] GC(52) Concurrent cleanup 345M->132M(400M) 0.078ms
[2.411s][info][gc,ergo     ] GC(52) Free: 247M, Max: 256K regular, 47616K humongous, Frag: 82% external, 0% internal; Reserve: 20480K, Max: 256K
[2.411s][info][gc,start    ] GC(52) Concurrent class unloading
[2.411s][info][gc,task     ] GC(52) Using 8 of 16 workers for concurrent class unloading
[2.411s][info][gc          ] GC(52) Concurrent class unloading 0.306ms
[2.411s][info][gc,start    ] GC(52) Pause Final Roots
[2.411s][info][gc          ] GC(52) Pause Final Roots 0.002ms
[2.411s][info][gc,ergo     ] Free: 247M, Max: 256K regular, 47616K humongous, Frag: 82% external, 0% internal; Reserve: 20480K, Max: 256K
[2.411s][info][gc,stats    ] 
[2.411s][info][gc,stats    ] All times are wall-clock times, except per-root-class counters, that are sum over
[2.411s][info][gc,stats    ] all workers. Dividing the <total> over the root stage time estimates parallelism.
[2.411s][info][gc,stats    ] 
[2.411s][info][gc,stats    ] Concurrent Reset                    182 us
[2.411s][info][gc,stats    ] Pause Init Mark (G)                  76 us
[2.411s][info][gc,stats    ] Pause Init Mark (N)                  51 us
[2.411s][info][gc,stats    ]   Update Region States               10 us
[2.411s][info][gc,stats    ] Concurrent Mark Roots                90 us, parallelism: 1.67x
[2.411s][info][gc,stats    ]   CMR: <total>                      150 us
[2.411s][info][gc,stats    ]   CMR: Thread Roots                 111 us, workers (us):   0,  18,  16,  24,  16,  15,  11,  12, ---, ---, ---, ---, ---, ---, ---, ---, 
[2.411s][info][gc,stats    ]   CMR: VM Strong Roots                6 us, workers (us):   3,   1,   0,   0,   0,   0,   0,   0, ---, ---, ---, ---, ---, ---, ---, ---, 
[2.411s][info][gc,stats    ]   CMR: CLDG Roots                    32 us, workers (us):  28,   2,   2, ---, ---, ---, ---, ---, ---, ---, ---, ---, ---, ---, ---, ---, 
[2.411s][info][gc,stats    ] Concurrent Marking                16518 us
[2.411s][info][gc,stats    ] Pause Final Mark (G)                113 us
[2.411s][info][gc,stats    ] Pause Final Mark (N)                100 us
[2.411s][info][gc,stats    ]   Finish Mark                        64 us
[2.411s][info][gc,stats    ]   Update Region States                6 us
[2.411s][info][gc,stats    ]   Choose Collection Set              14 us
[2.411s][info][gc,stats    ]   Rebuild Free Set                    4 us
[2.411s][info][gc,stats    ] Concurrent Weak References           58 us, parallelism: 0.60x
[2.411s][info][gc,stats    ]   CWRF: <total>                      35 us
[2.411s][info][gc,stats    ]   CWRF: Weak References              35 us, workers (us):  32,   2,   1,   0,   0,   0,   0,   0, ---, ---, ---, ---, ---, ---, ---, ---, 
[2.411s][info][gc,stats    ] Concurrent Weak Roots               143 us
[2.411s][info][gc,stats    ]   Roots                             127 us, parallelism: 5.00x
[2.411s][info][gc,stats    ]     CWR: <total>                    635 us
[2.411s][info][gc,stats    ]     CWR: Code Cache Roots           517 us, workers (us):  86,  87,  96,  70,   5,   9,  92,  71, ---, ---, ---, ---, ---, ---, ---, ---, 
[2.411s][info][gc,stats    ]     CWR: VM Weak Roots              104 us, workers (us):  16,  17,  17,  15,  14,  13,  13,   1, ---, ---, ---, ---, ---, ---, ---, ---, 
[2.411s][info][gc,stats    ]     CWR: CLDG Roots                  13 us, workers (us): ---,   3, ---, ---,   4,   4, ---,   3, ---, ---, ---, ---, ---, ---, ---, ---, 
[2.411s][info][gc,stats    ]   Rendezvous                          8 us
[2.411s][info][gc,stats    ] Concurrent Cleanup                   81 us
[2.411s][info][gc,stats    ] Concurrent Class Unloading          309 us
[2.411s][info][gc,stats    ]   Unlink Stale                      276 us
[2.411s][info][gc,stats    ]     System Dictionary                 3 us
[2.411s][info][gc,stats    ]     Weak Class Links                  0 us
[2.411s][info][gc,stats    ]     Code Roots                      273 us
[2.411s][info][gc,stats    ]   Rendezvous                          9 us
[2.411s][info][gc,stats    ]   Purge Unlinked                      3 us
[2.411s][info][gc,stats    ]     Code Roots                        1 us
[2.411s][info][gc,stats    ]     CLDG                              2 us
[2.411s][info][gc,stats    ]     Exception Caches                  0 us
[2.411s][info][gc,stats    ] Pause Final Roots (G)                12 us
[2.411s][info][gc,stats    ] Pause Final Roots (N)                 4 us
[2.411s][info][gc,stats    ] Pacing                           490900 us
[2.411s][info][gc,stats    ] 
[2.411s][info][gc,stats    ] Allocation pacing accrued:
[2.411s][info][gc,stats    ]      62 of    66 ms ( 93.3%): pool-1-thread-1
[2.411s][info][gc,stats    ]      62 of    66 ms ( 93.1%): pool-1-thread-2
[2.411s][info][gc,stats    ]      62 of    66 ms ( 93.1%): pool-1-thread-3
[2.411s][info][gc,stats    ]      62 of    66 ms ( 93.0%): pool-1-thread-4
[2.411s][info][gc,stats    ]      62 of    66 ms ( 93.0%): pool-1-thread-5
[2.411s][info][gc,stats    ]      62 of    66 ms ( 93.0%): pool-1-thread-6
[2.411s][info][gc,stats    ]      61 of    66 ms ( 92.7%): pool-1-thread-7
[2.411s][info][gc,stats    ]      60 of    66 ms ( 90.3%): pool-1-thread-9
[2.411s][info][gc,stats    ]     491 of    66 ms (741.4%): <total>
[2.411s][info][gc,stats    ]      25 of    66 ms ( 37.1%): <average total>
[2.411s][info][gc,stats    ]      61 of    66 ms ( 92.7%): <average non-zero>
[2.411s][info][gc,stats    ] 
[2.411s][info][gc,metaspace] Metaspace: 10580K(10880K)->10580K(10880K) NonClass: 9349K(9536K)->9349K(9536K) Class: 1230K(1344K)->1230K(1344K)
[2.411s][info][gc,ergo     ] Pacer for Idle. Initial: 8192K, Alloc Tax Rate: 1.0x
[2.494s][info][gc          ] Trigger: Average GC time (21.45 ms) is above the time for average allocation rate (2278 MB/s) to deplete free headroom (23315K) (margin of error = 1.87)
[2.494s][info][gc,ergo     ] Free headroom: 43795K (free) - 20480K (spike) - 0B (penalties) = 23315K
[2.494s][info][gc,ergo     ] Free: 43795K, Max: 256K regular, 35584K humongous, Frag: 19% external, 0% internal; Reserve: 20480K, Max: 256K
[2.494s][info][gc,start    ] GC(53) Concurrent reset
[2.494s][info][gc,task     ] GC(53) Using 8 of 16 workers for concurrent reset
[2.494s][info][gc,ergo     ] GC(53) Pacer for Reset. Non-Taxable: 400M
[2.494s][info][gc          ] GC(53) Concurrent reset 0.147ms
[2.494s][info][gc,start    ] GC(53) Pause Init Mark (unload classes)
[2.494s][info][gc,task     ] GC(53) Using 16 of 16 workers for init marking
[2.494s][info][gc,ergo     ] GC(53) Pacer for Mark. Expected Live: 132M, Free: 43795K, Non-Taxable: 4379K, Alloc Tax Rate: 3.8x
[2.494s][info][gc          ] GC(53) Pause Init Mark (unload classes) 0.020ms
[2.494s][info][gc,start    ] GC(53) Concurrent marking roots
[2.494s][info][gc,task     ] GC(53) Using 8 of 16 workers for concurrent marking roots
[2.494s][info][gc          ] GC(53) Concurrent marking roots 0.064ms
[2.494s][info][gc,start    ] GC(53) Concurrent marking (unload classes)
[2.494s][info][gc,task     ] GC(53) Using 8 of 16 workers for concurrent marking
[2.511s][info][gc          ] GC(53) Concurrent marking (unload classes) 16.800ms
[2.511s][info][gc,start    ] GC(53) Pause Final Mark (unload classes)
[2.511s][info][gc,task     ] GC(53) Using 16 of 16 workers for final marking
[2.511s][info][gc,ergo     ] GC(53) Collectable Garbage: 212M (97%), Immediate: 212M (97%), CSet: 0B (0%)
[2.511s][info][gc          ] GC(53) Pause Final Mark (unload classes) 0.095ms
[2.511s][info][gc,start    ] GC(53) Concurrent weak references
[2.511s][info][gc,task     ] GC(53) Using 8 of 16 workers for concurrent weak references
[2.511s][info][gc,ref      ] GC(53) Encountered references: Soft: 167, Weak: 928, Final: 0, Phantom: 3
[2.511s][info][gc,ref      ] GC(53) Discovered  references: Soft: 0, Weak: 500, Final: 0, Phantom: 2
[2.511s][info][gc,ref      ] GC(53) Enqueued    references: Soft: 0, Weak: 0, Final: 0, Phantom: 0
[2.511s][info][gc          ] GC(53) Concurrent weak references 0.040ms
[2.511s][info][gc,start    ] GC(53) Concurrent weak roots
[2.511s][info][gc,task     ] GC(53) Using 8 of 16 workers for concurrent weak root
[2.511s][info][gc          ] GC(53) Concurrent weak roots 0.114ms
[2.511s][info][gc,start    ] GC(53) Concurrent cleanup
[2.511s][info][gc          ] GC(53) Concurrent cleanup 343M->130M(400M) 0.039ms
[2.511s][info][gc,ergo     ] GC(53) Free: 249M, Max: 256K regular, 150M humongous, Frag: 40% external, 0% internal; Reserve: 20480K, Max: 256K
[2.512s][info][gc,start    ] GC(53) Concurrent class unloading
[2.512s][info][gc,task     ] GC(53) Using 8 of 16 workers for concurrent class unloading
[2.512s][info][gc          ] GC(53) Concurrent class unloading 0.308ms
[2.512s][info][gc,start    ] GC(53) Pause Final Roots
[2.512s][info][gc          ] GC(53) Pause Final Roots 0.002ms
[2.512s][info][gc,ergo     ] Free: 249M, Max: 256K regular, 150M humongous, Frag: 40% external, 0% internal; Reserve: 20480K, Max: 256K
[2.512s][info][gc,stats    ] 
[2.512s][info][gc,stats    ] All times are wall-clock times, except per-root-class counters, that are sum over
[2.512s][info][gc,stats    ] all workers. Dividing the <total> over the root stage time estimates parallelism.
[2.512s][info][gc,stats    ] 
[2.512s][info][gc,stats    ] Concurrent Reset                    151 us
[2.512s][info][gc,stats    ] Pause Init Mark (G)                  49 us
[2.512s][info][gc,stats    ] Pause Init Mark (N)                  22 us
[2.512s][info][gc,stats    ]   Update Region States                4 us
[2.512s][info][gc,stats    ] Concurrent Mark Roots                66 us, parallelism: 2.16x
[2.512s][info][gc,stats    ]   CMR: <total>                      142 us
[2.512s][info][gc,stats    ]   CMR: Thread Roots                  95 us, workers (us):  16,  17,  14,   0,  11,  14,  13,  10, ---, ---, ---, ---, ---, ---, ---, ---, 
[2.512s][info][gc,stats    ]   CMR: VM Strong Roots                6 us, workers (us):   2,   2,   1,   0,   0,   0,   0,   0, ---, ---, ---, ---, ---, ---, ---, ---, 
[2.512s][info][gc,stats    ]   CMR: CLDG Roots                    41 us, workers (us):   3,   3,   3,  32, ---, ---, ---, ---, ---, ---, ---, ---, ---, ---, ---, ---, 
[2.512s][info][gc,stats    ] Concurrent Marking                16818 us
[2.512s][info][gc,stats    ] Pause Final Mark (G)                109 us
[2.512s][info][gc,stats    ] Pause Final Mark (N)                 98 us
[2.512s][info][gc,stats    ]   Finish Mark                        58 us
[2.512s][info][gc,stats    ]   Update Region States                6 us
[2.512s][info][gc,stats    ]   Choose Collection Set              15 us
[2.512s][info][gc,stats    ]   Rebuild Free Set                    3 us
[2.512s][info][gc,stats    ] Concurrent Weak References           41 us, parallelism: 0.71x
[2.512s][info][gc,stats    ]   CWRF: <total>                      29 us
[2.512s][info][gc,stats    ]   CWRF: Weak References              29 us, workers (us):  25,   2,   1,   1,   0,   0,   0,   0, ---, ---, ---, ---, ---, ---, ---, ---, 
[2.512s][info][gc,stats    ] Concurrent Weak Roots               116 us
[2.512s][info][gc,stats    ]   Roots                             107 us, parallelism: 4.61x
[2.512s][info][gc,stats    ]     CWR: <total>                    492 us
[2.512s][info][gc,stats    ]     CWR: Code Cache Roots           388 us, workers (us):  58,  58,  63,  13,  71,  70,   3,  52, ---, ---, ---, ---, ---, ---, ---, ---, 
[2.512s][info][gc,stats    ]     CWR: VM Weak Roots               92 us, workers (us):  15,  14,  14,  13,  13,  11,  11,   1, ---, ---, ---, ---, ---, ---, ---, ---, 
[2.512s][info][gc,stats    ]     CWR: CLDG Roots                  11 us, workers (us): ---, ---, ---,   3,   3,   3,   3, ---, ---, ---, ---, ---, ---, ---, ---, ---, 
[2.512s][info][gc,stats    ]   Rendezvous                          5 us
[2.512s][info][gc,stats    ] Concurrent Cleanup                   41 us
[2.512s][info][gc,stats    ] Concurrent Class Unloading          310 us
[2.512s][info][gc,stats    ]   Unlink Stale                      294 us
[2.512s][info][gc,stats    ]     System Dictionary                 2 us
[2.512s][info][gc,stats    ]     Weak Class Links                  0 us
[2.512s][info][gc,stats    ]     Code Roots                      291 us
[2.512s][info][gc,stats    ]   Rendezvous                          7 us
[2.512s][info][gc,stats    ]   Purge Unlinked                      2 us
[2.512s][info][gc,stats    ]     Code Roots                        0 us
[2.512s][info][gc,stats    ]     CLDG                              2 us
[2.512s][info][gc,stats    ]     Exception Caches                  0 us
[2.512s][info][gc,stats    ] Pause Final Roots (G)                10 us
[2.512s][info][gc,stats    ] Pause Final Roots (N)                 4 us
[2.512s][info][gc,stats    ] Pacing                           746266 us
[2.512s][info][gc,stats    ] 
[2.512s][info][gc,stats    ] Allocation pacing accrued:
[2.512s][info][gc,stats    ]      94 of   101 ms ( 93.3%): pool-1-thread-1
[2.512s][info][gc,stats    ]      94 of   101 ms ( 93.3%): pool-1-thread-2
[2.512s][info][gc,stats    ]      94 of   101 ms ( 93.3%): pool-1-thread-3
[2.512s][info][gc,stats    ]      93 of   101 ms ( 92.3%): pool-1-thread-4
[2.512s][info][gc,stats    ]      93 of   101 ms ( 92.5%): pool-1-thread-5
[2.512s][info][gc,stats    ]      94 of   101 ms ( 93.1%): pool-1-thread-6
[2.512s][info][gc,stats    ]      92 of   101 ms ( 91.4%): pool-1-thread-7
[2.512s][info][gc,stats    ]      91 of   101 ms ( 90.3%): pool-1-thread-9
[2.512s][info][gc,stats    ]     746 of   101 ms (739.6%): <total>
[2.512s][info][gc,stats    ]      37 of   101 ms ( 37.0%): <average total>
[2.512s][info][gc,stats    ]      93 of   101 ms ( 92.4%): <average non-zero>
[2.512s][info][gc,stats    ] 
[2.512s][info][gc,metaspace] Metaspace: 10591K(10880K)->10591K(10880K) NonClass: 9360K(9536K)->9360K(9536K) Class: 1230K(1344K)->1230K(1344K)
[2.512s][info][gc,ergo     ] Pacer for Idle. Initial: 8192K, Alloc Tax Rate: 1.0x
[2.588s][info][gc          ] Trigger: Average GC time (20.39 ms) is above the time for average allocation rate (2273 MB/s) to deplete free headroom (35072K) (margin of error = 1.85)
[2.588s][info][gc,ergo     ] Free headroom: 55552K (free) - 20480K (spike) - 0B (penalties) = 35072K
[2.588s][info][gc,ergo     ] Free: 55552K, Max: 256K regular, 37888K humongous, Frag: 32% external, 0% internal; Reserve: 20480K, Max: 256K
[2.588s][info][gc,start    ] GC(54) Concurrent reset
[2.588s][info][gc,task     ] GC(54) Using 8 of 16 workers for concurrent reset
[2.588s][info][gc,ergo     ] GC(54) Pacer for Reset. Non-Taxable: 400M
[2.588s][info][gc          ] GC(54) Concurrent reset 0.161ms
[2.588s][info][gc,start    ] GC(54) Pause Init Mark (unload classes)
[2.588s][info][gc,task     ] GC(54) Using 16 of 16 workers for init marking
[2.588s][info][gc,ergo     ] GC(54) Pacer for Mark. Expected Live: 126M, Free: 55552K, Non-Taxable: 5555K, Alloc Tax Rate: 2.9x
[2.588s][info][gc          ] GC(54) Pause Init Mark (unload classes) 0.027ms
[2.588s][info][gc,start    ] GC(54) Concurrent marking roots
[2.588s][info][gc,task     ] GC(54) Using 8 of 16 workers for concurrent marking roots
[2.588s][info][gc          ] GC(54) Concurrent marking roots 0.081ms
[2.588s][info][gc,start    ] GC(54) Concurrent marking (unload classes)
[2.588s][info][gc,task     ] GC(54) Using 8 of 16 workers for concurrent marking
[2.605s][info][gc          ] GC(54) Concurrent marking (unload classes) 17.083ms
[2.605s][info][gc,start    ] GC(54) Pause Final Mark (unload classes)
[2.605s][info][gc,task     ] GC(54) Using 16 of 16 workers for final marking
[2.605s][info][gc,ergo     ] GC(54) Collectable Garbage: 203M (97%), Immediate: 203M (97%), CSet: 0B (0%)
[2.605s][info][gc          ] GC(54) Pause Final Mark (unload classes) 0.090ms
[2.605s][info][gc,start    ] GC(54) Concurrent weak references
[2.605s][info][gc,task     ] GC(54) Using 8 of 16 workers for concurrent weak references
[2.605s][info][gc,ref      ] GC(54) Encountered references: Soft: 167, Weak: 928, Final: 0, Phantom: 3
[2.605s][info][gc,ref      ] GC(54) Discovered  references: Soft: 0, Weak: 466, Final: 0, Phantom: 1
[2.605s][info][gc,ref      ] GC(54) Enqueued    references: Soft: 0, Weak: 0, Final: 0, Phantom: 0
[2.605s][info][gc          ] GC(54) Concurrent weak references 0.037ms
[2.605s][info][gc,start    ] GC(54) Concurrent weak roots
[2.605s][info][gc,task     ] GC(54) Using 8 of 16 workers for concurrent weak root
[2.605s][info][gc          ] GC(54) Concurrent weak roots 0.145ms
[2.605s][info][gc,start    ] GC(54) Concurrent cleanup
[2.605s][info][gc          ] GC(54) Concurrent cleanup 335M->131M(400M) 0.037ms
[2.605s][info][gc,ergo     ] GC(54) Free: 248M, Max: 256K regular, 150M humongous, Frag: 40% external, 0% internal; Reserve: 20480K, Max: 256K
[2.605s][info][gc,start    ] GC(54) Concurrent class unloading
[2.605s][info][gc,task     ] GC(54) Using 8 of 16 workers for concurrent class unloading
[2.606s][info][gc          ] GC(54) Concurrent class unloading 0.237ms
[2.606s][info][gc,start    ] GC(54) Pause Final Roots
[2.606s][info][gc          ] GC(54) Pause Final Roots 0.003ms
[2.606s][info][gc,ergo     ] Free: 248M, Max: 256K regular, 150M humongous, Frag: 40% external, 0% internal; Reserve: 20480K, Max: 256K
[2.606s][info][gc,stats    ] 
[2.606s][info][gc,stats    ] All times are wall-clock times, except per-root-class counters, that are sum over
[2.606s][info][gc,stats    ] all workers. Dividing the <total> over the root stage time estimates parallelism.
[2.606s][info][gc,stats    ] 
[2.606s][info][gc,stats    ] Concurrent Reset                    164 us
[2.606s][info][gc,stats    ] Pause Init Mark (G)                  54 us
[2.606s][info][gc,stats    ] Pause Init Mark (N)                  31 us
[2.606s][info][gc,stats    ]   Update Region States                5 us
[2.606s][info][gc,stats    ] Concurrent Mark Roots                83 us, parallelism: 2.73x
[2.606s][info][gc,stats    ]   CMR: <total>                      226 us
[2.606s][info][gc,stats    ]   CMR: Thread Roots                 163 us, workers (us):  22,   0,  18,  20,  22,  33,  21,  27, ---, ---, ---, ---, ---, ---, ---, ---, 
[2.606s][info][gc,stats    ]   CMR: VM Strong Roots                7 us, workers (us):   4,   2,   0,   0,   0,   0,   0,   0, ---, ---, ---, ---, ---, ---, ---, ---, 
[2.606s][info][gc,stats    ]   CMR: CLDG Roots                    56 us, workers (us):   4,  44,   4,   4, ---, ---, ---, ---, ---, ---, ---, ---, ---, ---, ---, ---, 
[2.606s][info][gc,stats    ] Concurrent Marking                17096 us
[2.606s][info][gc,stats    ] Pause Final Mark (G)                104 us
[2.606s][info][gc,stats    ] Pause Final Mark (N)                 92 us
[2.606s][info][gc,stats    ]   Finish Mark                        55 us
[2.606s][info][gc,stats    ]   Update Region States                9 us
[2.606s][info][gc,stats    ]   Choose Collection Set              11 us
[2.606s][info][gc,stats    ]   Rebuild Free Set                    4 us
[2.606s][info][gc,stats    ] Concurrent Weak References           38 us, parallelism: 0.64x
[2.606s][info][gc,stats    ]   CWRF: <total>                      24 us
[2.606s][info][gc,stats    ]   CWRF: Weak References              24 us, workers (us):   1,  21,   1,   1,   0,   0,   0,   0, ---, ---, ---, ---, ---, ---, ---, ---, 
[2.606s][info][gc,stats    ] Concurrent Weak Roots               146 us
[2.606s][info][gc,stats    ]   Roots                             137 us, parallelism: 4.26x
[2.606s][info][gc,stats    ]     CWR: <total>                    585 us
[2.606s][info][gc,stats    ]     CWR: Code Cache Roots           479 us, workers (us):  59,  63,   9, 107,   1, 100,  68,  72, ---, ---, ---, ---, ---, ---, ---, ---, 
[2.606s][info][gc,stats    ]     CWR: VM Weak Roots               95 us, workers (us):  14,  14,  12,  12,  11,  12,  11,  10, ---, ---, ---, ---, ---, ---, ---, ---, 
[2.606s][info][gc,stats    ]     CWR: CLDG Roots                  12 us, workers (us): ---, ---,   3,   3,   3, ---, ---,   3, ---, ---, ---, ---, ---, ---, ---, ---, 
[2.606s][info][gc,stats    ]   Rendezvous                          5 us
[2.606s][info][gc,stats    ] Concurrent Cleanup                   48 us
[2.606s][info][gc,stats    ] Concurrent Class Unloading          239 us
[2.606s][info][gc,stats    ]   Unlink Stale                      226 us
[2.606s][info][gc,stats    ]     System Dictionary                 2 us
[2.606s][info][gc,stats    ]     Weak Class Links                  0 us
[2.606s][info][gc,stats    ]     Code Roots                      223 us
[2.606s][info][gc,stats    ]   Rendezvous                          5 us
[2.606s][info][gc,stats    ]   Purge Unlinked                      3 us
[2.606s][info][gc,stats    ]     Code Roots                        0 us
[2.606s][info][gc,stats    ]     CLDG                              2 us
[2.606s][info][gc,stats    ]     Exception Caches                  0 us
[2.606s][info][gc,stats    ] Pause Final Roots (G)                53 us
[2.606s][info][gc,stats    ] Pause Final Roots (N)                 5 us
[2.606s][info][gc,stats    ] Pacing                           756319 us
[2.606s][info][gc,stats    ] 
[2.606s][info][gc,stats    ] Allocation pacing accrued:
[2.606s][info][gc,stats    ]      96 of    94 ms (101.9%): pool-1-thread-1
[2.606s][info][gc,stats    ]      95 of    94 ms (101.7%): pool-1-thread-2
[2.606s][info][gc,stats    ]      95 of    94 ms (100.8%): pool-1-thread-3
[2.606s][info][gc,stats    ]      95 of    94 ms (100.7%): pool-1-thread-4
[2.606s][info][gc,stats    ]      95 of    94 ms (101.6%): pool-1-thread-5
[2.606s][info][gc,stats    ]      94 of    94 ms (100.6%): pool-1-thread-6
[2.606s][info][gc,stats    ]      94 of    94 ms (100.3%): pool-1-thread-7
[2.606s][info][gc,stats    ]      92 of    94 ms ( 98.6%): pool-1-thread-9
[2.606s][info][gc,stats    ]     756 of    94 ms (806.1%): <total>
[2.606s][info][gc,stats    ]      38 of    94 ms ( 40.3%): <average total>
[2.606s][info][gc,stats    ]      95 of    94 ms (100.8%): <average non-zero>
[2.606s][info][gc,stats    ] 
[2.606s][info][gc,metaspace] Metaspace: 10591K(10880K)->10591K(10880K) NonClass: 9360K(9536K)->9360K(9536K) Class: 1230K(1344K)->1230K(1344K)
[2.606s][info][gc,ergo     ] Pacer for Idle. Initial: 8192K, Alloc Tax Rate: 1.0x
[2.666s][info][gc          ] Trigger: Average GC time (19.66 ms) is above the time for average allocation rate (2268 MB/s) to deplete free headroom (41472K) (margin of error = 1.84)
[2.666s][info][gc,ergo     ] Free headroom: 61952K (free) - 20480K (spike) - 0B (penalties) = 41472K
[2.666s][info][gc,ergo     ] Free: 61696K, Max: 256K regular, 48384K humongous, Frag: 22% external, 0% internal; Reserve: 20480K, Max: 256K
[2.666s][info][gc,start    ] GC(55) Concurrent reset
[2.666s][info][gc,task     ] GC(55) Using 8 of 16 workers for concurrent reset
[2.666s][info][gc,ergo     ] GC(55) Pacer for Reset. Non-Taxable: 400M
[2.666s][info][gc          ] GC(55) Concurrent reset 0.164ms
[2.666s][info][gc,start    ] GC(55) Pause Init Mark (unload classes)
[2.666s][info][gc,task     ] GC(55) Using 16 of 16 workers for init marking
[2.666s][info][gc,ergo     ] GC(55) Pacer for Mark. Expected Live: 126M, Free: 61184K, Non-Taxable: 6118K, Alloc Tax Rate: 2.6x
[2.666s][info][gc          ] GC(55) Pause Init Mark (unload classes) 0.049ms
[2.666s][info][gc,start    ] GC(55) Concurrent marking roots
[2.666s][info][gc,task     ] GC(55) Using 8 of 16 workers for concurrent marking roots
[2.666s][info][gc          ] GC(55) Concurrent marking roots 0.064ms
[2.666s][info][gc,start    ] GC(55) Concurrent marking (unload classes)
[2.666s][info][gc,task     ] GC(55) Using 8 of 16 workers for concurrent marking
[2.686s][info][gc          ] GC(55) Concurrent marking (unload classes) 19.615ms
[2.686s][info][gc,start    ] GC(55) Pause Final Mark (unload classes)
[2.686s][info][gc,task     ] GC(55) Using 16 of 16 workers for final marking
[2.686s][info][gc,ergo     ] GC(55) Collectable Garbage: 172M (97%), Immediate: 172M (97%), CSet: 0B (0%)
[2.686s][info][gc          ] GC(55) Pause Final Mark (unload classes) 0.096ms
[2.686s][info][gc,start    ] GC(55) Concurrent weak references
[2.686s][info][gc,task     ] GC(55) Using 8 of 16 workers for concurrent weak references
[2.686s][info][gc,ref      ] GC(55) Encountered references: Soft: 167, Weak: 928, Final: 0, Phantom: 3
[2.686s][info][gc,ref      ] GC(55) Discovered  references: Soft: 0, Weak: 411, Final: 0, Phantom: 2
[2.686s][info][gc,ref      ] GC(55) Enqueued    references: Soft: 0, Weak: 0, Final: 0, Phantom: 0
[2.686s][info][gc          ] GC(55) Concurrent weak references 0.034ms
[2.686s][info][gc,start    ] GC(55) Concurrent weak roots
[2.686s][info][gc,task     ] GC(55) Using 8 of 16 workers for concurrent weak root
[2.686s][info][gc          ] GC(55) Concurrent weak roots 0.323ms
[2.686s][info][gc,start    ] GC(55) Concurrent cleanup
[2.686s][info][gc          ] GC(55) Concurrent cleanup 337M->166M(400M) 0.050ms
[2.686s][info][gc,ergo     ] GC(55) Free: 213M, Max: 256K regular, 43264K humongous, Frag: 81% external, 0% internal; Reserve: 20480K, Max: 256K
[2.686s][info][gc,start    ] GC(55) Concurrent class unloading
[2.686s][info][gc,task     ] GC(55) Using 8 of 16 workers for concurrent class unloading
[2.687s][info][gc          ] GC(55) Concurrent class unloading 0.922ms
[2.687s][info][gc,start    ] GC(55) Pause Final Roots
[2.687s][info][gc          ] GC(55) Pause Final Roots 0.008ms
[2.687s][info][gc,ergo     ] Free: 190M, Max: 256K regular, 43264K humongous, Frag: 78% external, 0% internal; Reserve: 20480K, Max: 256K
[2.687s][info][gc,stats    ] 
[2.687s][info][gc,stats    ] All times are wall-clock times, except per-root-class counters, that are sum over
[2.687s][info][gc,stats    ] all workers. Dividing the <total> over the root stage time estimates parallelism.
[2.687s][info][gc,stats    ] 
[2.687s][info][gc,stats    ] Concurrent Reset                    167 us
[2.687s][info][gc,stats    ] Pause Init Mark (G)                 145 us
[2.687s][info][gc,stats    ] Pause Init Mark (N)                  53 us
[2.687s][info][gc,stats    ]   Update Region States                5 us
[2.687s][info][gc,stats    ] Concurrent Mark Roots                66 us, parallelism: 2.60x
[2.687s][info][gc,stats    ]   CMR: <total>                      173 us
[2.687s][info][gc,stats    ]   CMR: Thread Roots                 125 us, workers (us):  26,   0,  18,  24,  15,  15,  14,  13, ---, ---, ---, ---, ---, ---, ---, ---, 
[2.687s][info][gc,stats    ]   CMR: VM Strong Roots                7 us, workers (us):   3,   3,   0,   0,   0,   0,   0,   0, ---, ---, ---, ---, ---, ---, ---, ---, 
[2.687s][info][gc,stats    ]   CMR: CLDG Roots                    41 us, workers (us):   3,  39, ---, ---, ---, ---, ---, ---, ---, ---, ---, ---, ---, ---, ---, ---, 
[2.687s][info][gc,stats    ] Concurrent Marking                19634 us
[2.687s][info][gc,stats    ] Pause Final Mark (G)                109 us
[2.687s][info][gc,stats    ] Pause Final Mark (N)                 98 us
[2.687s][info][gc,stats    ]   Finish Mark                        64 us
[2.687s][info][gc,stats    ]   Update Region States                5 us
[2.687s][info][gc,stats    ]   Choose Collection Set              11 us
[2.687s][info][gc,stats    ]   Rebuild Free Set                    3 us
[2.687s][info][gc,stats    ] Concurrent Weak References           36 us, parallelism: 0.58x
[2.687s][info][gc,stats    ]   CWRF: <total>                      21 us
[2.687s][info][gc,stats    ]   CWRF: Weak References              21 us, workers (us):   1,  18,   1,   0,   0,   0,   0,   0, ---, ---, ---, ---, ---, ---, ---, ---, 
[2.687s][info][gc,stats    ] Concurrent Weak Roots               326 us
[2.687s][info][gc,stats    ]   Roots                             285 us, parallelism: 4.59x
[2.687s][info][gc,stats    ]     CWR: <total>                   1309 us
[2.687s][info][gc,stats    ]     CWR: Code Cache Roots          1137 us, workers (us): 184,   0, 224,  24, 131, 222, 227, 124, ---, ---, ---, ---, ---, ---, ---, ---, 
[2.687s][info][gc,stats    ]     CWR: VM Weak Roots              153 us, workers (us):  22,  21,  22,  20,  19,  20,  18,  12, ---, ---, ---, ---, ---, ---, ---, ---, 
[2.687s][info][gc,stats    ]     CWR: CLDG Roots                  19 us, workers (us): ---,   5, ---,   5,   6, ---,   4, ---, ---, ---, ---, ---, ---, ---, ---, ---, 
[2.687s][info][gc,stats    ]   Rendezvous                         21 us
[2.687s][info][gc,stats    ] Concurrent Cleanup                   51 us
[2.687s][info][gc,stats    ] Concurrent Class Unloading          924 us
[2.687s][info][gc,stats    ]   Unlink Stale                      893 us
[2.687s][info][gc,stats    ]     System Dictionary                 4 us
[2.687s][info][gc,stats    ]     Weak Class Links                  1 us
[2.687s][info][gc,stats    ]     Code Roots                      889 us
[2.687s][info][gc,stats    ]   Rendezvous                         18 us
[2.687s][info][gc,stats    ]   Purge Unlinked                      4 us
[2.687s][info][gc,stats    ]     Code Roots                        1 us
[2.687s][info][gc,stats    ]     CLDG                              3 us
[2.687s][info][gc,stats    ]     Exception Caches                  0 us
[2.687s][info][gc,stats    ] Pause Final Roots (G)                92 us
[2.687s][info][gc,stats    ] Pause Final Roots (N)                10 us
[2.687s][info][gc,stats    ] Pacing                           593005 us
[2.687s][info][gc,stats    ] 
[2.687s][info][gc,stats    ] Allocation pacing accrued:
[2.687s][info][gc,stats    ]      76 of    82 ms ( 92.9%): pool-1-thread-1
[2.687s][info][gc,stats    ]      76 of    82 ms ( 92.8%): pool-1-thread-2
[2.687s][info][gc,stats    ]      76 of    82 ms ( 92.9%): pool-1-thread-3
[2.687s][info][gc,stats    ]      76 of    82 ms ( 93.1%): pool-1-thread-4
[2.687s][info][gc,stats    ]      74 of    82 ms ( 90.3%): pool-1-thread-5
[2.687s][info][gc,stats    ]      74 of    82 ms ( 89.9%): pool-1-thread-6
[2.687s][info][gc,stats    ]      66 of    82 ms ( 80.9%): pool-1-thread-7
[2.687s][info][gc,stats    ]      76 of    82 ms ( 92.9%): pool-1-thread-9
[2.687s][info][gc,stats    ]     593 of    82 ms (725.7%): <total>
[2.687s][info][gc,stats    ]      30 of    82 ms ( 36.3%): <average total>
[2.687s][info][gc,stats    ]      74 of    82 ms ( 90.7%): <average non-zero>
[2.687s][info][gc,stats    ] 
[2.687s][info][gc,metaspace] Metaspace: 10591K(10880K)->10591K(10880K) NonClass: 9360K(9536K)->9360K(9536K) Class: 1230K(1344K)->1230K(1344K)
[2.687s][info][gc,ergo     ] Pacer for Idle. Initial: 8192K, Alloc Tax Rate: 1.0x
[2.696s][info][gc          ] Trigger: Average GC time (23.20 ms) is above the time for average allocation rate (2275 MB/s) to deplete free headroom (50688K) (margin of error = 1.86)
[2.696s][info][gc,ergo     ] Free headroom: 71168K (free) - 20480K (spike) - 0B (penalties) = 50688K
[2.696s][info][gc,ergo     ] Free: 70912K, Max: 256K regular, 43264K humongous, Frag: 39% external, 0% internal; Reserve: 20480K, Max: 256K
[2.696s][info][gc,start    ] GC(56) Concurrent reset
[2.696s][info][gc,task     ] GC(56) Using 8 of 16 workers for concurrent reset
[2.696s][info][gc,ergo     ] GC(56) Pacer for Reset. Non-Taxable: 400M
[2.697s][info][gc          ] GC(56) Concurrent reset 0.636ms
[2.697s][info][gc,start    ] GC(56) Pause Init Mark (unload classes)
[2.697s][info][gc,task     ] GC(56) Using 16 of 16 workers for init marking
[2.697s][info][gc,ergo     ] GC(56) Pacer for Mark. Expected Live: 129M, Free: 60928K, Non-Taxable: 6092K, Alloc Tax Rate: 2.7x
[2.697s][info][gc          ] GC(56) Pause Init Mark (unload classes) 0.021ms
[2.697s][info][gc,start    ] GC(56) Concurrent marking roots
[2.697s][info][gc,task     ] GC(56) Using 8 of 16 workers for concurrent marking roots
[2.697s][info][gc          ] GC(56) Concurrent marking roots 0.270ms
[2.697s][info][gc,start    ] GC(56) Concurrent marking (unload classes)
[2.697s][info][gc,task     ] GC(56) Using 8 of 16 workers for concurrent marking
[2.717s][info][gc          ] GC(56) Concurrent marking (unload classes) 20.390ms
[2.717s][info][gc,start    ] GC(56) Pause Final Mark (unload classes)
[2.717s][info][gc,task     ] GC(56) Using 16 of 16 workers for final marking
[2.717s][info][gc,ergo     ] GC(56) Collectable Garbage: 165M (96%), Immediate: 165M (96%), CSet: 0B (0%)
[2.718s][info][gc          ] GC(56) Pause Final Mark (unload classes) 0.107ms
[2.718s][info][gc,start    ] GC(56) Concurrent weak references
[2.718s][info][gc,task     ] GC(56) Using 8 of 16 workers for concurrent weak references
[2.718s][info][gc,ref      ] GC(56) Encountered references: Soft: 167, Weak: 928, Final: 0, Phantom: 3
[2.718s][info][gc,ref      ] GC(56) Discovered  references: Soft: 0, Weak: 489, Final: 0, Phantom: 2
[2.718s][info][gc,ref      ] GC(56) Enqueued    references: Soft: 0, Weak: 0, Final: 0, Phantom: 0
[2.718s][info][gc          ] GC(56) Concurrent weak references 0.042ms
[2.718s][info][gc,start    ] GC(56) Concurrent weak roots
[2.718s][info][gc,task     ] GC(56) Using 8 of 16 workers for concurrent weak root
[2.718s][info][gc          ] GC(56) Concurrent weak roots 0.120ms
[2.718s][info][gc,start    ] GC(56) Concurrent cleanup
[2.718s][info][gc          ] GC(56) Concurrent cleanup 328M->162M(400M) 0.037ms
[2.718s][info][gc,ergo     ] GC(56) Free: 217M, Max: 256K regular, 43264K humongous, Frag: 81% external, 0% internal; Reserve: 20480K, Max: 256K
[2.718s][info][gc,start    ] GC(56) Concurrent class unloading
[2.718s][info][gc,task     ] GC(56) Using 8 of 16 workers for concurrent class unloading
[2.718s][info][gc          ] GC(56) Concurrent class unloading 0.249ms
[2.718s][info][gc,start    ] GC(56) Pause Final Roots
[2.718s][info][gc          ] GC(56) Pause Final Roots 0.003ms
[2.718s][info][gc,ergo     ] Free: 217M, Max: 256K regular, 43264K humongous, Frag: 81% external, 0% internal; Reserve: 20480K, Max: 256K
[2.718s][info][gc,stats    ] 
[2.718s][info][gc,stats    ] All times are wall-clock times, except per-root-class counters, that are sum over
[2.718s][info][gc,stats    ] all workers. Dividing the <total> over the root stage time estimates parallelism.
[2.718s][info][gc,stats    ] 
[2.718s][info][gc,stats    ] Concurrent Reset                    670 us
[2.718s][info][gc,stats    ] Pause Init Mark (G)                 144 us
[2.718s][info][gc,stats    ] Pause Init Mark (N)                  23 us
[2.718s][info][gc,stats    ]   Update Region States                7 us
[2.718s][info][gc,stats    ] Concurrent Mark Roots               286 us, parallelism: 1.63x
[2.718s][info][gc,stats    ]   CMR: <total>                      465 us
[2.718s][info][gc,stats    ]   CMR: Thread Roots                 304 us, workers (us): 130,  32,   8,  25,  52,  29,   0,  29, ---, ---, ---, ---, ---, ---, ---, ---, 
[2.718s][info][gc,stats    ]   CMR: VM Strong Roots               23 us, workers (us):   6,   8,   1,   5,   2,   2,   1,   0, ---, ---, ---, ---, ---, ---, ---, ---, 
[2.718s][info][gc,stats    ]   CMR: CLDG Roots                   137 us, workers (us):  16,  15, ---,  12, ---, ---,  95, ---, ---, ---, ---, ---, ---, ---, ---, ---, 
[2.718s][info][gc,stats    ] Concurrent Marking                20407 us
[2.718s][info][gc,stats    ] Pause Final Mark (G)                124 us
[2.718s][info][gc,stats    ] Pause Final Mark (N)                110 us
[2.718s][info][gc,stats    ]   Finish Mark                        57 us
[2.718s][info][gc,stats    ]   Update Region States                7 us
[2.718s][info][gc,stats    ]   Choose Collection Set              16 us
[2.718s][info][gc,stats    ]   Rebuild Free Set                    4 us
[2.718s][info][gc,stats    ] Concurrent Weak References           54 us, parallelism: 0.51x
[2.718s][info][gc,stats    ]   CWRF: <total>                      27 us
[2.718s][info][gc,stats    ]   CWRF: Weak References              27 us, workers (us):   2,   1,  24,   0,   0,   0,   0,   0, ---, ---, ---, ---, ---, ---, ---, ---, 
[2.718s][info][gc,stats    ] Concurrent Weak Roots               123 us
[2.718s][info][gc,stats    ]   Roots                             111 us, parallelism: 4.87x
[2.718s][info][gc,stats    ]     CWR: <total>                    541 us
[2.718s][info][gc,stats    ]     CWR: Code Cache Roots           438 us, workers (us):  73,   3,  79,  72,  63,  18,  62,  69, ---, ---, ---, ---, ---, ---, ---, ---, 
[2.718s][info][gc,stats    ]     CWR: VM Weak Roots               90 us, workers (us):  12,  12,  12,  11,  11,  12,  11,  10, ---, ---, ---, ---, ---, ---, ---, ---, 
[2.718s][info][gc,stats    ]     CWR: CLDG Roots                  14 us, workers (us):   3,   3, ---,   3,   3, ---, ---, ---, ---, ---, ---, ---, ---, ---, ---, ---, 
[2.718s][info][gc,stats    ]   Rendezvous                          6 us
[2.718s][info][gc,stats    ] Concurrent Cleanup                   40 us
[2.718s][info][gc,stats    ] Concurrent Class Unloading          252 us
[2.718s][info][gc,stats    ]   Unlink Stale                      237 us
[2.718s][info][gc,stats    ]     System Dictionary                 2 us
[2.718s][info][gc,stats    ]     Weak Class Links                  1 us
[2.718s][info][gc,stats    ]     Code Roots                      234 us
[2.718s][info][gc,stats    ]   Rendezvous                          6 us
[2.718s][info][gc,stats    ]   Purge Unlinked                      2 us
[2.718s][info][gc,stats    ]     Code Roots                        0 us
[2.718s][info][gc,stats    ]     CLDG                              2 us
[2.718s][info][gc,stats    ]     Exception Caches                  0 us
[2.718s][info][gc,stats    ] Pause Final Roots (G)                10 us
[2.718s][info][gc,stats    ] Pause Final Roots (N)                 4 us
[2.718s][info][gc,stats    ] Pacing                           142517 us
[2.718s][info][gc,stats    ] 
[2.718s][info][gc,stats    ] Allocation pacing accrued:
[2.718s][info][gc,stats    ]      17 of    31 ms ( 56.2%): pool-1-thread-1
[2.718s][info][gc,stats    ]      17 of    31 ms ( 56.2%): pool-1-thread-2
[2.718s][info][gc,stats    ]      17 of    31 ms ( 55.8%): pool-1-thread-3
[2.718s][info][gc,stats    ]      17 of    31 ms ( 56.0%): pool-1-thread-4
[2.718s][info][gc,stats    ]      17 of    31 ms ( 56.1%): pool-1-thread-5
[2.718s][info][gc,stats    ]      17 of    31 ms ( 56.1%): pool-1-thread-6
[2.718s][info][gc,stats    ]      22 of    31 ms ( 71.9%): pool-1-thread-7
[2.718s][info][gc,stats    ]      17 of    31 ms ( 56.8%): pool-1-thread-9
[2.718s][info][gc,stats    ]     143 of    31 ms (465.2%): <total>
[2.718s][info][gc,stats    ]       7 of    31 ms ( 23.3%): <average total>
[2.718s][info][gc,stats    ]      18 of    31 ms ( 58.1%): <average non-zero>
[2.718s][info][gc,stats    ] 
[2.718s][info][gc,metaspace] Metaspace: 10591K(10880K)->10591K(10880K) NonClass: 9360K(9536K)->9360K(9536K) Class: 1230K(1344K)->1230K(1344K)
[2.718s][info][gc,ergo     ] Pacer for Idle. Initial: 8192K, Alloc Tax Rate: 1.0x
[2.729s][info][gc          ] Trigger: Average GC time (24.16 ms) is above the time for average allocation rate (2278 MB/s) to deplete free headroom (47379K) (margin of error = 1.86)
[2.729s][info][gc,ergo     ] Free headroom: 67859K (free) - 20480K (spike) - 0B (penalties) = 47379K
[2.729s][info][gc,ergo     ] Free: 66579K, Max: 256K regular, 43264K humongous, Frag: 35% external, 0% internal; Reserve: 20480K, Max: 256K
[2.729s][info][gc,start    ] GC(57) Concurrent reset
[2.729s][info][gc,task     ] GC(57) Using 8 of 16 workers for concurrent reset
[2.729s][info][gc,ergo     ] GC(57) Pacer for Reset. Non-Taxable: 400M
[2.729s][info][gc          ] GC(57) Concurrent reset 0.367ms
[2.729s][info][gc,start    ] GC(57) Pause Init Mark (unload classes)
[2.729s][info][gc,task     ] GC(57) Using 16 of 16 workers for init marking
[2.729s][info][gc,ergo     ] GC(57) Pacer for Mark. Expected Live: 129M, Free: 62208K, Non-Taxable: 6220K, Alloc Tax Rate: 2.6x
[2.729s][info][gc          ] GC(57) Pause Init Mark (unload classes) 0.016ms
[2.729s][info][gc,start    ] GC(57) Concurrent marking roots
[2.729s][info][gc,task     ] GC(57) Using 8 of 16 workers for concurrent marking roots
[2.729s][info][gc          ] GC(57) Concurrent marking roots 0.111ms
[2.729s][info][gc,start    ] GC(57) Concurrent marking (unload classes)
[2.729s][info][gc,task     ] GC(57) Using 8 of 16 workers for concurrent marking
[2.748s][info][gc          ] GC(57) Concurrent marking (unload classes) 18.723ms
[2.748s][info][gc,start    ] GC(57) Pause Final Mark (unload classes)
[2.748s][info][gc,task     ] GC(57) Using 16 of 16 workers for final marking
[2.748s][info][gc,ergo     ] GC(57) Collectable Garbage: 180M (96%), Immediate: 180M (96%), CSet: 0B (0%)
[2.748s][info][gc          ] GC(57) Pause Final Mark (unload classes) 0.074ms
[2.748s][info][gc,start    ] GC(57) Concurrent weak references
[2.748s][info][gc,task     ] GC(57) Using 8 of 16 workers for concurrent weak references
[2.748s][info][gc,ref      ] GC(57) Encountered references: Soft: 167, Weak: 928, Final: 0, Phantom: 3
[2.748s][info][gc,ref      ] GC(57) Discovered  references: Soft: 0, Weak: 466, Final: 0, Phantom: 2
[2.748s][info][gc,ref      ] GC(57) Enqueued    references: Soft: 0, Weak: 0, Final: 0, Phantom: 0
[2.748s][info][gc          ] GC(57) Concurrent weak references 0.048ms
[2.748s][info][gc,start    ] GC(57) Concurrent weak roots
[2.748s][info][gc,task     ] GC(57) Using 8 of 16 workers for concurrent weak root
[2.748s][info][gc          ] GC(57) Concurrent weak roots 0.145ms
[2.748s][info][gc,start    ] GC(57) Concurrent cleanup
[2.748s][info][gc          ] GC(57) Concurrent cleanup 327M->147M(400M) 0.037ms
[2.748s][info][gc,ergo     ] GC(57) Free: 233M, Max: 256K regular, 48384K humongous, Frag: 80% external, 0% internal; Reserve: 20480K, Max: 256K
[2.748s][info][gc,start    ] GC(57) Concurrent class unloading
[2.748s][info][gc,task     ] GC(57) Using 8 of 16 workers for concurrent class unloading
[2.749s][info][gc          ] GC(57) Concurrent class unloading 0.264ms
[2.749s][info][gc,start    ] GC(57) Pause Final Roots
[2.749s][info][gc          ] GC(57) Pause Final Roots 0.004ms
[2.749s][info][gc,ergo     ] Free: 233M, Max: 256K regular, 48384K humongous, Frag: 80% external, 0% internal; Reserve: 20480K, Max: 256K
[2.749s][info][gc,stats    ] 
[2.749s][info][gc,stats    ] All times are wall-clock times, except per-root-class counters, that are sum over
[2.749s][info][gc,stats    ] all workers. Dividing the <total> over the root stage time estimates parallelism.
[2.749s][info][gc,stats    ] 
[2.749s][info][gc,stats    ] Concurrent Reset                    372 us
[2.749s][info][gc,stats    ] Pause Init Mark (G)                 111 us
[2.749s][info][gc,stats    ] Pause Init Mark (N)                  17 us
[2.749s][info][gc,stats    ]   Update Region States                3 us
[2.749s][info][gc,stats    ] Concurrent Mark Roots               115 us, parallelism: 2.11x
[2.749s][info][gc,stats    ]   CMR: <total>                      243 us
[2.749s][info][gc,stats    ]   CMR: Thread Roots                 164 us, workers (us):  20,  25,  36,  20,   0,  25,  22,  16, ---, ---, ---, ---, ---, ---, ---, ---, 
[2.749s][info][gc,stats    ]   CMR: VM Strong Roots               12 us, workers (us):   4,   3,   1,   0,   2,   1,   0,   1, ---, ---, ---, ---, ---, ---, ---, ---, 
[2.749s][info][gc,stats    ]   CMR: CLDG Roots                    67 us, workers (us):   4,   2, ---,   4,  57, ---, ---, ---, ---, ---, ---, ---, ---, ---, ---, ---, 
[2.749s][info][gc,stats    ] Concurrent Marking                18742 us
[2.749s][info][gc,stats    ] Pause Final Mark (G)                 88 us
[2.749s][info][gc,stats    ] Pause Final Mark (N)                 76 us
[2.749s][info][gc,stats    ]   Finish Mark                        40 us
[2.749s][info][gc,stats    ]   Update Region States                6 us
[2.749s][info][gc,stats    ]   Choose Collection Set              13 us
[2.749s][info][gc,stats    ]   Rebuild Free Set                    4 us
[2.749s][info][gc,stats    ] Concurrent Weak References           49 us, parallelism: 0.54x
[2.749s][info][gc,stats    ]   CWRF: <total>                      27 us
[2.749s][info][gc,stats    ]   CWRF: Weak References              27 us, workers (us):  24,   2,   0,   0,   0,   0,   0,   0, ---, ---, ---, ---, ---, ---, ---, ---, 
[2.749s][info][gc,stats    ] Concurrent Weak Roots               148 us
[2.749s][info][gc,stats    ]   Roots                             136 us, parallelism: 4.20x
[2.749s][info][gc,stats    ]     CWR: <total>                    571 us
[2.749s][info][gc,stats    ]     CWR: Code Cache Roots           470 us, workers (us):  61,  70,  60,   2,  13,  94, 102,  67, ---, ---, ---, ---, ---, ---, ---, ---, 
[2.749s][info][gc,stats    ]     CWR: VM Weak Roots               86 us, workers (us):  14,  14,  13,  12,  11,  11,  11,   1, ---, ---, ---, ---, ---, ---, ---, ---, 
[2.749s][info][gc,stats    ]     CWR: CLDG Roots                  16 us, workers (us): ---,   4,   4,   4, ---,   4, ---, ---, ---, ---, ---, ---, ---, ---, ---, ---, 
[2.749s][info][gc,stats    ]   Rendezvous                          7 us
[2.749s][info][gc,stats    ] Concurrent Cleanup                   41 us
[2.749s][info][gc,stats    ] Concurrent Class Unloading          267 us
[2.749s][info][gc,stats    ]   Unlink Stale                      252 us
[2.749s][info][gc,stats    ]     System Dictionary                 2 us
[2.749s][info][gc,stats    ]     Weak Class Links                  0 us
[2.749s][info][gc,stats    ]     Code Roots                      249 us
[2.749s][info][gc,stats    ]   Rendezvous                          6 us
[2.749s][info][gc,stats    ]   Purge Unlinked                      3 us
[2.749s][info][gc,stats    ]     Code Roots                        1 us
[2.749s][info][gc,stats    ]     CLDG                              2 us
[2.749s][info][gc,stats    ]     Exception Caches                  0 us
[2.749s][info][gc,stats    ] Pause Final Roots (G)                75 us
[2.749s][info][gc,stats    ] Pause Final Roots (N)                 5 us
[2.749s][info][gc,stats    ] Pacing                           213789 us
[2.749s][info][gc,stats    ] 
[2.749s][info][gc,stats    ] Allocation pacing accrued:
[2.749s][info][gc,stats    ]      27 of    31 ms ( 88.4%): pool-1-thread-1
[2.749s][info][gc,stats    ]      27 of    31 ms ( 88.9%): pool-1-thread-2
[2.749s][info][gc,stats    ]      27 of    31 ms ( 89.1%): pool-1-thread-3
[2.749s][info][gc,stats    ]      27 of    31 ms ( 88.4%): pool-1-thread-4
[2.749s][info][gc,stats    ]      27 of    31 ms ( 88.9%): pool-1-thread-5
[2.749s][info][gc,stats    ]      27 of    31 ms ( 88.4%): pool-1-thread-6
[2.749s][info][gc,stats    ]      26 of    31 ms ( 83.1%): pool-1-thread-7
[2.749s][info][gc,stats    ]      24 of    31 ms ( 79.3%): pool-1-thread-9
[2.749s][info][gc,stats    ]     214 of    31 ms (694.5%): <total>
[2.749s][info][gc,stats    ]      11 of    31 ms ( 34.7%): <average total>
[2.749s][info][gc,stats    ]      27 of    31 ms ( 86.8%): <average non-zero>
[2.749s][info][gc,stats    ] 
[2.749s][info][gc,metaspace] Metaspace: 10591K(10880K)->10591K(10880K) NonClass: 9360K(9536K)->9360K(9536K) Class: 1230K(1344K)->1230K(1344K)
[2.749s][info][gc,ergo     ] Pacer for Idle. Initial: 8192K, Alloc Tax Rate: 1.0x
[2.764s][info][gc          ] Trigger: Average GC time (22.93 ms) is above the time for average allocation rate (2278 MB/s) to deplete free headroom (44544K) (margin of error = 1.86)
[2.764s][info][gc,ergo     ] Free headroom: 65024K (free) - 20480K (spike) - 0B (penalties) = 44544K
[2.764s][info][gc,ergo     ] Free: 65024K, Max: 256K regular, 48384K humongous, Frag: 26% external, 0% internal; Reserve: 20480K, Max: 256K
[2.764s][info][gc,start    ] GC(58) Concurrent reset
[2.764s][info][gc,task     ] GC(58) Using 8 of 16 workers for concurrent reset
[2.764s][info][gc,ergo     ] GC(58) Pacer for Reset. Non-Taxable: 400M
[2.764s][info][gc          ] GC(58) Concurrent reset 0.241ms
[2.764s][info][gc,start    ] GC(58) Pause Init Mark (unload classes)
[2.764s][info][gc,task     ] GC(58) Using 16 of 16 workers for init marking
[2.764s][info][gc,ergo     ] GC(58) Pacer for Mark. Expected Live: 132M, Free: 63488K, Non-Taxable: 6348K, Alloc Tax Rate: 2.6x
[2.764s][info][gc          ] GC(58) Pause Init Mark (unload classes) 0.014ms
[2.764s][info][gc,start    ] GC(58) Concurrent marking roots
[2.764s][info][gc,task     ] GC(58) Using 8 of 16 workers for concurrent marking roots
[2.764s][info][gc          ] GC(58) Concurrent marking roots 0.080ms
[2.764s][info][gc,start    ] GC(58) Concurrent marking (unload classes)
[2.764s][info][gc,task     ] GC(58) Using 8 of 16 workers for concurrent marking
[2.785s][info][gc          ] GC(58) Concurrent marking (unload classes) 21.169ms
[2.785s][info][gc,start    ] GC(58) Pause Final Mark (unload classes)
[2.785s][info][gc,task     ] GC(58) Using 16 of 16 workers for final marking
[2.785s][info][gc,ergo     ] GC(58) Collectable Garbage: 165M (95%), Immediate: 165M (95%), CSet: 0B (0%)
[2.785s][info][gc          ] GC(58) Pause Final Mark (unload classes) 0.076ms
[2.785s][info][gc,start    ] GC(58) Concurrent weak references
[2.785s][info][gc,task     ] GC(58) Using 8 of 16 workers for concurrent weak references
[2.785s][info][gc,ref      ] GC(58) Encountered references: Soft: 167, Weak: 928, Final: 0, Phantom: 3
[2.785s][info][gc,ref      ] GC(58) Discovered  references: Soft: 0, Weak: 500, Final: 0, Phantom: 2
[2.785s][info][gc,ref      ] GC(58) Enqueued    references: Soft: 0, Weak: 0, Final: 0, Phantom: 0
[2.785s][info][gc          ] GC(58) Concurrent weak references 0.045ms
[2.785s][info][gc,start    ] GC(58) Concurrent weak roots
[2.785s][info][gc,task     ] GC(58) Using 8 of 16 workers for concurrent weak root
[2.786s][info][gc          ] GC(58) Concurrent weak roots 0.143ms
[2.786s][info][gc,start    ] GC(58) Concurrent cleanup
[2.786s][info][gc          ] GC(58) Concurrent cleanup 327M->162M(400M) 0.038ms
[2.786s][info][gc,ergo     ] GC(58) Free: 217M, Max: 256K regular, 48384K humongous, Frag: 79% external, 0% internal; Reserve: 20480K, Max: 256K
[2.786s][info][gc,start    ] GC(58) Concurrent class unloading
[2.786s][info][gc,task     ] GC(58) Using 8 of 16 workers for concurrent class unloading
[2.786s][info][gc          ] GC(58) Concurrent class unloading 0.399ms
[2.786s][info][gc,start    ] GC(58) Pause Final Roots
[2.786s][info][gc          ] GC(58) Pause Final Roots 0.004ms
[2.786s][info][gc,ergo     ] Free: 207M, Max: 256K regular, 48384K humongous, Frag: 78% external, 0% internal; Reserve: 20480K, Max: 256K
[2.786s][info][gc,stats    ] 
[2.786s][info][gc,stats    ] All times are wall-clock times, except per-root-class counters, that are sum over
[2.786s][info][gc,stats    ] all workers. Dividing the <total> over the root stage time estimates parallelism.
[2.786s][info][gc,stats    ] 
[2.786s][info][gc,stats    ] Concurrent Reset                    244 us
[2.786s][info][gc,stats    ] Pause Init Mark (G)                 103 us
[2.786s][info][gc,stats    ] Pause Init Mark (N)                  15 us
[2.786s][info][gc,stats    ]   Update Region States                3 us
[2.786s][info][gc,stats    ] Concurrent Mark Roots                83 us, parallelism: 2.85x
[2.786s][info][gc,stats    ]   CMR: <total>                      237 us
[2.786s][info][gc,stats    ]   CMR: Thread Roots                 179 us, workers (us):  34,  20,  37,  27,   0,  24,  19,  18, ---, ---, ---, ---, ---, ---, ---, ---, 
[2.786s][info][gc,stats    ]   CMR: VM Strong Roots               10 us, workers (us):   3,   3,   2,   0,   0,   1,   0,   0, ---, ---, ---, ---, ---, ---, ---, ---, 
[2.786s][info][gc,stats    ]   CMR: CLDG Roots                    47 us, workers (us):   5,   6,   6, ---,  30, ---, ---, ---, ---, ---, ---, ---, ---, ---, ---, ---, 
[2.786s][info][gc,stats    ] Concurrent Marking                21178 us
[2.786s][info][gc,stats    ] Pause Final Mark (G)                 87 us
[2.786s][info][gc,stats    ] Pause Final Mark (N)                 78 us
[2.786s][info][gc,stats    ]   Finish Mark                        46 us
[2.786s][info][gc,stats    ]   Update Region States                6 us
[2.786s][info][gc,stats    ]   Choose Collection Set              12 us
[2.786s][info][gc,stats    ]   Rebuild Free Set                    4 us
[2.786s][info][gc,stats    ] Concurrent Weak References           46 us, parallelism: 0.64x
[2.786s][info][gc,stats    ]   CWRF: <total>                      29 us
[2.786s][info][gc,stats    ]   CWRF: Weak References              29 us, workers (us):  27,   2,   1,   0,   0,   0,   0,   0, ---, ---, ---, ---, ---, ---, ---, ---, 
[2.786s][info][gc,stats    ] Concurrent Weak Roots               145 us
[2.786s][info][gc,stats    ]   Roots                             134 us, parallelism: 4.88x
[2.786s][info][gc,stats    ]     CWR: <total>                    653 us
[2.786s][info][gc,stats    ]     CWR: Code Cache Roots           538 us, workers (us):  98,   1,  89, 102,  13,  61,  95,  78, ---, ---, ---, ---, ---, ---, ---, ---, 
[2.786s][info][gc,stats    ]     CWR: VM Weak Roots              104 us, workers (us):  15,  15,  15,  15,  14,  14,  14,   3, ---, ---, ---, ---, ---, ---, ---, ---, 
[2.786s][info][gc,stats    ]     CWR: CLDG Roots                  11 us, workers (us):   3,   3, ---, ---,   3, ---,   3, ---, ---, ---, ---, ---, ---, ---, ---, ---, 
[2.786s][info][gc,stats    ]   Rendezvous                          6 us
[2.786s][info][gc,stats    ] Concurrent Cleanup                   39 us
[2.786s][info][gc,stats    ] Concurrent Class Unloading          422 us
[2.786s][info][gc,stats    ]   Unlink Stale                      373 us
[2.786s][info][gc,stats    ]     System Dictionary                 2 us
[2.786s][info][gc,stats    ]     Weak Class Links                  0 us
[2.786s][info][gc,stats    ]     Code Roots                      370 us
[2.786s][info][gc,stats    ]   Rendezvous                         17 us
[2.786s][info][gc,stats    ]   Purge Unlinked                      4 us
[2.786s][info][gc,stats    ]     Code Roots                        1 us
[2.786s][info][gc,stats    ]     CLDG                              2 us
[2.786s][info][gc,stats    ]     Exception Caches                  0 us
[2.786s][info][gc,stats    ] Pause Final Roots (G)                80 us
[2.786s][info][gc,stats    ] Pause Final Roots (N)                 5 us
[2.786s][info][gc,stats    ] Pacing                           332726 us
[2.786s][info][gc,stats    ] 
[2.786s][info][gc,stats    ] Allocation pacing accrued:
[2.786s][info][gc,stats    ]      43 of    37 ms (114.6%): pool-1-thread-1
[2.786s][info][gc,stats    ]      43 of    37 ms (114.6%): pool-1-thread-2
[2.786s][info][gc,stats    ]      43 of    37 ms (114.4%): pool-1-thread-3
[2.786s][info][gc,stats    ]      43 of    37 ms (114.5%): pool-1-thread-4
[2.786s][info][gc,stats    ]      43 of    37 ms (114.6%): pool-1-thread-5
[2.786s][info][gc,stats    ]      43 of    37 ms (114.5%): pool-1-thread-6
[2.786s][info][gc,stats    ]      33 of    37 ms ( 89.7%): pool-1-thread-7
[2.786s][info][gc,stats    ]      43 of    37 ms (114.6%): pool-1-thread-9
[2.786s][info][gc,stats    ]     333 of    37 ms (891.4%): <total>
[2.786s][info][gc,stats    ]      17 of    37 ms ( 44.6%): <average total>
[2.786s][info][gc,stats    ]      42 of    37 ms (111.4%): <average non-zero>
[2.786s][info][gc,stats    ] 
[2.786s][info][gc,metaspace] Metaspace: 10591K(10880K)->10591K(10880K) NonClass: 9360K(9536K)->9360K(9536K) Class: 1230K(1344K)->1230K(1344K)
[2.786s][info][gc,ergo     ] Pacer for Idle. Initial: 8192K, Alloc Tax Rate: 1.0x
[2.796s][info][gc          ] Trigger: Average GC time (23.97 ms) is above the time for average allocation rate (2283 MB/s) to deplete free headroom (49408K) (margin of error = 1.88)
[2.796s][info][gc,ergo     ] Free headroom: 69888K (free) - 20480K (spike) - 0B (penalties) = 49408K
[2.796s][info][gc,ergo     ] Free: 68352K, Max: 256K regular, 48384K humongous, Frag: 30% external, 0% internal; Reserve: 20480K, Max: 256K
[2.796s][info][gc,start    ] GC(59) Concurrent reset
[2.796s][info][gc,task     ] GC(59) Using 8 of 16 workers for concurrent reset
[2.796s][info][gc,ergo     ] GC(59) Pacer for Reset. Non-Taxable: 400M
[2.796s][info][gc          ] GC(59) Concurrent reset 0.319ms
[2.796s][info][gc,start    ] GC(59) Pause Init Mark (unload classes)
[2.796s][info][gc,task     ] GC(59) Using 16 of 16 workers for init marking
[2.796s][info][gc,ergo     ] GC(59) Pacer for Mark. Expected Live: 137M, Free: 61218K, Non-Taxable: 6121K, Alloc Tax Rate: 2.8x
[2.796s][info][gc          ] GC(59) Pause Init Mark (unload classes) 0.013ms
[2.796s][info][gc,start    ] GC(59) Concurrent marking roots
[2.796s][info][gc,task     ] GC(59) Using 8 of 16 workers for concurrent marking roots
[2.796s][info][gc          ] GC(59) Concurrent marking roots 0.158ms
[2.796s][info][gc,start    ] GC(59) Concurrent marking (unload classes)
[2.796s][info][gc,task     ] GC(59) Using 8 of 16 workers for concurrent marking
[2.816s][info][gc          ] GC(59) Concurrent marking (unload classes) 19.271ms
[2.816s][info][gc,start    ] GC(59) Pause Final Mark (unload classes)
[2.816s][info][gc,task     ] GC(59) Using 16 of 16 workers for final marking
[2.816s][info][gc,ergo     ] GC(59) Collectable Garbage: 165M (96%), Immediate: 165M (96%), CSet: 0B (0%)
[2.816s][info][gc          ] GC(59) Pause Final Mark (unload classes) 0.092ms
[2.816s][info][gc,start    ] GC(59) Concurrent weak references
[2.816s][info][gc,task     ] GC(59) Using 8 of 16 workers for concurrent weak references
[2.816s][info][gc,ref      ] GC(59) Encountered references: Soft: 167, Weak: 928, Final: 0, Phantom: 3
[2.816s][info][gc,ref      ] GC(59) Discovered  references: Soft: 0, Weak: 483, Final: 0, Phantom: 2
[2.816s][info][gc,ref      ] GC(59) Enqueued    references: Soft: 0, Weak: 0, Final: 0, Phantom: 0
[2.816s][info][gc          ] GC(59) Concurrent weak references 0.041ms
[2.816s][info][gc,start    ] GC(59) Concurrent weak roots
[2.816s][info][gc,task     ] GC(59) Using 8 of 16 workers for concurrent weak root
[2.816s][info][gc          ] GC(59) Concurrent weak roots 0.146ms
[2.816s][info][gc,start    ] GC(59) Concurrent cleanup
[2.816s][info][gc          ] GC(59) Concurrent cleanup 327M->162M(400M) 0.035ms
[2.816s][info][gc,ergo     ] GC(59) Free: 217M, Max: 256K regular, 110M humongous, Frag: 50% external, 0% internal; Reserve: 20480K, Max: 256K
[2.816s][info][gc,start    ] GC(59) Concurrent class unloading
[2.816s][info][gc,task     ] GC(59) Using 8 of 16 workers for concurrent class unloading
[2.816s][info][gc          ] GC(59) Concurrent class unloading 0.231ms
[2.816s][info][gc,start    ] GC(59) Pause Final Roots
[2.816s][info][gc          ] GC(59) Pause Final Roots 0.002ms
[2.816s][info][gc,ergo     ] Free: 217M, Max: 256K regular, 110M humongous, Frag: 50% external, 0% internal; Reserve: 20480K, Max: 256K
[2.816s][info][gc,stats    ] 
[2.816s][info][gc,stats    ] All times are wall-clock times, except per-root-class counters, that are sum over
[2.816s][info][gc,stats    ] all workers. Dividing the <total> over the root stage time estimates parallelism.
[2.816s][info][gc,stats    ] 
[2.816s][info][gc,stats    ] Concurrent Reset                    330 us
[2.816s][info][gc,stats    ] Pause Init Mark (G)                 101 us
[2.816s][info][gc,stats    ] Pause Init Mark (N)                  14 us
[2.816s][info][gc,stats    ]   Update Region States                3 us
[2.816s][info][gc,stats    ] Concurrent Mark Roots               164 us, parallelism: 1.66x
[2.816s][info][gc,stats    ]   CMR: <total>                      272 us
[2.816s][info][gc,stats    ]   CMR: Thread Roots                 150 us, workers (us):  46,  19,   0,  18,  20,  16,  22,  10, ---, ---, ---, ---, ---, ---, ---, ---, 
[2.816s][info][gc,stats    ]   CMR: VM Strong Roots               14 us, workers (us):   4,   4,   1,   3,   1,   1,   0,   1, ---, ---, ---, ---, ---, ---, ---, ---, 
[2.816s][info][gc,stats    ]   CMR: CLDG Roots                   108 us, workers (us):   3,   3,  97,   6, ---, ---, ---, ---, ---, ---, ---, ---, ---, ---, ---, ---, 
[2.816s][info][gc,stats    ] Concurrent Marking                19292 us
[2.816s][info][gc,stats    ] Pause Final Mark (G)                119 us
[2.816s][info][gc,stats    ] Pause Final Mark (N)                104 us
[2.816s][info][gc,stats    ]   Finish Mark                        54 us
[2.816s][info][gc,stats    ]   Update Region States                6 us
[2.816s][info][gc,stats    ]   Choose Collection Set              15 us
[2.816s][info][gc,stats    ]   Rebuild Free Set                    3 us
[2.816s][info][gc,stats    ] Concurrent Weak References           42 us, parallelism: 0.64x
[2.816s][info][gc,stats    ]   CWRF: <total>                      27 us
[2.816s][info][gc,stats    ]   CWRF: Weak References              27 us, workers (us):   1,   1,  23,   1,   0,   0,   0,   0, ---, ---, ---, ---, ---, ---, ---, ---, 
[2.816s][info][gc,stats    ] Concurrent Weak Roots               149 us
[2.816s][info][gc,stats    ]   Roots                             136 us, parallelism: 4.27x
[2.816s][info][gc,stats    ]     CWR: <total>                    580 us
[2.816s][info][gc,stats    ]     CWR: Code Cache Roots           485 us, workers (us):  96,  71,  67,  57,  18,  12,  63, 102, ---, ---, ---, ---, ---, ---, ---, ---, 
[2.816s][info][gc,stats    ]     CWR: VM Weak Roots               85 us, workers (us):  12,  12,  12,  11,  11,  10,  10,   9, ---, ---, ---, ---, ---, ---, ---, ---, 
[2.816s][info][gc,stats    ]     CWR: CLDG Roots                   9 us, workers (us):   2, ---,   2,   2, ---, ---, ---,   2, ---, ---, ---, ---, ---, ---, ---, ---, 
[2.816s][info][gc,stats    ]   Rendezvous                          8 us
[2.816s][info][gc,stats    ] Concurrent Cleanup                   38 us
[2.816s][info][gc,stats    ] Concurrent Class Unloading          234 us
[2.816s][info][gc,stats    ]   Unlink Stale                      220 us
[2.816s][info][gc,stats    ]     System Dictionary                 1 us
[2.816s][info][gc,stats    ]     Weak Class Links                  1 us
[2.816s][info][gc,stats    ]     Code Roots                      218 us
[2.816s][info][gc,stats    ]   Rendezvous                          6 us
[2.816s][info][gc,stats    ]   Purge Unlinked                      3 us
[2.816s][info][gc,stats    ]     Code Roots                        1 us
[2.816s][info][gc,stats    ]     CLDG                              2 us
[2.816s][info][gc,stats    ]     Exception Caches                  0 us
[2.816s][info][gc,stats    ] Pause Final Roots (G)                 9 us
[2.816s][info][gc,stats    ] Pause Final Roots (N)                 4 us
[2.816s][info][gc,stats    ] Pacing                           145529 us
[2.816s][info][gc,stats    ] 
[2.816s][info][gc,stats    ] Allocation pacing accrued:
[2.816s][info][gc,stats    ]      19 of    30 ms ( 63.5%): pool-1-thread-1
[2.816s][info][gc,stats    ]      19 of    30 ms ( 63.5%): pool-1-thread-2
[2.816s][info][gc,stats    ]      19 of    30 ms ( 63.4%): pool-1-thread-3
[2.816s][info][gc,stats    ]      19 of    30 ms ( 63.4%): pool-1-thread-4
[2.816s][info][gc,stats    ]      19 of    30 ms ( 63.5%): pool-1-thread-5
[2.816s][info][gc,stats    ]      19 of    30 ms ( 63.6%): pool-1-thread-6
[2.816s][info][gc,stats    ]      19 of    30 ms ( 63.6%): pool-1-thread-7
[2.816s][info][gc,stats    ]      11 of    30 ms ( 37.8%): pool-1-thread-9
[2.816s][info][gc,stats    ]     146 of    30 ms (482.2%): <total>
[2.816s][info][gc,stats    ]       7 of    30 ms ( 24.1%): <average total>
[2.816s][info][gc,stats    ]      18 of    30 ms ( 60.3%): <average non-zero>
[2.816s][info][gc,stats    ] 
[2.816s][info][gc,metaspace] Metaspace: 10591K(10880K)->10591K(10880K) NonClass: 9360K(9536K)->9360K(9536K) Class: 1230K(1344K)->1230K(1344K)
[2.816s][info][gc,ergo     ] Pacer for Idle. Initial: 8192K, Alloc Tax Rate: 1.0x
[2.835s][info][gc          ] Trigger: Average GC time (22.98 ms) is above the time for average allocation rate (2285 MB/s) to deplete free headroom (40192K) (margin of error = 1.88)
[2.835s][info][gc,ergo     ] Free headroom: 60672K (free) - 20480K (spike) - 0B (penalties) = 40192K
[2.835s][info][gc,ergo     ] Free: 59392K, Max: 256K regular, 48384K humongous, Frag: 19% external, 0% internal; Reserve: 20480K, Max: 256K
[2.835s][info][gc,start    ] GC(60) Concurrent reset
[2.835s][info][gc,task     ] GC(60) Using 8 of 16 workers for concurrent reset
[2.835s][info][gc,ergo     ] GC(60) Pacer for Reset. Non-Taxable: 400M
[2.836s][info][gc          ] GC(60) Concurrent reset 0.509ms
[2.836s][info][gc,start    ] GC(60) Pause Init Mark (unload classes)
[2.836s][info][gc,task     ] GC(60) Using 16 of 16 workers for init marking
[2.836s][info][gc,ergo     ] GC(60) Pacer for Mark. Expected Live: 143M, Free: 48128K, Non-Taxable: 4812K, Alloc Tax Rate: 3.7x
[2.836s][info][gc          ] GC(60) Pause Init Mark (unload classes) 0.051ms
[2.836s][info][gc,start    ] GC(60) Concurrent marking roots
[2.836s][info][gc,task     ] GC(60) Using 8 of 16 workers for concurrent marking roots
[2.836s][info][gc          ] GC(60) Concurrent marking roots 0.136ms
[2.836s][info][gc,start    ] GC(60) Concurrent marking (unload classes)
[2.836s][info][gc,task     ] GC(60) Using 8 of 16 workers for concurrent marking
[2.854s][info][gc          ] GC(60) Concurrent marking (unload classes) 18.009ms
[2.854s][info][gc,start    ] GC(60) Pause Final Mark (unload classes)
[2.854s][info][gc,task     ] GC(60) Using 16 of 16 workers for final marking
[2.854s][info][gc,ergo     ] GC(60) Collectable Garbage: 197M (96%), Immediate: 197M (96%), CSet: 0B (0%)
[2.854s][info][gc          ] GC(60) Pause Final Mark (unload classes) 0.085ms
[2.854s][info][gc,start    ] GC(60) Concurrent weak references
[2.854s][info][gc,task     ] GC(60) Using 8 of 16 workers for concurrent weak references
[2.854s][info][gc,ref      ] GC(60) Encountered references: Soft: 167, Weak: 928, Final: 0, Phantom: 3
[2.854s][info][gc,ref      ] GC(60) Discovered  references: Soft: 0, Weak: 607, Final: 0, Phantom: 2
[2.854s][info][gc,ref      ] GC(60) Enqueued    references: Soft: 0, Weak: 0, Final: 0, Phantom: 0
[2.854s][info][gc          ] GC(60) Concurrent weak references 0.046ms
[2.854s][info][gc,start    ] GC(60) Concurrent weak roots
[2.854s][info][gc,task     ] GC(60) Using 8 of 16 workers for concurrent weak root
[2.855s][info][gc          ] GC(60) Concurrent weak roots 0.142ms
[2.855s][info][gc,start    ] GC(60) Concurrent cleanup
[2.855s][info][gc          ] GC(60) Concurrent cleanup 339M->142M(400M) 0.037ms
[2.855s][info][gc,ergo     ] GC(60) Free: 238M, Max: 256K regular, 98816K humongous, Frag: 60% external, 0% internal; Reserve: 20480K, Max: 256K
[2.855s][info][gc,start    ] GC(60) Concurrent class unloading
[2.855s][info][gc,task     ] GC(60) Using 8 of 16 workers for concurrent class unloading
[2.855s][info][gc          ] GC(60) Concurrent class unloading 0.255ms
[2.855s][info][gc,start    ] GC(60) Pause Final Roots
[2.855s][info][gc          ] GC(60) Pause Final Roots 0.003ms
[2.855s][info][gc,ergo     ] Free: 238M, Max: 256K regular, 98816K humongous, Frag: 60% external, 0% internal; Reserve: 20480K, Max: 256K
[2.855s][info][gc,stats    ] 
[2.855s][info][gc,stats    ] All times are wall-clock times, except per-root-class counters, that are sum over
[2.855s][info][gc,stats    ] all workers. Dividing the <total> over the root stage time estimates parallelism.
[2.855s][info][gc,stats    ] 
[2.855s][info][gc,stats    ] Concurrent Reset                    518 us
[2.855s][info][gc,stats    ] Pause Init Mark (G)                 168 us
[2.855s][info][gc,stats    ] Pause Init Mark (N)                  54 us
[2.855s][info][gc,stats    ]   Update Region States                4 us
[2.855s][info][gc,stats    ] Concurrent Mark Roots               144 us, parallelism: 1.60x
[2.855s][info][gc,stats    ]   CMR: <total>                      230 us
[2.855s][info][gc,stats    ]   CMR: Thread Roots                 144 us, workers (us):   0,  32,  28,  23,  24,  11,  11,  15, ---, ---, ---, ---, ---, ---, ---, ---, 
[2.855s][info][gc,stats    ]   CMR: VM Strong Roots               11 us, workers (us):   6,   2,   0,   0,   0,   1,   1,   0, ---, ---, ---, ---, ---, ---, ---, ---, 
[2.855s][info][gc,stats    ]   CMR: CLDG Roots                    75 us, workers (us):  73,   2, ---, ---, ---, ---, ---, ---, ---, ---, ---, ---, ---, ---, ---, ---, 
[2.855s][info][gc,stats    ] Concurrent Marking                18021 us
[2.855s][info][gc,stats    ] Pause Final Mark (G)                 96 us
[2.855s][info][gc,stats    ] Pause Final Mark (N)                 87 us
[2.855s][info][gc,stats    ]   Finish Mark                        46 us
[2.855s][info][gc,stats    ]   Update Region States                5 us
[2.855s][info][gc,stats    ]   Choose Collection Set              12 us
[2.855s][info][gc,stats    ]   Rebuild Free Set                    3 us
[2.855s][info][gc,stats    ] Concurrent Weak References           47 us, parallelism: 0.77x
[2.855s][info][gc,stats    ]   CWRF: <total>                      36 us
[2.855s][info][gc,stats    ]   CWRF: Weak References              36 us, workers (us):  33,   1,   1,   0,   0,   0,   0,   0, ---, ---, ---, ---, ---, ---, ---, ---, 
[2.855s][info][gc,stats    ] Concurrent Weak Roots               144 us
[2.855s][info][gc,stats    ]   Roots                             135 us, parallelism: 4.83x
[2.855s][info][gc,stats    ]     CWR: <total>                    652 us
[2.855s][info][gc,stats    ]     CWR: Code Cache Roots           549 us, workers (us):  55,   5, 104,  97, 106,  19,  99,  64, ---, ---, ---, ---, ---, ---, ---, ---, 
[2.855s][info][gc,stats    ]     CWR: VM Weak Roots               94 us, workers (us):  13,  13,  12,  12,  12,  11,  11,  10, ---, ---, ---, ---, ---, ---, ---, ---, 
[2.855s][info][gc,stats    ]     CWR: CLDG Roots                  10 us, workers (us):   2, ---, ---,   2,   2, ---,   2, ---, ---, ---, ---, ---, ---, ---, ---, ---, 
[2.855s][info][gc,stats    ]   Rendezvous                          5 us
[2.855s][info][gc,stats    ] Concurrent Cleanup                   40 us
[2.855s][info][gc,stats    ] Concurrent Class Unloading          258 us
[2.855s][info][gc,stats    ]   Unlink Stale                      244 us
[2.855s][info][gc,stats    ]     System Dictionary                 2 us
[2.855s][info][gc,stats    ]     Weak Class Links                  0 us
[2.855s][info][gc,stats    ]     Code Roots                      241 us
[2.855s][info][gc,stats    ]   Rendezvous                          6 us
[2.855s][info][gc,stats    ]   Purge Unlinked                      2 us
[2.855s][info][gc,stats    ]     Code Roots                        0 us
[2.855s][info][gc,stats    ]     CLDG                              1 us
[2.855s][info][gc,stats    ]     Exception Caches                  0 us
[2.855s][info][gc,stats    ] Pause Final Roots (G)                10 us
[2.855s][info][gc,stats    ] Pause Final Roots (N)                 4 us
[2.855s][info][gc,stats    ] Pacing                           285075 us
[2.855s][info][gc,stats    ] 
[2.855s][info][gc,stats    ] Allocation pacing accrued:
[2.855s][info][gc,stats    ]      36 of    39 ms ( 94.2%): pool-1-thread-1
[2.855s][info][gc,stats    ]      36 of    39 ms ( 94.4%): pool-1-thread-2
[2.855s][info][gc,stats    ]      36 of    39 ms ( 94.2%): pool-1-thread-3
[2.855s][info][gc,stats    ]      36 of    39 ms ( 94.2%): pool-1-thread-4
[2.855s][info][gc,stats    ]      36 of    39 ms ( 94.3%): pool-1-thread-5
[2.855s][info][gc,stats    ]      36 of    39 ms ( 94.1%): pool-1-thread-6
[2.855s][info][gc,stats    ]      36 of    39 ms ( 94.3%): pool-1-thread-7
[2.855s][info][gc,stats    ]      31 of    39 ms ( 80.2%): pool-1-thread-9
[2.855s][info][gc,stats    ]     285 of    39 ms (739.8%): <total>
[2.855s][info][gc,stats    ]      14 of    39 ms ( 37.0%): <average total>
[2.855s][info][gc,stats    ]      36 of    39 ms ( 92.5%): <average non-zero>
[2.855s][info][gc,stats    ] 
[2.855s][info][gc,metaspace] Metaspace: 10591K(10880K)->10591K(10880K) NonClass: 9360K(9536K)->9360K(9536K) Class: 1230K(1344K)->1230K(1344K)
[2.855s][info][gc,ergo     ] Pacer for Idle. Initial: 8192K, Alloc Tax Rate: 1.0x
[2.873s][info][gc          ] Trigger: Average GC time (22.23 ms) is above the time for average allocation rate (2282 MB/s) to deplete free headroom (37383K) (margin of error = 1.88)
[2.873s][info][gc,ergo     ] Free headroom: 57863K (free) - 20480K (spike) - 0B (penalties) = 37383K
[2.873s][info][gc,ergo     ] Free: 57344K, Max: 256K regular, 41728K humongous, Frag: 28% external, 0% internal; Reserve: 20480K, Max: 256K
[2.873s][info][gc,start    ] GC(61) Concurrent reset
[2.873s][info][gc,task     ] GC(61) Using 8 of 16 workers for concurrent reset
[2.873s][info][gc,ergo     ] GC(61) Pacer for Reset. Non-Taxable: 400M
[2.873s][info][gc          ] GC(61) Concurrent reset 0.182ms
[2.873s][info][gc,start    ] GC(61) Pause Init Mark (unload classes)
[2.873s][info][gc,task     ] GC(61) Using 16 of 16 workers for init marking
[2.873s][info][gc,ergo     ] GC(61) Pacer for Mark. Expected Live: 140M, Free: 57344K, Non-Taxable: 5734K, Alloc Tax Rate: 3.1x
[2.873s][info][gc          ] GC(61) Pause Init Mark (unload classes) 0.019ms
[2.873s][info][gc,start    ] GC(61) Concurrent marking roots
[2.873s][info][gc,task     ] GC(61) Using 8 of 16 workers for concurrent marking roots
[2.873s][info][gc          ] GC(61) Concurrent marking roots 0.061ms
[2.873s][info][gc,start    ] GC(61) Concurrent marking (unload classes)
[2.873s][info][gc,task     ] GC(61) Using 8 of 16 workers for concurrent marking
[2.889s][info][gc          ] GC(61) Concurrent marking (unload classes) 15.849ms
[2.889s][info][gc,start    ] GC(61) Pause Final Mark (unload classes)
[2.889s][info][gc,task     ] GC(61) Using 16 of 16 workers for final marking
[2.889s][info][gc,ergo     ] GC(61) Collectable Garbage: 217M (97%), Immediate: 217M (97%), CSet: 0B (0%)
[2.889s][info][gc          ] GC(61) Pause Final Mark (unload classes) 0.091ms
[2.889s][info][gc,start    ] GC(61) Concurrent weak references
[2.889s][info][gc,task     ] GC(61) Using 8 of 16 workers for concurrent weak references
[2.889s][info][gc,ref      ] GC(61) Encountered references: Soft: 167, Weak: 928, Final: 0, Phantom: 3
[2.889s][info][gc,ref      ] GC(61) Discovered  references: Soft: 0, Weak: 461, Final: 0, Phantom: 1
[2.889s][info][gc,ref      ] GC(61) Enqueued    references: Soft: 0, Weak: 0, Final: 0, Phantom: 0
[2.889s][info][gc          ] GC(61) Concurrent weak references 0.037ms
[2.889s][info][gc,start    ] GC(61) Concurrent weak roots
[2.889s][info][gc,task     ] GC(61) Using 8 of 16 workers for concurrent weak root
[2.889s][info][gc          ] GC(61) Concurrent weak roots 0.131ms
[2.889s][info][gc,start    ] GC(61) Concurrent cleanup
[2.889s][info][gc          ] GC(61) Concurrent cleanup 332M->115M(400M) 0.039ms
[2.889s][info][gc,ergo     ] GC(61) Free: 264M, Max: 256K regular, 61184K humongous, Frag: 78% external, 0% internal; Reserve: 20480K, Max: 256K
[2.889s][info][gc,start    ] GC(61) Concurrent class unloading
[2.889s][info][gc,task     ] GC(61) Using 8 of 16 workers for concurrent class unloading
[2.890s][info][gc          ] GC(61) Concurrent class unloading 0.287ms
[2.890s][info][gc,start    ] GC(61) Pause Final Roots
[2.890s][info][gc          ] GC(61) Pause Final Roots 0.003ms
[2.890s][info][gc,ergo     ] Free: 264M, Max: 256K regular, 61184K humongous, Frag: 78% external, 0% internal; Reserve: 20480K, Max: 256K
[2.890s][info][gc,stats    ] 
[2.890s][info][gc,stats    ] All times are wall-clock times, except per-root-class counters, that are sum over
[2.890s][info][gc,stats    ] all workers. Dividing the <total> over the root stage time estimates parallelism.
[2.890s][info][gc,stats    ] 
[2.890s][info][gc,stats    ] Concurrent Reset                    187 us
[2.890s][info][gc,stats    ] Pause Init Mark (G)                  42 us
[2.890s][info][gc,stats    ] Pause Init Mark (N)                  21 us
[2.890s][info][gc,stats    ]   Update Region States                5 us
[2.890s][info][gc,stats    ] Concurrent Mark Roots                64 us, parallelism: 2.60x
[2.890s][info][gc,stats    ]   CMR: <total>                      167 us
[2.890s][info][gc,stats    ]   CMR: Thread Roots                 123 us, workers (us):  16,  16,   0,  25,  19,  19,  16,  13, ---, ---, ---, ---, ---, ---, ---, ---, 
[2.890s][info][gc,stats    ]   CMR: VM Strong Roots                7 us, workers (us):   3,   2,   2,   0,   0,   0,   0,   0, ---, ---, ---, ---, ---, ---, ---, ---, 
[2.890s][info][gc,stats    ]   CMR: CLDG Roots                    36 us, workers (us):   2,   3,  28,   3, ---, ---, ---, ---, ---, ---, ---, ---, ---, ---, ---, ---, 
[2.890s][info][gc,stats    ] Concurrent Marking                15876 us
[2.890s][info][gc,stats    ] Pause Final Mark (G)                108 us
[2.890s][info][gc,stats    ] Pause Final Mark (N)                 94 us
[2.890s][info][gc,stats    ]   Finish Mark                        45 us
[2.890s][info][gc,stats    ]   Update Region States                8 us
[2.890s][info][gc,stats    ]   Choose Collection Set              16 us
[2.890s][info][gc,stats    ]   Rebuild Free Set                    6 us
[2.890s][info][gc,stats    ] Concurrent Weak References           39 us, parallelism: 0.62x
[2.890s][info][gc,stats    ]   CWRF: <total>                      24 us
[2.890s][info][gc,stats    ]   CWRF: Weak References              24 us, workers (us):  22,   1,   0,   0,   0,   0,   0,   0, ---, ---, ---, ---, ---, ---, ---, ---, 
[2.890s][info][gc,stats    ] Concurrent Weak Roots               133 us
[2.890s][info][gc,stats    ]   Roots                             122 us, parallelism: 4.48x
[2.890s][info][gc,stats    ]     CWR: <total>                    546 us
[2.890s][info][gc,stats    ]     CWR: Code Cache Roots           454 us, workers (us):  58,  71,  97,  92,  61,  65,   9,   1, ---, ---, ---, ---, ---, ---, ---, ---, 
[2.890s][info][gc,stats    ]     CWR: VM Weak Roots               81 us, workers (us):  12,  10,  10,  11,  10,   9,   9,   8, ---, ---, ---, ---, ---, ---, ---, ---, 
[2.890s][info][gc,stats    ]     CWR: CLDG Roots                  11 us, workers (us): ---,   3,   3, ---, ---, ---,   3,   3, ---, ---, ---, ---, ---, ---, ---, ---, 
[2.890s][info][gc,stats    ]   Rendezvous                          6 us
[2.890s][info][gc,stats    ] Concurrent Cleanup                   41 us
[2.890s][info][gc,stats    ] Concurrent Class Unloading          289 us
[2.890s][info][gc,stats    ]   Unlink Stale                      274 us
[2.890s][info][gc,stats    ]     System Dictionary                 2 us
[2.890s][info][gc,stats    ]     Weak Class Links                  0 us
[2.890s][info][gc,stats    ]     Code Roots                      271 us
[2.890s][info][gc,stats    ]   Rendezvous                          7 us
[2.890s][info][gc,stats    ]   Purge Unlinked                      2 us
[2.890s][info][gc,stats    ]     Code Roots                        0 us
[2.890s][info][gc,stats    ]     CLDG                              2 us
[2.890s][info][gc,stats    ]     Exception Caches                  0 us
[2.890s][info][gc,stats    ] Pause Final Roots (G)                 9 us
[2.890s][info][gc,stats    ] Pause Final Roots (N)                 4 us
[2.890s][info][gc,stats    ] Pacing                           235150 us
[2.890s][info][gc,stats    ] 
[2.890s][info][gc,stats    ] Allocation pacing accrued:
[2.890s][info][gc,stats    ]      36 of    35 ms (104.1%): pool-1-thread-1
[2.890s][info][gc,stats    ]      36 of    35 ms (104.2%): pool-1-thread-2
[2.890s][info][gc,stats    ]      36 of    35 ms (104.3%): pool-1-thread-3
[2.890s][info][gc,stats    ]      30 of    35 ms ( 86.1%): pool-1-thread-4
[2.890s][info][gc,stats    ]      30 of    35 ms ( 86.0%): pool-1-thread-5
[2.890s][info][gc,stats    ]      30 of    35 ms ( 86.0%): pool-1-thread-6
[2.890s][info][gc,stats    ]      36 of    35 ms (104.1%): pool-1-thread-7
[2.890s][info][gc,stats    ]     235 of    35 ms (674.8%): <total>
[2.890s][info][gc,stats    ]      12 of    35 ms ( 35.5%): <average total>
[2.890s][info][gc,stats    ]      34 of    35 ms ( 96.4%): <average non-zero>
[2.890s][info][gc,stats    ] 
[2.890s][info][gc,metaspace] Metaspace: 10591K(10880K)->10591K(10880K) NonClass: 9360K(9536K)->9360K(9536K) Class: 1230K(1344K)->1230K(1344K)
[2.890s][info][gc,ergo     ] Pacer for Idle. Initial: 8192K, Alloc Tax Rate: 1.0x
[2.956s][info][gc          ] Trigger: Average GC time (22.00 ms) is above the time for average allocation rate (2276 MB/s) to deplete free headroom (41563K) (margin of error = 1.86)
[2.956s][info][gc,ergo     ] Free headroom: 62043K (free) - 20480K (spike) - 0B (penalties) = 41563K
[2.956s][info][gc,ergo     ] Free: 60461K, Max: 256K regular, 48384K humongous, Frag: 20% external, 0% internal; Reserve: 20480K, Max: 256K
[2.956s][info][gc,start    ] GC(62) Concurrent reset
[2.956s][info][gc,task     ] GC(62) Using 8 of 16 workers for concurrent reset
[2.956s][info][gc,ergo     ] GC(62) Pacer for Reset. Non-Taxable: 400M
[2.956s][info][gc          ] GC(62) Concurrent reset 0.204ms
[2.956s][info][gc,start    ] GC(62) Pause Init Mark (unload classes)
[2.956s][info][gc,task     ] GC(62) Using 16 of 16 workers for init marking
[2.956s][info][gc,ergo     ] GC(62) Pacer for Mark. Expected Live: 131M, Free: 60461K, Non-Taxable: 6046K, Alloc Tax Rate: 2.7x
[2.956s][info][gc          ] GC(62) Pause Init Mark (unload classes) 0.027ms
[2.956s][info][gc,start    ] GC(62) Concurrent marking roots
[2.956s][info][gc,task     ] GC(62) Using 8 of 16 workers for concurrent marking roots
[2.957s][info][gc          ] GC(62) Concurrent marking roots 0.111ms
[2.957s][info][gc,start    ] GC(62) Concurrent marking (unload classes)
[2.957s][info][gc,task     ] GC(62) Using 8 of 16 workers for concurrent marking
[2.972s][info][gc          ] GC(62) Concurrent marking (unload classes) 15.266ms
[2.972s][info][gc,start    ] GC(62) Pause Final Mark (unload classes)
[2.972s][info][gc,task     ] GC(62) Using 16 of 16 workers for final marking
[2.972s][info][gc,ergo     ] GC(62) Collectable Garbage: 214M (97%), Immediate: 214M (97%), CSet: 0B (0%)
[2.972s][info][gc          ] GC(62) Pause Final Mark (unload classes) 0.090ms
[2.972s][info][gc,start    ] GC(62) Concurrent weak references
[2.972s][info][gc,task     ] GC(62) Using 8 of 16 workers for concurrent weak references
[2.972s][info][gc,ref      ] GC(62) Encountered references: Soft: 167, Weak: 928, Final: 0, Phantom: 3
[2.972s][info][gc,ref      ] GC(62) Discovered  references: Soft: 0, Weak: 478, Final: 0, Phantom: 1
[2.972s][info][gc,ref      ] GC(62) Enqueued    references: Soft: 0, Weak: 0, Final: 0, Phantom: 0
[2.972s][info][gc          ] GC(62) Concurrent weak references 0.045ms
[2.972s][info][gc,start    ] GC(62) Concurrent weak roots
[2.972s][info][gc,task     ] GC(62) Using 8 of 16 workers for concurrent weak root
[2.972s][info][gc          ] GC(62) Concurrent weak roots 0.155ms
[2.972s][info][gc,start    ] GC(62) Concurrent cleanup
[2.972s][info][gc          ] GC(62) Concurrent cleanup 328M->114M(400M) 0.073ms
[2.972s][info][gc,ergo     ] GC(62) Free: 266M, Max: 256K regular, 92416K humongous, Frag: 67% external, 0% internal; Reserve: 20480K, Max: 256K
[2.972s][info][gc,start    ] GC(62) Concurrent class unloading
[2.972s][info][gc,task     ] GC(62) Using 8 of 16 workers for concurrent class unloading
[2.973s][info][gc          ] GC(62) Concurrent class unloading 0.278ms
[2.973s][info][gc,start    ] GC(62) Pause Final Roots
[2.973s][info][gc          ] GC(62) Pause Final Roots 0.003ms
[2.973s][info][gc,ergo     ] Free: 266M, Max: 256K regular, 92416K humongous, Frag: 67% external, 0% internal; Reserve: 20480K, Max: 256K
[2.973s][info][gc,stats    ] 
[2.973s][info][gc,stats    ] All times are wall-clock times, except per-root-class counters, that are sum over
[2.973s][info][gc,stats    ] all workers. Dividing the <total> over the root stage time estimates parallelism.
[2.973s][info][gc,stats    ] 
[2.973s][info][gc,stats    ] Concurrent Reset                    207 us
[2.973s][info][gc,stats    ] Pause Init Mark (G)                  71 us
[2.973s][info][gc,stats    ] Pause Init Mark (N)                  31 us
[2.973s][info][gc,stats    ]   Update Region States                5 us
[2.973s][info][gc,stats    ] Concurrent Mark Roots               115 us, parallelism: 1.16x
[2.973s][info][gc,stats    ]   CMR: <total>                      133 us
[2.973s][info][gc,stats    ]   CMR: Thread Roots                 100 us, workers (us):   0,  13,  13,  15,  14,  17,  17,   9, ---, ---, ---, ---, ---, ---, ---, ---, 
[2.973s][info][gc,stats    ]   CMR: VM Strong Roots                5 us, workers (us):   2,   1,   1,   0,   0,   0,   0,   0, ---, ---, ---, ---, ---, ---, ---, ---, 
[2.973s][info][gc,stats    ]   CMR: CLDG Roots                    28 us, workers (us):  22,   2,   2,   2, ---, ---, ---, ---, ---, ---, ---, ---, ---, ---, ---, ---, 
[2.973s][info][gc,stats    ] Concurrent Marking                15276 us
[2.973s][info][gc,stats    ] Pause Final Mark (G)                110 us
[2.973s][info][gc,stats    ] Pause Final Mark (N)                 93 us
[2.973s][info][gc,stats    ]   Finish Mark                        46 us
[2.973s][info][gc,stats    ]   Update Region States                6 us
[2.973s][info][gc,stats    ]   Choose Collection Set              17 us
[2.973s][info][gc,stats    ]   Rebuild Free Set                    6 us
[2.973s][info][gc,stats    ] Concurrent Weak References           47 us, parallelism: 0.54x
[2.973s][info][gc,stats    ]   CWRF: <total>                      25 us
[2.973s][info][gc,stats    ]   CWRF: Weak References              25 us, workers (us):  23,   2,   0,   0,   0,   0,   0,   0, ---, ---, ---, ---, ---, ---, ---, ---, 
[2.973s][info][gc,stats    ] Concurrent Weak Roots               159 us
[2.973s][info][gc,stats    ]   Roots                             138 us, parallelism: 4.40x
[2.973s][info][gc,stats    ]     CWR: <total>                    605 us
[2.973s][info][gc,stats    ]     CWR: Code Cache Roots           501 us, workers (us):  53,  77,  67,  26,  63, 105,  97,  14, ---, ---, ---, ---, ---, ---, ---, ---, 
[2.973s][info][gc,stats    ]     CWR: VM Weak Roots               92 us, workers (us):  13,  13,  13,  13,  12,  11,  11,   7, ---, ---, ---, ---, ---, ---, ---, ---, 
[2.973s][info][gc,stats    ]     CWR: CLDG Roots                  12 us, workers (us):   3, ---, ---, ---,   3,   3,   3, ---, ---, ---, ---, ---, ---, ---, ---, ---, 
[2.973s][info][gc,stats    ]   Rendezvous                         13 us
[2.973s][info][gc,stats    ] Concurrent Cleanup                   78 us
[2.973s][info][gc,stats    ] Concurrent Class Unloading          281 us
[2.973s][info][gc,stats    ]   Unlink Stale                      264 us
[2.973s][info][gc,stats    ]     System Dictionary                 2 us
[2.973s][info][gc,stats    ]     Weak Class Links                  0 us
[2.973s][info][gc,stats    ]     Code Roots                      261 us
[2.973s][info][gc,stats    ]   Rendezvous                          6 us
[2.973s][info][gc,stats    ]   Purge Unlinked                      2 us
[2.973s][info][gc,stats    ]     Code Roots                        0 us
[2.973s][info][gc,stats    ]     CLDG                              2 us
[2.973s][info][gc,stats    ]     Exception Caches                  0 us
[2.973s][info][gc,stats    ] Pause Final Roots (G)                 9 us
[2.973s][info][gc,stats    ] Pause Final Roots (N)                 4 us
[2.973s][info][gc,stats    ] Pacing                           504813 us
[2.973s][info][gc,stats    ] 
[2.973s][info][gc,stats    ] Allocation pacing accrued:
[2.973s][info][gc,stats    ]      73 of    83 ms ( 88.5%): pool-1-thread-1
[2.973s][info][gc,stats    ]      72 of    83 ms ( 87.4%): pool-1-thread-2
[2.973s][info][gc,stats    ]      72 of    83 ms ( 87.4%): pool-1-thread-3
[2.973s][info][gc,stats    ]      72 of    83 ms ( 87.4%): pool-1-thread-4
[2.973s][info][gc,stats    ]      73 of    83 ms ( 88.6%): pool-1-thread-5
[2.973s][info][gc,stats    ]      70 of    83 ms ( 85.0%): pool-1-thread-6
[2.973s][info][gc,stats    ]      70 of    83 ms ( 84.8%): pool-1-thread-7
[2.973s][info][gc,stats    ]     505 of    83 ms (609.1%): <total>
[2.973s][info][gc,stats    ]      27 of    83 ms ( 32.1%): <average total>
[2.973s][info][gc,stats    ]      72 of    83 ms ( 87.0%): <average non-zero>
[2.973s][info][gc,stats    ] 
[2.973s][info][gc,metaspace] Metaspace: 10591K(10880K)->10591K(10880K) NonClass: 9360K(9536K)->9360K(9536K) Class: 1230K(1344K)->1230K(1344K)
[2.973s][info][gc,ergo     ] Pacer for Idle. Initial: 8192K, Alloc Tax Rate: 1.0x
[3.047s][info][gc          ] Trigger: Average GC time (20.59 ms) is above the time for average allocation rate (2271 MB/s) to deplete free headroom (36096K) (margin of error = 1.85)
[3.047s][info][gc,ergo     ] Free headroom: 56576K (free) - 20480K (spike) - 0B (penalties) = 36096K
[3.047s][info][gc,ergo     ] Free: 56576K, Max: 256K regular, 48384K humongous, Frag: 15% external, 0% internal; Reserve: 20480K, Max: 256K
[3.047s][info][gc,start    ] GC(63) Concurrent reset
[3.047s][info][gc,task     ] GC(63) Using 8 of 16 workers for concurrent reset
[3.047s][info][gc,ergo     ] GC(63) Pacer for Reset. Non-Taxable: 400M
[3.047s][info][gc          ] GC(63) Concurrent reset 0.106ms
[3.047s][info][gc,start    ] GC(63) Pause Init Mark (unload classes)
[3.047s][info][gc,task     ] GC(63) Using 16 of 16 workers for init marking
[3.047s][info][gc,ergo     ] GC(63) Pacer for Mark. Expected Live: 124M, Free: 56576K, Non-Taxable: 5657K, Alloc Tax Rate: 2.8x
[3.047s][info][gc          ] GC(63) Pause Init Mark (unload classes) 0.017ms
[3.047s][info][gc,start    ] GC(63) Concurrent marking roots
[3.047s][info][gc,task     ] GC(63) Using 8 of 16 workers for concurrent marking roots
[3.047s][info][gc          ] GC(63) Concurrent marking roots 0.045ms
[3.047s][info][gc,start    ] GC(63) Concurrent marking (unload classes)
[3.047s][info][gc,task     ] GC(63) Using 8 of 16 workers for concurrent marking
[3.063s][info][gc          ] GC(63) Concurrent marking (unload classes) 15.659ms
[3.063s][info][gc,start    ] GC(63) Pause Final Mark (unload classes)
[3.063s][info][gc,task     ] GC(63) Using 16 of 16 workers for final marking
[3.063s][info][gc,ergo     ] GC(63) Collectable Garbage: 218M (97%), Immediate: 218M (97%), CSet: 0B (0%)
[3.063s][info][gc          ] GC(63) Pause Final Mark (unload classes) 0.074ms
[3.063s][info][gc,start    ] GC(63) Concurrent weak references
[3.063s][info][gc,task     ] GC(63) Using 8 of 16 workers for concurrent weak references
[3.063s][info][gc,ref      ] GC(63) Encountered references: Soft: 167, Weak: 928, Final: 0, Phantom: 3
[3.063s][info][gc,ref      ] GC(63) Discovered  references: Soft: 0, Weak: 484, Final: 0, Phantom: 1
[3.063s][info][gc,ref      ] GC(63) Enqueued    references: Soft: 0, Weak: 0, Final: 0, Phantom: 0
[3.063s][info][gc          ] GC(63) Concurrent weak references 0.037ms
[3.063s][info][gc,start    ] GC(63) Concurrent weak roots
[3.063s][info][gc,task     ] GC(63) Using 8 of 16 workers for concurrent weak root
[3.063s][info][gc          ] GC(63) Concurrent weak roots 0.144ms
[3.063s][info][gc,start    ] GC(63) Concurrent cleanup
[3.063s][info][gc          ] GC(63) Concurrent cleanup 332M->113M(400M) 0.037ms
[3.063s][info][gc,ergo     ] GC(63) Free: 266M, Max: 256K regular, 92416K humongous, Frag: 67% external, 0% internal; Reserve: 20480K, Max: 256K
[3.063s][info][gc,start    ] GC(63) Concurrent class unloading
[3.063s][info][gc,task     ] GC(63) Using 8 of 16 workers for concurrent class unloading
[3.064s][info][gc          ] GC(63) Concurrent class unloading 0.273ms
[3.064s][info][gc,start    ] GC(63) Pause Final Roots
[3.064s][info][gc          ] GC(63) Pause Final Roots 0.002ms
[3.064s][info][gc,ergo     ] Free: 266M, Max: 256K regular, 92416K humongous, Frag: 67% external, 0% internal; Reserve: 20480K, Max: 256K
[3.064s][info][gc,stats    ] 
[3.064s][info][gc,stats    ] All times are wall-clock times, except per-root-class counters, that are sum over
[3.064s][info][gc,stats    ] all workers. Dividing the <total> over the root stage time estimates parallelism.
[3.064s][info][gc,stats    ] 
[3.064s][info][gc,stats    ] Concurrent Reset                    109 us
[3.064s][info][gc,stats    ] Pause Init Mark (G)                  33 us
[3.064s][info][gc,stats    ] Pause Init Mark (N)                  18 us
[3.064s][info][gc,stats    ]   Update Region States                3 us
[3.064s][info][gc,stats    ] Concurrent Mark Roots                48 us, parallelism: 2.77x
[3.064s][info][gc,stats    ]   CMR: <total>                      132 us
[3.064s][info][gc,stats    ]   CMR: Thread Roots                  98 us, workers (us):  14,  15,  14,  22,   0,  16,   9,   9, ---, ---, ---, ---, ---, ---, ---, ---, 
[3.064s][info][gc,stats    ]   CMR: VM Strong Roots                7 us, workers (us):   2,   2,   1,   0,   0,   0,   0,   0, ---, ---, ---, ---, ---, ---, ---, ---, 
[3.064s][info][gc,stats    ]   CMR: CLDG Roots                    28 us, workers (us):   2, ---,   2,   2,  23, ---, ---, ---, ---, ---, ---, ---, ---, ---, ---, ---, 
[3.064s][info][gc,stats    ] Concurrent Marking                15670 us
[3.064s][info][gc,stats    ] Pause Final Mark (G)                 87 us
[3.064s][info][gc,stats    ] Pause Final Mark (N)                 76 us
[3.064s][info][gc,stats    ]   Finish Mark                        48 us
[3.064s][info][gc,stats    ]   Update Region States                5 us
[3.064s][info][gc,stats    ]   Choose Collection Set               9 us
[3.064s][info][gc,stats    ]   Rebuild Free Set                    3 us
[3.064s][info][gc,stats    ] Concurrent Weak References           38 us, parallelism: 0.64x
[3.064s][info][gc,stats    ]   CWRF: <total>                      25 us
[3.064s][info][gc,stats    ]   CWRF: Weak References              25 us, workers (us):  24,   0,   0,   0,   0,   0,   0,   0, ---, ---, ---, ---, ---, ---, ---, ---, 
[3.064s][info][gc,stats    ] Concurrent Weak Roots               145 us
[3.064s][info][gc,stats    ]   Roots                             135 us, parallelism: 4.33x
[3.064s][info][gc,stats    ]     CWR: <total>                    585 us
[3.064s][info][gc,stats    ]     CWR: Code Cache Roots           477 us, workers (us):  97,  58,  57, 108,   6,  18,  59,  75, ---, ---, ---, ---, ---, ---, ---, ---, 
[3.064s][info][gc,stats    ]     CWR: VM Weak Roots               97 us, workers (us):  13,  14,  13,  12,  12,  12,  11,  11, ---, ---, ---, ---, ---, ---, ---, ---, 
[3.064s][info][gc,stats    ]     CWR: CLDG Roots                  11 us, workers (us):   3, ---,   3, ---, ---, ---,   3,   3, ---, ---, ---, ---, ---, ---, ---, ---, 
[3.064s][info][gc,stats    ]   Rendezvous                          6 us
[3.064s][info][gc,stats    ] Concurrent Cleanup                   39 us
[3.064s][info][gc,stats    ] Concurrent Class Unloading          275 us
[3.064s][info][gc,stats    ]   Unlink Stale                      261 us
[3.064s][info][gc,stats    ]     System Dictionary                 2 us
[3.064s][info][gc,stats    ]     Weak Class Links                  0 us
[3.064s][info][gc,stats    ]     Code Roots                      258 us
[3.064s][info][gc,stats    ]   Rendezvous                          6 us
[3.064s][info][gc,stats    ]   Purge Unlinked                      2 us
[3.064s][info][gc,stats    ]     Code Roots                        0 us
[3.064s][info][gc,stats    ]     CLDG                              2 us
[3.064s][info][gc,stats    ]     Exception Caches                  0 us
[3.064s][info][gc,stats    ] Pause Final Roots (G)                 9 us
[3.064s][info][gc,stats    ] Pause Final Roots (N)                 3 us
[3.064s][info][gc,stats    ] Pacing                           578147 us
[3.064s][info][gc,stats    ] 
[3.064s][info][gc,stats    ] Allocation pacing accrued:
[3.064s][info][gc,stats    ]      83 of    91 ms ( 90.5%): pool-1-thread-1
[3.064s][info][gc,stats    ]      83 of    91 ms ( 91.3%): pool-1-thread-2
[3.064s][info][gc,stats    ]      83 of    91 ms ( 90.5%): pool-1-thread-3
[3.064s][info][gc,stats    ]      82 of    91 ms ( 90.4%): pool-1-thread-4
[3.064s][info][gc,stats    ]      82 of    91 ms ( 90.4%): pool-1-thread-5
[3.064s][info][gc,stats    ]      82 of    91 ms ( 90.3%): pool-1-thread-6
[3.064s][info][gc,stats    ]      83 of    91 ms ( 90.5%): pool-1-thread-7
[3.064s][info][gc,stats    ]     578 of    91 ms (634.0%): <total>
[3.064s][info][gc,stats    ]      30 of    91 ms ( 33.4%): <average total>
[3.064s][info][gc,stats    ]      83 of    91 ms ( 90.6%): <average non-zero>
[3.064s][info][gc,stats    ] 
[3.064s][info][gc,metaspace] Metaspace: 10591K(10880K)->10591K(10880K) NonClass: 9360K(9536K)->9360K(9536K) Class: 1230K(1344K)->1230K(1344K)
[3.064s][info][gc,ergo     ] Pacer for Idle. Initial: 8192K, Alloc Tax Rate: 1.0x
[3.139s][info][gc          ] Trigger: Average GC time (19.34 ms) is above the time for average allocation rate (2266 MB/s) to deplete free headroom (40704K) (margin of error = 1.83)
[3.139s][info][gc,ergo     ] Free headroom: 61184K (free) - 20480K (spike) - 0B (penalties) = 40704K
[3.139s][info][gc,ergo     ] Free: 61184K, Max: 256K regular, 48384K humongous, Frag: 21% external, 0% internal; Reserve: 20480K, Max: 256K
[3.139s][info][gc,start    ] GC(64) Concurrent reset
[3.139s][info][gc,task     ] GC(64) Using 8 of 16 workers for concurrent reset
[3.139s][info][gc,ergo     ] GC(64) Pacer for Reset. Non-Taxable: 400M
[3.140s][info][gc          ] GC(64) Concurrent reset 0.109ms
[3.140s][info][gc,start    ] GC(64) Pause Init Mark (unload classes)
[3.140s][info][gc,task     ] GC(64) Using 16 of 16 workers for init marking
[3.140s][info][gc,ergo     ] GC(64) Pacer for Mark. Expected Live: 115M, Free: 61184K, Non-Taxable: 6118K, Alloc Tax Rate: 2.4x
[3.140s][info][gc          ] GC(64) Pause Init Mark (unload classes) 0.018ms
[3.140s][info][gc,start    ] GC(64) Concurrent marking roots
[3.140s][info][gc,task     ] GC(64) Using 8 of 16 workers for concurrent marking roots
[3.140s][info][gc          ] GC(64) Concurrent marking roots 0.057ms
[3.140s][info][gc,start    ] GC(64) Concurrent marking (unload classes)
[3.140s][info][gc,task     ] GC(64) Using 8 of 16 workers for concurrent marking
[3.154s][info][gc          ] GC(64) Concurrent marking (unload classes) 14.535ms
[3.154s][info][gc,start    ] GC(64) Pause Final Mark (unload classes)
[3.154s][info][gc,task     ] GC(64) Using 16 of 16 workers for final marking
[3.154s][info][gc,ergo     ] GC(64) Collectable Garbage: 214M (97%), Immediate: 214M (97%), CSet: 0B (0%)
[3.154s][info][gc          ] GC(64) Pause Final Mark (unload classes) 0.073ms
[3.154s][info][gc,start    ] GC(64) Concurrent weak references
[3.154s][info][gc,task     ] GC(64) Using 8 of 16 workers for concurrent weak references
[3.154s][info][gc,ref      ] GC(64) Encountered references: Soft: 167, Weak: 928, Final: 0, Phantom: 3
[3.154s][info][gc,ref      ] GC(64) Discovered  references: Soft: 0, Weak: 479, Final: 0, Phantom: 3
[3.154s][info][gc,ref      ] GC(64) Enqueued    references: Soft: 0, Weak: 0, Final: 0, Phantom: 0
[3.154s][info][gc          ] GC(64) Concurrent weak references 0.038ms
[3.154s][info][gc,start    ] GC(64) Concurrent weak roots
[3.154s][info][gc,task     ] GC(64) Using 8 of 16 workers for concurrent weak root
[3.154s][info][gc          ] GC(64) Concurrent weak roots 0.113ms
[3.154s][info][gc,start    ] GC(64) Concurrent cleanup
[3.155s][info][gc          ] GC(64) Concurrent cleanup 327M->113M(400M) 0.037ms
[3.155s][info][gc,ergo     ] GC(64) Free: 266M, Max: 256K regular, 92416K humongous, Frag: 67% external, 0% internal; Reserve: 20480K, Max: 256K
[3.155s][info][gc,start    ] GC(64) Concurrent class unloading
[3.155s][info][gc,task     ] GC(64) Using 8 of 16 workers for concurrent class unloading
[3.155s][info][gc          ] GC(64) Concurrent class unloading 0.274ms
[3.155s][info][gc,start    ] GC(64) Pause Final Roots
[3.155s][info][gc          ] GC(64) Pause Final Roots 0.002ms
[3.155s][info][gc,ergo     ] Free: 266M, Max: 256K regular, 92416K humongous, Frag: 67% external, 0% internal; Reserve: 20480K, Max: 256K
[3.155s][info][gc,stats    ] 
[3.155s][info][gc,stats    ] All times are wall-clock times, except per-root-class counters, that are sum over
[3.155s][info][gc,stats    ] all workers. Dividing the <total> over the root stage time estimates parallelism.
[3.155s][info][gc,stats    ] 
[3.155s][info][gc,stats    ] Concurrent Reset                    111 us
[3.155s][info][gc,stats    ] Pause Init Mark (G)                  33 us
[3.155s][info][gc,stats    ] Pause Init Mark (N)                  20 us
[3.155s][info][gc,stats    ]   Update Region States                4 us
[3.155s][info][gc,stats    ] Concurrent Mark Roots                59 us, parallelism: 2.65x
[3.155s][info][gc,stats    ]   CMR: <total>                      157 us
[3.155s][info][gc,stats    ]   CMR: Thread Roots                 112 us, workers (us):  21,  20,   0,  17,  19,  15,  10,  10, ---, ---, ---, ---, ---, ---, ---, ---, 
[3.155s][info][gc,stats    ]   CMR: VM Strong Roots                6 us, workers (us):   2,   1,   1,   0,   0,   0,   0,   0, ---, ---, ---, ---, ---, ---, ---, ---, 
[3.155s][info][gc,stats    ]   CMR: CLDG Roots                    39 us, workers (us):   2,   2,  33,   3, ---, ---, ---, ---, ---, ---, ---, ---, ---, ---, ---, ---, 
[3.155s][info][gc,stats    ] Concurrent Marking                14551 us
[3.155s][info][gc,stats    ] Pause Final Mark (G)                 87 us
[3.155s][info][gc,stats    ] Pause Final Mark (N)                 76 us
[3.155s][info][gc,stats    ]   Finish Mark                        45 us
[3.155s][info][gc,stats    ]   Update Region States                5 us
[3.155s][info][gc,stats    ]   Choose Collection Set              11 us
[3.155s][info][gc,stats    ]   Rebuild Free Set                    3 us
[3.155s][info][gc,stats    ] Concurrent Weak References           39 us, parallelism: 0.68x
[3.155s][info][gc,stats    ]   CWRF: <total>                      27 us
[3.155s][info][gc,stats    ]   CWRF: Weak References              27 us, workers (us):  25,   1,   0,   0,   0,   0,   0,   0, ---, ---, ---, ---, ---, ---, ---, ---, 
[3.155s][info][gc,stats    ] Concurrent Weak Roots               115 us
[3.155s][info][gc,stats    ]   Roots                             105 us, parallelism: 4.78x
[3.155s][info][gc,stats    ]     CWR: <total>                    503 us
[3.155s][info][gc,stats    ]     CWR: Code Cache Roots           404 us, workers (us):   6,  61,  13,  58,  69,  61,  66,  71, ---, ---, ---, ---, ---, ---, ---, ---, 
[3.155s][info][gc,stats    ]     CWR: VM Weak Roots               85 us, workers (us):  12,  11,  11,  11,  11,  10,   9,   8, ---, ---, ---, ---, ---, ---, ---, ---, 
[3.155s][info][gc,stats    ]     CWR: CLDG Roots                  14 us, workers (us): ---, ---,   4, ---, ---,   3,   4,   4, ---, ---, ---, ---, ---, ---, ---, ---, 
[3.155s][info][gc,stats    ]   Rendezvous                          5 us
[3.155s][info][gc,stats    ] Concurrent Cleanup                   39 us
[3.155s][info][gc,stats    ] Concurrent Class Unloading          275 us
[3.155s][info][gc,stats    ]   Unlink Stale                      260 us
[3.155s][info][gc,stats    ]     System Dictionary                 2 us
[3.155s][info][gc,stats    ]     Weak Class Links                  0 us
[3.155s][info][gc,stats    ]     Code Roots                      257 us
[3.155s][info][gc,stats    ]   Rendezvous                          7 us
[3.155s][info][gc,stats    ]   Purge Unlinked                      2 us
[3.155s][info][gc,stats    ]     Code Roots                        0 us
[3.155s][info][gc,stats    ]     CLDG                              2 us
[3.155s][info][gc,stats    ]     Exception Caches                  0 us
[3.155s][info][gc,stats    ] Pause Final Roots (G)                 9 us
[3.155s][info][gc,stats    ] Pause Final Roots (N)                 3 us
[3.155s][info][gc,stats    ] Pacing                           581620 us
[3.155s][info][gc,stats    ] 
[3.155s][info][gc,stats    ] Allocation pacing accrued:
[3.155s][info][gc,stats    ]      84 of    91 ms ( 92.1%): pool-1-thread-1
[3.155s][info][gc,stats    ]      84 of    91 ms ( 91.9%): pool-1-thread-2
[3.155s][info][gc,stats    ]      84 of    91 ms ( 91.9%): pool-1-thread-3
[3.155s][info][gc,stats    ]      84 of    91 ms ( 91.9%): pool-1-thread-4
[3.155s][info][gc,stats    ]      84 of    91 ms ( 91.8%): pool-1-thread-5
[3.155s][info][gc,stats    ]      82 of    91 ms ( 89.6%): pool-1-thread-6
[3.155s][info][gc,stats    ]      82 of    91 ms ( 89.6%): pool-1-thread-7
[3.155s][info][gc,stats    ]     582 of    91 ms (638.7%): <total>
[3.155s][info][gc,stats    ]      31 of    91 ms ( 33.6%): <average total>
[3.155s][info][gc,stats    ]      83 of    91 ms ( 91.2%): <average non-zero>
[3.155s][info][gc,stats    ] 
[3.155s][info][gc,metaspace] Metaspace: 10591K(10880K)->10591K(10880K) NonClass: 9360K(9536K)->9360K(9536K) Class: 1230K(1344K)->1230K(1344K)
[3.155s][info][gc,ergo     ] Pacer for Idle. Initial: 8192K, Alloc Tax Rate: 1.0x
[3.198s][info][gc          ] Trigger: Average GC time (18.38 ms) is above the time for average allocation rate (2261 MB/s) to deplete free headroom (26112K) (margin of error = 1.82)
[3.198s][info][gc,ergo     ] Free headroom: 46592K (free) - 20480K (spike) - 0B (penalties) = 26112K
[3.198s][info][gc,ergo     ] Free: 46592K, Max: 256K regular, 46592K humongous, Frag: 0% external, 0% internal; Reserve: 20480K, Max: 256K
[3.198s][info][gc,start    ] GC(65) Concurrent reset
[3.198s][info][gc,task     ] GC(65) Using 8 of 16 workers for concurrent reset
[3.198s][info][gc,ergo     ] GC(65) Pacer for Reset. Non-Taxable: 400M
[3.198s][info][gc          ] GC(65) Concurrent reset 0.128ms
[3.198s][info][gc,start    ] GC(65) Pause Init Mark (unload classes)
[3.198s][info][gc,task     ] GC(65) Using 16 of 16 workers for init marking
[3.198s][info][gc,ergo     ] GC(65) Pacer for Mark. Expected Live: 106M, Free: 46592K, Non-Taxable: 4659K, Alloc Tax Rate: 2.9x
[3.198s][info][gc          ] GC(65) Pause Init Mark (unload classes) 0.025ms
[3.198s][info][gc,start    ] GC(65) Concurrent marking roots
[3.198s][info][gc,task     ] GC(65) Using 8 of 16 workers for concurrent marking roots
[3.198s][info][gc          ] GC(65) Concurrent marking roots 0.136ms
[3.198s][info][gc,start    ] GC(65) Concurrent marking (unload classes)
[3.198s][info][gc,task     ] GC(65) Using 8 of 16 workers for concurrent marking
[3.213s][info][gc          ] GC(65) Concurrent marking (unload classes) 14.505ms
[3.213s][info][gc,start    ] GC(65) Pause Final Mark (unload classes)
[3.213s][info][gc,task     ] GC(65) Using 16 of 16 workers for final marking
[3.213s][info][gc,ergo     ] GC(65) Collectable Garbage: 229M (97%), Immediate: 229M (97%), CSet: 0B (0%)
[3.213s][info][gc          ] GC(65) Pause Final Mark (unload classes) 0.150ms
[3.213s][info][gc,start    ] GC(65) Concurrent weak references
[3.213s][info][gc,task     ] GC(65) Using 8 of 16 workers for concurrent weak references
[3.213s][info][gc,ref      ] GC(65) Encountered references: Soft: 167, Weak: 928, Final: 0, Phantom: 3
[3.213s][info][gc,ref      ] GC(65) Discovered  references: Soft: 0, Weak: 596, Final: 0, Phantom: 2
[3.213s][info][gc,ref      ] GC(65) Enqueued    references: Soft: 0, Weak: 0, Final: 0, Phantom: 0
[3.213s][info][gc          ] GC(65) Concurrent weak references 0.054ms
[3.213s][info][gc,start    ] GC(65) Concurrent weak roots
[3.213s][info][gc,task     ] GC(65) Using 8 of 16 workers for concurrent weak root
[3.213s][info][gc          ] GC(65) Concurrent weak roots 0.176ms
[3.213s][info][gc,start    ] GC(65) Concurrent cleanup
[3.213s][info][gc          ] GC(65) Concurrent cleanup 340M->111M(400M) 0.092ms
[3.213s][info][gc,ergo     ] GC(65) Free: 269M, Max: 256K regular, 92416K humongous, Frag: 67% external, 0% internal; Reserve: 20480K, Max: 256K
[3.213s][info][gc,start    ] GC(65) Concurrent class unloading
[3.213s][info][gc,task     ] GC(65) Using 8 of 16 workers for concurrent class unloading
[3.214s][info][gc          ] GC(65) Concurrent class unloading 0.336ms
[3.214s][info][gc,start    ] GC(65) Pause Final Roots
[3.214s][info][gc          ] GC(65) Pause Final Roots 0.011ms
[3.214s][info][gc,ergo     ] Free: 269M, Max: 256K regular, 92416K humongous, Frag: 67% external, 0% internal; Reserve: 20480K, Max: 256K
[3.214s][info][gc,stats    ] 
[3.214s][info][gc,stats    ] All times are wall-clock times, except per-root-class counters, that are sum over
[3.214s][info][gc,stats    ] all workers. Dividing the <total> over the root stage time estimates parallelism.
[3.214s][info][gc,stats    ] 
[3.214s][info][gc,stats    ] Concurrent Reset                    131 us
[3.214s][info][gc,stats    ] Pause Init Mark (G)                  60 us
[3.214s][info][gc,stats    ] Pause Init Mark (N)                  27 us
[3.214s][info][gc,stats    ]   Update Region States                3 us
[3.214s][info][gc,stats    ] Concurrent Mark Roots               138 us, parallelism: 1.24x
[3.214s][info][gc,stats    ]   CMR: <total>                      172 us
[3.214s][info][gc,stats    ]   CMR: Thread Roots                 133 us, workers (us):   0,  20,  26,  33,  13,  14,  13,  15, ---, ---, ---, ---, ---, ---, ---, ---, 
[3.214s][info][gc,stats    ]   CMR: VM Strong Roots                6 us, workers (us):   3,   1,   0,   0,   0,   0,   0,   0, ---, ---, ---, ---, ---, ---, ---, ---, 
[3.214s][info][gc,stats    ]   CMR: CLDG Roots                    33 us, workers (us):  31,   2, ---, ---, ---, ---, ---, ---, ---, ---, ---, ---, ---, ---, ---, ---, 
[3.214s][info][gc,stats    ] Concurrent Marking                14519 us
[3.214s][info][gc,stats    ] Pause Final Mark (G)                180 us
[3.214s][info][gc,stats    ] Pause Final Mark (N)                159 us
[3.214s][info][gc,stats    ]   Finish Mark                        55 us
[3.214s][info][gc,stats    ]   Update Region States               26 us
[3.214s][info][gc,stats    ]   Choose Collection Set              48 us
[3.214s][info][gc,stats    ]   Rebuild Free Set                    6 us
[3.214s][info][gc,stats    ] Concurrent Weak References           57 us, parallelism: 0.55x
[3.214s][info][gc,stats    ]   CWRF: <total>                      31 us
[3.214s][info][gc,stats    ]   CWRF: Weak References              31 us, workers (us):  29,   2,   0,   0,   0,   0,   0,   0, ---, ---, ---, ---, ---, ---, ---, ---, 
[3.214s][info][gc,stats    ] Concurrent Weak Roots               179 us
[3.214s][info][gc,stats    ]   Roots                             132 us, parallelism: 4.25x
[3.214s][info][gc,stats    ]     CWR: <total>                    561 us
[3.214s][info][gc,stats    ]     CWR: Code Cache Roots           463 us, workers (us):  57,  96,  54,  98,  12,  10,  72,  64, ---, ---, ---, ---, ---, ---, ---, ---, 
[3.214s][info][gc,stats    ]     CWR: VM Weak Roots               87 us, workers (us):  13,  13,  11,  11,  11,  10,  10,   9, ---, ---, ---, ---, ---, ---, ---, ---, 
[3.214s][info][gc,stats    ]     CWR: CLDG Roots                  10 us, workers (us): ---, ---,   3,   3, ---, ---,   3,   3, ---, ---, ---, ---, ---, ---, ---, ---, 
[3.214s][info][gc,stats    ]   Rendezvous                         39 us
[3.214s][info][gc,stats    ] Concurrent Cleanup                   96 us
[3.214s][info][gc,stats    ] Concurrent Class Unloading          340 us
[3.214s][info][gc,stats    ]   Unlink Stale                      299 us
[3.214s][info][gc,stats    ]     System Dictionary                 3 us
[3.214s][info][gc,stats    ]     Weak Class Links                  0 us
[3.214s][info][gc,stats    ]     Code Roots                      295 us
[3.214s][info][gc,stats    ]   Rendezvous                         28 us
[3.214s][info][gc,stats    ]   Purge Unlinked                      3 us
[3.214s][info][gc,stats    ]     Code Roots                        1 us
[3.214s][info][gc,stats    ]     CLDG                              2 us
[3.214s][info][gc,stats    ]     Exception Caches                  0 us
[3.214s][info][gc,stats    ] Pause Final Roots (G)                34 us
[3.214s][info][gc,stats    ] Pause Final Roots (N)                15 us
[3.214s][info][gc,stats    ] Pacing                           380987 us
[3.214s][info][gc,stats    ] 
[3.214s][info][gc,stats    ] Allocation pacing accrued:
[3.214s][info][gc,stats    ]      56 of    59 ms ( 94.3%): pool-1-thread-1
[3.214s][info][gc,stats    ]      56 of    59 ms ( 94.5%): pool-1-thread-2
[3.214s][info][gc,stats    ]      56 of    59 ms ( 94.2%): pool-1-thread-3
[3.214s][info][gc,stats    ]      56 of    59 ms ( 94.3%): pool-1-thread-4
[3.214s][info][gc,stats    ]      56 of    59 ms ( 94.1%): pool-1-thread-5
[3.214s][info][gc,stats    ]      56 of    59 ms ( 93.9%): pool-1-thread-6
[3.214s][info][gc,stats    ]      47 of    59 ms ( 79.3%): pool-1-thread-7
[3.214s][info][gc,stats    ]     381 of    59 ms (644.7%): <total>
[3.214s][info][gc,stats    ]      20 of    59 ms ( 33.9%): <average total>
[3.214s][info][gc,stats    ]      54 of    59 ms ( 92.1%): <average non-zero>
[3.214s][info][gc,stats    ] 
[3.214s][info][gc,metaspace] Metaspace: 10591K(10880K)->10591K(10880K) NonClass: 9360K(9536K)->9360K(9536K) Class: 1230K(1344K)->1230K(1344K)
[3.214s][info][gc,ergo     ] Pacer for Idle. Initial: 8192K, Alloc Tax Rate: 1.0x
[3.309s][info][gc          ] Trigger: Average GC time (17.56 ms) is above the time for average allocation rate (2390 MB/s) to deplete free headroom (35584K) (margin of error = 1.81)
[3.309s][info][gc,ergo     ] Free headroom: 56064K (free) - 20480K (spike) - 0B (penalties) = 35584K
[3.309s][info][gc,ergo     ] Free: 56064K, Max: 256K regular, 40192K humongous, Frag: 29% external, 0% internal; Reserve: 20480K, Max: 256K
[3.309s][info][gc,start    ] GC(66) Concurrent reset
[3.309s][info][gc,task     ] GC(66) Using 8 of 16 workers for concurrent reset
[3.309s][info][gc,ergo     ] GC(66) Pacer for Reset. Non-Taxable: 400M
[3.309s][info][gc          ] GC(66) Concurrent reset 0.152ms
[3.309s][info][gc,start    ] GC(66) Pause Init Mark (unload classes)
[3.309s][info][gc,task     ] GC(66) Using 16 of 16 workers for init marking
[3.309s][info][gc,ergo     ] GC(66) Pacer for Mark. Expected Live: 100M, Free: 55808K, Non-Taxable: 5580K, Alloc Tax Rate: 2.3x
[3.309s][info][gc          ] GC(66) Pause Init Mark (unload classes) 0.031ms
[3.309s][info][gc,start    ] GC(66) Concurrent marking roots
[3.309s][info][gc,task     ] GC(66) Using 8 of 16 workers for concurrent marking roots
[3.309s][info][gc          ] GC(66) Concurrent marking roots 0.066ms
[3.309s][info][gc,start    ] GC(66) Concurrent marking (unload classes)
[3.309s][info][gc,task     ] GC(66) Using 8 of 16 workers for concurrent marking
[3.324s][info][gc          ] GC(66) Concurrent marking (unload classes) 14.894ms
[3.324s][info][gc,start    ] GC(66) Pause Final Mark (unload classes)
[3.324s][info][gc,task     ] GC(66) Using 16 of 16 workers for final marking
[3.324s][info][gc,ergo     ] GC(66) Collectable Garbage: 221M (97%), Immediate: 221M (97%), CSet: 0B (0%)
[3.324s][info][gc          ] GC(66) Pause Final Mark (unload classes) 0.120ms
[3.324s][info][gc,start    ] GC(66) Concurrent weak references
[3.324s][info][gc,task     ] GC(66) Using 8 of 16 workers for concurrent weak references
[3.324s][info][gc,ref      ] GC(66) Encountered references: Soft: 167, Weak: 928, Final: 0, Phantom: 3
[3.324s][info][gc,ref      ] GC(66) Discovered  references: Soft: 0, Weak: 447, Final: 0, Phantom: 3
[3.324s][info][gc,ref      ] GC(66) Enqueued    references: Soft: 0, Weak: 0, Final: 0, Phantom: 0
[3.324s][info][gc          ] GC(66) Concurrent weak references 0.051ms
[3.324s][info][gc,start    ] GC(66) Concurrent weak roots
[3.324s][info][gc,task     ] GC(66) Using 8 of 16 workers for concurrent weak root
[3.324s][info][gc          ] GC(66) Concurrent weak roots 0.175ms
[3.324s][info][gc,start    ] GC(66) Concurrent cleanup
[3.324s][info][gc          ] GC(66) Concurrent cleanup 332M->111M(400M) 0.093ms
[3.324s][info][gc,ergo     ] GC(66) Free: 268M, Max: 256K regular, 92416K humongous, Frag: 67% external, 0% internal; Reserve: 20480K, Max: 256K
[3.324s][info][gc,start    ] GC(66) Concurrent class unloading
[3.325s][info][gc,task     ] GC(66) Using 8 of 16 workers for concurrent class unloading
[3.325s][info][gc          ] GC(66) Concurrent class unloading 0.348ms
[3.325s][info][gc,start    ] GC(66) Pause Final Roots
[3.325s][info][gc          ] GC(66) Pause Final Roots 0.007ms
[3.325s][info][gc,ergo     ] Free: 268M, Max: 256K regular, 92416K humongous, Frag: 67% external, 0% internal; Reserve: 20480K, Max: 256K
[3.325s][info][gc,stats    ] 
[3.325s][info][gc,stats    ] All times are wall-clock times, except per-root-class counters, that are sum over
[3.325s][info][gc,stats    ] all workers. Dividing the <total> over the root stage time estimates parallelism.
[3.325s][info][gc,stats    ] 
[3.325s][info][gc,stats    ] Concurrent Reset                    161 us
[3.325s][info][gc,stats    ] Pause Init Mark (G)                 160 us
[3.325s][info][gc,stats    ] Pause Init Mark (N)                  42 us
[3.325s][info][gc,stats    ]   Update Region States                7 us
[3.325s][info][gc,stats    ] Concurrent Mark Roots                71 us, parallelism: 2.10x
[3.325s][info][gc,stats    ]   CMR: <total>                      149 us
[3.325s][info][gc,stats    ]   CMR: Thread Roots                 112 us, workers (us):  20,   0,  19,  19,  14,  16,  11,  12, ---, ---, ---, ---, ---, ---, ---, ---, 
[3.325s][info][gc,stats    ]   CMR: VM Strong Roots                4 us, workers (us):   2,   1,   0,   0,   0,   0,   0,   0, ---, ---, ---, ---, ---, ---, ---, ---, 
[3.325s][info][gc,stats    ]   CMR: CLDG Roots                    32 us, workers (us):   2,  31, ---, ---, ---, ---, ---, ---, ---, ---, ---, ---, ---, ---, ---, ---, 
[3.325s][info][gc,stats    ] Concurrent Marking                14911 us
[3.325s][info][gc,stats    ] Pause Final Mark (G)                140 us
[3.325s][info][gc,stats    ] Pause Final Mark (N)                123 us
[3.325s][info][gc,stats    ]   Finish Mark                        75 us
[3.325s][info][gc,stats    ]   Update Region States               11 us
[3.325s][info][gc,stats    ]   Choose Collection Set              19 us
[3.325s][info][gc,stats    ]   Rebuild Free Set                    4 us
[3.325s][info][gc,stats    ] Concurrent Weak References           53 us, parallelism: 0.41x
[3.325s][info][gc,stats    ]   CWRF: <total>                      22 us
[3.325s][info][gc,stats    ]   CWRF: Weak References              22 us, workers (us):   2,  20,   0,   0,   0,   0,   0,   0, ---, ---, ---, ---, ---, ---, ---, ---, 
[3.325s][info][gc,stats    ] Concurrent Weak Roots               178 us
[3.325s][info][gc,stats    ]   Roots                             142 us, parallelism: 4.38x
[3.325s][info][gc,stats    ]     CWR: <total>                    623 us
[3.325s][info][gc,stats    ]     CWR: Code Cache Roots           467 us, workers (us):  95,  58,  58,  55, 106,  13,  22,  61, ---, ---, ---, ---, ---, ---, ---, ---, 
[3.325s][info][gc,stats    ]     CWR: VM Weak Roots              137 us, workers (us):  21,  21,  20,  19,  20,  17,  16,   3, ---, ---, ---, ---, ---, ---, ---, ---, 
[3.325s][info][gc,stats    ]     CWR: CLDG Roots                  19 us, workers (us):   4, ---,   4,   4, ---, ---, ---,   8, ---, ---, ---, ---, ---, ---, ---, ---, 
[3.325s][info][gc,stats    ]   Rendezvous                         27 us
[3.325s][info][gc,stats    ] Concurrent Cleanup                   96 us
[3.325s][info][gc,stats    ] Concurrent Class Unloading          351 us
[3.325s][info][gc,stats    ]   Unlink Stale                      322 us
[3.325s][info][gc,stats    ]     System Dictionary                 3 us
[3.325s][info][gc,stats    ]     Weak Class Links                  0 us
[3.325s][info][gc,stats    ]     Code Roots                      318 us
[3.325s][info][gc,stats    ]   Rendezvous                         15 us
[3.325s][info][gc,stats    ]   Purge Unlinked                      3 us
[3.325s][info][gc,stats    ]     Code Roots                        1 us
[3.325s][info][gc,stats    ]     CLDG                              2 us
[3.325s][info][gc,stats    ]     Exception Caches                  0 us
[3.325s][info][gc,stats    ] Pause Final Roots (G)                25 us
[3.325s][info][gc,stats    ] Pause Final Roots (N)                11 us
[3.325s][info][gc,stats    ] Pacing                           731451 us
[3.325s][info][gc,stats    ] 
[3.325s][info][gc,stats    ] Allocation pacing accrued:
[3.325s][info][gc,stats    ]     105 of   111 ms ( 94.3%): pool-1-thread-1
[3.325s][info][gc,stats    ]     105 of   111 ms ( 94.2%): pool-1-thread-2
[3.325s][info][gc,stats    ]     104 of   111 ms ( 94.1%): pool-1-thread-3
[3.325s][info][gc,stats    ]     105 of   111 ms ( 94.2%): pool-1-thread-4
[3.325s][info][gc,stats    ]     105 of   111 ms ( 94.2%): pool-1-thread-5
[3.325s][info][gc,stats    ]     104 of   111 ms ( 93.8%): pool-1-thread-6
[3.325s][info][gc,stats    ]     104 of   111 ms ( 93.9%): pool-1-thread-7
[3.325s][info][gc,stats    ]     731 of   111 ms (658.7%): <total>
[3.325s][info][gc,stats    ]      38 of   111 ms ( 34.7%): <average total>
[3.325s][info][gc,stats    ]     104 of   111 ms ( 94.1%): <average non-zero>
[3.325s][info][gc,stats    ] 
[3.325s][info][gc,metaspace] Metaspace: 10591K(10880K)->10591K(10880K) NonClass: 9360K(9536K)->9360K(9536K) Class: 1230K(1344K)->1230K(1344K)
[3.325s][info][gc,ergo     ] Pacer for Idle. Initial: 8192K, Alloc Tax Rate: 1.0x
[3.400s][info][gc          ] Trigger: Average GC time (17.21 ms) is above the time for average allocation rate (2386 MB/s) to deplete free headroom (39936K) (margin of error = 1.80)
[3.400s][info][gc,ergo     ] Free headroom: 60416K (free) - 20480K (spike) - 0B (penalties) = 39936K
[3.400s][info][gc,ergo     ] Free: 60416K, Max: 256K regular, 48384K humongous, Frag: 20% external, 0% internal; Reserve: 20480K, Max: 256K
[3.400s][info][gc,start    ] GC(67) Concurrent reset
[3.400s][info][gc,task     ] GC(67) Using 8 of 16 workers for concurrent reset
[3.400s][info][gc,ergo     ] GC(67) Pacer for Reset. Non-Taxable: 400M
[3.400s][info][gc          ] GC(67) Concurrent reset 0.128ms
[3.400s][info][gc,start    ] GC(67) Pause Init Mark (unload classes)
[3.400s][info][gc,task     ] GC(67) Using 16 of 16 workers for init marking
[3.400s][info][gc,ergo     ] GC(67) Pacer for Mark. Expected Live: 100M, Free: 60416K, Non-Taxable: 6041K, Alloc Tax Rate: 2.1x
[3.400s][info][gc          ] GC(67) Pause Init Mark (unload classes) 0.034ms
[3.400s][info][gc,start    ] GC(67) Concurrent marking roots
[3.400s][info][gc,task     ] GC(67) Using 8 of 16 workers for concurrent marking roots
[3.400s][info][gc          ] GC(67) Concurrent marking roots 0.069ms
[3.400s][info][gc,start    ] GC(67) Concurrent marking (unload classes)
[3.400s][info][gc,task     ] GC(67) Using 8 of 16 workers for concurrent marking
[3.414s][info][gc          ] GC(67) Concurrent marking (unload classes) 14.073ms
[3.414s][info][gc,start    ] GC(67) Pause Final Mark (unload classes)
[3.414s][info][gc,task     ] GC(67) Using 16 of 16 workers for final marking
[3.414s][info][gc,ergo     ] GC(67) Collectable Garbage: 216M (97%), Immediate: 216M (97%), CSet: 0B (0%)
[3.414s][info][gc          ] GC(67) Pause Final Mark (unload classes) 0.110ms
[3.414s][info][gc,start    ] GC(67) Concurrent weak references
[3.414s][info][gc,task     ] GC(67) Using 8 of 16 workers for concurrent weak references
[3.414s][info][gc,ref      ] GC(67) Encountered references: Soft: 167, Weak: 928, Final: 0, Phantom: 3
[3.414s][info][gc,ref      ] GC(67) Discovered  references: Soft: 0, Weak: 484, Final: 0, Phantom: 1
[3.414s][info][gc,ref      ] GC(67) Enqueued    references: Soft: 0, Weak: 0, Final: 0, Phantom: 0
[3.414s][info][gc          ] GC(67) Concurrent weak references 0.039ms
[3.414s][info][gc,start    ] GC(67) Concurrent weak roots
[3.414s][info][gc,task     ] GC(67) Using 8 of 16 workers for concurrent weak root
[3.414s][info][gc          ] GC(67) Concurrent weak roots 0.135ms
[3.414s][info][gc,start    ] GC(67) Concurrent cleanup
[3.414s][info][gc          ] GC(67) Concurrent cleanup 328M->111M(400M) 0.065ms
[3.414s][info][gc,ergo     ] GC(67) Free: 268M, Max: 256K regular, 92416K humongous, Frag: 67% external, 0% internal; Reserve: 20480K, Max: 256K
[3.414s][info][gc,start    ] GC(67) Concurrent class unloading
[3.414s][info][gc,task     ] GC(67) Using 8 of 16 workers for concurrent class unloading
[3.415s][info][gc          ] GC(67) Concurrent class unloading 0.354ms
[3.415s][info][gc,start    ] GC(67) Pause Final Roots
[3.415s][info][gc          ] GC(67) Pause Final Roots 0.010ms
[3.415s][info][gc,ergo     ] Free: 268M, Max: 256K regular, 92416K humongous, Frag: 67% external, 0% internal; Reserve: 20480K, Max: 256K
[3.415s][info][gc,stats    ] 
[3.415s][info][gc,stats    ] All times are wall-clock times, except per-root-class counters, that are sum over
[3.415s][info][gc,stats    ] all workers. Dividing the <total> over the root stage time estimates parallelism.
[3.415s][info][gc,stats    ] 
[3.415s][info][gc,stats    ] Concurrent Reset                    131 us
[3.415s][info][gc,stats    ] Pause Init Mark (G)                  74 us
[3.415s][info][gc,stats    ] Pause Init Mark (N)                  38 us
[3.415s][info][gc,stats    ]   Update Region States               10 us
[3.415s][info][gc,stats    ] Concurrent Mark Roots                72 us, parallelism: 2.02x
[3.415s][info][gc,stats    ]   CMR: <total>                      145 us
[3.415s][info][gc,stats    ]   CMR: Thread Roots                 108 us, workers (us):  19,  17,   0,  16,  15,  13,  14,  13, ---, ---, ---, ---, ---, ---, ---, ---, 
[3.415s][info][gc,stats    ]   CMR: VM Strong Roots                6 us, workers (us):   2,   1,   1,   0,   0,   0,   0,   0, ---, ---, ---, ---, ---, ---, ---, ---, 
[3.415s][info][gc,stats    ]   CMR: CLDG Roots                    31 us, workers (us):   2,   2,  27, ---, ---, ---, ---, ---, ---, ---, ---, ---, ---, ---, ---, ---, 
[3.415s][info][gc,stats    ] Concurrent Marking                14079 us
[3.415s][info][gc,stats    ] Pause Final Mark (G)                129 us
[3.415s][info][gc,stats    ] Pause Final Mark (N)                113 us
[3.415s][info][gc,stats    ]   Finish Mark                        53 us
[3.415s][info][gc,stats    ]   Update Region States               14 us
[3.415s][info][gc,stats    ]   Choose Collection Set              20 us
[3.415s][info][gc,stats    ]   Rebuild Free Set                    6 us
[3.415s][info][gc,stats    ] Concurrent Weak References           40 us, parallelism: 0.56x
[3.415s][info][gc,stats    ]   CWRF: <total>                      22 us
[3.415s][info][gc,stats    ]   CWRF: Weak References              22 us, workers (us):  20,   1,   2,   0,   0,   0,   0,   0, ---, ---, ---, ---, ---, ---, ---, ---, 
[3.415s][info][gc,stats    ] Concurrent Weak Roots               137 us
[3.415s][info][gc,stats    ]   Roots                             106 us, parallelism: 4.62x
[3.415s][info][gc,stats    ]     CWR: <total>                    492 us
[3.415s][info][gc,stats    ]     CWR: Code Cache Roots           400 us, workers (us):  62,  63,  79,  56,  16,   6,  69,  48, ---, ---, ---, ---, ---, ---, ---, ---, 
[3.415s][info][gc,stats    ]     CWR: VM Weak Roots               84 us, workers (us):  15,  13,  13,  13,  13,  13,   3,   1, ---, ---, ---, ---, ---, ---, ---, ---, 
[3.415s][info][gc,stats    ]     CWR: CLDG Roots                   8 us, workers (us):   2,   2,   2,   2, ---, ---, ---, ---, ---, ---, ---, ---, ---, ---, ---, ---, 
[3.415s][info][gc,stats    ]   Rendezvous                         26 us
[3.415s][info][gc,stats    ] Concurrent Cleanup                   67 us
[3.415s][info][gc,stats    ] Concurrent Class Unloading          364 us
[3.415s][info][gc,stats    ]   Unlink Stale                      320 us
[3.415s][info][gc,stats    ]     System Dictionary                 2 us
[3.415s][info][gc,stats    ]     Weak Class Links                  0 us
[3.415s][info][gc,stats    ]     Code Roots                      318 us
[3.415s][info][gc,stats    ]   Rendezvous                         26 us
[3.415s][info][gc,stats    ]   Purge Unlinked                      3 us
[3.415s][info][gc,stats    ]     Code Roots                        1 us
[3.415s][info][gc,stats    ]     CLDG                              2 us
[3.415s][info][gc,stats    ]     Exception Caches                  0 us
[3.415s][info][gc,stats    ] Pause Final Roots (G)                91 us
[3.415s][info][gc,stats    ] Pause Final Roots (N)                13 us
[3.415s][info][gc,stats    ] Pacing                           561216 us
[3.415s][info][gc,stats    ] 
[3.415s][info][gc,stats    ] Allocation pacing accrued:
[3.415s][info][gc,stats    ]      81 of    90 ms ( 89.7%): pool-1-thread-1
[3.415s][info][gc,stats    ]      81 of    90 ms ( 89.7%): pool-1-thread-2
[3.415s][info][gc,stats    ]      80 of    90 ms ( 88.9%): pool-1-thread-3
[3.415s][info][gc,stats    ]      81 of    90 ms ( 89.7%): pool-1-thread-4
[3.415s][info][gc,stats    ]      80 of    90 ms ( 89.0%): pool-1-thread-5
[3.415s][info][gc,stats    ]      80 of    90 ms ( 89.0%): pool-1-thread-6
[3.415s][info][gc,stats    ]      79 of    90 ms ( 87.7%): pool-1-thread-7
[3.415s][info][gc,stats    ]     561 of    90 ms (623.6%): <total>
[3.415s][info][gc,stats    ]      30 of    90 ms ( 32.8%): <average total>
[3.415s][info][gc,stats    ]      80 of    90 ms ( 89.1%): <average non-zero>
[3.415s][info][gc,stats    ] 
[3.415s][info][gc,metaspace] Metaspace: 10591K(10880K)->10591K(10880K) NonClass: 9360K(9536K)->9360K(9536K) Class: 1230K(1344K)->1230K(1344K)
[3.415s][info][gc,ergo     ] Pacer for Idle. Initial: 8192K, Alloc Tax Rate: 1.0x
[3.490s][info][gc          ] Trigger: Average GC time (16.74 ms) is above the time for average allocation rate (2384 MB/s) to deplete free headroom (32512K) (margin of error = 1.80)
[3.490s][info][gc,ergo     ] Free headroom: 52992K (free) - 20480K (spike) - 0B (penalties) = 32512K
[3.490s][info][gc,ergo     ] Free: 52992K, Max: 256K regular, 48384K humongous, Frag: 9% external, 0% internal; Reserve: 20480K, Max: 256K
[3.490s][info][gc,start    ] GC(68) Concurrent reset
[3.490s][info][gc,task     ] GC(68) Using 8 of 16 workers for concurrent reset
[3.490s][info][gc,ergo     ] GC(68) Pacer for Reset. Non-Taxable: 400M
[3.490s][info][gc          ] GC(68) Concurrent reset 0.146ms
[3.490s][info][gc,start    ] GC(68) Pause Init Mark (unload classes)
[3.490s][info][gc,task     ] GC(68) Using 15 of 16 workers for init marking
[3.490s][info][gc,ergo     ] GC(68) Pacer for Mark. Expected Live: 102329K, Free: 52992K, Non-Taxable: 5299K, Alloc Tax Rate: 2.4x
[3.490s][info][gc          ] GC(68) Pause Init Mark (unload classes) 0.032ms
[3.490s][info][gc,start    ] GC(68) Concurrent marking roots
[3.490s][info][gc,task     ] GC(68) Using 8 of 16 workers for concurrent marking roots
[3.490s][info][gc          ] GC(68) Concurrent marking roots 0.079ms
[3.490s][info][gc,start    ] GC(68) Concurrent marking (unload classes)
[3.490s][info][gc,task     ] GC(68) Using 8 of 16 workers for concurrent marking
[3.505s][info][gc          ] GC(68) Concurrent marking (unload classes) 14.425ms
[3.505s][info][gc,start    ] GC(68) Pause Final Mark (unload classes)
[3.505s][info][gc,task     ] GC(68) Using 15 of 16 workers for final marking
[3.505s][info][gc,ergo     ] GC(68) Collectable Garbage: 224M (97%), Immediate: 224M (97%), CSet: 0B (0%)
[3.505s][info][gc          ] GC(68) Pause Final Mark (unload classes) 0.252ms
[3.505s][info][gc,start    ] GC(68) Concurrent weak references
[3.505s][info][gc,task     ] GC(68) Using 8 of 16 workers for concurrent weak references
[3.505s][info][gc,ref      ] GC(68) Encountered references: Soft: 167, Weak: 928, Final: 0, Phantom: 3
[3.505s][info][gc,ref      ] GC(68) Discovered  references: Soft: 0, Weak: 528, Final: 0, Phantom: 1
[3.505s][info][gc,ref      ] GC(68) Enqueued    references: Soft: 0, Weak: 0, Final: 0, Phantom: 0
[3.505s][info][gc          ] GC(68) Concurrent weak references 0.048ms
[3.505s][info][gc,start    ] GC(68) Concurrent weak roots
[3.505s][info][gc,task     ] GC(68) Using 8 of 16 workers for concurrent weak root
[3.505s][info][gc          ] GC(68) Concurrent weak roots 0.151ms
[3.505s][info][gc,start    ] GC(68) Concurrent cleanup
[3.505s][info][gc          ] GC(68) Concurrent cleanup 334M->110M(400M) 0.067ms
[3.505s][info][gc,ergo     ] GC(68) Free: 269M, Max: 256K regular, 61184K humongous, Frag: 78% external, 0% internal; Reserve: 20480K, Max: 256K
[3.505s][info][gc,start    ] GC(68) Concurrent class unloading
[3.505s][info][gc,task     ] GC(68) Using 8 of 16 workers for concurrent class unloading
[3.505s][info][gc          ] GC(68) Concurrent class unloading 0.310ms
[3.505s][info][gc,start    ] GC(68) Pause Final Roots
[3.505s][info][gc          ] GC(68) Pause Final Roots 0.009ms
[3.506s][info][gc,ergo     ] Free: 269M, Max: 256K regular, 61184K humongous, Frag: 78% external, 0% internal; Reserve: 20480K, Max: 256K
[3.506s][info][gc,stats    ] 
[3.506s][info][gc,stats    ] All times are wall-clock times, except per-root-class counters, that are sum over
[3.506s][info][gc,stats    ] all workers. Dividing the <total> over the root stage time estimates parallelism.
[3.506s][info][gc,stats    ] 
[3.506s][info][gc,stats    ] Concurrent Reset                    149 us
[3.506s][info][gc,stats    ] Pause Init Mark (G)                  65 us
[3.506s][info][gc,stats    ] Pause Init Mark (N)                  35 us
[3.506s][info][gc,stats    ]   Update Region States               11 us
[3.506s][info][gc,stats    ] Concurrent Mark Roots                82 us, parallelism: 1.52x
[3.506s][info][gc,stats    ]   CMR: <total>                      125 us
[3.506s][info][gc,stats    ]   CMR: Thread Roots                  96 us, workers (us):   0,  15,  21,  14,  13,  11,  10,  13, ---, ---, ---, ---, ---, ---, ---, ---, 
[3.506s][info][gc,stats    ]   CMR: VM Strong Roots                6 us, workers (us):   3,   1,   0,   0,   0,   0,   0,   0, ---, ---, ---, ---, ---, ---, ---, ---, 
[3.506s][info][gc,stats    ]   CMR: CLDG Roots                    23 us, workers (us):  21,   2, ---, ---, ---, ---, ---, ---, ---, ---, ---, ---, ---, ---, ---, ---, 
[3.506s][info][gc,stats    ] Concurrent Marking                14443 us
[3.506s][info][gc,stats    ] Pause Final Mark (G)                271 us
[3.506s][info][gc,stats    ] Pause Final Mark (N)                255 us
[3.506s][info][gc,stats    ]   Finish Mark                       203 us
[3.506s][info][gc,stats    ]   Update Region States               12 us
[3.506s][info][gc,stats    ]   Choose Collection Set              21 us
[3.506s][info][gc,stats    ]   Rebuild Free Set                    4 us
[3.506s][info][gc,stats    ] Concurrent Weak References           49 us, parallelism: 0.59x
[3.506s][info][gc,stats    ]   CWRF: <total>                      29 us
[3.506s][info][gc,stats    ]   CWRF: Weak References              29 us, workers (us):  27,   2,   0,   0,   0,   0,   0,   0, ---, ---, ---, ---, ---, ---, ---, ---, 
[3.506s][info][gc,stats    ] Concurrent Weak Roots               153 us
[3.506s][info][gc,stats    ]   Roots                             125 us, parallelism: 4.16x
[3.506s][info][gc,stats    ]     CWR: <total>                    518 us
[3.506s][info][gc,stats    ]     CWR: Code Cache Roots           410 us, workers (us):  61,  58,  74,  88,  83,  13,  25,   8, ---, ---, ---, ---, ---, ---, ---, ---, 
[3.506s][info][gc,stats    ]     CWR: VM Weak Roots               91 us, workers (us):  16,  15,  16,  14,  14,  12,   1,   1, ---, ---, ---, ---, ---, ---, ---, ---, 
[3.506s][info][gc,stats    ]     CWR: CLDG Roots                  17 us, workers (us):   4,   4, ---, ---, ---, ---,   5,   5, ---, ---, ---, ---, ---, ---, ---, ---, 
[3.506s][info][gc,stats    ]   Rendezvous                         24 us
[3.506s][info][gc,stats    ] Concurrent Cleanup                   69 us
[3.506s][info][gc,stats    ] Concurrent Class Unloading          312 us
[3.506s][info][gc,stats    ]   Unlink Stale                      291 us
[3.506s][info][gc,stats    ]     System Dictionary                 2 us
[3.506s][info][gc,stats    ]     Weak Class Links                  0 us
[3.506s][info][gc,stats    ]     Code Roots                      288 us
[3.506s][info][gc,stats    ]   Rendezvous                         13 us
[3.506s][info][gc,stats    ]   Purge Unlinked                      2 us
[3.506s][info][gc,stats    ]     Code Roots                        0 us
[3.506s][info][gc,stats    ]     CLDG                              1 us
[3.506s][info][gc,stats    ]     Exception Caches                  0 us
[3.506s][info][gc,stats    ] Pause Final Roots (G)                24 us
[3.506s][info][gc,stats    ] Pause Final Roots (N)                12 us
[3.506s][info][gc,stats    ] Pacing                           499922 us
[3.506s][info][gc,stats    ] 
[3.506s][info][gc,stats    ] Allocation pacing accrued:
[3.506s][info][gc,stats    ]      83 of    91 ms ( 92.0%): pool-1-thread-1
[3.506s][info][gc,stats    ]      83 of    91 ms ( 92.0%): pool-1-thread-2
[3.506s][info][gc,stats    ]      83 of    91 ms ( 92.0%): pool-1-thread-3
[3.506s][info][gc,stats    ]      83 of    91 ms ( 92.1%): pool-1-thread-4
[3.506s][info][gc,stats    ]      83 of    91 ms ( 92.1%): pool-1-thread-5
[3.506s][info][gc,stats    ]      83 of    91 ms ( 91.9%): pool-1-thread-6
[3.506s][info][gc,stats    ]     500 of    91 ms (552.0%): <total>
[3.506s][info][gc,stats    ]      28 of    91 ms ( 30.7%): <average total>
[3.506s][info][gc,stats    ]      83 of    91 ms ( 92.0%): <average non-zero>
[3.506s][info][gc,stats    ] 
[3.506s][info][gc,metaspace] Metaspace: 10591K(10880K)->10591K(10880K) NonClass: 9360K(9536K)->9360K(9536K) Class: 1230K(1344K)->1230K(1344K)
[3.506s][info][gc,ergo     ] Pacer for Idle. Initial: 8192K, Alloc Tax Rate: 1.0x
[3.551s][info][gc          ] Trigger: Average GC time (16.42 ms) is above the time for average allocation rate (2382 MB/s) to deplete free headroom (27392K) (margin of error = 1.79)
[3.551s][info][gc,ergo     ] Free headroom: 47872K (free) - 20480K (spike) - 0B (penalties) = 27392K
[3.551s][info][gc,ergo     ] Free: 47872K, Max: 256K regular, 46336K humongous, Frag: 4% external, 0% internal; Reserve: 20480K, Max: 256K
[3.551s][info][gc,start    ] GC(69) Concurrent reset
[3.551s][info][gc,task     ] GC(69) Using 8 of 16 workers for concurrent reset
[3.551s][info][gc,ergo     ] GC(69) Pacer for Reset. Non-Taxable: 400M
[3.551s][info][gc          ] GC(69) Concurrent reset 0.138ms
[3.551s][info][gc,start    ] GC(69) Pause Init Mark (unload classes)
[3.551s][info][gc,task     ] GC(69) Using 14 of 16 workers for init marking
[3.551s][info][gc,ergo     ] GC(69) Pacer for Mark. Expected Live: 101871K, Free: 47872K, Non-Taxable: 4787K, Alloc Tax Rate: 2.6x
[3.551s][info][gc          ] GC(69) Pause Init Mark (unload classes) 0.029ms
[3.551s][info][gc,start    ] GC(69) Concurrent marking roots
[3.551s][info][gc,task     ] GC(69) Using 8 of 16 workers for concurrent marking roots
[3.551s][info][gc          ] GC(69) Concurrent marking roots 0.054ms
[3.551s][info][gc,start    ] GC(69) Concurrent marking (unload classes)
[3.551s][info][gc,task     ] GC(69) Using 8 of 16 workers for concurrent marking
[3.564s][info][gc          ] GC(69) Concurrent marking (unload classes) 13.389ms
[3.564s][info][gc,start    ] GC(69) Pause Final Mark (unload classes)
[3.564s][info][gc,task     ] GC(69) Using 14 of 16 workers for final marking
[3.565s][info][gc,ergo     ] GC(69) Collectable Garbage: 228M (97%), Immediate: 228M (97%), CSet: 0B (0%)
[3.565s][info][gc          ] GC(69) Pause Final Mark (unload classes) 0.110ms
[3.565s][info][gc,start    ] GC(69) Concurrent weak references
[3.565s][info][gc,task     ] GC(69) Using 8 of 16 workers for concurrent weak references
[3.565s][info][gc,ref      ] GC(69) Encountered references: Soft: 167, Weak: 928, Final: 0, Phantom: 3
[3.565s][info][gc,ref      ] GC(69) Discovered  references: Soft: 0, Weak: 450, Final: 0, Phantom: 1
[3.565s][info][gc,ref      ] GC(69) Enqueued    references: Soft: 0, Weak: 0, Final: 0, Phantom: 0
[3.565s][info][gc          ] GC(69) Concurrent weak references 0.044ms
[3.565s][info][gc,start    ] GC(69) Concurrent weak roots
[3.565s][info][gc,task     ] GC(69) Using 8 of 16 workers for concurrent weak root
[3.565s][info][gc          ] GC(69) Concurrent weak roots 0.149ms
[3.565s][info][gc,start    ] GC(69) Concurrent cleanup
[3.565s][info][gc          ] GC(69) Concurrent cleanup 339M->110M(400M) 0.066ms
[3.565s][info][gc,ergo     ] GC(69) Free: 269M, Max: 256K regular, 61184K humongous, Frag: 78% external, 0% internal; Reserve: 20480K, Max: 256K
[3.565s][info][gc,start    ] GC(69) Concurrent class unloading
[3.565s][info][gc,task     ] GC(69) Using 8 of 16 workers for concurrent class unloading
[3.565s][info][gc          ] GC(69) Concurrent class unloading 0.293ms
[3.565s][info][gc,start    ] GC(69) Pause Final Roots
[3.565s][info][gc          ] GC(69) Pause Final Roots 0.011ms
[3.565s][info][gc,ergo     ] Free: 269M, Max: 256K regular, 61184K humongous, Frag: 78% external, 0% internal; Reserve: 20480K, Max: 256K
[3.565s][info][gc,stats    ] 
[3.565s][info][gc,stats    ] All times are wall-clock times, except per-root-class counters, that are sum over
[3.565s][info][gc,stats    ] all workers. Dividing the <total> over the root stage time estimates parallelism.
[3.565s][info][gc,stats    ] 
[3.565s][info][gc,stats    ] Concurrent Reset                    146 us
[3.565s][info][gc,stats    ] Pause Init Mark (G)                  60 us
[3.565s][info][gc,stats    ] Pause Init Mark (N)                  31 us
[3.565s][info][gc,stats    ]   Update Region States                7 us
[3.565s][info][gc,stats    ] Concurrent Mark Roots                59 us, parallelism: 1.94x
[3.565s][info][gc,stats    ]   CMR: <total>                      114 us
[3.565s][info][gc,stats    ]   CMR: Thread Roots                  84 us, workers (us):   0,  15,  12,  13,  14,  12,  10,   7, ---, ---, ---, ---, ---, ---, ---, ---, 
[3.565s][info][gc,stats    ]   CMR: VM Strong Roots                4 us, workers (us):   3,   0,   0,   0,   0,   0,   0,   0, ---, ---, ---, ---, ---, ---, ---, ---, 
[3.565s][info][gc,stats    ]   CMR: CLDG Roots                    27 us, workers (us):  23,   2,   1,   1, ---, ---, ---, ---, ---, ---, ---, ---, ---, ---, ---, ---, 
[3.565s][info][gc,stats    ] Concurrent Marking                13406 us
[3.565s][info][gc,stats    ] Pause Final Mark (G)                134 us
[3.565s][info][gc,stats    ] Pause Final Mark (N)                113 us
[3.565s][info][gc,stats    ]   Finish Mark                        53 us
[3.565s][info][gc,stats    ]   Update Region States               14 us
[3.565s][info][gc,stats    ]   Choose Collection Set              22 us
[3.565s][info][gc,stats    ]   Rebuild Free Set                    6 us
[3.565s][info][gc,stats    ] Concurrent Weak References           47 us, parallelism: 0.44x
[3.565s][info][gc,stats    ]   CWRF: <total>                      20 us
[3.565s][info][gc,stats    ]   CWRF: Weak References              20 us, workers (us):  17,   1,   1,   1,   0,   0,   0,   0, ---, ---, ---, ---, ---, ---, ---, ---, 
[3.565s][info][gc,stats    ] Concurrent Weak Roots               159 us
[3.565s][info][gc,stats    ]   Roots                             116 us, parallelism: 4.23x
[3.565s][info][gc,stats    ]     CWR: <total>                    493 us
[3.565s][info][gc,stats    ]     CWR: Code Cache Roots           394 us, workers (us):  53,  53,  11,  72,  70,  66,  66,   3, ---, ---, ---, ---, ---, ---, ---, ---, 
[3.565s][info][gc,stats    ]     CWR: VM Weak Roots               90 us, workers (us):  12,  13,  12,  11,  11,  11,  10,  10, ---, ---, ---, ---, ---, ---, ---, ---, 
[3.565s][info][gc,stats    ]     CWR: CLDG Roots                   8 us, workers (us): ---, ---,   2, ---,   2, ---,   2,   2, ---, ---, ---, ---, ---, ---, ---, ---, 
[3.565s][info][gc,stats    ]   Rendezvous                         27 us
[3.565s][info][gc,stats    ] Concurrent Cleanup                   69 us
[3.565s][info][gc,stats    ] Concurrent Class Unloading          295 us
[3.565s][info][gc,stats    ]   Unlink Stale                      271 us
[3.565s][info][gc,stats    ]     System Dictionary                 2 us
[3.565s][info][gc,stats    ]     Weak Class Links                  0 us
[3.565s][info][gc,stats    ]     Code Roots                      268 us
[3.565s][info][gc,stats    ]   Rendezvous                         14 us
[3.565s][info][gc,stats    ]   Purge Unlinked                      2 us
[3.565s][info][gc,stats    ]     Code Roots                        0 us
[3.565s][info][gc,stats    ]     CLDG                              2 us
[3.565s][info][gc,stats    ]     Exception Caches                  0 us
[3.565s][info][gc,stats    ] Pause Final Roots (G)                92 us
[3.565s][info][gc,stats    ] Pause Final Roots (N)                14 us
[3.565s][info][gc,stats    ] Pacing                           327842 us
[3.565s][info][gc,stats    ] 
[3.565s][info][gc,stats    ] Allocation pacing accrued:
[3.565s][info][gc,stats    ]      56 of    60 ms ( 94.2%): pool-1-thread-1
[3.565s][info][gc,stats    ]      47 of    60 ms ( 78.4%): pool-1-thread-2
[3.565s][info][gc,stats    ]      56 of    60 ms ( 94.1%): pool-1-thread-3
[3.565s][info][gc,stats    ]      56 of    60 ms ( 94.0%): pool-1-thread-4
[3.565s][info][gc,stats    ]      56 of    60 ms ( 94.2%): pool-1-thread-5
[3.565s][info][gc,stats    ]      56 of    60 ms ( 93.7%): pool-1-thread-6
[3.565s][info][gc,stats    ]     328 of    60 ms (548.5%): <total>
[3.565s][info][gc,stats    ]      18 of    60 ms ( 30.5%): <average total>
[3.565s][info][gc,stats    ]      55 of    60 ms ( 91.4%): <average non-zero>
[3.565s][info][gc,stats    ] 
[3.565s][info][gc,metaspace] Metaspace: 10591K(10880K)->10591K(10880K) NonClass: 9360K(9536K)->9360K(9536K) Class: 1230K(1344K)->1230K(1344K)
[3.565s][info][gc,ergo     ] Pacer for Idle. Initial: 8192K, Alloc Tax Rate: 1.0x
[3.671s][info][gc          ] Trigger: Average GC time (16.22 ms) is above the time for average allocation rate (2430 MB/s) to deplete free headroom (27136K) (margin of error = 1.79)
[3.671s][info][gc,ergo     ] Free headroom: 47616K (free) - 20480K (spike) - 0B (penalties) = 27136K
[3.671s][info][gc,ergo     ] Free: 47616K, Max: 256K regular, 41728K humongous, Frag: 13% external, 0% internal; Reserve: 20480K, Max: 256K
[3.671s][info][gc,start    ] GC(70) Concurrent reset
[3.671s][info][gc,task     ] GC(70) Using 8 of 16 workers for concurrent reset
[3.671s][info][gc,ergo     ] GC(70) Pacer for Reset. Non-Taxable: 400M
[3.671s][info][gc          ] GC(70) Concurrent reset 0.294ms
[3.671s][info][gc,start    ] GC(70) Pause Init Mark (unload classes)
[3.671s][info][gc,task     ] GC(70) Using 14 of 16 workers for init marking
[3.671s][info][gc,ergo     ] GC(70) Pacer for Mark. Expected Live: 101567K, Free: 42240K, Non-Taxable: 4224K, Alloc Tax Rate: 2.9x
[3.671s][info][gc          ] GC(70) Pause Init Mark (unload classes) 0.038ms
[3.671s][info][gc,start    ] GC(70) Concurrent marking roots
[3.671s][info][gc,task     ] GC(70) Using 8 of 16 workers for concurrent marking roots
[3.671s][info][gc          ] GC(70) Concurrent marking roots 0.102ms
[3.671s][info][gc,start    ] GC(70) Concurrent marking (unload classes)
[3.671s][info][gc,task     ] GC(70) Using 8 of 16 workers for concurrent marking
[3.685s][info][gc          ] GC(70) Concurrent marking (unload classes) 14.012ms
[3.685s][info][gc,start    ] GC(70) Pause Final Mark (unload classes)
[3.685s][info][gc,task     ] GC(70) Using 14 of 16 workers for final marking
[3.685s][info][gc,ergo     ] GC(70) Collectable Garbage: 234M (97%), Immediate: 234M (97%), CSet: 0B (0%)
[3.685s][info][gc          ] GC(70) Pause Final Mark (unload classes) 0.107ms
[3.685s][info][gc,start    ] GC(70) Concurrent weak references
[3.685s][info][gc,task     ] GC(70) Using 8 of 16 workers for concurrent weak references
[3.685s][info][gc,ref      ] GC(70) Encountered references: Soft: 167, Weak: 928, Final: 0, Phantom: 3
[3.685s][info][gc,ref      ] GC(70) Discovered  references: Soft: 0, Weak: 420, Final: 0, Phantom: 2
[3.685s][info][gc,ref      ] GC(70) Enqueued    references: Soft: 0, Weak: 0, Final: 0, Phantom: 0
[3.685s][info][gc          ] GC(70) Concurrent weak references 0.039ms
[3.685s][info][gc,start    ] GC(70) Concurrent weak roots
[3.685s][info][gc,task     ] GC(70) Using 8 of 16 workers for concurrent weak root
[3.685s][info][gc          ] GC(70) Concurrent weak roots 0.131ms
[3.685s][info][gc,start    ] GC(70) Concurrent cleanup
[3.686s][info][gc          ] GC(70) Concurrent cleanup 344M->109M(400M) 0.070ms
[3.686s][info][gc,ergo     ] GC(70) Free: 270M, Max: 256K regular, 66816K humongous, Frag: 76% external, 0% internal; Reserve: 20480K, Max: 256K
[3.686s][info][gc,start    ] GC(70) Concurrent class unloading
[3.686s][info][gc,task     ] GC(70) Using 8 of 16 workers for concurrent class unloading
[3.686s][info][gc          ] GC(70) Concurrent class unloading 0.325ms
[3.686s][info][gc,start    ] GC(70) Pause Final Roots
[3.686s][info][gc          ] GC(70) Pause Final Roots 0.010ms
[3.686s][info][gc,ergo     ] Free: 270M, Max: 256K regular, 66816K humongous, Frag: 76% external, 0% internal; Reserve: 20480K, Max: 256K
[3.686s][info][gc,stats    ] 
[3.686s][info][gc,stats    ] All times are wall-clock times, except per-root-class counters, that are sum over
[3.686s][info][gc,stats    ] all workers. Dividing the <total> over the root stage time estimates parallelism.
[3.686s][info][gc,stats    ] 
[3.686s][info][gc,stats    ] Concurrent Reset                    299 us
[3.686s][info][gc,stats    ] Pause Init Mark (G)                 144 us
[3.686s][info][gc,stats    ] Pause Init Mark (N)                  40 us
[3.686s][info][gc,stats    ]   Update Region States               14 us
[3.686s][info][gc,stats    ] Concurrent Mark Roots               106 us, parallelism: 1.68x
[3.686s][info][gc,stats    ]   CMR: <total>                      179 us
[3.686s][info][gc,stats    ]   CMR: Thread Roots                 107 us, workers (us):  27,   0,  16,  13,  12,  12,  11,  16, ---, ---, ---, ---, ---, ---, ---, ---, 
[3.686s][info][gc,stats    ]   CMR: VM Strong Roots                6 us, workers (us):   4,   1,   0,   0,   0,   0,   0,   0, ---, ---, ---, ---, ---, ---, ---, ---, 
[3.686s][info][gc,stats    ]   CMR: CLDG Roots                    66 us, workers (us):   2,  61,   4, ---, ---, ---, ---, ---, ---, ---, ---, ---, ---, ---, ---, ---, 
[3.686s][info][gc,stats    ] Concurrent Marking                14017 us
[3.686s][info][gc,stats    ] Pause Final Mark (G)                124 us
[3.686s][info][gc,stats    ] Pause Final Mark (N)                110 us
[3.686s][info][gc,stats    ]   Finish Mark                        62 us
[3.686s][info][gc,stats    ]   Update Region States               11 us
[3.686s][info][gc,stats    ]   Choose Collection Set              19 us
[3.686s][info][gc,stats    ]   Rebuild Free Set                    4 us
[3.686s][info][gc,stats    ] Concurrent Weak References           40 us, parallelism: 0.59x
[3.686s][info][gc,stats    ]   CWRF: <total>                      24 us
[3.686s][info][gc,stats    ]   CWRF: Weak References              24 us, workers (us):  20,   2,   1,   0,   0,   0,   0,   0, ---, ---, ---, ---, ---, ---, ---, ---, 
[3.686s][info][gc,stats    ] Concurrent Weak Roots               133 us
[3.686s][info][gc,stats    ]   Roots                             104 us, parallelism: 4.73x
[3.686s][info][gc,stats    ]     CWR: <total>                    491 us
[3.686s][info][gc,stats    ]     CWR: Code Cache Roots           396 us, workers (us):  59,  60,  70,  63,   5,  59,  71,  10, ---, ---, ---, ---, ---, ---, ---, ---, 
[3.686s][info][gc,stats    ]     CWR: VM Weak Roots               82 us, workers (us):  12,  12,  11,  11,  10,  10,   9,   6, ---, ---, ---, ---, ---, ---, ---, ---, 
[3.686s][info][gc,stats    ]     CWR: CLDG Roots                  12 us, workers (us): ---, ---,   3, ---,   3, ---,   3,   3, ---, ---, ---, ---, ---, ---, ---, ---, 
[3.686s][info][gc,stats    ]   Rendezvous                         24 us
[3.686s][info][gc,stats    ] Concurrent Cleanup                   72 us
[3.686s][info][gc,stats    ] Concurrent Class Unloading          328 us
[3.686s][info][gc,stats    ]   Unlink Stale                      305 us
[3.686s][info][gc,stats    ]     System Dictionary                 2 us
[3.686s][info][gc,stats    ]     Weak Class Links                  0 us
[3.686s][info][gc,stats    ]     Code Roots                      302 us
[3.686s][info][gc,stats    ]   Rendezvous                         14 us
[3.686s][info][gc,stats    ]   Purge Unlinked                      3 us
[3.686s][info][gc,stats    ]     Code Roots                        1 us
[3.686s][info][gc,stats    ]     CLDG                              2 us
[3.686s][info][gc,stats    ]     Exception Caches                  0 us
[3.686s][info][gc,stats    ] Pause Final Roots (G)                89 us
[3.686s][info][gc,stats    ] Pause Final Roots (N)                13 us
[3.686s][info][gc,stats    ] Pacing                           683985 us
[3.686s][info][gc,stats    ] 
[3.686s][info][gc,stats    ] Allocation pacing accrued:
[3.686s][info][gc,stats    ]     114 of   121 ms ( 94.3%): pool-1-thread-1
[3.686s][info][gc,stats    ]     114 of   121 ms ( 94.3%): pool-1-thread-2
[3.686s][info][gc,stats    ]     114 of   121 ms ( 94.3%): pool-1-thread-3
[3.686s][info][gc,stats    ]     114 of   121 ms ( 94.1%): pool-1-thread-4
[3.686s][info][gc,stats    ]     114 of   121 ms ( 94.7%): pool-1-thread-5
[3.686s][info][gc,stats    ]     114 of   121 ms ( 94.8%): pool-1-thread-6
[3.686s][info][gc,stats    ]     684 of   121 ms (566.5%): <total>
[3.686s][info][gc,stats    ]      38 of   121 ms ( 31.5%): <average total>
[3.686s][info][gc,stats    ]     114 of   121 ms ( 94.4%): <average non-zero>
[3.686s][info][gc,stats    ] 
[3.686s][info][gc,metaspace] Metaspace: 10591K(10880K)->10591K(10880K) NonClass: 9360K(9536K)->9360K(9536K) Class: 1230K(1344K)->1230K(1344K)
[3.686s][info][gc,ergo     ] Pacer for Idle. Initial: 8192K, Alloc Tax Rate: 1.0x
[3.730s][info][gc          ] Trigger: Average GC time (16.08 ms) is above the time for average allocation rate (2425 MB/s) to deplete free headroom (37888K) (margin of error = 1.77)
[3.730s][info][gc,ergo     ] Free headroom: 58368K (free) - 20480K (spike) - 0B (penalties) = 37888K
[3.730s][info][gc,ergo     ] Free: 58368K, Max: 256K regular, 36608K humongous, Frag: 38% external, 0% internal; Reserve: 20480K, Max: 256K
[3.730s][info][gc,start    ] GC(71) Concurrent reset
[3.730s][info][gc,task     ] GC(71) Using 8 of 16 workers for concurrent reset
[3.730s][info][gc,ergo     ] GC(71) Pacer for Reset. Non-Taxable: 400M
[3.730s][info][gc          ] GC(71) Concurrent reset 0.121ms
[3.730s][info][gc,start    ] GC(71) Pause Init Mark (unload classes)
[3.730s][info][gc,task     ] GC(71) Using 13 of 16 workers for init marking
[3.730s][info][gc,ergo     ] GC(71) Pacer for Mark. Expected Live: 101331K, Free: 58368K, Non-Taxable: 5836K, Alloc Tax Rate: 2.1x
[3.730s][info][gc          ] GC(71) Pause Init Mark (unload classes) 0.025ms
[3.730s][info][gc,start    ] GC(71) Concurrent marking roots
[3.730s][info][gc,task     ] GC(71) Using 8 of 16 workers for concurrent marking roots
[3.730s][info][gc          ] GC(71) Concurrent marking roots 0.056ms
[3.730s][info][gc,start    ] GC(71) Concurrent marking (unload classes)
[3.730s][info][gc,task     ] GC(71) Using 8 of 16 workers for concurrent marking
[3.744s][info][gc          ] GC(71) Concurrent marking (unload classes) 13.845ms
[3.744s][info][gc,start    ] GC(71) Pause Final Mark (unload classes)
[3.744s][info][gc,task     ] GC(71) Using 13 of 16 workers for final marking
[3.744s][info][gc,ergo     ] GC(71) Collectable Garbage: 219M (97%), Immediate: 219M (97%), CSet: 0B (0%)
[3.744s][info][gc          ] GC(71) Pause Final Mark (unload classes) 0.117ms
[3.744s][info][gc,start    ] GC(71) Concurrent weak references
[3.744s][info][gc,task     ] GC(71) Using 8 of 16 workers for concurrent weak references
[3.744s][info][gc,ref      ] GC(71) Encountered references: Soft: 167, Weak: 928, Final: 0, Phantom: 3
[3.744s][info][gc,ref      ] GC(71) Discovered  references: Soft: 0, Weak: 499, Final: 0, Phantom: 2
[3.744s][info][gc,ref      ] GC(71) Enqueued    references: Soft: 0, Weak: 0, Final: 0, Phantom: 0
[3.744s][info][gc          ] GC(71) Concurrent weak references 0.041ms
[3.744s][info][gc,start    ] GC(71) Concurrent weak roots
[3.744s][info][gc,task     ] GC(71) Using 8 of 16 workers for concurrent weak root
[3.745s][info][gc          ] GC(71) Concurrent weak roots 0.135ms
[3.745s][info][gc,start    ] GC(71) Concurrent cleanup
[3.745s][info][gc          ] GC(71) Concurrent cleanup 331M->112M(400M) 0.075ms
[3.745s][info][gc,ergo     ] GC(71) Free: 268M, Max: 256K regular, 53248K humongous, Frag: 81% external, 0% internal; Reserve: 20480K, Max: 256K
[3.745s][info][gc,start    ] GC(71) Concurrent class unloading
[3.745s][info][gc,task     ] GC(71) Using 8 of 16 workers for concurrent class unloading
[3.745s][info][gc          ] GC(71) Concurrent class unloading 0.336ms
[3.745s][info][gc,start    ] GC(71) Pause Final Roots
[3.745s][info][gc          ] GC(71) Pause Final Roots 0.009ms
[3.745s][info][gc,ergo     ] Free: 268M, Max: 256K regular, 53248K humongous, Frag: 81% external, 0% internal; Reserve: 20480K, Max: 256K
[3.745s][info][gc,stats    ] 
[3.745s][info][gc,stats    ] All times are wall-clock times, except per-root-class counters, that are sum over
[3.745s][info][gc,stats    ] all workers. Dividing the <total> over the root stage time estimates parallelism.
[3.745s][info][gc,stats    ] 
[3.745s][info][gc,stats    ] Concurrent Reset                    123 us
[3.745s][info][gc,stats    ] Pause Init Mark (G)                  52 us
[3.745s][info][gc,stats    ] Pause Init Mark (N)                  27 us
[3.745s][info][gc,stats    ]   Update Region States                7 us
[3.745s][info][gc,stats    ] Concurrent Mark Roots                58 us, parallelism: 2.11x
[3.745s][info][gc,stats    ]   CMR: <total>                      123 us
[3.745s][info][gc,stats    ]   CMR: Thread Roots                  81 us, workers (us):   0,  16,  14,  12,  13,  10,   8,   7, ---, ---, ---, ---, ---, ---, ---, ---, 
[3.745s][info][gc,stats    ]   CMR: VM Strong Roots                5 us, workers (us):   2,   2,   0,   0,   0,   0,   0,   0, ---, ---, ---, ---, ---, ---, ---, ---, 
[3.745s][info][gc,stats    ]   CMR: CLDG Roots                    37 us, workers (us):  30,   2,   2,   3, ---, ---, ---, ---, ---, ---, ---, ---, ---, ---, ---, ---, 
[3.745s][info][gc,stats    ] Concurrent Marking                13862 us
[3.745s][info][gc,stats    ] Pause Final Mark (G)                133 us
[3.745s][info][gc,stats    ] Pause Final Mark (N)                119 us
[3.745s][info][gc,stats    ]   Finish Mark                        70 us
[3.745s][info][gc,stats    ]   Update Region States               13 us
[3.745s][info][gc,stats    ]   Choose Collection Set              19 us
[3.745s][info][gc,stats    ]   Rebuild Free Set                    4 us
[3.745s][info][gc,stats    ] Concurrent Weak References           43 us, parallelism: 0.59x
[3.745s][info][gc,stats    ]   CWRF: <total>                      25 us
[3.745s][info][gc,stats    ]   CWRF: Weak References              25 us, workers (us):  23,   2,   0,   0,   0,   0,   0,   0, ---, ---, ---, ---, ---, ---, ---, ---, 
[3.745s][info][gc,stats    ] Concurrent Weak Roots               137 us
[3.745s][info][gc,stats    ]   Roots                             108 us, parallelism: 4.17x
[3.745s][info][gc,stats    ]     CWR: <total>                    450 us
[3.745s][info][gc,stats    ]     CWR: Code Cache Roots           353 us, workers (us):  58,   1,  13,  66,  69,  39,  41,  66, ---, ---, ---, ---, ---, ---, ---, ---, 
[3.745s][info][gc,stats    ]     CWR: VM Weak Roots               84 us, workers (us):  17,  15,  15,  14,  11,   5,   4,   2, ---, ---, ---, ---, ---, ---, ---, ---, 
[3.745s][info][gc,stats    ]     CWR: CLDG Roots                  14 us, workers (us): ---,   4, ---,   4,   4, ---, ---,   3, ---, ---, ---, ---, ---, ---, ---, ---, 
[3.745s][info][gc,stats    ]   Rendezvous                         24 us
[3.745s][info][gc,stats    ] Concurrent Cleanup                   91 us
[3.745s][info][gc,stats    ] Concurrent Class Unloading          339 us
[3.745s][info][gc,stats    ]   Unlink Stale                      300 us
[3.745s][info][gc,stats    ]     System Dictionary                 4 us
[3.745s][info][gc,stats    ]     Weak Class Links                  0 us
[3.745s][info][gc,stats    ]     Code Roots                      295 us
[3.745s][info][gc,stats    ]   Rendezvous                         28 us
[3.745s][info][gc,stats    ]   Purge Unlinked                      3 us
[3.745s][info][gc,stats    ]     Code Roots                        0 us
[3.745s][info][gc,stats    ]     CLDG                              2 us
[3.745s][info][gc,stats    ]     Exception Caches                  0 us
[3.745s][info][gc,stats    ] Pause Final Roots (G)                30 us
[3.745s][info][gc,stats    ] Pause Final Roots (N)                13 us
[3.745s][info][gc,stats    ] Pacing                           275246 us
[3.745s][info][gc,stats    ] 
[3.745s][info][gc,stats    ] Allocation pacing accrued:
[3.745s][info][gc,stats    ]      55 of    59 ms ( 93.6%): pool-1-thread-2
[3.745s][info][gc,stats    ]      55 of    59 ms ( 93.5%): pool-1-thread-3
[3.745s][info][gc,stats    ]      55 of    59 ms ( 93.6%): pool-1-thread-4
[3.745s][info][gc,stats    ]      55 of    59 ms ( 93.4%): pool-1-thread-5
[3.745s][info][gc,stats    ]      54 of    59 ms ( 91.5%): pool-1-thread-6
[3.745s][info][gc,stats    ]     275 of    59 ms (465.6%): <total>
[3.745s][info][gc,stats    ]      16 of    59 ms ( 27.4%): <average total>
[3.745s][info][gc,stats    ]      55 of    59 ms ( 93.1%): <average non-zero>
[3.745s][info][gc,stats    ] 
[3.745s][info][gc,metaspace] Metaspace: 10591K(10880K)->10591K(10880K) NonClass: 9360K(9536K)->9360K(9536K) Class: 1230K(1344K)->1230K(1344K)
[3.745s][info][gc,ergo     ] Pacer for Idle. Initial: 8192K, Alloc Tax Rate: 1.0x
[3.842s][info][gc          ] Trigger: Average GC time (15.72 ms) is above the time for average allocation rate (2316 MB/s) to deplete free headroom (29696K) (margin of error = 1.77)
[3.842s][info][gc,ergo     ] Free headroom: 50176K (free) - 20480K (spike) - 0B (penalties) = 29696K
[3.842s][info][gc,ergo     ] Free: 49664K, Max: 256K regular, 48384K humongous, Frag: 3% external, 0% internal; Reserve: 20480K, Max: 256K
[3.842s][info][gc,start    ] GC(72) Concurrent reset
[3.842s][info][gc,task     ] GC(72) Using 8 of 16 workers for concurrent reset
[3.842s][info][gc,ergo     ] GC(72) Pacer for Reset. Non-Taxable: 400M
[3.842s][info][gc          ] GC(72) Concurrent reset 0.172ms
[3.842s][info][gc,start    ] GC(72) Pause Init Mark (unload classes)
[3.842s][info][gc,task     ] GC(72) Using 11 of 16 workers for init marking
[3.842s][info][gc,ergo     ] GC(72) Pacer for Mark. Expected Live: 101227K, Free: 47616K, Non-Taxable: 4761K, Alloc Tax Rate: 2.6x
[3.842s][info][gc          ] GC(72) Pause Init Mark (unload classes) 0.034ms
[3.842s][info][gc,start    ] GC(72) Concurrent marking roots
[3.842s][info][gc,task     ] GC(72) Using 8 of 16 workers for concurrent marking roots
[3.842s][info][gc          ] GC(72) Concurrent marking roots 0.058ms
[3.842s][info][gc,start    ] GC(72) Concurrent marking (unload classes)
[3.842s][info][gc,task     ] GC(72) Using 8 of 16 workers for concurrent marking
[3.856s][info][gc          ] GC(72) Concurrent marking (unload classes) 13.318ms
[3.856s][info][gc,start    ] GC(72) Pause Final Mark (unload classes)
[3.856s][info][gc,task     ] GC(72) Using 11 of 16 workers for final marking
[3.856s][info][gc,ergo     ] GC(72) Collectable Garbage: 229M (97%), Immediate: 229M (97%), CSet: 0B (0%)
[3.856s][info][gc          ] GC(72) Pause Final Mark (unload classes) 0.114ms
[3.856s][info][gc,start    ] GC(72) Concurrent weak references
[3.856s][info][gc,task     ] GC(72) Using 8 of 16 workers for concurrent weak references
[3.856s][info][gc,ref      ] GC(72) Encountered references: Soft: 167, Weak: 928, Final: 0, Phantom: 3
[3.856s][info][gc,ref      ] GC(72) Discovered  references: Soft: 0, Weak: 462, Final: 0, Phantom: 2
[3.856s][info][gc,ref      ] GC(72) Enqueued    references: Soft: 0, Weak: 0, Final: 0, Phantom: 0
[3.856s][info][gc          ] GC(72) Concurrent weak references 0.033ms
[3.856s][info][gc,start    ] GC(72) Concurrent weak roots
[3.856s][info][gc,task     ] GC(72) Using 8 of 16 workers for concurrent weak root
[3.856s][info][gc          ] GC(72) Concurrent weak roots 0.139ms
[3.856s][info][gc,start    ] GC(72) Concurrent cleanup
[3.856s][info][gc          ] GC(72) Concurrent cleanup 338M->109M(400M) 0.046ms
[3.856s][info][gc,ergo     ] GC(72) Free: 270M, Max: 256K regular, 53248K humongous, Frag: 81% external, 0% internal; Reserve: 20480K, Max: 256K
[3.856s][info][gc,start    ] GC(72) Concurrent class unloading
[3.856s][info][gc,task     ] GC(72) Using 8 of 16 workers for concurrent class unloading
[3.856s][info][gc          ] GC(72) Concurrent class unloading 0.248ms
[3.856s][info][gc,start    ] GC(72) Pause Final Roots
[3.856s][info][gc          ] GC(72) Pause Final Roots 0.004ms
[3.856s][info][gc,ergo     ] Free: 270M, Max: 256K regular, 53248K humongous, Frag: 81% external, 0% internal; Reserve: 20480K, Max: 256K
[3.856s][info][gc,stats    ] 
[3.856s][info][gc,stats    ] All times are wall-clock times, except per-root-class counters, that are sum over
[3.856s][info][gc,stats    ] all workers. Dividing the <total> over the root stage time estimates parallelism.
[3.856s][info][gc,stats    ] 
[3.856s][info][gc,stats    ] Concurrent Reset                    174 us
[3.856s][info][gc,stats    ] Pause Init Mark (G)                 135 us
[3.856s][info][gc,stats    ] Pause Init Mark (N)                  37 us
[3.856s][info][gc,stats    ]   Update Region States               12 us
[3.856s][info][gc,stats    ] Concurrent Mark Roots                61 us, parallelism: 1.95x
[3.856s][info][gc,stats    ]   CMR: <total>                      118 us
[3.856s][info][gc,stats    ]   CMR: Thread Roots                  74 us, workers (us):  17,  15,   0,   7,  10,  10,  10,   6, ---, ---, ---, ---, ---, ---, ---, ---, 
[3.856s][info][gc,stats    ]   CMR: VM Strong Roots                5 us, workers (us):   4,   0,   0,   0,   0,   0,   0,   0, ---, ---, ---, ---, ---, ---, ---, ---, 
[3.856s][info][gc,stats    ]   CMR: CLDG Roots                    39 us, workers (us):   1,   2,  35, ---, ---, ---, ---, ---, ---, ---, ---, ---, ---, ---, ---, ---, 
[3.856s][info][gc,stats    ] Concurrent Marking                13323 us
[3.856s][info][gc,stats    ] Pause Final Mark (G)                131 us
[3.856s][info][gc,stats    ] Pause Final Mark (N)                117 us
[3.856s][info][gc,stats    ]   Finish Mark                        63 us
[3.856s][info][gc,stats    ]   Update Region States                6 us
[3.856s][info][gc,stats    ]   Choose Collection Set              26 us
[3.856s][info][gc,stats    ]   Rebuild Free Set                    3 us
[3.856s][info][gc,stats    ] Concurrent Weak References           34 us, parallelism: 0.63x
[3.856s][info][gc,stats    ]   CWRF: <total>                      22 us
[3.856s][info][gc,stats    ]   CWRF: Weak References              22 us, workers (us):  20,   1,   0,   0,   0,   0,   0,   0, ---, ---, ---, ---, ---, ---, ---, ---, 
[3.856s][info][gc,stats    ] Concurrent Weak Roots               140 us
[3.856s][info][gc,stats    ]   Roots                             123 us, parallelism: 4.57x
[3.856s][info][gc,stats    ]     CWR: <total>                    560 us
[3.856s][info][gc,stats    ]     CWR: Code Cache Roots           465 us, workers (us):  66,  97,  64,   3,  15,  61,  73,  86, ---, ---, ---, ---, ---, ---, ---, ---, 
[3.856s][info][gc,stats    ]     CWR: VM Weak Roots               86 us, workers (us):  12,  11,  11,  11,  11,  11,   9,   9, ---, ---, ---, ---, ---, ---, ---, ---, 
[3.856s][info][gc,stats    ]     CWR: CLDG Roots                   8 us, workers (us):   2,   2,   2, ---, ---, ---,   2, ---, ---, ---, ---, ---, ---, ---, ---, ---, 
[3.856s][info][gc,stats    ]   Rendezvous                         14 us
[3.856s][info][gc,stats    ] Concurrent Cleanup                   48 us
[3.856s][info][gc,stats    ] Concurrent Class Unloading          249 us
[3.856s][info][gc,stats    ]   Unlink Stale                      235 us
[3.856s][info][gc,stats    ]     System Dictionary                 2 us
[3.856s][info][gc,stats    ]     Weak Class Links                  0 us
[3.856s][info][gc,stats    ]     Code Roots                      233 us
[3.856s][info][gc,stats    ]   Rendezvous                          6 us
[3.856s][info][gc,stats    ]   Purge Unlinked                      3 us
[3.856s][info][gc,stats    ]     Code Roots                        1 us
[3.856s][info][gc,stats    ]     CLDG                              2 us
[3.856s][info][gc,stats    ]     Exception Caches                  0 us
[3.856s][info][gc,stats    ] Pause Final Roots (G)                77 us
[3.856s][info][gc,stats    ] Pause Final Roots (N)                 5 us
[3.856s][info][gc,stats    ] Pacing                           307694 us
[3.856s][info][gc,stats    ] 
[3.856s][info][gc,stats    ] Allocation pacing accrued:
[3.856s][info][gc,stats    ]     103 of   111 ms ( 92.4%): pool-1-thread-3
[3.856s][info][gc,stats    ]     102 of   111 ms ( 91.9%): pool-1-thread-4
[3.856s][info][gc,stats    ]     103 of   111 ms ( 92.4%): pool-1-thread-6
[3.856s][info][gc,stats    ]     308 of   111 ms (276.7%): <total>
[3.856s][info][gc,stats    ]      21 of   111 ms ( 18.4%): <average total>
[3.856s][info][gc,stats    ]     103 of   111 ms ( 92.2%): <average non-zero>
[3.856s][info][gc,stats    ] 
[3.856s][info][gc,metaspace] Metaspace: 10591K(10880K)->10591K(10880K) NonClass: 9360K(9536K)->9360K(9536K) Class: 1230K(1344K)->1230K(1344K)
[3.856s][info][gc,ergo     ] Pacer for Idle. Initial: 8192K, Alloc Tax Rate: 1.0x
[3.944s][info][gc          ] Trigger: Average GC time (15.47 ms) is above the time for average allocation rate (2348 MB/s) to deplete free headroom (31488K) (margin of error = 1.76)
[3.944s][info][gc,ergo     ] Free headroom: 51968K (free) - 20480K (spike) - 0B (penalties) = 31488K
[3.944s][info][gc,ergo     ] Free: 51968K, Max: 256K regular, 42240K humongous, Frag: 19% external, 0% internal; Reserve: 20480K, Max: 256K
[3.944s][info][gc,start    ] GC(73) Concurrent reset
[3.944s][info][gc,task     ] GC(73) Using 8 of 16 workers for concurrent reset
[3.944s][info][gc,ergo     ] GC(73) Pacer for Reset. Non-Taxable: 400M
[3.944s][info][gc          ] GC(73) Concurrent reset 0.121ms
[3.944s][info][gc,start    ] GC(73) Pause Init Mark (unload classes)
[3.944s][info][gc,task     ] GC(73) Using 10 of 16 workers for init marking
[3.944s][info][gc,ergo     ] GC(73) Pacer for Mark. Expected Live: 101191K, Free: 51968K, Non-Taxable: 5196K, Alloc Tax Rate: 2.4x
[3.944s][info][gc          ] GC(73) Pause Init Mark (unload classes) 0.022ms
[3.944s][info][gc,start    ] GC(73) Concurrent marking roots
[3.944s][info][gc,task     ] GC(73) Using 8 of 16 workers for concurrent marking roots
[3.944s][info][gc          ] GC(73) Concurrent marking roots 0.051ms
[3.944s][info][gc,start    ] GC(73) Concurrent marking (unload classes)
[3.944s][info][gc,task     ] GC(73) Using 8 of 16 workers for concurrent marking
[3.957s][info][gc          ] GC(73) Concurrent marking (unload classes) 13.532ms
[3.957s][info][gc,start    ] GC(73) Pause Final Mark (unload classes)
[3.957s][info][gc,task     ] GC(73) Using 10 of 16 workers for final marking
[3.957s][info][gc,ergo     ] GC(73) Collectable Garbage: 225M (97%), Immediate: 225M (97%), CSet: 0B (0%)
[3.958s][info][gc          ] GC(73) Pause Final Mark (unload classes) 0.074ms
[3.958s][info][gc,start    ] GC(73) Concurrent weak references
[3.958s][info][gc,task     ] GC(73) Using 8 of 16 workers for concurrent weak references
[3.958s][info][gc,ref      ] GC(73) Encountered references: Soft: 167, Weak: 928, Final: 0, Phantom: 3
[3.958s][info][gc,ref      ] GC(73) Discovered  references: Soft: 0, Weak: 499, Final: 0, Phantom: 2
[3.958s][info][gc,ref      ] GC(73) Enqueued    references: Soft: 0, Weak: 0, Final: 0, Phantom: 0
[3.958s][info][gc          ] GC(73) Concurrent weak references 0.040ms
[3.958s][info][gc,start    ] GC(73) Concurrent weak roots
[3.958s][info][gc,task     ] GC(73) Using 8 of 16 workers for concurrent weak root
[3.958s][info][gc          ] GC(73) Concurrent weak roots 0.127ms
[3.958s][info][gc,start    ] GC(73) Concurrent cleanup
[3.958s][info][gc          ] GC(73) Concurrent cleanup 334M->109M(400M) 0.040ms
[3.958s][info][gc,ergo     ] GC(73) Free: 270M, Max: 256K regular, 53248K humongous, Frag: 81% external, 0% internal; Reserve: 20480K, Max: 256K
[3.958s][info][gc,start    ] GC(73) Concurrent class unloading
[3.958s][info][gc,task     ] GC(73) Using 8 of 16 workers for concurrent class unloading
[3.958s][info][gc          ] GC(73) Concurrent class unloading 0.266ms
[3.958s][info][gc,start    ] GC(73) Pause Final Roots
[3.958s][info][gc          ] GC(73) Pause Final Roots 0.003ms
[3.958s][info][gc,ergo     ] Free: 270M, Max: 256K regular, 53248K humongous, Frag: 81% external, 0% internal; Reserve: 20480K, Max: 256K
[3.958s][info][gc,stats    ] 
[3.958s][info][gc,stats    ] All times are wall-clock times, except per-root-class counters, that are sum over
[3.958s][info][gc,stats    ] all workers. Dividing the <total> over the root stage time estimates parallelism.
[3.958s][info][gc,stats    ] 
[3.958s][info][gc,stats    ] Concurrent Reset                    123 us
[3.958s][info][gc,stats    ] Pause Init Mark (G)                  50 us
[3.958s][info][gc,stats    ] Pause Init Mark (N)                  35 us
[3.958s][info][gc,stats    ]   Update Region States                5 us
[3.958s][info][gc,stats    ] Concurrent Mark Roots                53 us, parallelism: 2.01x
[3.958s][info][gc,stats    ]   CMR: <total>                      106 us
[3.958s][info][gc,stats    ]   CMR: Thread Roots                  69 us, workers (us):   0,  16,   9,   9,  13,   7,  14,   0, ---, ---, ---, ---, ---, ---, ---, ---, 
[3.958s][info][gc,stats    ]   CMR: VM Strong Roots                6 us, workers (us):   1,   2,   1,   1,   0,   0,   0,   0, ---, ---, ---, ---, ---, ---, ---, ---, 
[3.958s][info][gc,stats    ]   CMR: CLDG Roots                    31 us, workers (us):  26, ---,   1,   1,   2, ---, ---, ---, ---, ---, ---, ---, ---, ---, ---, ---, 
[3.958s][info][gc,stats    ] Concurrent Marking                13548 us
[3.958s][info][gc,stats    ] Pause Final Mark (G)                 85 us
[3.958s][info][gc,stats    ] Pause Final Mark (N)                 76 us
[3.958s][info][gc,stats    ]   Finish Mark                        41 us
[3.958s][info][gc,stats    ]   Update Region States                5 us
[3.958s][info][gc,stats    ]   Choose Collection Set               9 us
[3.958s][info][gc,stats    ]   Rebuild Free Set                    3 us
[3.958s][info][gc,stats    ] Concurrent Weak References           41 us, parallelism: 0.65x
[3.958s][info][gc,stats    ]   CWRF: <total>                      27 us
[3.958s][info][gc,stats    ]   CWRF: Weak References              27 us, workers (us):   2,  23,   0,   0,   0,   0,   0,   0, ---, ---, ---, ---, ---, ---, ---, ---, 
[3.958s][info][gc,stats    ] Concurrent Weak Roots               141 us
[3.958s][info][gc,stats    ]   Roots                             118 us, parallelism: 4.51x
[3.958s][info][gc,stats    ]     CWR: <total>                    531 us
[3.958s][info][gc,stats    ]     CWR: Code Cache Roots           404 us, workers (us):  82,  68,   1,  63,   9,  69,  58,  55, ---, ---, ---, ---, ---, ---, ---, ---, 
[3.958s][info][gc,stats    ]     CWR: VM Weak Roots              116 us, workers (us):  16,  16,  14,  14,  14,  14,  14,  13, ---, ---, ---, ---, ---, ---, ---, ---, 
[3.958s][info][gc,stats    ]     CWR: CLDG Roots                  11 us, workers (us): ---, ---,   3,   3,   2,   3, ---, ---, ---, ---, ---, ---, ---, ---, ---, ---, 
[3.958s][info][gc,stats    ]   Rendezvous                          6 us
[3.958s][info][gc,stats    ] Concurrent Cleanup                   42 us
[3.958s][info][gc,stats    ] Concurrent Class Unloading          268 us
[3.958s][info][gc,stats    ]   Unlink Stale                      254 us
[3.958s][info][gc,stats    ]     System Dictionary                 3 us
[3.958s][info][gc,stats    ]     Weak Class Links                  0 us
[3.958s][info][gc,stats    ]     Code Roots                      250 us
[3.958s][info][gc,stats    ]   Rendezvous                          5 us
[3.958s][info][gc,stats    ]   Purge Unlinked                      2 us
[3.958s][info][gc,stats    ]     Code Roots                        0 us
[3.958s][info][gc,stats    ]     CLDG                              2 us
[3.958s][info][gc,stats    ]     Exception Caches                  0 us
[3.958s][info][gc,stats    ] Pause Final Roots (G)                72 us
[3.958s][info][gc,stats    ] Pause Final Roots (N)                 5 us
[3.958s][info][gc,stats    ] Pacing                           173417 us
[3.958s][info][gc,stats    ] 
[3.958s][info][gc,stats    ] Allocation pacing accrued:
[3.958s][info][gc,stats    ]      87 of   102 ms ( 85.3%): pool-1-thread-3
[3.958s][info][gc,stats    ]      87 of   102 ms ( 85.2%): pool-1-thread-6
[3.958s][info][gc,stats    ]     173 of   102 ms (170.4%): <total>
[3.958s][info][gc,stats    ]      12 of   102 ms ( 12.2%): <average total>
[3.958s][info][gc,stats    ]      87 of   102 ms ( 85.2%): <average non-zero>
[3.958s][info][gc,stats    ] 
[3.958s][info][gc,metaspace] Metaspace: 10591K(10880K)->10591K(10880K) NonClass: 9360K(9536K)->9360K(9536K) Class: 1230K(1344K)->1230K(1344K)
[3.958s][info][gc,ergo     ] Pacer for Idle. Initial: 8192K, Alloc Tax Rate: 1.0x
[4.013s][info][gc          ] Cancelling GC: Stopping VM
[4.014s][info][gc,heap,exit] Heap
[4.014s][info][gc,heap,exit] Shenandoah Heap
[4.014s][info][gc,heap,exit]  400M max, 400M soft max, 400M committed, 258M used
[4.014s][info][gc,heap,exit]  1600 x 256K regions
[4.014s][info][gc,heap,exit] Status: cancelled
[4.014s][info][gc,heap,exit] Reserved region:
[4.014s][info][gc,heap,exit]  - [0x00000000e7000000, 0x0000000100000000) 
[4.014s][info][gc,heap,exit] Collection set:
[4.014s][info][gc,heap,exit]  - map (vanilla): 0x00000000000139c0
[4.014s][info][gc,heap,exit]  - map (biased):  0x0000000000010000
[4.014s][info][gc,heap,exit] 
[4.014s][info][gc,heap,exit]  Metaspace       used 10603K, committed 10880K, reserved 1114112K
[4.014s][info][gc,heap,exit]   class space    used 1233K, committed 1344K, reserved 1048576K
[4.014s][info][gc,stats    ] 
[4.014s][info][gc,stats    ] GC STATISTICS:
[4.014s][info][gc,stats    ]   "(G)" (gross) pauses include VM time: time to notify and block threads, do the pre-
[4.014s][info][gc,stats    ]         and post-safepoint housekeeping. Use -Xlog:safepoint+stats to dissect.
[4.014s][info][gc,stats    ]   "(N)" (net) pauses are the times spent in the actual GC code.
[4.014s][info][gc,stats    ]   "a" is average time for each phase, look at levels to see if average makes sense.
[4.014s][info][gc,stats    ]   "lvls" are quantiles: 0% (minimum), 25%, 50% (median), 75%, 100% (maximum).
[4.014s][info][gc,stats    ] 
[4.014s][info][gc,stats    ]   All times are wall-clock times, except per-root-class counters, that are sum over
[4.014s][info][gc,stats    ]   all workers. Dividing the <total> over the root stage time estimates parallelism.
[4.014s][info][gc,stats    ] 
[4.014s][info][gc,stats    ]   Pacing delays are measured from entering the pacing code till exiting it. Therefore,
[4.014s][info][gc,stats    ]   observed pacing delays may be higher than the threshold when paced thread spent more
[4.014s][info][gc,stats    ]   time in the pacing code. It usually happens when thread is de-scheduled while paced,
[4.014s][info][gc,stats    ]   OS takes longer to unblock the thread, or JVM experiences an STW pause.
[4.014s][info][gc,stats    ] 
[4.014s][info][gc,stats    ]   Higher delay would prevent application outpacing the GC, but it will hide the GC latencies
[4.014s][info][gc,stats    ]   from the STW pause times. Pacing affects the individual threads, and so it would also be
[4.014s][info][gc,stats    ]   invisible to the usual profiling tools, but would add up to end-to-end application latency.
[4.014s][info][gc,stats    ]   Raise max pacing delay with care.
[4.014s][info][gc,stats    ] 
[4.014s][info][gc,stats    ] Concurrent Reset               =    0.031 s (a =      421 us) (n =    73) (lvls, us =      107,      178,      340,      609,     1293)
[4.014s][info][gc,stats    ] Pause Init Mark (G)            =    0.009 s (a =      123 us) (n =    73) (lvls, us =       32,       73,      119,      152,      378)
[4.014s][info][gc,stats    ] Pause Init Mark (N)            =    0.003 s (a =       36 us) (n =    73) (lvls, us =       11,       21,       27,       37,      317)
[4.014s][info][gc,stats    ]   Update Region States         =    0.000 s (a =        6 us) (n =    73) (lvls, us =        2,        4,        5,        6,       36)
[4.014s][info][gc,stats    ] Concurrent Mark Roots          =    0.008 s (a =      113 us) (n =    73) (lvls, us =       48,       72,      105,      137,      286)
[4.014s][info][gc,stats    ]   CMR: <total>                 =    0.019 s (a =      263 us) (n =    73) (lvls, us =      105,      172,      232,      295,      910)
[4.014s][info][gc,stats    ]   CMR: Thread Roots            =    0.013 s (a =      181 us) (n =    73) (lvls, us =       50,      113,      158,      209,      549)
[4.014s][info][gc,stats    ]   CMR: VM Strong Roots         =    0.001 s (a =       14 us) (n =    73) (lvls, us =        3,        7,       10,       14,      145)
[4.014s][info][gc,stats    ]   CMR: CLDG Roots              =    0.005 s (a =       68 us) (n =    73) (lvls, us =       23,       41,       56,       75,      216)
[4.014s][info][gc,stats    ] Concurrent Marking             =    1.383 s (a =    19215 us) (n =    72) (lvls, us =     7480,    16406,    19141,    21875,    29600)
[4.014s][info][gc,stats    ] Pause Final Mark (G)           =    0.009 s (a =      122 us) (n =    72) (lvls, us =       69,       98,      113,      133,      302)
[4.014s][info][gc,stats    ] Pause Final Mark (N)           =    0.008 s (a =      105 us) (n =    72) (lvls, us =       63,       86,      100,      111,      255)
[4.014s][info][gc,stats    ]   Finish Mark                  =    0.004 s (a =       56 us) (n =    72) (lvls, us =       28,       43,       53,       62,      203)
[4.014s][info][gc,stats    ]   Update Region States         =    0.001 s (a =        9 us) (n =    72) (lvls, us =        5,        6,        8,       11,       26)
[4.014s][info][gc,stats    ]   Choose Collection Set        =    0.001 s (a =       18 us) (n =    72) (lvls, us =        9,       12,       15,       18,       57)
[4.014s][info][gc,stats    ]   Rebuild Free Set             =    0.000 s (a =        4 us) (n =    72) (lvls, us =        3,        4,        4,        5,        8)
[4.014s][info][gc,stats    ] Concurrent Thread Roots        =    0.000 s (a =       57 us) (n =     6) (lvls, us =       35,       35,       47,       66,       89)
[4.014s][info][gc,stats    ]   CTR: <total>                 =    0.001 s (a =      186 us) (n =     6) (lvls, us =       57,       57,      104,      127,      484)
[4.014s][info][gc,stats    ]   CTR: Thread Roots            =    0.001 s (a =      186 us) (n =     6) (lvls, us =       57,       57,      104,      127,      484)
[4.014s][info][gc,stats    ] Concurrent Weak References     =    0.004 s (a =       53 us) (n =    72) (lvls, us =       17,       41,       47,       54,      167)
[4.014s][info][gc,stats    ]   CWRF: <total>                =    0.003 s (a =       35 us) (n =    72) (lvls, us =        3,       24,       28,       37,      124)
[4.014s][info][gc,stats    ]   CWRF: Weak References        =    0.003 s (a =       35 us) (n =    72) (lvls, us =        3,       24,       28,       37,      124)
[4.014s][info][gc,stats    ] Concurrent Weak Roots          =    0.013 s (a =      179 us) (n =    72) (lvls, us =      107,      129,      143,      178,      666)
[4.014s][info][gc,stats    ]   Roots                        =    0.012 s (a =      162 us) (n =    72) (lvls, us =       99,      113,      127,      160,      623)
[4.014s][info][gc,stats    ]     CWR: <total>               =    0.053 s (a =      731 us) (n =    72) (lvls, us =      449,      518,      568,      785,     2685)
[4.014s][info][gc,stats    ]     CWR: Code Cache Roots      =    0.043 s (a =      602 us) (n =    72) (lvls, us =      352,      404,      461,      604,     2404)
[4.014s][info][gc,stats    ]     CWR: VM Weak Roots         =    0.008 s (a =      114 us) (n =    72) (lvls, us =       80,       88,       94,      115,      472)
[4.014s][info][gc,stats    ]     CWR: CLDG Roots            =    0.001 s (a =       15 us) (n =    72) (lvls, us =        7,       10,       13,       17,       50)
[4.014s][info][gc,stats    ]   Rendezvous                   =    0.001 s (a =       11 us) (n =    72) (lvls, us =        5,        6,        8,       13,       39)
[4.014s][info][gc,stats    ] Concurrent Cleanup             =    0.004 s (a =       54 us) (n =    72) (lvls, us =       22,       41,       44,       63,      180)
[4.014s][info][gc,stats    ] Concurrent Class Unloading     =    0.025 s (a =      352 us) (n =    72) (lvls, us =      230,      270,      311,      355,      930)
[4.014s][info][gc,stats    ]   Unlink Stale                 =    0.024 s (a =      327 us) (n =    72) (lvls, us =      219,      254,      291,      334,      893)
[4.014s][info][gc,stats    ]     System Dictionary          =    0.000 s (a =        2 us) (n =    72) (lvls, us =        1,        2,        2,        2,        5)
[4.014s][info][gc,stats    ]     Weak Class Links           =    0.000 s (a =        0 us) (n =    72) (lvls, us =        0,        0,        0,        0,        1)
[4.014s][info][gc,stats    ]     Code Roots                 =    0.023 s (a =      324 us) (n =    72) (lvls, us =      217,      250,      289,      332,      889)
[4.014s][info][gc,stats    ]   Rendezvous                   =    0.001 s (a =        9 us) (n =    72) (lvls, us =        5,        6,        7,        9,       28)
[4.014s][info][gc,stats    ]   Purge Unlinked               =    0.001 s (a =        8 us) (n =    72) (lvls, us =        2,        2,        3,        3,      344)
[4.014s][info][gc,stats    ]     Code Roots                 =    0.000 s (a =        6 us) (n =    72) (lvls, us =        0,        0,        1,        1,      339)
[4.014s][info][gc,stats    ]     CLDG                       =    0.000 s (a =        2 us) (n =    72) (lvls, us =        1,        2,        2,        2,        6)
[4.014s][info][gc,stats    ]     Exception Caches           =    0.000 s (a =        0 us) (n =    72) (lvls, us =        0,        0,        0,        0,        0)
[4.014s][info][gc,stats    ] Concurrent Strong Roots        =    0.001 s (a =       88 us) (n =     6) (lvls, us =       53,       53,       66,       83,      181)
[4.014s][info][gc,stats    ]   CSR: <total>                 =    0.001 s (a =      155 us) (n =     6) (lvls, us =       87,       87,      105,      146,      337)
[4.014s][info][gc,stats    ]   CSR: VM Strong Roots         =    0.000 s (a =        5 us) (n =     6) (lvls, us =        3,        3,        4,        7,        8)
[4.014s][info][gc,stats    ]   CSR: CLDG Roots              =    0.001 s (a =      149 us) (n =     6) (lvls, us =       84,       84,      104,      139,      329)
[4.014s][info][gc,stats    ] Concurrent Evacuation          =    0.004 s (a =      687 us) (n =     6) (lvls, us =       76,       76,      344,      346,     1944)
[4.014s][info][gc,stats    ] Pause Final Roots (G)          =    0.002 s (a =       35 us) (n =    66) (lvls, us =        8,       10,       16,       74,       98)
[4.014s][info][gc,stats    ] Pause Final Roots (N)          =    0.000 s (a =        6 us) (n =    66) (lvls, us =        3,        4,        4,        6,       25)
[4.014s][info][gc,stats    ] Pause Init Update Refs (G)     =    0.000 s (a =       36 us) (n =     6) (lvls, us =       15,       15,       19,       30,      101)
[4.014s][info][gc,stats    ] Pause Init Update Refs (N)     =    0.000 s (a =       13 us) (n =     6) (lvls, us =        8,        8,        9,        9,       23)
[4.014s][info][gc,stats    ]   Manage GCLABs                =    0.000 s (a =        3 us) (n =     6) (lvls, us =        2,        2,        2,        2,        3)
[4.014s][info][gc,stats    ] Concurrent Update Refs         =    0.051 s (a =     8537 us) (n =     6) (lvls, us =     5352,     5352,     7852,    10156,    10343)
[4.014s][info][gc,stats    ] Concurrent Update Thread Roots =    0.001 s (a =      109 us) (n =     6) (lvls, us =       58,       58,       78,      105,      211)
[4.014s][info][gc,stats    ] Pause Final Update Refs (G)    =    0.001 s (a =      152 us) (n =     6) (lvls, us =       57,       57,      113,      133,      357)
[4.014s][info][gc,stats    ] Pause Final Update Refs (N)    =    0.000 s (a =       77 us) (n =     6) (lvls, us =       23,       23,       39,       41,      268)
[4.014s][info][gc,stats    ]   Update Region States         =    0.000 s (a =        6 us) (n =     6) (lvls, us =        4,        4,        6,        7,        7)
[4.014s][info][gc,stats    ]   Trash Collection Set         =    0.000 s (a =        2 us) (n =     6) (lvls, us =        1,        1,        1,        2,        4)
[4.014s][info][gc,stats    ]   Rebuild Free Set             =    0.000 s (a =        3 us) (n =     6) (lvls, us =        3,        3,        3,        3,        5)
[4.014s][info][gc,stats    ] Concurrent Cleanup             =    0.000 s (a =       46 us) (n =     6) (lvls, us =       26,       26,       29,       57,       72)
[4.014s][info][gc,stats    ] Pause Degenerated GC (G)       =    0.014 s (a =    13636 us) (n =     1) (lvls, us =    13477,    13477,    13477,    13477,    13636)
[4.014s][info][gc,stats    ] Pause Degenerated GC (N)       =    0.014 s (a =    13613 us) (n =     1) (lvls, us =    13477,    13477,    13477,    13477,    13613)
[4.014s][info][gc,stats    ]   Degen STW Mark               =    0.012 s (a =    12097 us) (n =     1) (lvls, us =    11914,    11914,    11914,    11914,    12097)
[4.014s][info][gc,stats    ]     DSM: <total>               =    0.191 s (a =   190772 us) (n =     1) (lvls, us =   189453,   189453,   189453,   189453,   190772)
[4.014s][info][gc,stats    ]     DSM: Thread Roots          =    0.000 s (a =      186 us) (n =     1) (lvls, us =      186,      186,      186,      186,      186)
[4.014s][info][gc,stats    ]     DSM: VM Strong Roots       =    0.000 s (a =        6 us) (n =     1) (lvls, us =        6,        6,        6,        6,        6)
[4.014s][info][gc,stats    ]     DSM: CLDG Roots            =    0.000 s (a =       58 us) (n =     1) (lvls, us =       58,       58,       58,       58,       58)
[4.014s][info][gc,stats    ]     DSM: Parallel Mark         =    0.191 s (a =   190522 us) (n =     1) (lvls, us =   189453,   189453,   189453,   189453,   190522)
[4.014s][info][gc,stats    ]     System Purge               =    0.001 s (a =      928 us) (n =     1) (lvls, us =      928,      928,      928,      928,      928)
[4.014s][info][gc,stats    ]       Weak References          =    0.000 s (a =       43 us) (n =     1) (lvls, us =       43,       43,       43,       43,       43)
[4.014s][info][gc,stats    ]         WRP: <total>           =    0.000 s (a =       41 us) (n =     1) (lvls, us =       41,       41,       41,       41,       41)
[4.014s][info][gc,stats    ]         WRP: Weak References   =    0.000 s (a =       41 us) (n =     1) (lvls, us =       41,       41,       41,       41,       41)
[4.014s][info][gc,stats    ]       Unload Classes           =    0.001 s (a =      832 us) (n =     1) (lvls, us =      830,      830,      830,      830,      832)
[4.014s][info][gc,stats    ]         DCU: <total>           =    0.012 s (a =    12169 us) (n =     1) (lvls, us =    12109,    12109,    12109,    12109,    12169)
[4.014s][info][gc,stats    ]         DCU: Unload Code Caches =    0.002 s (a =     2053 us) (n =     1) (lvls, us =     2051,     2051,     2051,     2051,     2053)
[4.014s][info][gc,stats    ]         DCU: Unlink CLDs       =    0.010 s (a =    10116 us) (n =     1) (lvls, us =     9961,     9961,     9961,     9961,    10116)
[4.014s][info][gc,stats    ]       Weak Roots               =    0.000 s (a =       22 us) (n =     1) (lvls, us =       22,       22,       22,       22,       22)
[4.014s][info][gc,stats    ]         DWR: <total>           =    0.000 s (a =      101 us) (n =     1) (lvls, us =      100,      100,      100,      100,      101)
[4.014s][info][gc,stats    ]         DWR: VM Weak Roots     =    0.000 s (a =      101 us) (n =     1) (lvls, us =      100,      100,      100,      100,      101)
[4.014s][info][gc,stats    ]       CLDG                     =    0.000 s (a =       28 us) (n =     1) (lvls, us =       27,       27,       27,       27,       28)
[4.014s][info][gc,stats    ]   Update Region States         =    0.000 s (a =        7 us) (n =     1) (lvls, us =        7,        7,        7,        7,        7)
[4.014s][info][gc,stats    ]   Manage GC/TLABs              =    0.000 s (a =        2 us) (n =     1) (lvls, us =        2,        2,        2,        2,        2)
[4.014s][info][gc,stats    ]   Choose Collection Set        =    0.000 s (a =       20 us) (n =     1) (lvls, us =       20,       20,       20,       20,       20)
[4.014s][info][gc,stats    ]   Rebuild Free Set             =    0.000 s (a =        4 us) (n =     1) (lvls, us =        4,        4,        4,        4,        4)
[4.014s][info][gc,stats    ]   Cleanup                      =    0.000 s (a =       20 us) (n =     1) (lvls, us =       20,       20,       20,       20,       20)
[4.014s][info][gc,stats    ] Pacing                         =   23.579 s (a =   318632 us) (n =    74) (lvls, us =        0,   191406,   273438,   394531,   907461)
[4.014s][info][gc,stats    ] 
[4.014s][info][gc,stats    ] 
[4.014s][info][gc,stats    ] Under allocation pressure, concurrent cycles may cancel, and either continue cycle
[4.014s][info][gc,stats    ] under stop-the-world pause or result in stop-the-world Full GC. Increase heap size,
[4.014s][info][gc,stats    ] tune GC heuristics, set more aggressive pacing delay, or lower allocation rate
[4.014s][info][gc,stats    ] to avoid Degenerated and Full GC cycles.
[4.014s][info][gc,stats    ] 
[4.014s][info][gc,stats    ]    72 successful concurrent GCs
[4.014s][info][gc,stats    ]       0 invoked explicitly
[4.014s][info][gc,stats    ]       0 invoked implicitly
[4.014s][info][gc,stats    ] 
[4.014s][info][gc,stats    ]     1 Degenerated GCs
[4.014s][info][gc,stats    ]       1 caused by allocation failure
[4.014s][info][gc,stats    ]         1 happened at Outside of Cycle
[4.014s][info][gc,stats    ]       0 upgraded to Full GC
[4.014s][info][gc,stats    ] 
[4.014s][info][gc,stats    ]     0 Full GCs
[4.014s][info][gc,stats    ]       0 invoked explicitly
[4.014s][info][gc,stats    ]       0 invoked implicitly
[4.014s][info][gc,stats    ]       0 caused by allocation failure
[4.014s][info][gc,stats    ]       0 upgraded from Degenerated GC
[4.014s][info][gc,stats    ] 
[4.014s][info][gc,stats    ] 
