[0.002s][info][gc] Heuristics ergonomically sets -XX:+ExplicitGCInvokesConcurrent
[0.002s][info][gc] Heuristics ergonomically sets -XX:+ShenandoahImplicitGCInvokesConcurrent
[0.002s][info][gc] Using Shenandoah
[0.003s][info][gc,ergo] Pacer for Idle. Initial: 309M, Alloc Tax Rate: 1.0x
[0.003s][info][gc,init] Version: 21.0.8+9-Ubuntu-0ubuntu124.04.1 (release)
[0.003s][info][gc,init] CPUs: 32 total, 32 available
[0.003s][info][gc,init] Memory: 61914M
[0.003s][info][gc,init] Large Page Support: Disabled
[0.003s][info][gc,init] NUMA Support: Disabled
[0.003s][info][gc,init] Compressed Oops: Enabled (Zero based)
[0.003s][info][gc,init] Heap Min Capacity: 8M
[0.003s][info][gc,init] Heap Initial Capacity: 968M
[0.003s][info][gc,init] Heap Max Capacity: 15480M
[0.003s][info][gc,init] Pre-touch: Disabled
[0.003s][info][gc,init] Mode: Snapshot-At-The-Beginning (SATB)
[0.003s][info][gc,init] Heuristics: Adaptive
[0.003s][info][gc,init] Heap Region Count: 3870
[0.003s][info][gc,init] Heap Region Size: 4M
[0.003s][info][gc,init] TLAB Size Max: 4M
[0.003s][info][gc,init] Humongous Object Threshold: 4M
[0.003s][info][gc,init] Parallel Workers: 16
[0.003s][info][gc,init] Concurrent Workers: 8
[0.006s][info][gc,metaspace] CDS archive(s) mapped at: [0x00007aeaea000000-0x00007aeaeaca0000-0x00007aeaeaca0000), size 13238272, SharedBaseAddress: 0x00007aeaea000000, ArchiveRelocationMode: 1.
[0.006s][info][gc,metaspace] Compressed class space mapped at: 0x00007aeaeb000000-0x00007aeb2b000000, reserved size: 1073741824
[0.006s][info][gc,metaspace] Narrow klass base: 0x00007aeaea000000, Narrow klass shift: 0, Narrow klass range: 0x100000000
[0.503s][info][gc          ] Trigger: Learning 1 of 5. Free (10816M) is below initial threshold (10835M)
[0.503s][info][gc,ergo     ] Free: 10812M, Max: 4096K regular, 10812M humongous, Frag: 0% external, 0% internal; Reserve: 776M, Max: 4096K
[0.503s][info][gc,start    ] GC(0) Concurrent reset
[0.504s][info][gc,task     ] GC(0) Using 8 of 16 workers for concurrent reset
[0.504s][info][gc,ergo     ] GC(0) Pacer for Reset. Non-Taxable: 15480M
[0.504s][info][gc          ] GC(0) Concurrent reset 0.633ms
[0.504s][info][gc,start    ] GC(0) Pause Init Mark (unload classes)
[0.504s][info][gc,task     ] GC(0) Using 16 of 16 workers for init marking
[0.504s][info][gc,ergo     ] GC(0) Pacer for Mark. Expected Live: 1548M, Free: 10796M, Non-Taxable: 1079M, Alloc Tax Rate: 0.2x
[0.504s][info][gc          ] GC(0) Pause Init Mark (unload classes) 0.374ms
[0.504s][info][gc,start    ] GC(0) Concurrent marking roots
[0.504s][info][gc,task     ] GC(0) Using 8 of 16 workers for concurrent marking roots
[0.505s][info][gc          ] GC(0) Concurrent marking roots 0.452ms
[0.505s][info][gc,start    ] GC(0) Concurrent marking (unload classes)
[0.505s][info][gc,task     ] GC(0) Using 8 of 16 workers for concurrent marking
[0.542s][info][gc          ] GC(0) Concurrent marking (unload classes) 36.955ms
[0.542s][info][gc,start    ] GC(0) Pause Final Mark (unload classes)
[0.542s][info][gc,task     ] GC(0) Using 16 of 16 workers for final marking
[0.542s][info][gc,ergo     ] GC(0) Collectable Garbage: 3644M (97%), Immediate: 3644M (97%), CSet: 0B (0%)
[0.542s][info][gc          ] GC(0) Pause Final Mark (unload classes) 0.141ms
[0.542s][info][gc,start    ] GC(0) Concurrent weak references
[0.542s][info][gc,task     ] GC(0) Using 8 of 16 workers for concurrent weak references
[0.542s][info][gc,ref      ] GC(0) Encountered references: Soft: 235, Weak: 1272, Final: 0, Phantom: 234
[0.542s][info][gc,ref      ] GC(0) Discovered  references: Soft: 0, Weak: 765, Final: 0, Phantom: 233
[0.542s][info][gc,ref      ] GC(0) Enqueued    references: Soft: 0, Weak: 346, Final: 0, Phantom: 231
[0.542s][info][gc          ] GC(0) Concurrent weak references 0.188ms
[0.542s][info][gc,start    ] GC(0) Concurrent weak roots
[0.542s][info][gc,task     ] GC(0) Using 8 of 16 workers for concurrent weak root
[0.542s][info][gc          ] GC(0) Concurrent weak roots 0.324ms
[0.542s][info][gc,start    ] GC(0) Concurrent cleanup
[0.542s][info][gc          ] GC(0) Concurrent cleanup 4584M->948M(4584M) 0.130ms
[0.543s][info][gc,ergo     ] GC(0) Free: 13756M, Max: 4096K regular, 10120M humongous, Frag: 27% external, 0% internal; Reserve: 776M, Max: 4096K
[0.543s][info][gc,start    ] GC(0) Concurrent class unloading
[0.543s][info][gc,task     ] GC(0) Using 8 of 16 workers for concurrent class unloading
[0.544s][info][gc          ] GC(0) Concurrent class unloading 0.994ms
[0.544s][info][gc,start    ] GC(0) Pause Final Roots
[0.544s][info][gc          ] GC(0) Pause Final Roots 0.013ms
[0.544s][info][gc,ergo     ] Free: 13728M, Max: 4096K regular, 10120M humongous, Frag: 27% external, 0% internal; Reserve: 776M, Max: 4096K
[0.544s][info][gc,stats    ] 
[0.544s][info][gc,stats    ] All times are wall-clock times, except per-root-class counters, that are sum over
[0.544s][info][gc,stats    ] all workers. Dividing the <total> over the root stage time estimates parallelism.
[0.544s][info][gc,stats    ] 
[0.544s][info][gc,stats    ] Concurrent Reset                    637 us
[0.544s][info][gc,stats    ] Pause Init Mark (G)                 525 us
[0.544s][info][gc,stats    ] Pause Init Mark (N)                 377 us
[0.544s][info][gc,stats    ]   Update Region States               17 us
[0.544s][info][gc,stats    ] Concurrent Mark Roots               457 us, parallelism: 3.59x
[0.544s][info][gc,stats    ]   CMR: <total>                     1641 us
[0.544s][info][gc,stats    ]   CMR: Thread Roots                 782 us, workers (us):   0,  95,  90, 118,  89,   0, 259, 132, ---, ---, ---, ---, ---, ---, ---, ---, 
[0.544s][info][gc,stats    ]   CMR: VM Strong Roots              446 us, workers (us): 292,  18,  60,  17,  58,   0,   0,   0, ---, ---, ---, ---, ---, ---, ---, ---, 
[0.544s][info][gc,stats    ]   CMR: CLDG Roots                   413 us, workers (us): ---, ---, ---, ---, ---, 408,   4, ---, ---, ---, ---, ---, ---, ---, ---, ---, 
[0.544s][info][gc,stats    ] Concurrent Marking                36988 us
[0.544s][info][gc,stats    ] Pause Final Mark (G)                182 us
[0.544s][info][gc,stats    ] Pause Final Mark (N)                143 us
[0.544s][info][gc,stats    ]   Finish Mark                        63 us
[0.544s][info][gc,stats    ]   Update Region States               22 us
[0.544s][info][gc,stats    ]   Choose Collection Set              26 us
[0.544s][info][gc,stats    ]   Rebuild Free Set                    6 us
[0.544s][info][gc,stats    ] Concurrent Weak References          190 us, parallelism: 1.11x
[0.544s][info][gc,stats    ]   CWRF: <total>                     211 us
[0.544s][info][gc,stats    ]   CWRF: Weak References             211 us, workers (us):  56, 152,   3,   1,   0,   0,   0,   0, ---, ---, ---, ---, ---, ---, ---, ---, 
[0.544s][info][gc,stats    ] Concurrent Weak Roots               327 us
[0.544s][info][gc,stats    ]   Roots                             236 us, parallelism: 4.84x
[0.544s][info][gc,stats    ]     CWR: <total>                   1144 us
[0.544s][info][gc,stats    ]     CWR: Code Cache Roots           925 us, workers (us):  95,  92,   8, 156, 113, 176, 162, 123, ---, ---, ---, ---, ---, ---, ---, ---, 
[0.544s][info][gc,stats    ]     CWR: VM Weak Roots              197 us, workers (us):  28,  26,  26,  26,  24,  23,  23,  22, ---, ---, ---, ---, ---, ---, ---, ---, 
[0.544s][info][gc,stats    ]     CWR: CLDG Roots                  22 us, workers (us): ---, ---, ---, ---,   5,   5,   5,   5, ---, ---, ---, ---, ---, ---, ---, ---, 
[0.544s][info][gc,stats    ]   Rendezvous                         85 us
[0.544s][info][gc,stats    ] Concurrent Cleanup                  156 us
[0.544s][info][gc,stats    ] Concurrent Class Unloading         1004 us
[0.544s][info][gc,stats    ]   Unlink Stale                      606 us
[0.544s][info][gc,stats    ]     System Dictionary                 3 us
[0.544s][info][gc,stats    ]     Weak Class Links                  0 us
[0.544s][info][gc,stats    ]     Code Roots                      602 us
[0.544s][info][gc,stats    ]   Rendezvous                         75 us
[0.544s][info][gc,stats    ]   Purge Unlinked                    306 us
[0.544s][info][gc,stats    ]     Code Roots                      297 us
[0.544s][info][gc,stats    ]     CLDG                              9 us
[0.544s][info][gc,stats    ]     Exception Caches                  0 us
[0.544s][info][gc,stats    ] Pause Final Roots (G)               143 us
[0.544s][info][gc,stats    ] Pause Final Roots (N)                16 us
[0.544s][info][gc,stats    ] 
[0.544s][info][gc,stats    ] Allocation pacing accrued:
[0.544s][info][gc,stats    ]       0 of   541 ms (  0.0%): <total>
[0.544s][info][gc,stats    ]       0 of   541 ms (  0.0%): <average total>
[0.544s][info][gc,stats    ] 
[0.544s][info][gc,metaspace] Metaspace: 10557K(10816K)->10564K(10816K) NonClass: 9324K(9472K)->9331K(9472K) Class: 1232K(1344K)->1232K(1344K)
[0.544s][info][gc,ergo     ] Pacer for Idle. Initial: 309M, Alloc Tax Rate: 1.0x
[0.688s][info][gc          ] Trigger: Learning 2 of 5. Free (10816M) is below initial threshold (10835M)
[0.689s][info][gc,ergo     ] Free: 10816M, Max: 4096K regular, 10120M humongous, Frag: 7% external, 0% internal; Reserve: 776M, Max: 4096K
[0.689s][info][gc,start    ] GC(1) Concurrent reset
[0.689s][info][gc,task     ] GC(1) Using 8 of 16 workers for concurrent reset
[0.689s][info][gc,ergo     ] GC(1) Pacer for Reset. Non-Taxable: 15480M
[0.690s][info][gc          ] GC(1) Concurrent reset 1.853ms
[0.691s][info][gc,start    ] GC(1) Pause Init Mark (unload classes)
[0.691s][info][gc,task     ] GC(1) Using 16 of 16 workers for init marking
[0.691s][info][gc,ergo     ] GC(1) Pacer for Mark. Expected Live: 161M, Free: 10788M, Non-Taxable: 1078M, Alloc Tax Rate: 0.0x
[0.691s][info][gc          ] GC(1) Pause Init Mark (unload classes) 0.036ms
[0.691s][info][gc,start    ] GC(1) Concurrent marking roots
[0.691s][info][gc,task     ] GC(1) Using 8 of 16 workers for concurrent marking roots
[0.691s][info][gc          ] GC(1) Concurrent marking roots 0.611ms
[0.691s][info][gc,start    ] GC(1) Concurrent marking (unload classes)
[0.691s][info][gc,task     ] GC(1) Using 8 of 16 workers for concurrent marking
[0.741s][info][gc          ] GC(1) Concurrent marking (unload classes) 49.176ms
[0.741s][info][gc,start    ] GC(1) Pause Final Mark (unload classes)
[0.741s][info][gc,task     ] GC(1) Using 16 of 16 workers for final marking
[0.741s][info][gc,ergo     ] GC(1) Collectable Garbage: 3684M (97%), Immediate: 3684M (97%), CSet: 0B (0%)
[0.741s][info][gc          ] GC(1) Pause Final Mark (unload classes) 0.284ms
[0.741s][info][gc,start    ] GC(1) Concurrent weak references
[0.741s][info][gc,task     ] GC(1) Using 8 of 16 workers for concurrent weak references
[0.741s][info][gc,ref      ] GC(1) Encountered references: Soft: 235, Weak: 926, Final: 0, Phantom: 3
[0.741s][info][gc,ref      ] GC(1) Discovered  references: Soft: 0, Weak: 436, Final: 0, Phantom: 2
[0.741s][info][gc,ref      ] GC(1) Enqueued    references: Soft: 0, Weak: 0, Final: 0, Phantom: 0
[0.741s][info][gc          ] GC(1) Concurrent weak references 0.267ms
[0.741s][info][gc,start    ] GC(1) Concurrent weak roots
[0.741s][info][gc,task     ] GC(1) Using 8 of 16 workers for concurrent weak root
[0.742s][info][gc          ] GC(1) Concurrent weak roots 0.383ms
[0.742s][info][gc,start    ] GC(1) Concurrent cleanup
[0.742s][info][gc          ] GC(1) Concurrent cleanup 4748M->1072M(4752M) 0.180ms
[0.742s][info][gc,ergo     ] GC(1) Free: 13632M, Max: 4096K regular, 9952M humongous, Frag: 27% external, 0% internal; Reserve: 776M, Max: 4096K
[0.742s][info][gc,start    ] GC(1) Concurrent class unloading
[0.742s][info][gc,task     ] GC(1) Using 8 of 16 workers for concurrent class unloading
[0.743s][info][gc          ] GC(1) Concurrent class unloading 0.970ms
[0.743s][info][gc,start    ] GC(1) Pause Final Roots
[0.743s][info][gc          ] GC(1) Pause Final Roots 0.013ms
[0.743s][info][gc,ergo     ] Free: 13616M, Max: 4096K regular, 9952M humongous, Frag: 27% external, 0% internal; Reserve: 776M, Max: 4096K
[0.743s][info][gc,stats    ] 
[0.743s][info][gc,stats    ] All times are wall-clock times, except per-root-class counters, that are sum over
[0.743s][info][gc,stats    ] all workers. Dividing the <total> over the root stage time estimates parallelism.
[0.743s][info][gc,stats    ] 
[0.743s][info][gc,stats    ] Concurrent Reset                   1877 us
[0.743s][info][gc,stats    ] Pause Init Mark (G)                 243 us
[0.743s][info][gc,stats    ] Pause Init Mark (N)                  42 us
[0.743s][info][gc,stats    ]   Update Region States                6 us
[0.743s][info][gc,stats    ] Concurrent Mark Roots               623 us, parallelism: 0.68x
[0.743s][info][gc,stats    ]   CMR: <total>                      421 us
[0.743s][info][gc,stats    ]   CMR: Thread Roots                 292 us, workers (us):   0,  40,  70,  53,  26,  22,  11,  70, ---, ---, ---, ---, ---, ---, ---, ---, 
[0.743s][info][gc,stats    ]   CMR: VM Strong Roots               21 us, workers (us):   8,   4,   5,   0,   0,   1,   1,   1, ---, ---, ---, ---, ---, ---, ---, ---, 
[0.743s][info][gc,stats    ]   CMR: CLDG Roots                   108 us, workers (us):  94,   8,   3,   3, ---, ---, ---, ---, ---, ---, ---, ---, ---, ---, ---, ---, 
[0.743s][info][gc,stats    ] Concurrent Marking                49289 us
[0.743s][info][gc,stats    ] Pause Final Mark (G)                381 us
[0.743s][info][gc,stats    ] Pause Final Mark (N)                290 us
[0.743s][info][gc,stats    ]   Finish Mark                        97 us
[0.743s][info][gc,stats    ]   Update Region States               66 us
[0.743s][info][gc,stats    ]   Choose Collection Set              64 us
[0.743s][info][gc,stats    ]   Rebuild Free Set                    6 us
[0.743s][info][gc,stats    ] Concurrent Weak References          272 us, parallelism: 0.73x
[0.743s][info][gc,stats    ]   CWRF: <total>                     198 us
[0.743s][info][gc,stats    ]   CWRF: Weak References             198 us, workers (us):   7, 184,   6,   0,   0,   0,   0,   1, ---, ---, ---, ---, ---, ---, ---, ---, 
[0.743s][info][gc,stats    ] Concurrent Weak Roots               413 us
[0.743s][info][gc,stats    ]   Roots                             326 us, parallelism: 5.17x
[0.743s][info][gc,stats    ]     CWR: <total>                   1688 us
[0.743s][info][gc,stats    ]     CWR: Code Cache Roots          1008 us, workers (us): 121,  16, 183,   0, 180, 191, 118, 199, ---, ---, ---, ---, ---, ---, ---, ---, 
[0.743s][info][gc,stats    ]     CWR: VM Weak Roots              635 us, workers (us):  63,  61,  60, 261,  52,  47,  45,  46, ---, ---, ---, ---, ---, ---, ---, ---, 
[0.743s][info][gc,stats    ]     CWR: CLDG Roots                  45 us, workers (us):  12, ---,  10, ---, ---,  12,  11, ---, ---, ---, ---, ---, ---, ---, ---, ---, 
[0.743s][info][gc,stats    ]   Rendezvous                         48 us
[0.743s][info][gc,stats    ] Concurrent Cleanup                  186 us
[0.743s][info][gc,stats    ] Concurrent Class Unloading          977 us
[0.743s][info][gc,stats    ]   Unlink Stale                      879 us
[0.743s][info][gc,stats    ]     System Dictionary                10 us
[0.743s][info][gc,stats    ]     Weak Class Links                  0 us
[0.743s][info][gc,stats    ]     Code Roots                      867 us
[0.743s][info][gc,stats    ]   Rendezvous                         66 us
[0.743s][info][gc,stats    ]   Purge Unlinked                     11 us
[0.743s][info][gc,stats    ]     Code Roots                        3 us
[0.743s][info][gc,stats    ]     CLDG                              7 us
[0.743s][info][gc,stats    ]     Exception Caches                  0 us
[0.743s][info][gc,stats    ] Pause Final Roots (G)               117 us
[0.743s][info][gc,stats    ] Pause Final Roots (N)                17 us
[0.743s][info][gc,stats    ] 
[0.743s][info][gc,stats    ] Allocation pacing accrued:
[0.743s][info][gc,stats    ]       0 of   199 ms (  0.0%): <total>
[0.743s][info][gc,stats    ]       0 of   199 ms (  0.0%): <average total>
[0.743s][info][gc,stats    ] 
[0.743s][info][gc,metaspace] Metaspace: 10564K(10816K)->10564K(10816K) NonClass: 9331K(9472K)->9331K(9472K) Class: 1232K(1344K)->1232K(1344K)
[0.743s][info][gc,ergo     ] Pacer for Idle. Initial: 309M, Alloc Tax Rate: 1.0x
[0.888s][info][gc          ] Trigger: Learning 3 of 5. Free (10832M) is below initial threshold (10835M)
[0.888s][info][gc,ergo     ] Free: 10832M, Max: 4096K regular, 9952M humongous, Frag: 9% external, 0% internal; Reserve: 776M, Max: 4096K
[0.888s][info][gc,start    ] GC(2) Concurrent reset
[0.888s][info][gc,task     ] GC(2) Using 8 of 16 workers for concurrent reset
[0.888s][info][gc,ergo     ] GC(2) Pacer for Reset. Non-Taxable: 15480M
[0.889s][info][gc          ] GC(2) Concurrent reset 0.710ms
[0.889s][info][gc,start    ] GC(2) Pause Init Mark (unload classes)
[0.889s][info][gc,task     ] GC(2) Using 16 of 16 workers for init marking
[0.889s][info][gc,ergo     ] GC(2) Pacer for Mark. Expected Live: 142M, Free: 10816M, Non-Taxable: 1081M, Alloc Tax Rate: 0.0x
[0.889s][info][gc          ] GC(2) Pause Init Mark (unload classes) 0.061ms
[0.889s][info][gc,start    ] GC(2) Concurrent marking roots
[0.889s][info][gc,task     ] GC(2) Using 8 of 16 workers for concurrent marking roots
[0.889s][info][gc          ] GC(2) Concurrent marking roots 0.200ms
[0.889s][info][gc,start    ] GC(2) Concurrent marking (unload classes)
[0.889s][info][gc,task     ] GC(2) Using 8 of 16 workers for concurrent marking
[0.938s][info][gc          ] GC(2) Concurrent marking (unload classes) 48.623ms
[0.938s][info][gc,start    ] GC(2) Pause Final Mark (unload classes)
[0.938s][info][gc,task     ] GC(2) Using 16 of 16 workers for final marking
[0.938s][info][gc,ergo     ] GC(2) Collectable Garbage: 3584M (95%), Immediate: 3584M (95%), CSet: 0B (0%)
[0.938s][info][gc          ] GC(2) Pause Final Mark (unload classes) 0.124ms
[0.938s][info][gc,start    ] GC(2) Concurrent weak references
[0.938s][info][gc,task     ] GC(2) Using 8 of 16 workers for concurrent weak references
[0.938s][info][gc,ref      ] GC(2) Encountered references: Soft: 253, Weak: 965, Final: 0, Phantom: 4
[0.938s][info][gc,ref      ] GC(2) Discovered  references: Soft: 0, Weak: 400, Final: 0, Phantom: 3
[0.938s][info][gc,ref      ] GC(2) Enqueued    references: Soft: 0, Weak: 9, Final: 0, Phantom: 1
[0.938s][info][gc          ] GC(2) Concurrent weak references 0.117ms
[0.938s][info][gc,start    ] GC(2) Concurrent weak roots
[0.938s][info][gc,task     ] GC(2) Using 8 of 16 workers for concurrent weak root
[0.939s][info][gc          ] GC(2) Concurrent weak roots 0.278ms
[0.939s][info][gc,start    ] GC(2) Concurrent cleanup
[0.939s][info][gc          ] GC(2) Concurrent cleanup 4804M->1223M(4804M) 0.125ms
[0.939s][info][gc,ergo     ] GC(2) Free: 13480M, Max: 4096K regular, 9900M humongous, Frag: 27% external, 0% internal; Reserve: 776M, Max: 4096K
[0.939s][info][gc,start    ] GC(2) Concurrent class unloading
[0.939s][info][gc,task     ] GC(2) Using 8 of 16 workers for concurrent class unloading
[0.940s][info][gc          ] GC(2) Concurrent class unloading 0.777ms
[0.940s][info][gc,start    ] GC(2) Pause Final Roots
[0.940s][info][gc          ] GC(2) Pause Final Roots 0.016ms
[0.940s][info][gc,ergo     ] Free: 13464M, Max: 4096K regular, 9900M humongous, Frag: 27% external, 0% internal; Reserve: 776M, Max: 4096K
[0.940s][info][gc,stats    ] 
[0.940s][info][gc,stats    ] All times are wall-clock times, except per-root-class counters, that are sum over
[0.940s][info][gc,stats    ] all workers. Dividing the <total> over the root stage time estimates parallelism.
[0.940s][info][gc,stats    ] 
[0.940s][info][gc,stats    ] Concurrent Reset                    716 us
[0.940s][info][gc,stats    ] Pause Init Mark (G)                 207 us
[0.940s][info][gc,stats    ] Pause Init Mark (N)                  64 us
[0.940s][info][gc,stats    ]   Update Region States               22 us
[0.940s][info][gc,stats    ] Concurrent Mark Roots               205 us, parallelism: 2.36x
[0.940s][info][gc,stats    ]   CMR: <total>                      483 us
[0.940s][info][gc,stats    ]   CMR: Thread Roots                 358 us, workers (us):   0,  41,  40,  41,  51,  63,  36,  86, ---, ---, ---, ---, ---, ---, ---, ---, 
[0.940s][info][gc,stats    ]   CMR: VM Strong Roots               35 us, workers (us):   9,  21,   0,   1,   0,   2,   0,   1, ---, ---, ---, ---, ---, ---, ---, ---, 
[0.940s][info][gc,stats    ]   CMR: CLDG Roots                    90 us, workers (us):  82,   4,   4, ---, ---, ---, ---, ---, ---, ---, ---, ---, ---, ---, ---, ---, 
[0.940s][info][gc,stats    ] Concurrent Marking                48670 us
[0.940s][info][gc,stats    ] Pause Final Mark (G)                157 us
[0.940s][info][gc,stats    ] Pause Final Mark (N)                127 us
[0.940s][info][gc,stats    ]   Finish Mark                        48 us
[0.940s][info][gc,stats    ]   Update Region States               18 us
[0.940s][info][gc,stats    ]   Choose Collection Set              23 us
[0.940s][info][gc,stats    ]   Rebuild Free Set                    7 us
[0.940s][info][gc,stats    ] Concurrent Weak References          119 us, parallelism: 0.78x
[0.940s][info][gc,stats    ]   CWRF: <total>                      93 us
[0.940s][info][gc,stats    ]   CWRF: Weak References              93 us, workers (us):  86,   3,   3,   0,   0,   0,   0,   0, ---, ---, ---, ---, ---, ---, ---, ---, 
[0.940s][info][gc,stats    ] Concurrent Weak Roots               294 us
[0.940s][info][gc,stats    ]   Roots                             244 us, parallelism: 4.84x
[0.940s][info][gc,stats    ]     CWR: <total>                   1180 us
[0.940s][info][gc,stats    ]     CWR: Code Cache Roots           892 us, workers (us): 173, 109, 152, 165, 120,   0,  31, 142, ---, ---, ---, ---, ---, ---, ---, ---, 
[0.940s][info][gc,stats    ]     CWR: VM Weak Roots              255 us, workers (us):  38,  36,  35,  34,  34,  31,  31,  15, ---, ---, ---, ---, ---, ---, ---, ---, 
[0.940s][info][gc,stats    ]     CWR: CLDG Roots                  34 us, workers (us): ---,   6, ---, ---,   5,  17, ---,   6, ---, ---, ---, ---, ---, ---, ---, ---, 
[0.940s][info][gc,stats    ]   Rendezvous                         29 us
[0.940s][info][gc,stats    ] Concurrent Cleanup                  129 us
[0.940s][info][gc,stats    ] Concurrent Class Unloading          780 us
[0.940s][info][gc,stats    ]   Unlink Stale                      705 us
[0.940s][info][gc,stats    ]     System Dictionary                 5 us
[0.940s][info][gc,stats    ]     Weak Class Links                  0 us
[0.940s][info][gc,stats    ]     Code Roots                      699 us
[0.940s][info][gc,stats    ]   Rendezvous                         41 us
[0.940s][info][gc,stats    ]   Purge Unlinked                     24 us
[0.940s][info][gc,stats    ]     Code Roots                       20 us
[0.940s][info][gc,stats    ]     CLDG                              3 us
[0.940s][info][gc,stats    ]     Exception Caches                  0 us
[0.940s][info][gc,stats    ] Pause Final Roots (G)               113 us
[0.940s][info][gc,stats    ] Pause Final Roots (N)                19 us
[0.940s][info][gc,stats    ] 
[0.940s][info][gc,stats    ] Allocation pacing accrued:
[0.940s][info][gc,stats    ]       0 of   197 ms (  0.0%): <total>
[0.940s][info][gc,stats    ]       0 of   197 ms (  0.0%): <average total>
[0.940s][info][gc,stats    ] 
[0.940s][info][gc,metaspace] Metaspace: 10613K(10880K)->10613K(10880K) NonClass: 9373K(9536K)->9373K(9536K) Class: 1239K(1344K)->1239K(1344K)
[0.940s][info][gc,ergo     ] Pacer for Idle. Initial: 309M, Alloc Tax Rate: 1.0x
[1.058s][info][gc          ] Cancelling GC: Stopping VM
[1.058s][info][gc,heap,exit] Heap
[1.058s][info][gc,heap,exit] Shenandoah Heap
[1.058s][info][gc,heap,exit]  15480M max, 15480M soft max, 4804M committed, 3300M used
[1.058s][info][gc,heap,exit]  3870 x 4096K regions
[1.058s][info][gc,heap,exit] Status: cancelled
[1.058s][info][gc,heap,exit] Reserved region:
[1.058s][info][gc,heap,exit]  - [0x0000000438800000, 0x0000000800000000) 
[1.058s][info][gc,heap,exit] Collection set:
[1.058s][info][gc,heap,exit]  - map (vanilla): 0x00000000000110e2
[1.058s][info][gc,heap,exit]  - map (biased):  0x0000000000010000
[1.058s][info][gc,heap,exit] 
[1.058s][info][gc,heap,exit]  Metaspace       used 10616K, committed 10880K, reserved 1114112K
[1.058s][info][gc,heap,exit]   class space    used 1240K, committed 1344K, reserved 1048576K
[1.058s][info][gc,stats    ] 
[1.058s][info][gc,stats    ] GC STATISTICS:
[1.058s][info][gc,stats    ]   "(G)" (gross) pauses include VM time: time to notify and block threads, do the pre-
[1.058s][info][gc,stats    ]         and post-safepoint housekeeping. Use -Xlog:safepoint+stats to dissect.
[1.058s][info][gc,stats    ]   "(N)" (net) pauses are the times spent in the actual GC code.
[1.058s][info][gc,stats    ]   "a" is average time for each phase, look at levels to see if average makes sense.
[1.058s][info][gc,stats    ]   "lvls" are quantiles: 0% (minimum), 25%, 50% (median), 75%, 100% (maximum).
[1.058s][info][gc,stats    ] 
[1.058s][info][gc,stats    ]   All times are wall-clock times, except per-root-class counters, that are sum over
[1.058s][info][gc,stats    ]   all workers. Dividing the <total> over the root stage time estimates parallelism.
[1.058s][info][gc,stats    ] 
[1.058s][info][gc,stats    ]   Pacing delays are measured from entering the pacing code till exiting it. Therefore,
[1.058s][info][gc,stats    ]   observed pacing delays may be higher than the threshold when paced thread spent more
[1.058s][info][gc,stats    ]   time in the pacing code. It usually happens when thread is de-scheduled while paced,
[1.058s][info][gc,stats    ]   OS takes longer to unblock the thread, or JVM experiences an STW pause.
[1.058s][info][gc,stats    ] 
[1.058s][info][gc,stats    ]   Higher delay would prevent application outpacing the GC, but it will hide the GC latencies
[1.058s][info][gc,stats    ]   from the STW pause times. Pacing affects the individual threads, and so it would also be
[1.058s][info][gc,stats    ]   invisible to the usual profiling tools, but would add up to end-to-end application latency.
[1.058s][info][gc,stats    ]   Raise max pacing delay with care.
[1.058s][info][gc,stats    ] 
[1.058s][info][gc,stats    ] Concurrent Reset               =    0.003 s (a =     1077 us) (n =     3) (lvls, us =      637,      637,      637,      715,     1877)
[1.058s][info][gc,stats    ] Pause Init Mark (G)            =    0.001 s (a =      325 us) (n =     3) (lvls, us =      205,      205,      205,      242,      525)
[1.058s][info][gc,stats    ] Pause Init Mark (N)            =    0.000 s (a =      161 us) (n =     3) (lvls, us =       42,       42,       42,       64,      377)
[1.058s][info][gc,stats    ]   Update Region States         =    0.000 s (a =       15 us) (n =     3) (lvls, us =        6,        6,        6,       17,       22)
[1.058s][info][gc,stats    ] Concurrent Mark Roots          =    0.001 s (a =      428 us) (n =     3) (lvls, us =      203,      203,      203,      455,      623)
[1.058s][info][gc,stats    ]   CMR: <total>                 =    0.003 s (a =      848 us) (n =     3) (lvls, us =      420,      420,      420,      482,     1641)
[1.058s][info][gc,stats    ]   CMR: Thread Roots            =    0.001 s (a =      477 us) (n =     3) (lvls, us =      291,      291,      291,      357,      782)
[1.058s][info][gc,stats    ]   CMR: VM Strong Roots         =    0.001 s (a =      167 us) (n =     3) (lvls, us =       21,       21,       21,       35,      446)
[1.058s][info][gc,stats    ]   CMR: CLDG Roots              =    0.001 s (a =      204 us) (n =     3) (lvls, us =       90,       90,       90,      107,      413)
[1.058s][info][gc,stats    ] Concurrent Marking             =    0.135 s (a =    44982 us) (n =     3) (lvls, us =    36914,    36914,    36914,    48633,    49289)
[1.058s][info][gc,stats    ] Pause Final Mark (G)           =    0.001 s (a =      240 us) (n =     3) (lvls, us =      156,      156,      156,      182,      381)
[1.058s][info][gc,stats    ] Pause Final Mark (N)           =    0.001 s (a =      187 us) (n =     3) (lvls, us =      127,      127,      127,      143,      290)
[1.058s][info][gc,stats    ]   Finish Mark                  =    0.000 s (a =       69 us) (n =     3) (lvls, us =       48,       48,       48,       63,       97)
[1.058s][info][gc,stats    ]   Update Region States         =    0.000 s (a =       36 us) (n =     3) (lvls, us =       18,       18,       18,       22,       66)
[1.058s][info][gc,stats    ]   Choose Collection Set        =    0.000 s (a =       38 us) (n =     3) (lvls, us =       23,       23,       23,       26,       64)
[1.058s][info][gc,stats    ]   Rebuild Free Set             =    0.000 s (a =        6 us) (n =     3) (lvls, us =        6,        6,        6,        6,        7)
[1.058s][info][gc,stats    ] Concurrent Weak References     =    0.001 s (a =      193 us) (n =     3) (lvls, us =      117,      117,      117,      189,      272)
[1.058s][info][gc,stats    ]   CWRF: <total>                =    0.001 s (a =      168 us) (n =     3) (lvls, us =       93,       93,       93,      197,      211)
[1.058s][info][gc,stats    ]   CWRF: Weak References        =    0.001 s (a =      168 us) (n =     3) (lvls, us =       93,       93,       93,      197,      211)
[1.058s][info][gc,stats    ] Concurrent Weak Roots          =    0.001 s (a =      345 us) (n =     3) (lvls, us =      293,      293,      293,      326,      413)
[1.058s][info][gc,stats    ]   Roots                        =    0.001 s (a =      269 us) (n =     3) (lvls, us =      234,      234,      234,      242,      326)
[1.058s][info][gc,stats    ]     CWR: <total>               =    0.004 s (a =     1337 us) (n =     3) (lvls, us =     1133,     1133,     1133,     1172,     1688)
[1.058s][info][gc,stats    ]     CWR: Code Cache Roots      =    0.003 s (a =      942 us) (n =     3) (lvls, us =      891,      891,      891,      924,     1008)
[1.058s][info][gc,stats    ]     CWR: VM Weak Roots         =    0.001 s (a =      362 us) (n =     3) (lvls, us =      195,      195,      195,      254,      635)
[1.058s][info][gc,stats    ]     CWR: CLDG Roots            =    0.000 s (a =       34 us) (n =     3) (lvls, us =       21,       21,       21,       34,       45)
[1.058s][info][gc,stats    ]   Rendezvous                   =    0.000 s (a =       54 us) (n =     3) (lvls, us =       29,       29,       29,       48,       85)
[1.058s][info][gc,stats    ] Concurrent Cleanup             =    0.000 s (a =      157 us) (n =     3) (lvls, us =      127,      127,      127,      154,      186)
[1.058s][info][gc,stats    ] Concurrent Class Unloading     =    0.003 s (a =      920 us) (n =     3) (lvls, us =      779,      779,      779,      977,     1004)
[1.058s][info][gc,stats    ]   Unlink Stale                 =    0.002 s (a =      730 us) (n =     3) (lvls, us =      605,      605,      605,      703,      879)
[1.058s][info][gc,stats    ]     System Dictionary          =    0.000 s (a =        6 us) (n =     3) (lvls, us =        3,        3,        3,        5,       10)
[1.058s][info][gc,stats    ]     Weak Class Links           =    0.000 s (a =        0 us) (n =     3) (lvls, us =        0,        0,        0,        0,        0)
[1.058s][info][gc,stats    ]     Code Roots                 =    0.002 s (a =      723 us) (n =     3) (lvls, us =      602,      602,      602,      697,      867)
[1.058s][info][gc,stats    ]   Rendezvous                   =    0.000 s (a =       61 us) (n =     3) (lvls, us =       41,       41,       41,       66,       75)
[1.058s][info][gc,stats    ]   Purge Unlinked               =    0.000 s (a =      114 us) (n =     3) (lvls, us =       11,       11,       11,       23,      306)
[1.058s][info][gc,stats    ]     Code Roots                 =    0.000 s (a =      107 us) (n =     3) (lvls, us =        3,        3,        3,       20,      297)
[1.058s][info][gc,stats    ]     CLDG                       =    0.000 s (a =        6 us) (n =     3) (lvls, us =        3,        3,        3,        7,        9)
[1.058s][info][gc,stats    ]     Exception Caches           =    0.000 s (a =        0 us) (n =     3) (lvls, us =        0,        0,        0,        0,        0)
[1.058s][info][gc,stats    ] Pause Final Roots (G)          =    0.000 s (a =      124 us) (n =     3) (lvls, us =      111,      111,      111,      117,      143)
[1.058s][info][gc,stats    ] Pause Final Roots (N)          =    0.000 s (a =       17 us) (n =     3) (lvls, us =       16,       16,       16,       17,       19)
[1.058s][info][gc,stats    ] 
[1.058s][info][gc,stats    ] 
[1.058s][info][gc,stats    ] Under allocation pressure, concurrent cycles may cancel, and either continue cycle
[1.058s][info][gc,stats    ] under stop-the-world pause or result in stop-the-world Full GC. Increase heap size,
[1.058s][info][gc,stats    ] tune GC heuristics, set more aggressive pacing delay, or lower allocation rate
[1.058s][info][gc,stats    ] to avoid Degenerated and Full GC cycles.
[1.058s][info][gc,stats    ] 
[1.058s][info][gc,stats    ]     3 successful concurrent GCs
[1.058s][info][gc,stats    ]       0 invoked explicitly
[1.058s][info][gc,stats    ]       0 invoked implicitly
[1.058s][info][gc,stats    ] 
[1.058s][info][gc,stats    ]     0 Degenerated GCs
[1.058s][info][gc,stats    ]       0 caused by allocation failure
[1.058s][info][gc,stats    ]       0 upgraded to Full GC
[1.058s][info][gc,stats    ] 
[1.058s][info][gc,stats    ]     0 Full GCs
[1.058s][info][gc,stats    ]       0 invoked explicitly
[1.058s][info][gc,stats    ]       0 invoked implicitly
[1.058s][info][gc,stats    ]       0 caused by allocation failure
[1.058s][info][gc,stats    ]       0 upgraded from Degenerated GC
[1.058s][info][gc,stats    ] 
[1.058s][info][gc,stats    ] 
