[0.002s][info][gc] Heuristics ergonomically sets -XX:+ExplicitGCInvokesConcurrent
[0.002s][info][gc] Heuristics ergonomically sets -XX:+ShenandoahImplicitGCInvokesConcurrent
[0.002s][info][gc] Using Shenandoah
[0.002s][info][gc,ergo] Pacer for Idle. Initial: 309M, Alloc Tax Rate: 1.0x
[0.002s][info][gc,init] Version: 21.0.8+9-Ubuntu-0ubuntu124.04.1 (release)
[0.002s][info][gc,init] CPUs: 32 total, 32 available
[0.002s][info][gc,init] Memory: 61914M
[0.002s][info][gc,init] Large Page Support: Disabled
[0.002s][info][gc,init] NUMA Support: Disabled
[0.002s][info][gc,init] Compressed Oops: Enabled (Zero based)
[0.002s][info][gc,init] Heap Min Capacity: 8M
[0.002s][info][gc,init] Heap Initial Capacity: 968M
[0.002s][info][gc,init] Heap Max Capacity: 15480M
[0.002s][info][gc,init] Pre-touch: Disabled
[0.002s][info][gc,init] Mode: Snapshot-At-The-Beginning (SATB)
[0.002s][info][gc,init] Heuristics: Adaptive
[0.002s][info][gc,init] Heap Region Count: 3870
[0.002s][info][gc,init] Heap Region Size: 4M
[0.002s][info][gc,init] TLAB Size Max: 4M
[0.002s][info][gc,init] Humongous Object Threshold: 4M
[0.002s][info][gc,init] Parallel Workers: 16
[0.002s][info][gc,init] Concurrent Workers: 8
[0.006s][info][gc,metaspace] CDS archive(s) mapped at: [0x00007791c2000000-0x00007791c2ca0000-0x00007791c2ca0000), size 13238272, SharedBaseAddress: 0x00007791c2000000, ArchiveRelocationMode: 1.
[0.006s][info][gc,metaspace] Compressed class space mapped at: 0x00007791c3000000-0x0000779203000000, reserved size: 1073741824
[0.006s][info][gc,metaspace] Narrow klass base: 0x00007791c2000000, Narrow klass shift: 0, Narrow klass range: 0x100000000
[0.495s][info][gc          ] Trigger: Learning 1 of 5. Free (10820M) is below initial threshold (10835M)
[0.495s][info][gc,ergo     ] Free: 10820M, Max: 4096K regular, 10820M humongous, Frag: 0% external, 0% internal; Reserve: 776M, Max: 4096K
[0.495s][info][gc,start    ] GC(0) Concurrent reset
[0.496s][info][gc,task     ] GC(0) Using 8 of 16 workers for concurrent reset
[0.496s][info][gc,ergo     ] GC(0) Pacer for Reset. Non-Taxable: 15480M
[0.496s][info][gc          ] GC(0) Concurrent reset 0.832ms
[0.496s][info][gc,start    ] GC(0) Pause Init Mark (unload classes)
[0.497s][info][gc,task     ] GC(0) Using 16 of 16 workers for init marking
[0.497s][info][gc,ergo     ] GC(0) Pacer for Mark. Expected Live: 1548M, Free: 10804M, Non-Taxable: 1080M, Alloc Tax Rate: 0.2x
[0.497s][info][gc          ] GC(0) Pause Init Mark (unload classes) 0.407ms
[0.497s][info][gc,start    ] GC(0) Concurrent marking roots
[0.497s][info][gc,task     ] GC(0) Using 8 of 16 workers for concurrent marking roots
[0.497s][info][gc          ] GC(0) Concurrent marking roots 0.531ms
[0.497s][info][gc,start    ] GC(0) Concurrent marking (unload classes)
[0.497s][info][gc,task     ] GC(0) Using 8 of 16 workers for concurrent marking
[0.530s][info][gc          ] GC(0) Concurrent marking (unload classes) 32.569ms
[0.530s][info][gc,start    ] GC(0) Pause Final Mark (unload classes)
[0.530s][info][gc,task     ] GC(0) Using 16 of 16 workers for final marking
[0.530s][info][gc,ergo     ] GC(0) Collectable Garbage: 3648M (97%), Immediate: 3648M (97%), CSet: 0B (0%)
[0.530s][info][gc          ] GC(0) Pause Final Mark (unload classes) 0.107ms
[0.530s][info][gc,start    ] GC(0) Concurrent weak references
[0.530s][info][gc,task     ] GC(0) Using 8 of 16 workers for concurrent weak references
[0.530s][info][gc,ref      ] GC(0) Encountered references: Soft: 235, Weak: 1272, Final: 0, Phantom: 234
[0.530s][info][gc,ref      ] GC(0) Discovered  references: Soft: 0, Weak: 753, Final: 0, Phantom: 234
[0.530s][info][gc,ref      ] GC(0) Enqueued    references: Soft: 0, Weak: 346, Final: 0, Phantom: 231
[0.530s][info][gc          ] GC(0) Concurrent weak references 0.182ms
[0.530s][info][gc,start    ] GC(0) Concurrent weak roots
[0.530s][info][gc,task     ] GC(0) Using 8 of 16 workers for concurrent weak root
[0.531s][info][gc          ] GC(0) Concurrent weak roots 0.349ms
[0.531s][info][gc,start    ] GC(0) Concurrent cleanup
[0.531s][info][gc          ] GC(0) Concurrent cleanup 4472M->828M(4472M) 0.129ms
[0.531s][info][gc,ergo     ] GC(0) Free: 13876M, Max: 4096K regular, 10232M humongous, Frag: 27% external, 0% internal; Reserve: 776M, Max: 4096K
[0.531s][info][gc,start    ] GC(0) Concurrent class unloading
[0.531s][info][gc,task     ] GC(0) Using 8 of 16 workers for concurrent class unloading
[0.532s][info][gc          ] GC(0) Concurrent class unloading 1.180ms
[0.532s][info][gc,start    ] GC(0) Pause Final Roots
[0.532s][info][gc          ] GC(0) Pause Final Roots 0.031ms
[0.532s][info][gc,ergo     ] Free: 13848M, Max: 4096K regular, 10232M humongous, Frag: 27% external, 0% internal; Reserve: 776M, Max: 4096K
[0.532s][info][gc,stats    ] 
[0.532s][info][gc,stats    ] All times are wall-clock times, except per-root-class counters, that are sum over
[0.532s][info][gc,stats    ] all workers. Dividing the <total> over the root stage time estimates parallelism.
[0.532s][info][gc,stats    ] 
[0.532s][info][gc,stats    ] Concurrent Reset                    835 us
[0.532s][info][gc,stats    ] Pause Init Mark (G)                 555 us
[0.532s][info][gc,stats    ] Pause Init Mark (N)                 412 us
[0.532s][info][gc,stats    ]   Update Region States               12 us
[0.532s][info][gc,stats    ] Concurrent Mark Roots               534 us, parallelism: 3.05x
[0.532s][info][gc,stats    ]   CMR: <total>                     1628 us
[0.532s][info][gc,stats    ]   CMR: Thread Roots                 757 us, workers (us):   0, 133,  78,  97,  92,   0,  81, 275, ---, ---, ---, ---, ---, ---, ---, ---, 
[0.532s][info][gc,stats    ]   CMR: VM Strong Roots              381 us, workers (us): 199,  25,  60,  38,  57,   1,   0,   0, ---, ---, ---, ---, ---, ---, ---, ---, 
[0.532s][info][gc,stats    ]   CMR: CLDG Roots                   491 us, workers (us): ---, ---, ---, ---, ---, 482,   4,   4, ---, ---, ---, ---, ---, ---, ---, ---, 
[0.532s][info][gc,stats    ] Concurrent Marking                32626 us
[0.532s][info][gc,stats    ] Pause Final Mark (G)                198 us
[0.532s][info][gc,stats    ] Pause Final Mark (N)                109 us
[0.532s][info][gc,stats    ]   Finish Mark                        54 us
[0.532s][info][gc,stats    ]   Update Region States               14 us
[0.532s][info][gc,stats    ]   Choose Collection Set              17 us
[0.532s][info][gc,stats    ]   Rebuild Free Set                    6 us
[0.532s][info][gc,stats    ] Concurrent Weak References          183 us, parallelism: 1.19x
[0.532s][info][gc,stats    ]   CWRF: <total>                     217 us
[0.532s][info][gc,stats    ]   CWRF: Weak References             217 us, workers (us):  60, 153,   2,   1,   0,   0,   1,   0, ---, ---, ---, ---, ---, ---, ---, ---, 
[0.532s][info][gc,stats    ] Concurrent Weak Roots               367 us
[0.532s][info][gc,stats    ]   Roots                             259 us, parallelism: 4.43x
[0.532s][info][gc,stats    ]     CWR: <total>                   1144 us
[0.532s][info][gc,stats    ]     CWR: Code Cache Roots           918 us, workers (us): 103,  77, 118,   1, 173, 167, 188,  91, ---, ---, ---, ---, ---, ---, ---, ---, 
[0.532s][info][gc,stats    ]     CWR: VM Weak Roots              206 us, workers (us):  29,  27,  26,  26,  25,  24,  26,  23, ---, ---, ---, ---, ---, ---, ---, ---, 
[0.532s][info][gc,stats    ]     CWR: CLDG Roots                  20 us, workers (us): ---,   5,   5,   5, ---,   5, ---, ---, ---, ---, ---, ---, ---, ---, ---, ---, 
[0.532s][info][gc,stats    ]   Rendezvous                         87 us
[0.532s][info][gc,stats    ] Concurrent Cleanup                  157 us
[0.532s][info][gc,stats    ] Concurrent Class Unloading         1192 us
[0.532s][info][gc,stats    ]   Unlink Stale                      728 us
[0.532s][info][gc,stats    ]     System Dictionary                 4 us
[0.532s][info][gc,stats    ]     Weak Class Links                  1 us
[0.532s][info][gc,stats    ]     Code Roots                      723 us
[0.532s][info][gc,stats    ]   Rendezvous                         64 us
[0.532s][info][gc,stats    ]   Purge Unlinked                    382 us
[0.532s][info][gc,stats    ]     Code Roots                      376 us
[0.532s][info][gc,stats    ]     CLDG                              6 us
[0.532s][info][gc,stats    ]     Exception Caches                  0 us
[0.532s][info][gc,stats    ] Pause Final Roots (G)               309 us
[0.532s][info][gc,stats    ] Pause Final Roots (N)                35 us
[0.532s][info][gc,stats    ] 
[0.532s][info][gc,stats    ] Allocation pacing accrued:
[0.532s][info][gc,stats    ]       0 of   530 ms (  0.0%): <total>
[0.532s][info][gc,stats    ]       0 of   530 ms (  0.0%): <average total>
[0.532s][info][gc,stats    ] 
[0.532s][info][gc,metaspace] Metaspace: 10556K(10816K)->10567K(10816K) NonClass: 9323K(9472K)->9334K(9472K) Class: 1232K(1344K)->1232K(1344K)
[0.532s][info][gc,ergo     ] Pacer for Idle. Initial: 309M, Alloc Tax Rate: 1.0x
[0.660s][info][gc          ] Trigger: Learning 2 of 5. Free (10812M) is below initial threshold (10835M)
[0.660s][info][gc,ergo     ] Free: 10812M, Max: 4096K regular, 10232M humongous, Frag: 6% external, 0% internal; Reserve: 776M, Max: 4096K
[0.660s][info][gc,start    ] GC(1) Concurrent reset
[0.660s][info][gc,task     ] GC(1) Using 8 of 16 workers for concurrent reset
[0.660s][info][gc,ergo     ] GC(1) Pacer for Reset. Non-Taxable: 15480M
[0.661s][info][gc          ] GC(1) Concurrent reset 0.754ms
[0.661s][info][gc,start    ] GC(1) Pause Init Mark (unload classes)
[0.661s][info][gc,task     ] GC(1) Using 16 of 16 workers for init marking
[0.661s][info][gc,ergo     ] GC(1) Pacer for Mark. Expected Live: 150M, Free: 10804M, Non-Taxable: 1080M, Alloc Tax Rate: 0.0x
[0.661s][info][gc          ] GC(1) Pause Init Mark (unload classes) 0.061ms
[0.661s][info][gc,start    ] GC(1) Concurrent marking roots
[0.661s][info][gc,task     ] GC(1) Using 8 of 16 workers for concurrent marking roots
[0.661s][info][gc          ] GC(1) Concurrent marking roots 0.156ms
[0.661s][info][gc,start    ] GC(1) Concurrent marking (unload classes)
[0.661s][info][gc,task     ] GC(1) Using 8 of 16 workers for concurrent marking
[0.698s][info][gc          ] GC(1) Concurrent marking (unload classes) 36.408ms
[0.698s][info][gc,start    ] GC(1) Pause Final Mark (unload classes)
[0.698s][info][gc,task     ] GC(1) Using 16 of 16 workers for final marking
[0.698s][info][gc,ergo     ] GC(1) Collectable Garbage: 3640M (97%), Immediate: 3640M (97%), CSet: 0B (0%)
[0.698s][info][gc          ] GC(1) Pause Final Mark (unload classes) 0.136ms
[0.698s][info][gc,start    ] GC(1) Concurrent weak references
[0.698s][info][gc,task     ] GC(1) Using 8 of 16 workers for concurrent weak references
[0.698s][info][gc,ref      ] GC(1) Encountered references: Soft: 235, Weak: 926, Final: 0, Phantom: 3
[0.698s][info][gc,ref      ] GC(1) Discovered  references: Soft: 0, Weak: 387, Final: 0, Phantom: 3
[0.698s][info][gc,ref      ] GC(1) Enqueued    references: Soft: 0, Weak: 0, Final: 0, Phantom: 0
[0.698s][info][gc          ] GC(1) Concurrent weak references 0.110ms
[0.698s][info][gc,start    ] GC(1) Concurrent weak roots
[0.698s][info][gc,task     ] GC(1) Using 8 of 16 workers for concurrent weak root
[0.698s][info][gc          ] GC(1) Concurrent weak roots 0.262ms
[0.698s][info][gc,start    ] GC(1) Concurrent cleanup
[0.698s][info][gc          ] GC(1) Concurrent cleanup 4671M->1031M(4672M) 0.107ms
[0.698s][info][gc,ergo     ] GC(1) Free: 13672M, Max: 4096K regular, 10032M humongous, Frag: 27% external, 0% internal; Reserve: 776M, Max: 4096K
[0.698s][info][gc,start    ] GC(1) Concurrent class unloading
[0.698s][info][gc,task     ] GC(1) Using 8 of 16 workers for concurrent class unloading
[0.699s][info][gc          ] GC(1) Concurrent class unloading 0.400ms
[0.699s][info][gc,start    ] GC(1) Pause Final Roots
[0.699s][info][gc          ] GC(1) Pause Final Roots 0.008ms
[0.699s][info][gc,ergo     ] Free: 13664M, Max: 4096K regular, 10032M humongous, Frag: 27% external, 0% internal; Reserve: 776M, Max: 4096K
[0.699s][info][gc,stats    ] 
[0.699s][info][gc,stats    ] All times are wall-clock times, except per-root-class counters, that are sum over
[0.699s][info][gc,stats    ] all workers. Dividing the <total> over the root stage time estimates parallelism.
[0.699s][info][gc,stats    ] 
[0.699s][info][gc,stats    ] Concurrent Reset                    767 us
[0.699s][info][gc,stats    ] Pause Init Mark (G)                 272 us
[0.699s][info][gc,stats    ] Pause Init Mark (N)                  65 us
[0.699s][info][gc,stats    ]   Update Region States               23 us
[0.699s][info][gc,stats    ] Concurrent Mark Roots               158 us, parallelism: 2.29x
[0.699s][info][gc,stats    ]   CMR: <total>                      363 us
[0.699s][info][gc,stats    ]   CMR: Thread Roots                 243 us, workers (us):  51,   0,  44,  44,  29,  39,  18,  18, ---, ---, ---, ---, ---, ---, ---, ---, 
[0.699s][info][gc,stats    ]   CMR: VM Strong Roots               20 us, workers (us):   9,   3,   4,   1,   2,   0,   0,   0, ---, ---, ---, ---, ---, ---, ---, ---, 
[0.699s][info][gc,stats    ]   CMR: CLDG Roots                   100 us, workers (us):   4,  88, ---,   4,   4, ---, ---, ---, ---, ---, ---, ---, ---, ---, ---, ---, 
[0.699s][info][gc,stats    ] Concurrent Marking                36438 us
[0.699s][info][gc,stats    ] Pause Final Mark (G)                180 us
[0.699s][info][gc,stats    ] Pause Final Mark (N)                139 us
[0.699s][info][gc,stats    ]   Finish Mark                        63 us
[0.699s][info][gc,stats    ]   Update Region States               20 us
[0.699s][info][gc,stats    ]   Choose Collection Set              25 us
[0.699s][info][gc,stats    ]   Rebuild Free Set                    7 us
[0.699s][info][gc,stats    ] Concurrent Weak References          112 us, parallelism: 0.79x
[0.699s][info][gc,stats    ]   CWRF: <total>                      89 us
[0.699s][info][gc,stats    ]   CWRF: Weak References              89 us, workers (us):  87,   1,   0,   0,   0,   0,   0,   0, ---, ---, ---, ---, ---, ---, ---, ---, 
[0.699s][info][gc,stats    ] Concurrent Weak Roots               264 us
[0.699s][info][gc,stats    ]   Roots                             229 us, parallelism: 4.42x
[0.699s][info][gc,stats    ]     CWR: <total>                   1014 us
[0.699s][info][gc,stats    ]     CWR: Code Cache Roots           784 us, workers (us): 103, 122, 154,  95,  12, 109, 168,  22, ---, ---, ---, ---, ---, ---, ---, ---, 
[0.699s][info][gc,stats    ]     CWR: VM Weak Roots              206 us, workers (us):  30,  29,  29,  28,  24,  22,  23,  22, ---, ---, ---, ---, ---, ---, ---, ---, 
[0.699s][info][gc,stats    ]     CWR: CLDG Roots                  23 us, workers (us):   6,   6, ---,   6, ---,   6, ---, ---, ---, ---, ---, ---, ---, ---, ---, ---, 
[0.699s][info][gc,stats    ]   Rendezvous                         30 us
[0.699s][info][gc,stats    ] Concurrent Cleanup                  109 us
[0.699s][info][gc,stats    ] Concurrent Class Unloading          402 us
[0.699s][info][gc,stats    ]   Unlink Stale                      353 us
[0.699s][info][gc,stats    ]     System Dictionary                 3 us
[0.699s][info][gc,stats    ]     Weak Class Links                  0 us
[0.699s][info][gc,stats    ]     Code Roots                      349 us
[0.699s][info][gc,stats    ]   Rendezvous                         37 us
[0.699s][info][gc,stats    ]   Purge Unlinked                      3 us
[0.699s][info][gc,stats    ]     Code Roots                        1 us
[0.699s][info][gc,stats    ]     CLDG                              2 us
[0.699s][info][gc,stats    ]     Exception Caches                  0 us
[0.699s][info][gc,stats    ] Pause Final Roots (G)               103 us
[0.699s][info][gc,stats    ] Pause Final Roots (N)                11 us
[0.699s][info][gc,stats    ] 
[0.699s][info][gc,stats    ] Allocation pacing accrued:
[0.699s][info][gc,stats    ]       0 of   167 ms (  0.0%): <total>
[0.699s][info][gc,stats    ]       0 of   167 ms (  0.0%): <average total>
[0.699s][info][gc,stats    ] 
[0.699s][info][gc,metaspace] Metaspace: 10567K(10816K)->10613K(10880K) NonClass: 9334K(9472K)->9373K(9536K) Class: 1232K(1344K)->1239K(1344K)
[0.699s][info][gc,ergo     ] Pacer for Idle. Initial: 309M, Alloc Tax Rate: 1.0x
[0.824s][info][gc          ] Trigger: Learning 3 of 5. Free (10832M) is below initial threshold (10835M)
[0.824s][info][gc,ergo     ] Free: 10832M, Max: 4096K regular, 10032M humongous, Frag: 8% external, 0% internal; Reserve: 776M, Max: 4096K
[0.824s][info][gc,start    ] GC(2) Concurrent reset
[0.824s][info][gc,task     ] GC(2) Using 8 of 16 workers for concurrent reset
[0.824s][info][gc,ergo     ] GC(2) Pacer for Reset. Non-Taxable: 15480M
[0.825s][info][gc          ] GC(2) Concurrent reset 0.522ms
[0.825s][info][gc,start    ] GC(2) Pause Init Mark (unload classes)
[0.825s][info][gc,task     ] GC(2) Using 16 of 16 workers for init marking
[0.825s][info][gc,ergo     ] GC(2) Pacer for Mark. Expected Live: 150M, Free: 10820M, Non-Taxable: 1082M, Alloc Tax Rate: 0.0x
[0.825s][info][gc          ] GC(2) Pause Init Mark (unload classes) 0.058ms
[0.825s][info][gc,start    ] GC(2) Concurrent marking roots
[0.825s][info][gc,task     ] GC(2) Using 8 of 16 workers for concurrent marking roots
[0.825s][info][gc          ] GC(2) Concurrent marking roots 0.088ms
[0.825s][info][gc,start    ] GC(2) Concurrent marking (unload classes)
[0.825s][info][gc,task     ] GC(2) Using 8 of 16 workers for concurrent marking
[0.863s][info][gc          ] GC(2) Concurrent marking (unload classes) 37.893ms
[0.863s][info][gc,start    ] GC(2) Pause Final Mark (unload classes)
[0.863s][info][gc,task     ] GC(2) Using 16 of 16 workers for final marking
[0.863s][info][gc,ergo     ] GC(2) Collectable Garbage: 3544M (95%), Immediate: 3544M (95%), CSet: 0B (0%)
[0.863s][info][gc          ] GC(2) Pause Final Mark (unload classes) 0.160ms
[0.863s][info][gc,start    ] GC(2) Concurrent weak references
[0.863s][info][gc,task     ] GC(2) Using 8 of 16 workers for concurrent weak references
[0.864s][info][gc,ref      ] GC(2) Encountered references: Soft: 253, Weak: 965, Final: 0, Phantom: 4
[0.864s][info][gc,ref      ] GC(2) Discovered  references: Soft: 0, Weak: 664, Final: 0, Phantom: 4
[0.864s][info][gc,ref      ] GC(2) Enqueued    references: Soft: 0, Weak: 9, Final: 0, Phantom: 1
[0.864s][info][gc          ] GC(2) Concurrent weak references 0.194ms
[0.864s][info][gc,start    ] GC(2) Concurrent weak roots
[0.864s][info][gc,task     ] GC(2) Using 8 of 16 workers for concurrent weak root
[0.864s][info][gc          ] GC(2) Concurrent weak roots 0.264ms
[0.864s][info][gc,start    ] GC(2) Concurrent cleanup
[0.864s][info][gc          ] GC(2) Concurrent cleanup 4699M->1155M(4700M) 0.112ms
[0.864s][info][gc,ergo     ] GC(2) Free: 13548M, Max: 4096K regular, 10004M humongous, Frag: 27% external, 0% internal; Reserve: 776M, Max: 4096K
[0.864s][info][gc,start    ] GC(2) Concurrent class unloading
[0.864s][info][gc,task     ] GC(2) Using 8 of 16 workers for concurrent class unloading
[0.864s][info][gc          ] GC(2) Concurrent class unloading 0.526ms
[0.865s][info][gc,start    ] GC(2) Pause Final Roots
[0.865s][info][gc          ] GC(2) Pause Final Roots 0.008ms
[0.865s][info][gc,ergo     ] Free: 13548M, Max: 4096K regular, 10004M humongous, Frag: 27% external, 0% internal; Reserve: 776M, Max: 4096K
[0.865s][info][gc,stats    ] 
[0.865s][info][gc,stats    ] All times are wall-clock times, except per-root-class counters, that are sum over
[0.865s][info][gc,stats    ] all workers. Dividing the <total> over the root stage time estimates parallelism.
[0.865s][info][gc,stats    ] 
[0.865s][info][gc,stats    ] Concurrent Reset                    525 us
[0.865s][info][gc,stats    ] Pause Init Mark (G)                 203 us
[0.865s][info][gc,stats    ] Pause Init Mark (N)                  60 us
[0.865s][info][gc,stats    ]   Update Region States               24 us
[0.865s][info][gc,stats    ] Concurrent Mark Roots                91 us, parallelism: 3.12x
[0.865s][info][gc,stats    ]   CMR: <total>                      282 us
[0.865s][info][gc,stats    ]   CMR: Thread Roots                 201 us, workers (us):   0,  20,  49,  20,  28,  31,  22,  30, ---, ---, ---, ---, ---, ---, ---, ---, 
[0.865s][info][gc,stats    ]   CMR: VM Strong Roots               19 us, workers (us):   3,  10,   0,   0,   0,   2,   2,   0, ---, ---, ---, ---, ---, ---, ---, ---, 
[0.865s][info][gc,stats    ]   CMR: CLDG Roots                    62 us, workers (us):  54,   3,   3,   3, ---, ---, ---, ---, ---, ---, ---, ---, ---, ---, ---, ---, 
[0.865s][info][gc,stats    ] Concurrent Marking                37931 us
[0.865s][info][gc,stats    ] Pause Final Mark (G)                260 us
[0.865s][info][gc,stats    ] Pause Final Mark (N)                163 us
[0.865s][info][gc,stats    ]   Finish Mark                        63 us
[0.865s][info][gc,stats    ]   Update Region States               18 us
[0.865s][info][gc,stats    ]   Choose Collection Set              23 us
[0.865s][info][gc,stats    ]   Rebuild Free Set                    6 us
[0.865s][info][gc,stats    ] Concurrent Weak References          195 us, parallelism: 0.87x
[0.865s][info][gc,stats    ]   CWRF: <total>                     169 us
[0.865s][info][gc,stats    ]   CWRF: Weak References             169 us, workers (us): 162,   4,   1,   1,   0,   0,   0,   0, ---, ---, ---, ---, ---, ---, ---, ---, 
[0.865s][info][gc,stats    ] Concurrent Weak Roots               266 us
[0.865s][info][gc,stats    ]   Roots                             235 us, parallelism: 4.47x
[0.865s][info][gc,stats    ]     CWR: <total>                   1050 us
[0.865s][info][gc,stats    ]     CWR: Code Cache Roots           826 us, workers (us):   7, 105, 148, 142, 115,  22, 169, 118, ---, ---, ---, ---, ---, ---, ---, ---, 
[0.865s][info][gc,stats    ]     CWR: VM Weak Roots              202 us, workers (us):  29,  29,  28,  27,  26,  25,  19,  18, ---, ---, ---, ---, ---, ---, ---, ---, 
[0.865s][info][gc,stats    ]     CWR: CLDG Roots                  22 us, workers (us): ---, ---, ---,   5,   5, ---,   6,   6, ---, ---, ---, ---, ---, ---, ---, ---, 
[0.865s][info][gc,stats    ]   Rendezvous                         26 us
[0.865s][info][gc,stats    ] Concurrent Cleanup                  115 us
[0.865s][info][gc,stats    ] Concurrent Class Unloading          528 us
[0.865s][info][gc,stats    ]   Unlink Stale                      479 us
[0.865s][info][gc,stats    ]     System Dictionary                 3 us
[0.865s][info][gc,stats    ]     Weak Class Links                  0 us
[0.865s][info][gc,stats    ]     Code Roots                      475 us
[0.865s][info][gc,stats    ]   Rendezvous                         26 us
[0.865s][info][gc,stats    ]   Purge Unlinked                     14 us
[0.865s][info][gc,stats    ]     Code Roots                       11 us
[0.865s][info][gc,stats    ]     CLDG                              3 us
[0.865s][info][gc,stats    ]     Exception Caches                  0 us
[0.865s][info][gc,stats    ] Pause Final Roots (G)                98 us
[0.865s][info][gc,stats    ] Pause Final Roots (N)                10 us
[0.865s][info][gc,stats    ] 
[0.865s][info][gc,stats    ] Allocation pacing accrued:
[0.865s][info][gc,stats    ]       0 of   166 ms (  0.0%): <total>
[0.865s][info][gc,stats    ]       0 of   166 ms (  0.0%): <average total>
[0.865s][info][gc,stats    ] 
[0.865s][info][gc,metaspace] Metaspace: 10624K(10880K)->10624K(10880K) NonClass: 9384K(9536K)->9384K(9536K) Class: 1239K(1344K)->1239K(1344K)
[0.865s][info][gc,ergo     ] Pacer for Idle. Initial: 309M, Alloc Tax Rate: 1.0x
[0.983s][info][gc          ] Cancelling GC: Stopping VM
[0.984s][info][gc,heap,exit] Heap
[0.984s][info][gc,heap,exit] Shenandoah Heap
[0.984s][info][gc,heap,exit]  15480M max, 15480M soft max, 4700M committed, 3367M used
[0.984s][info][gc,heap,exit]  3870 x 4096K regions
[0.984s][info][gc,heap,exit] Status: cancelled
[0.984s][info][gc,heap,exit] Reserved region:
[0.984s][info][gc,heap,exit]  - [0x0000000438800000, 0x0000000800000000) 
[0.984s][info][gc,heap,exit] Collection set:
[0.984s][info][gc,heap,exit]  - map (vanilla): 0x00000000000110e2
[0.984s][info][gc,heap,exit]  - map (biased):  0x0000000000010000
[0.984s][info][gc,heap,exit] 
[0.984s][info][gc,heap,exit]  Metaspace       used 10627K, committed 10880K, reserved 1114112K
[0.984s][info][gc,heap,exit]   class space    used 1240K, committed 1344K, reserved 1048576K
[0.984s][info][gc,stats    ] 
[0.984s][info][gc,stats    ] GC STATISTICS:
[0.984s][info][gc,stats    ]   "(G)" (gross) pauses include VM time: time to notify and block threads, do the pre-
[0.984s][info][gc,stats    ]         and post-safepoint housekeeping. Use -Xlog:safepoint+stats to dissect.
[0.984s][info][gc,stats    ]   "(N)" (net) pauses are the times spent in the actual GC code.
[0.984s][info][gc,stats    ]   "a" is average time for each phase, look at levels to see if average makes sense.
[0.984s][info][gc,stats    ]   "lvls" are quantiles: 0% (minimum), 25%, 50% (median), 75%, 100% (maximum).
[0.984s][info][gc,stats    ] 
[0.984s][info][gc,stats    ]   All times are wall-clock times, except per-root-class counters, that are sum over
[0.984s][info][gc,stats    ]   all workers. Dividing the <total> over the root stage time estimates parallelism.
[0.984s][info][gc,stats    ] 
[0.984s][info][gc,stats    ]   Pacing delays are measured from entering the pacing code till exiting it. Therefore,
[0.984s][info][gc,stats    ]   observed pacing delays may be higher than the threshold when paced thread spent more
[0.984s][info][gc,stats    ]   time in the pacing code. It usually happens when thread is de-scheduled while paced,
[0.984s][info][gc,stats    ]   OS takes longer to unblock the thread, or JVM experiences an STW pause.
[0.984s][info][gc,stats    ] 
[0.984s][info][gc,stats    ]   Higher delay would prevent application outpacing the GC, but it will hide the GC latencies
[0.984s][info][gc,stats    ]   from the STW pause times. Pacing affects the individual threads, and so it would also be
[0.984s][info][gc,stats    ]   invisible to the usual profiling tools, but would add up to end-to-end application latency.
[0.984s][info][gc,stats    ]   Raise max pacing delay with care.
[0.984s][info][gc,stats    ] 
[0.984s][info][gc,stats    ] Concurrent Reset               =    0.002 s (a =      709 us) (n =     3) (lvls, us =      523,      523,      523,      766,      835)
[0.984s][info][gc,stats    ] Pause Init Mark (G)            =    0.001 s (a =      343 us) (n =     3) (lvls, us =      201,      201,      201,      271,      555)
[0.984s][info][gc,stats    ] Pause Init Mark (N)            =    0.001 s (a =      179 us) (n =     3) (lvls, us =       60,       60,       60,       64,      412)
[0.984s][info][gc,stats    ]   Update Region States         =    0.000 s (a =       20 us) (n =     3) (lvls, us =       12,       12,       12,       23,       24)
[0.984s][info][gc,stats    ] Concurrent Mark Roots          =    0.001 s (a =      261 us) (n =     3) (lvls, us =       90,       90,       90,      158,      534)
[0.984s][info][gc,stats    ]   CMR: <total>                 =    0.002 s (a =      758 us) (n =     3) (lvls, us =      281,      281,      281,      361,     1628)
[0.984s][info][gc,stats    ]   CMR: Thread Roots            =    0.001 s (a =      400 us) (n =     3) (lvls, us =      201,      201,      201,      242,      757)
[0.984s][info][gc,stats    ]   CMR: VM Strong Roots         =    0.000 s (a =      140 us) (n =     3) (lvls, us =       19,       19,       19,       20,      381)
[0.984s][info][gc,stats    ]   CMR: CLDG Roots              =    0.001 s (a =      218 us) (n =     3) (lvls, us =       62,       62,       62,      100,      491)
[0.984s][info][gc,stats    ] Concurrent Marking             =    0.107 s (a =    35665 us) (n =     3) (lvls, us =    32617,    32617,    32617,    36328,    37931)
[0.984s][info][gc,stats    ] Pause Final Mark (G)           =    0.001 s (a =      212 us) (n =     3) (lvls, us =      180,      180,      180,      197,      260)
[0.984s][info][gc,stats    ] Pause Final Mark (N)           =    0.000 s (a =      137 us) (n =     3) (lvls, us =      107,      107,      107,      139,      163)
[0.984s][info][gc,stats    ]   Finish Mark                  =    0.000 s (a =       60 us) (n =     3) (lvls, us =       54,       54,       54,       63,       63)
[0.984s][info][gc,stats    ]   Update Region States         =    0.000 s (a =       17 us) (n =     3) (lvls, us =       14,       14,       14,       18,       20)
[0.984s][info][gc,stats    ]   Choose Collection Set        =    0.000 s (a =       22 us) (n =     3) (lvls, us =       17,       17,       17,       22,       25)
[0.984s][info][gc,stats    ]   Rebuild Free Set             =    0.000 s (a =        6 us) (n =     3) (lvls, us =        6,        6,        6,        6,        7)
[0.984s][info][gc,stats    ] Concurrent Weak References     =    0.000 s (a =      164 us) (n =     3) (lvls, us =      111,      111,      111,      182,      195)
[0.984s][info][gc,stats    ]   CWRF: <total>                =    0.000 s (a =      158 us) (n =     3) (lvls, us =       89,       89,       89,      168,      217)
[0.984s][info][gc,stats    ]   CWRF: Weak References        =    0.000 s (a =      158 us) (n =     3) (lvls, us =       89,       89,       89,      168,      217)
[0.984s][info][gc,stats    ] Concurrent Weak Roots          =    0.001 s (a =      299 us) (n =     3) (lvls, us =      264,      264,      264,      266,      367)
[0.984s][info][gc,stats    ]   Roots                        =    0.001 s (a =      241 us) (n =     3) (lvls, us =      229,      229,      229,      234,      259)
[0.984s][info][gc,stats    ]     CWR: <total>               =    0.003 s (a =     1069 us) (n =     3) (lvls, us =      996,      996,      996,     1035,     1144)
[0.984s][info][gc,stats    ]     CWR: Code Cache Roots      =    0.003 s (a =      843 us) (n =     3) (lvls, us =      783,      783,      783,      824,      918)
[0.984s][info][gc,stats    ]     CWR: VM Weak Roots         =    0.001 s (a =      205 us) (n =     3) (lvls, us =      201,      201,      201,      205,      206)
[0.984s][info][gc,stats    ]     CWR: CLDG Roots            =    0.000 s (a =       22 us) (n =     3) (lvls, us =       20,       20,       20,       22,       23)
[0.984s][info][gc,stats    ]   Rendezvous                   =    0.000 s (a =       47 us) (n =     3) (lvls, us =       26,       26,       26,       30,       87)
[0.984s][info][gc,stats    ] Concurrent Cleanup             =    0.000 s (a =      127 us) (n =     3) (lvls, us =      107,      107,      107,      115,      157)
[0.984s][info][gc,stats    ] Concurrent Class Unloading     =    0.002 s (a =      708 us) (n =     3) (lvls, us =      400,      400,      400,      527,     1192)
[0.984s][info][gc,stats    ]   Unlink Stale                 =    0.002 s (a =      520 us) (n =     3) (lvls, us =      352,      352,      352,      479,      728)
[0.984s][info][gc,stats    ]     System Dictionary          =    0.000 s (a =        3 us) (n =     3) (lvls, us =        3,        3,        3,        3,        4)
[0.984s][info][gc,stats    ]     Weak Class Links           =    0.000 s (a =        0 us) (n =     3) (lvls, us =        0,        0,        0,        0,        1)
[0.984s][info][gc,stats    ]     Code Roots                 =    0.002 s (a =      516 us) (n =     3) (lvls, us =      348,      348,      348,      475,      723)
[0.984s][info][gc,stats    ]   Rendezvous                   =    0.000 s (a =       42 us) (n =     3) (lvls, us =       26,       26,       26,       37,       64)
[0.984s][info][gc,stats    ]   Purge Unlinked               =    0.000 s (a =      133 us) (n =     3) (lvls, us =        3,        3,        3,       14,      382)
[0.984s][info][gc,stats    ]     Code Roots                 =    0.000 s (a =      129 us) (n =     3) (lvls, us =        1,        1,        1,       11,      376)
[0.984s][info][gc,stats    ]     CLDG                       =    0.000 s (a =        4 us) (n =     3) (lvls, us =        2,        2,        2,        3,        6)
[0.984s][info][gc,stats    ]     Exception Caches           =    0.000 s (a =        0 us) (n =     3) (lvls, us =        0,        0,        0,        0,        0)
[0.984s][info][gc,stats    ] Pause Final Roots (G)          =    0.001 s (a =      170 us) (n =     3) (lvls, us =       98,       98,       98,      102,      309)
[0.984s][info][gc,stats    ] Pause Final Roots (N)          =    0.000 s (a =       19 us) (n =     3) (lvls, us =       10,       10,       10,       11,       35)
[0.984s][info][gc,stats    ] 
[0.984s][info][gc,stats    ] 
[0.984s][info][gc,stats    ] Under allocation pressure, concurrent cycles may cancel, and either continue cycle
[0.984s][info][gc,stats    ] under stop-the-world pause or result in stop-the-world Full GC. Increase heap size,
[0.984s][info][gc,stats    ] tune GC heuristics, set more aggressive pacing delay, or lower allocation rate
[0.984s][info][gc,stats    ] to avoid Degenerated and Full GC cycles.
[0.984s][info][gc,stats    ] 
[0.984s][info][gc,stats    ]     3 successful concurrent GCs
[0.984s][info][gc,stats    ]       0 invoked explicitly
[0.984s][info][gc,stats    ]       0 invoked implicitly
[0.984s][info][gc,stats    ] 
[0.984s][info][gc,stats    ]     0 Degenerated GCs
[0.984s][info][gc,stats    ]       0 caused by allocation failure
[0.984s][info][gc,stats    ]       0 upgraded to Full GC
[0.984s][info][gc,stats    ] 
[0.984s][info][gc,stats    ]     0 Full GCs
[0.984s][info][gc,stats    ]       0 invoked explicitly
[0.984s][info][gc,stats    ]       0 invoked implicitly
[0.984s][info][gc,stats    ]       0 caused by allocation failure
[0.984s][info][gc,stats    ]       0 upgraded from Degenerated GC
[0.984s][info][gc,stats    ] 
[0.984s][info][gc,stats    ] 
