[0.002s][info][gc,init] Initializing The Z Garbage Collector
[0.002s][info][gc,init] Version: 21.0.8+9-Ubuntu-0ubuntu124.04.1 (release)
[0.002s][info][gc,init] Using legacy single-generation mode
[0.002s][info][gc,init] NUMA Support: Disabled
[0.002s][info][gc,init] CPUs: 32 total, 32 available
[0.002s][info][gc,init] Memory: 61914M
[0.002s][info][gc,init] Large Page Support: Disabled
[0.002s][info][gc,init] GC Workers: 8 (dynamic)
[0.002s][info][gc,init] Address Space Type: Contiguous/Unrestricted/Complete
[0.002s][info][gc,init] Address Space Size: 247680M x 3 = 743040M
[0.002s][info][gc,init] Heap Backing File: /memfd:java_heap
[0.002s][info][gc,init] Heap Backing Filesystem: tmpfs (0x1021994)
[0.003s][info][gc,init] Min Capacity: 8M
[0.003s][info][gc,init] Initial Capacity: 968M
[0.003s][info][gc,init] Max Capacity: 15480M
[0.003s][info][gc,init] Medium Page Size: 32M
[0.003s][info][gc,init] Pre-touch: Disabled
[0.003s][info][gc,init] Available space on backing filesystem: N/A
[0.003s][info][gc,init] Uncommit: Enabled
[0.003s][info][gc,init] Uncommit Delay: 300s
[0.111s][info][gc,init] Runtime Workers: 20
[0.112s][info][gc     ] Using The Z Garbage Collector
[0.116s][info][gc,metaspace] CDS archive(s) mapped at: [0x0000707943000000-0x0000707943ca1000-0x0000707943ca1000), size 13242368, SharedBaseAddress: 0x0000707943000000, ArchiveRelocationMode: 1.
[0.116s][info][gc,metaspace] Compressed class space mapped at: 0x0000707944000000-0x0000707984000000, reserved size: 1073741824
[0.116s][info][gc,metaspace] Narrow klass base: 0x0000707943000000, Narrow klass shift: 0, Narrow klass range: 0x100000000
[0.520s][info][gc,start    ] GC(0) Garbage Collection (Warmup)
[0.520s][info][gc,task     ] GC(0) Using 8 workers
[0.522s][info][gc,phases   ] GC(0) Pause Mark Start 0.006ms
[0.582s][info][gc,phases   ] GC(0) Concurrent Mark 59.270ms
[0.584s][info][gc,phases   ] GC(0) Pause Mark End 0.013ms
[0.584s][info][gc,phases   ] GC(0) Concurrent Mark Free 0.001ms
[0.585s][info][gc,phases   ] GC(0) Concurrent Process Non-Strong References 1.044ms
[0.585s][info][gc,phases   ] GC(0) Concurrent Reset Relocation Set 0.000ms
[0.587s][info][gc,phases   ] GC(0) Concurrent Select Relocation Set 1.571ms
[0.587s][info][gc,phases   ] GC(0) Pause Relocate Start 0.007ms
[0.589s][info][gc,phases   ] GC(0) Concurrent Relocate 2.159ms
[0.590s][info][gc,load     ] GC(0) Load: 0.28/0.27/0.21
[0.590s][info][gc,mmu      ] GC(0) MMU: 2ms/99.4%, 5ms/99.6%, 10ms/99.8%, 20ms/99.9%, 50ms/100.0%, 100ms/100.0%
[0.590s][info][gc,marking  ] GC(0) Mark: 8 stripe(s), 3 proactive flush(es), 1 terminate flush(es), 0 completion(s), 0 continuation(s) 
[0.590s][info][gc,marking  ] GC(0) Mark Stack Usage: 32M
[0.590s][info][gc,nmethod  ] GC(0) NMethods: 1527 registered, 195 unregistered
[0.590s][info][gc,metaspace] GC(0) Metaspace: 10M used, 10M committed, 1088M reserved
[0.590s][info][gc,ref      ] GC(0) Soft: 235 encountered, 0 discovered, 0 enqueued
[0.590s][info][gc,ref      ] GC(0) Weak: 1272 encountered, 419 discovered, 346 enqueued
[0.590s][info][gc,ref      ] GC(0) Final: 0 encountered, 0 discovered, 0 enqueued
[0.590s][info][gc,ref      ] GC(0) Phantom: 234 encountered, 233 discovered, 231 enqueued
[0.590s][info][gc,reloc    ] GC(0) Small Pages: 759 / 1518M, Empty: 1252M, Relocated: 3M, In-Place: 0
[0.590s][info][gc,reloc    ] GC(0) Medium Pages: 1 / 32M, Empty: 0M, Relocated: 0M, In-Place: 0
[0.590s][info][gc,reloc    ] GC(0) Large Pages: 0 / 0M, Empty: 0M, Relocated: 0M, In-Place: 0
[0.590s][info][gc,reloc    ] GC(0) Forwarding Usage: 1M
[0.590s][info][gc,heap     ] GC(0) Min Capacity: 8M(0%)
[0.590s][info][gc,heap     ] GC(0) Max Capacity: 15480M(100%)
[0.590s][info][gc,heap     ] GC(0) Soft Max Capacity: 15480M(100%)
[0.590s][info][gc,heap     ] GC(0)                Mark Start          Mark End        Relocate Start      Relocate End           High               Low         
[0.590s][info][gc,heap     ] GC(0)  Capacity:     1550M (10%)        1930M (12%)        1948M (13%)        1948M (13%)        1948M (13%)        1550M (10%)    
[0.590s][info][gc,heap     ] GC(0)      Free:    13930M (90%)       13550M (88%)       14784M (96%)       14794M (96%)       14822M (96%)       13532M (87%)    
[0.590s][info][gc,heap     ] GC(0)      Used:     1550M (10%)        1930M (12%)         696M (4%)          686M (4%)         1948M (13%)         658M (4%)     
[0.590s][info][gc,heap     ] GC(0)      Live:         -               191M (1%)          191M (1%)          191M (1%)             -                  -          
[0.590s][info][gc,heap     ] GC(0) Allocated:         -               380M (2%)          398M (3%)          447M (3%)             -                  -          
[0.590s][info][gc,heap     ] GC(0)   Garbage:         -              1358M (9%)          106M (1%)           46M (0%)             -                  -          
[0.590s][info][gc,heap     ] GC(0) Reclaimed:         -                  -              1252M (8%)         1311M (8%)             -                  -          
[0.590s][info][gc          ] GC(0) Garbage Collection (Warmup) 1550M(10%)->686M(4%)
[0.821s][info][gc,start    ] GC(1) Garbage Collection (Warmup)
[0.821s][info][gc,task     ] GC(1) Using 8 workers
[0.822s][info][gc,phases   ] GC(1) Pause Mark Start 0.008ms
[0.890s][info][gc,phases   ] GC(1) Concurrent Mark 68.333ms
[0.892s][info][gc,phases   ] GC(1) Pause Mark End 0.012ms
[0.892s][info][gc,phases   ] GC(1) Concurrent Mark Free 0.001ms
[0.894s][info][gc,phases   ] GC(1) Concurrent Process Non-Strong References 1.336ms
[0.894s][info][gc,phases   ] GC(1) Concurrent Reset Relocation Set 0.005ms
[0.895s][info][gc,phases   ] GC(1) Concurrent Select Relocation Set 1.688ms
[0.896s][info][gc,phases   ] GC(1) Pause Relocate Start 0.003ms
[0.898s][info][gc,phases   ] GC(1) Concurrent Relocate 2.250ms
[0.898s][info][gc,load     ] GC(1) Load: 0.28/0.27/0.21
[0.898s][info][gc,mmu      ] GC(1) MMU: 2ms/99.4%, 5ms/99.6%, 10ms/99.8%, 20ms/99.9%, 50ms/100.0%, 100ms/100.0%
[0.898s][info][gc,marking  ] GC(1) Mark: 8 stripe(s), 2 proactive flush(es), 1 terminate flush(es), 0 completion(s), 0 continuation(s) 
[0.898s][info][gc,marking  ] GC(1) Mark Stack Usage: 32M
[0.899s][info][gc,nmethod  ] GC(1) NMethods: 1527 registered, 195 unregistered
[0.899s][info][gc,metaspace] GC(1) Metaspace: 10M used, 10M committed, 1088M reserved
[0.899s][info][gc,ref      ] GC(1) Soft: 235 encountered, 0 discovered, 0 enqueued
[0.899s][info][gc,ref      ] GC(1) Weak: 926 encountered, 12 discovered, 0 enqueued
[0.899s][info][gc,ref      ] GC(1) Final: 0 encountered, 0 discovered, 0 enqueued
[0.899s][info][gc,ref      ] GC(1) Phantom: 3 encountered, 2 discovered, 0 enqueued
[0.899s][info][gc,reloc    ] GC(1) Small Pages: 1696 / 3392M, Empty: 3120M, Relocated: 6M, In-Place: 0
[0.899s][info][gc,reloc    ] GC(1) Medium Pages: 1 / 32M, Empty: 0M, Relocated: 0M, In-Place: 0
[0.899s][info][gc,reloc    ] GC(1) Large Pages: 0 / 0M, Empty: 0M, Relocated: 0M, In-Place: 0
[0.899s][info][gc,reloc    ] GC(1) Forwarding Usage: 3M
[0.899s][info][gc,heap     ] GC(1) Min Capacity: 8M(0%)
[0.899s][info][gc,heap     ] GC(1) Max Capacity: 15480M(100%)
[0.899s][info][gc,heap     ] GC(1) Soft Max Capacity: 15480M(100%)
[0.899s][info][gc,heap     ] GC(1)                Mark Start          Mark End        Relocate Start      Relocate End           High               Low         
[0.899s][info][gc,heap     ] GC(1)  Capacity:     3424M (22%)        3958M (26%)        3976M (26%)        3976M (26%)        3976M (26%)        3424M (22%)    
[0.899s][info][gc,heap     ] GC(1)      Free:    12056M (78%)       11522M (74%)       14608M (94%)       14624M (94%)       14644M (95%)       11504M (74%)    
[0.899s][info][gc,heap     ] GC(1)      Used:     3424M (22%)        3958M (26%)         872M (6%)          856M (6%)         3976M (26%)         836M (5%)     
[0.899s][info][gc,heap     ] GC(1)      Live:         -               204M (1%)          204M (1%)          204M (1%)             -                  -          
[0.899s][info][gc,heap     ] GC(1) Allocated:         -               534M (3%)          568M (4%)          607M (4%)             -                  -          
[0.899s][info][gc,heap     ] GC(1)   Garbage:         -              3219M (21%)          99M (1%)           43M (0%)             -                  -          
[0.899s][info][gc,heap     ] GC(1) Reclaimed:         -                  -              3120M (20%)        3175M (21%)            -                  -          
[0.899s][info][gc          ] GC(1) Garbage Collection (Warmup) 3424M(22%)->856M(6%)
[1.220s][info][gc,start    ] GC(2) Garbage Collection (Warmup)
[1.220s][info][gc,task     ] GC(2) Using 8 workers
[1.222s][info][gc,phases   ] GC(2) Pause Mark Start 0.006ms
[1.281s][info][gc,phases   ] GC(2) Concurrent Mark 58.418ms
[1.283s][info][gc,phases   ] GC(2) Pause Mark End 0.014ms
[1.283s][info][gc,phases   ] GC(2) Concurrent Mark Free 0.001ms
[1.286s][info][gc,phases   ] GC(2) Concurrent Process Non-Strong References 2.765ms
[1.286s][info][gc,phases   ] GC(2) Concurrent Reset Relocation Set 0.002ms
[1.287s][info][gc,phases   ] GC(2) Concurrent Select Relocation Set 1.018ms
[1.287s][info][gc,phases   ] GC(2) Pause Relocate Start 0.005ms
[1.291s][info][gc,phases   ] GC(2) Concurrent Relocate 3.083ms
[1.291s][info][gc,load     ] GC(2) Load: 0.28/0.27/0.21
[1.291s][info][gc,mmu      ] GC(2) MMU: 2ms/99.3%, 5ms/99.6%, 10ms/99.8%, 20ms/99.9%, 50ms/100.0%, 100ms/100.0%
[1.291s][info][gc,marking  ] GC(2) Mark: 8 stripe(s), 4 proactive flush(es), 1 terminate flush(es), 0 completion(s), 0 continuation(s) 
[1.291s][info][gc,marking  ] GC(2) Mark Stack Usage: 32M
[1.291s][info][gc,nmethod  ] GC(2) NMethods: 1527 registered, 195 unregistered
[1.291s][info][gc,metaspace] GC(2) Metaspace: 10M used, 10M committed, 1088M reserved
[1.291s][info][gc,ref      ] GC(2) Soft: 235 encountered, 0 discovered, 0 enqueued
[1.291s][info][gc,ref      ] GC(2) Weak: 926 encountered, 364 discovered, 0 enqueued
[1.291s][info][gc,ref      ] GC(2) Final: 0 encountered, 0 discovered, 0 enqueued
[1.291s][info][gc,ref      ] GC(2) Phantom: 3 encountered, 1 discovered, 0 enqueued
[1.291s][info][gc,reloc    ] GC(2) Small Pages: 2646 / 5292M, Empty: 5062M, Relocated: 4M, In-Place: 0
[1.291s][info][gc,reloc    ] GC(2) Medium Pages: 1 / 32M, Empty: 0M, Relocated: 0M, In-Place: 0
[1.291s][info][gc,reloc    ] GC(2) Large Pages: 0 / 0M, Empty: 0M, Relocated: 0M, In-Place: 0
[1.291s][info][gc,reloc    ] GC(2) Forwarding Usage: 3M
[1.291s][info][gc,heap     ] GC(2) Min Capacity: 8M(0%)
[1.291s][info][gc,heap     ] GC(2) Max Capacity: 15480M(100%)
[1.291s][info][gc,heap     ] GC(2) Soft Max Capacity: 15480M(100%)
[1.291s][info][gc,heap     ] GC(2)                Mark Start          Mark End        Relocate Start      Relocate End           High               Low         
[1.291s][info][gc,heap     ] GC(2)  Capacity:     5324M (34%)        5762M (37%)        5794M (37%)        5794M (37%)        5794M (37%)        5324M (34%)    
[1.291s][info][gc,heap     ] GC(2)      Free:    10156M (66%)        9718M (63%)       14742M (95%)       14722M (95%)       14772M (95%)        9686M (63%)    
[1.291s][info][gc,heap     ] GC(2)      Used:     5324M (34%)        5762M (37%)         738M (5%)          758M (5%)         5794M (37%)         708M (5%)     
[1.291s][info][gc,heap     ] GC(2)      Live:         -               167M (1%)          167M (1%)          167M (1%)             -                  -          
[1.291s][info][gc,heap     ] GC(2) Allocated:         -               438M (3%)          476M (3%)          545M (4%)             -                  -          
[1.291s][info][gc,heap     ] GC(2)   Garbage:         -              5156M (33%)          94M (1%)           44M (0%)             -                  -          
[1.291s][info][gc,heap     ] GC(2) Reclaimed:         -                  -              5062M (33%)        5111M (33%)            -                  -          
[1.291s][info][gc          ] GC(2) Garbage Collection (Warmup) 5324M(34%)->758M(5%)
[1.996s][info][gc,heap,exit] Heap
[1.996s][info][gc,heap,exit]  ZHeap           used 9314M, capacity 9314M, max capacity 15480M
[1.996s][info][gc,heap,exit]  Metaspace       used 10621K, committed 10880K, reserved 1114112K
[1.996s][info][gc,heap,exit]   class space    used 1239K, committed 1344K, reserved 1048576K
