[0.002s][info][gc,init] Initializing The Z Garbage Collector
[0.002s][info][gc,init] Version: 21.0.8+9-Ubuntu-0ubuntu124.04.1 (release)
[0.002s][info][gc,init] Using legacy single-generation mode
[0.002s][info][gc,init] NUMA Support: Disabled
[0.002s][info][gc,init] CPUs: 32 total, 32 available
[0.002s][info][gc,init] Memory: 61914M
[0.002s][info][gc,init] Large Page Support: Disabled
[0.002s][info][gc,init] GC Workers: 4 (dynamic)
[0.002s][info][gc,init] Address Space Type: Contiguous/Unrestricted/Complete
[0.002s][info][gc,init] Address Space Size: 6400M x 3 = 19200M
[0.002s][info][gc,init] Heap Backing File: /memfd:java_heap
[0.002s][info][gc,init] Heap Backing Filesystem: tmpfs (0x1021994)
[0.002s][info][gc,init] Min Capacity: 8M
[0.002s][info][gc,init] Initial Capacity: 400M
[0.002s][info][gc,init] Max Capacity: 400M
[0.002s][info][gc,init] Medium Page Size: 8M
[0.002s][info][gc,init] Pre-touch: Disabled
[0.002s][info][gc,init] Available space on backing filesystem: N/A
[0.002s][info][gc,init] Uncommit: Enabled
[0.002s][info][gc,init] Uncommit Delay: 300s
[0.049s][info][gc,init] Runtime Workers: 4
[0.049s][info][gc     ] Using The Z Garbage Collector
[0.052s][info][gc,metaspace] CDS archive(s) mapped at: [0x00007d8d6b000000-0x00007d8d6bca1000-0x00007d8d6bca1000), size 13242368, SharedBaseAddress: 0x00007d8d6b000000, ArchiveRelocationMode: 1.
[0.052s][info][gc,metaspace] Compressed class space mapped at: 0x00007d8d6c000000-0x00007d8dac000000, reserved size: 1073741824
[0.052s][info][gc,metaspace] Narrow klass base: 0x00007d8d6b000000, Narrow klass shift: 0, Narrow klass range: 0x100000000
[0.351s][info][gc,start    ] GC(0) Garbage Collection (Allocation Stall)
[0.351s][info][gc,ref      ] GC(0) Clearing All SoftReferences
[0.351s][info][gc,task     ] GC(0) Using 4 workers
[0.351s][info][gc,ref      ] GC(0) Clearing All SoftReferences
[0.352s][info][gc,phases   ] GC(0) Pause Mark Start 0.046ms
[0.396s][info][gc,phases   ] GC(0) Concurrent Mark 44.839ms
[0.396s][info][gc,phases   ] GC(0) Pause Mark End 0.004ms
[0.396s][info][gc,phases   ] GC(0) Concurrent Mark Free 0.001ms
[0.398s][info][gc,phases   ] GC(0) Concurrent Process Non-Strong References 1.682ms
[0.398s][info][gc,phases   ] GC(0) Concurrent Reset Relocation Set 0.000ms
[0.398s][info][gc          ] Allocation Stall (main) 46.859ms
[0.399s][info][gc,phases   ] GC(0) Concurrent Select Relocation Set 1.273ms
[0.400s][info][gc,phases   ] GC(0) Pause Relocate Start 0.003ms
[0.401s][info][gc,phases   ] GC(0) Concurrent Relocate 1.036ms
[0.401s][info][gc,load     ] GC(0) Load: 0.10/0.18/0.17
[0.401s][info][gc,mmu      ] GC(0) MMU: 2ms/97.7%, 5ms/99.1%, 10ms/99.5%, 20ms/99.8%, 50ms/99.9%, 100ms/99.9%
[0.401s][info][gc,marking  ] GC(0) Mark: 4 stripe(s), 1 proactive flush(es), 1 terminate flush(es), 0 completion(s), 0 continuation(s) 
[0.401s][info][gc,marking  ] GC(0) Mark Stack Usage: 32M
[0.401s][info][gc,nmethod  ] GC(0) NMethods: 1515 registered, 198 unregistered
[0.401s][info][gc,metaspace] GC(0) Metaspace: 10M used, 10M committed, 1088M reserved
[0.401s][info][gc,ref      ] GC(0) Soft: 206 encountered, 97 discovered, 68 enqueued
[0.401s][info][gc,ref      ] GC(0) Weak: 1255 encountered, 379 discovered, 370 enqueued
[0.401s][info][gc,ref      ] GC(0) Final: 0 encountered, 0 discovered, 0 enqueued
[0.401s][info][gc,ref      ] GC(0) Phantom: 233 encountered, 232 discovered, 230 enqueued
[0.401s][info][gc,reloc    ] GC(0) Small Pages: 196 / 392M, Empty: 254M, Relocated: 3M, In-Place: 0
[0.401s][info][gc,reloc    ] GC(0) Medium Pages: 1 / 8M, Empty: 8M, Relocated: 0M, In-Place: 0
[0.401s][info][gc,reloc    ] GC(0) Large Pages: 0 / 0M, Empty: 0M, Relocated: 0M, In-Place: 0
[0.401s][info][gc,reloc    ] GC(0) Forwarding Usage: 1M
[0.401s][info][gc,heap     ] GC(0) Min Capacity: 8M(2%)
[0.401s][info][gc,heap     ] GC(0) Max Capacity: 400M(100%)
[0.401s][info][gc,heap     ] GC(0) Soft Max Capacity: 400M(100%)
[0.401s][info][gc,heap     ] GC(0)                Mark Start          Mark End        Relocate Start      Relocate End           High               Low         
[0.401s][info][gc,heap     ] GC(0)  Capacity:      400M (100%)        400M (100%)        400M (100%)        400M (100%)        400M (100%)        400M (100%)   
[0.401s][info][gc,heap     ] GC(0)      Free:        0M (0%)            0M (0%)          254M (64%)         266M (66%)         266M (66%)           0M (0%)     
[0.401s][info][gc,heap     ] GC(0)      Used:      400M (100%)        400M (100%)        146M (36%)         134M (34%)         400M (100%)        134M (34%)    
[0.401s][info][gc,heap     ] GC(0)      Live:         -               105M (26%)         105M (26%)         105M (26%)            -                  -          
[0.401s][info][gc,heap     ] GC(0) Allocated:         -                 0M (0%)            8M (2%)           22M (6%)             -                  -          
[0.401s][info][gc,heap     ] GC(0)   Garbage:         -               294M (74%)          32M (8%)            6M (2%)             -                  -          
[0.401s][info][gc,heap     ] GC(0) Reclaimed:         -                  -               262M (66%)         288M (72%)            -                  -          
[0.401s][info][gc          ] GC(0) Garbage Collection (Allocation Stall) 400M(100%)->134M(34%)
[0.413s][info][gc,start    ] GC(1) Garbage Collection (Allocation Stall)
[0.413s][info][gc,ref      ] GC(1) Clearing All SoftReferences
[0.413s][info][gc,task     ] GC(1) Using 4 workers
[0.413s][info][gc,ref      ] GC(1) Clearing All SoftReferences
[0.413s][info][gc,phases   ] GC(1) Pause Mark Start 0.019ms
[0.473s][info][gc,phases   ] GC(1) Concurrent Mark 60.180ms
[0.473s][info][gc,phases   ] GC(1) Pause Mark End 0.014ms
[0.473s][info][gc,phases   ] GC(1) Concurrent Mark Free 0.001ms
[0.474s][info][gc,phases   ] GC(1) Concurrent Process Non-Strong References 0.679ms
[0.474s][info][gc,phases   ] GC(1) Concurrent Reset Relocation Set 0.001ms
[0.475s][info][gc          ] Allocation Stall (pool-1-thread-2) 61.820ms
[0.475s][info][gc          ] Allocation Stall (pool-1-thread-7) 61.667ms
[0.475s][info][gc          ] Allocation Stall (pool-1-thread-9) 61.867ms
[0.475s][info][gc          ] Allocation Stall (pool-1-thread-4) 61.646ms
[0.475s][info][gc          ] Allocation Stall (pool-1-thread-5) 61.866ms
[0.475s][info][gc          ] Allocation Stall (pool-1-thread-3) 61.818ms
[0.475s][info][gc          ] Allocation Stall (pool-1-thread-1) 61.794ms
[0.475s][info][gc          ] Allocation Stall (pool-1-thread-6) 61.856ms
[0.475s][info][gc          ] Allocation Stall (Common-Cleaner) 0.657ms
[0.475s][info][gc          ] Allocation Stall (pool-1-thread-8) 61.680ms
[0.477s][info][gc,phases   ] GC(1) Concurrent Select Relocation Set 2.966ms
[0.477s][info][gc,phases   ] GC(1) Pause Relocate Start 0.006ms
[0.484s][info][gc          ] Relocation Stall (pool-1-thread-4) 6.910ms
[0.484s][info][gc          ] Relocation Stall (pool-1-thread-2) 7.009ms
[0.484s][info][gc          ] Relocation Stall (pool-1-thread-3) 6.918ms
[0.484s][info][gc          ] Relocation Stall (pool-1-thread-1) 6.813ms
[0.484s][info][gc          ] Allocation Stall (pool-1-thread-3) 7.408ms
[0.484s][info][gc          ] Relocation Stall (pool-1-thread-6) 6.702ms
[0.484s][info][gc          ] Allocation Stall (pool-1-thread-4) 7.388ms
[0.484s][info][gc          ] Relocation Stall (pool-1-thread-5) 7.018ms
[0.484s][info][gc          ] Relocation Stall (pool-1-thread-8) 7.020ms
[0.485s][info][gc          ] Allocation Stall (pool-1-thread-8) 7.489ms
[0.484s][info][gc          ] Relocation Stall (pool-1-thread-9) 7.018ms
[0.485s][info][gc          ] Allocation Stall (pool-1-thread-9) 7.631ms
[0.484s][info][gc          ] Allocation Stall (pool-1-thread-2) 7.471ms
[0.484s][info][gc          ] Allocation Stall (pool-1-thread-6) 7.362ms
[0.485s][info][gc          ] Allocation Stall (pool-1-thread-5) 7.573ms
[0.484s][info][gc          ] Relocation Stall (pool-1-thread-7) 6.779ms
[0.485s][info][gc          ] Allocation Stall (pool-1-thread-7) 7.532ms
[0.484s][info][gc          ] Allocation Stall (pool-1-thread-1) 7.398ms
[0.489s][info][gc,phases   ] GC(1) Concurrent Relocate 11.354ms
[0.489s][info][gc,load     ] GC(1) Load: 0.10/0.18/0.17
[0.489s][info][gc,mmu      ] GC(1) MMU: 2ms/97.7%, 5ms/99.1%, 10ms/99.5%, 20ms/99.8%, 50ms/99.9%, 100ms/99.9%
[0.489s][info][gc,marking  ] GC(1) Mark: 4 stripe(s), 2 proactive flush(es), 1 terminate flush(es), 0 completion(s), 0 continuation(s) 
[0.489s][info][gc,marking  ] GC(1) Mark Stack Usage: 32M
[0.489s][info][gc,nmethod  ] GC(1) NMethods: 1521 registered, 201 unregistered
[0.489s][info][gc,metaspace] GC(1) Metaspace: 10M used, 10M committed, 1088M reserved
[0.489s][info][gc,ref      ] GC(1) Soft: 143 encountered, 50 discovered, 0 enqueued
[0.489s][info][gc,ref      ] GC(1) Weak: 903 encountered, 637 discovered, 5 enqueued
[0.489s][info][gc,ref      ] GC(1) Final: 0 encountered, 0 discovered, 0 enqueued
[0.489s][info][gc,ref      ] GC(1) Phantom: 4 encountered, 2 discovered, 1 enqueued
[0.489s][info][gc,reloc    ] GC(1) Small Pages: 200 / 400M, Empty: 28M, Relocated: 41M, In-Place: 4
[0.489s][info][gc,reloc    ] GC(1) Medium Pages: 0 / 0M, Empty: 0M, Relocated: 0M, In-Place: 0
[0.489s][info][gc,reloc    ] GC(1) Large Pages: 0 / 0M, Empty: 0M, Relocated: 0M, In-Place: 0
[0.489s][info][gc,reloc    ] GC(1) Forwarding Usage: 22M
[0.489s][info][gc,heap     ] GC(1) Min Capacity: 8M(2%)
[0.489s][info][gc,heap     ] GC(1) Max Capacity: 400M(100%)
[0.489s][info][gc,heap     ] GC(1) Soft Max Capacity: 400M(100%)
[0.489s][info][gc,heap     ] GC(1)                Mark Start          Mark End        Relocate Start      Relocate End           High               Low         
[0.489s][info][gc,heap     ] GC(1)  Capacity:      400M (100%)        400M (100%)        400M (100%)        400M (100%)        400M (100%)        400M (100%)   
[0.489s][info][gc,heap     ] GC(1)      Free:        0M (0%)            0M (0%)            0M (0%)           98M (24%)         184M (46%)           0M (0%)     
[0.489s][info][gc,heap     ] GC(1)      Used:      400M (100%)        400M (100%)        400M (100%)        302M (76%)         400M (100%)        216M (54%)    
[0.489s][info][gc,heap     ] GC(1)      Live:         -               169M (42%)         169M (42%)         169M (42%)            -                  -          
[0.489s][info][gc,heap     ] GC(1) Allocated:         -                 0M (0%)           28M (7%)          123M (31%)            -                  -          
[0.489s][info][gc,heap     ] GC(1)   Garbage:         -               230M (58%)         202M (51%)           8M (2%)             -                  -          
[0.489s][info][gc,heap     ] GC(1) Reclaimed:         -                  -                28M (7%)          221M (55%)            -                  -          
[0.489s][info][gc          ] GC(1) Garbage Collection (Allocation Stall) 400M(100%)->302M(76%)
[0.493s][info][gc,start    ] GC(2) Garbage Collection (Allocation Stall)
[0.493s][info][gc,ref      ] GC(2) Clearing All SoftReferences
[0.493s][info][gc,task     ] GC(2) Using 4 workers
[0.493s][info][gc,ref      ] GC(2) Clearing All SoftReferences
[0.493s][info][gc,phases   ] GC(2) Pause Mark Start 0.011ms
[0.585s][info][gc,phases   ] GC(2) Concurrent Mark 92.454ms
[0.585s][info][gc,phases   ] GC(2) Pause Mark End 0.011ms
[0.585s][info][gc,phases   ] GC(2) Concurrent Mark Free 0.001ms
[0.586s][info][gc,phases   ] GC(2) Concurrent Process Non-Strong References 0.623ms
[0.586s][info][gc,phases   ] GC(2) Concurrent Reset Relocation Set 0.008ms
[0.588s][info][gc,phases   ] GC(2) Concurrent Select Relocation Set 2.045ms
[0.588s][info][gc,phases   ] GC(2) Pause Relocate Start 0.002ms
[0.589s][info][gc          ] Allocation Stall (pool-1-thread-7) 95.224ms
[0.589s][info][gc          ] Allocation Stall (pool-1-thread-8) 89.395ms
[0.589s][info][gc          ] Allocation Stall (pool-1-thread-8) 0.046ms
[0.592s][info][gc          ] Relocation Stall (pool-1-thread-3) 3.501ms
[0.592s][info][gc          ] Allocation Stall (pool-1-thread-3) 99.458ms
[0.592s][info][gc          ] Relocation Stall (pool-1-thread-6) 3.660ms
[0.592s][info][gc          ] Relocation Stall (pool-1-thread-5) 3.899ms
[0.592s][info][gc          ] Allocation Stall (pool-1-thread-5) 99.561ms
[0.592s][info][gc          ] Relocation Stall (pool-1-thread-9) 3.627ms
[0.592s][info][gc          ] Relocation Stall (pool-1-thread-1) 3.711ms
[0.592s][info][gc          ] Allocation Stall (pool-1-thread-1) 99.622ms
[0.592s][info][gc          ] Allocation Stall (pool-1-thread-6) 99.514ms
[0.592s][info][gc          ] Relocation Stall (pool-1-thread-2) 3.494ms
[0.592s][info][gc          ] Allocation Stall (pool-1-thread-2) 99.588ms
[0.592s][info][gc          ] Allocation Stall (pool-1-thread-9) 99.559ms
[0.592s][info][gc          ] Relocation Stall (pool-1-thread-4) 3.673ms
[0.592s][info][gc          ] Allocation Stall (pool-1-thread-4) 99.694ms
[0.594s][info][gc          ] Allocation Stall (pool-1-thread-4) 0.462ms
[0.595s][info][gc          ] Allocation Stall (pool-1-thread-7) 0.586ms
[0.595s][info][gc          ] Allocation Stall (pool-1-thread-3) 0.581ms
[0.595s][info][gc          ] Allocation Stall (pool-1-thread-6) 0.596ms
[0.595s][info][gc          ] Allocation Stall (pool-1-thread-1) 0.984ms
[0.595s][info][gc          ] Allocation Stall (pool-1-thread-2) 0.984ms
[0.595s][info][gc          ] Allocation Stall (pool-1-thread-8) 0.997ms
[0.595s][info][gc          ] Allocation Stall (pool-1-thread-5) 0.994ms
[0.595s][info][gc          ] Allocation Stall (pool-1-thread-7) 0.425ms
[0.595s][info][gc          ] Allocation Stall (pool-1-thread-6) 0.328ms
[0.595s][info][gc          ] Allocation Stall (pool-1-thread-4) 0.322ms
[0.595s][info][gc          ] Allocation Stall (pool-1-thread-3) 0.313ms
[0.596s][info][gc          ] Allocation Stall (pool-1-thread-3) 0.372ms
[0.596s][info][gc          ] Allocation Stall (pool-1-thread-6) 0.379ms
[0.596s][info][gc          ] Allocation Stall (pool-1-thread-5) 0.389ms
[0.596s][info][gc          ] Allocation Stall (pool-1-thread-7) 0.389ms
[0.596s][info][gc          ] Allocation Stall (pool-1-thread-8) 0.399ms
[0.596s][info][gc          ] Allocation Stall (pool-1-thread-2) 0.383ms
[0.596s][info][gc          ] Allocation Stall (pool-1-thread-4) 0.396ms
[0.596s][info][gc          ] Allocation Stall (pool-1-thread-1) 0.396ms
[0.596s][info][gc          ] Allocation Stall (pool-1-thread-7) 0.019ms
[0.596s][info][gc          ] Allocation Stall (pool-1-thread-4) 0.432ms
[0.597s][info][gc          ] Allocation Stall (pool-1-thread-7) 0.569ms
[0.597s][info][gc          ] Allocation Stall (pool-1-thread-5) 0.574ms
[0.597s][info][gc          ] Allocation Stall (pool-1-thread-6) 0.907ms
[0.597s][info][gc          ] Allocation Stall (pool-1-thread-3) 1.126ms
[0.598s][info][gc          ] Allocation Stall (pool-1-thread-8) 1.483ms
[0.598s][info][gc          ] Allocation Stall (pool-1-thread-2) 1.497ms
[0.598s][info][gc          ] Allocation Stall (pool-1-thread-1) 1.471ms
[0.598s][info][gc          ] Allocation Stall (pool-1-thread-5) 0.899ms
[0.598s][info][gc          ] Allocation Stall (pool-1-thread-7) 0.901ms
[0.598s][info][gc          ] Allocation Stall (pool-1-thread-4) 0.912ms
[0.598s][info][gc          ] Allocation Stall (pool-1-thread-6) 0.484ms
[0.598s][info][gc          ] Allocation Stall (pool-1-thread-3) 0.537ms
[0.598s][info][gc          ] Allocation Stall (pool-1-thread-2) 0.132ms
[0.598s][info][gc          ] Allocation Stall (pool-1-thread-1) 0.138ms
[0.598s][info][gc          ] Allocation Stall (pool-1-thread-4) 0.136ms
[0.598s][info][gc          ] Allocation Stall (pool-1-thread-8) 0.137ms
[0.598s][info][gc          ] Allocation Stall (pool-1-thread-5) 0.419ms
[0.598s][info][gc          ] Allocation Stall (pool-1-thread-4) 0.249ms
[0.598s][info][gc          ] Allocation Stall (pool-1-thread-6) 0.257ms
[0.598s][info][gc          ] Allocation Stall (pool-1-thread-3) 0.258ms
[0.598s][info][gc          ] Allocation Stall (pool-1-thread-8) 0.264ms
[0.598s][info][gc          ] Allocation Stall (pool-1-thread-2) 0.263ms
[0.598s][info][gc          ] Allocation Stall (pool-1-thread-1) 0.260ms
[0.598s][info][gc          ] Allocation Stall (pool-1-thread-7) 0.399ms
[0.598s][info][gc          ] Allocation Stall (pool-1-thread-3) 0.241ms
[0.598s][info][gc          ] Allocation Stall (pool-1-thread-1) 0.178ms
[0.599s][info][gc          ] Allocation Stall (pool-1-thread-4) 0.203ms
[0.599s][info][gc          ] Allocation Stall (pool-1-thread-2) 0.199ms
[0.599s][info][gc          ] Allocation Stall (pool-1-thread-8) 0.517ms
[0.599s][info][gc          ] Allocation Stall (pool-1-thread-5) 0.730ms
[0.599s][info][gc          ] Allocation Stall (pool-1-thread-6) 0.746ms
[0.599s][info][gc          ] Allocation Stall (pool-1-thread-3) 0.485ms
[0.599s][info][gc          ] Allocation Stall (pool-1-thread-4) 0.490ms
[0.599s][info][gc          ] Allocation Stall (pool-1-thread-7) 0.501ms
[0.599s][info][gc          ] Allocation Stall (pool-1-thread-1) 0.514ms
[0.599s][info][gc          ] Allocation Stall (pool-1-thread-2) 0.507ms
[0.600s][info][gc          ] Allocation Stall (pool-1-thread-8) 0.760ms
[0.600s][info][gc          ] Allocation Stall (pool-1-thread-6) 0.662ms
[0.600s][info][gc          ] Allocation Stall (pool-1-thread-5) 0.557ms
[0.600s][info][gc          ] Allocation Stall (pool-1-thread-4) 1.011ms
[0.600s][info][gc          ] Allocation Stall (pool-1-thread-3) 1.030ms
[0.600s][info][gc          ] Allocation Stall (pool-1-thread-7) 1.043ms
[0.600s][info][gc          ] Allocation Stall (pool-1-thread-1) 1.047ms
[0.600s][info][gc          ] Allocation Stall (pool-1-thread-2) 1.022ms
[0.600s][info][gc          ] Allocation Stall (pool-1-thread-8) 0.416ms
[0.600s][info][gc          ] Allocation Stall (pool-1-thread-5) 0.411ms
[0.600s][info][gc          ] Allocation Stall (pool-1-thread-6) 0.426ms
[0.600s][info][gc          ] Allocation Stall (pool-1-thread-8) 0.061ms
[0.601s][info][gc          ] Allocation Stall (pool-1-thread-7) 0.402ms
[0.601s][info][gc          ] Allocation Stall (pool-1-thread-2) 0.808ms
[0.602s][info][gc          ] Allocation Stall (pool-1-thread-8) 1.042ms
[0.602s][info][gc          ] Allocation Stall (pool-1-thread-5) 1.054ms
[0.602s][info][gc          ] Allocation Stall (pool-1-thread-4) 1.057ms
[0.602s][info][gc          ] Allocation Stall (pool-1-thread-3) 1.058ms
[0.602s][info][gc          ] Allocation Stall (pool-1-thread-6) 1.516ms
[0.603s][info][gc          ] Allocation Stall (pool-1-thread-1) 2.359ms
[0.603s][info][gc          ] Allocation Stall (pool-1-thread-7) 1.664ms
[0.603s][info][gc          ] Allocation Stall (pool-1-thread-2) 1.372ms
[0.603s][info][gc          ] Allocation Stall (pool-1-thread-8) 1.380ms
[0.603s][info][gc          ] Allocation Stall (pool-1-thread-4) 1.279ms
[0.603s][info][gc          ] Allocation Stall (pool-1-thread-5) 1.268ms
[0.604s][info][gc          ] Allocation Stall (pool-1-thread-3) 2.132ms
[0.604s][info][gc          ] Allocation Stall (pool-1-thread-6) 1.735ms
[0.604s][info][gc          ] Allocation Stall (pool-1-thread-4) 0.879ms
[0.604s][info][gc          ] Allocation Stall (pool-1-thread-2) 0.900ms
[0.604s][info][gc          ] Allocation Stall (pool-1-thread-1) 1.079ms
[0.605s][info][gc          ] Allocation Stall (pool-1-thread-8) 2.017ms
[0.606s][info][gc          ] Allocation Stall (pool-1-thread-7) 2.192ms
[0.606s][info][gc          ] Allocation Stall (pool-1-thread-5) 2.212ms
[0.606s][info][gc          ] Allocation Stall (pool-1-thread-4) 1.253ms
[0.606s][info][gc          ] Allocation Stall (pool-1-thread-3) 1.242ms
[0.606s][info][gc          ] Allocation Stall (pool-1-thread-2) 1.251ms
[0.606s][info][gc          ] Allocation Stall (pool-1-thread-6) 1.243ms
[0.606s][info][gc          ] Allocation Stall (pool-1-thread-1) 1.015ms
[0.607s][info][gc,phases   ] GC(2) Concurrent Relocate 19.000ms
[0.607s][info][gc,load     ] GC(2) Load: 0.10/0.18/0.17
[0.607s][info][gc,mmu      ] GC(2) MMU: 2ms/97.7%, 5ms/99.1%, 10ms/99.5%, 20ms/99.8%, 50ms/99.9%, 100ms/99.9%
[0.607s][info][gc,marking  ] GC(2) Mark: 4 stripe(s), 10 proactive flush(es), 1 terminate flush(es), 0 completion(s), 0 continuation(s) 
[0.607s][info][gc,marking  ] GC(2) Mark Stack Usage: 32M
[0.607s][info][gc,nmethod  ] GC(2) NMethods: 1523 registered, 201 unregistered
[0.607s][info][gc,metaspace] GC(2) Metaspace: 10M used, 10M committed, 1088M reserved
[0.607s][info][gc,ref      ] GC(2) Soft: 143 encountered, 80 discovered, 0 enqueued
[0.607s][info][gc,ref      ] GC(2) Weak: 898 encountered, 4 discovered, 0 enqueued
[0.607s][info][gc,ref      ] GC(2) Final: 0 encountered, 0 discovered, 0 enqueued
[0.607s][info][gc,ref      ] GC(2) Phantom: 3 encountered, 2 discovered, 0 enqueued
[0.607s][info][gc,reloc    ] GC(2) Small Pages: 200 / 400M, Empty: 0M, Relocated: 50M, In-Place: 22
[0.607s][info][gc,reloc    ] GC(2) Medium Pages: 0 / 0M, Empty: 0M, Relocated: 0M, In-Place: 0
[0.607s][info][gc,reloc    ] GC(2) Large Pages: 0 / 0M, Empty: 0M, Relocated: 0M, In-Place: 0
[0.607s][info][gc,reloc    ] GC(2) Forwarding Usage: 27M
[0.607s][info][gc,heap     ] GC(2) Min Capacity: 8M(2%)
[0.607s][info][gc,heap     ] GC(2) Max Capacity: 400M(100%)
[0.607s][info][gc,heap     ] GC(2) Soft Max Capacity: 400M(100%)
[0.607s][info][gc,heap     ] GC(2)                Mark Start          Mark End        Relocate Start      Relocate End           High               Low         
[0.607s][info][gc,heap     ] GC(2)  Capacity:      400M (100%)        400M (100%)        400M (100%)        400M (100%)        400M (100%)        400M (100%)   
[0.607s][info][gc,heap     ] GC(2)      Free:        0M (0%)            0M (0%)            0M (0%)            0M (0%)           28M (7%)            0M (0%)     
[0.607s][info][gc,heap     ] GC(2)      Used:      400M (100%)        400M (100%)        400M (100%)        400M (100%)        400M (100%)        372M (93%)    
[0.607s][info][gc,heap     ] GC(2)      Live:         -               213M (53%)         213M (53%)         213M (53%)            -                  -          
[0.607s][info][gc,heap     ] GC(2) Allocated:         -                 0M (0%)            0M (0%)          177M (44%)            -                  -          
[0.607s][info][gc,heap     ] GC(2)   Garbage:         -               186M (47%)         186M (47%)           8M (2%)             -                  -          
[0.607s][info][gc,heap     ] GC(2) Reclaimed:         -                  -                 0M (0%)          177M (44%)            -                  -          
[0.607s][info][gc          ] GC(2) Garbage Collection (Allocation Stall) 400M(100%)->400M(100%)
[0.607s][info][gc,start    ] GC(3) Garbage Collection (Allocation Stall)
[0.607s][info][gc,ref      ] GC(3) Clearing All SoftReferences
[0.607s][info][gc,task     ] GC(3) Using 4 workers
[0.607s][info][gc,ref      ] GC(3) Clearing All SoftReferences
[0.607s][info][gc,phases   ] GC(3) Pause Mark Start 0.018ms
[0.690s][info][gc,phases   ] GC(3) Concurrent Mark 82.642ms
[0.690s][info][gc,phases   ] GC(3) Pause Mark End 0.024ms
[0.690s][info][gc,phases   ] GC(3) Concurrent Mark Free 0.001ms
[0.691s][info][gc,phases   ] GC(3) Concurrent Process Non-Strong References 0.994ms
[0.691s][info][gc,phases   ] GC(3) Concurrent Reset Relocation Set 0.013ms
[0.691s][info][gc          ] Allocation Stall (pool-1-thread-1) 85.246ms
[0.691s][info][gc          ] Allocation Stall (pool-1-thread-2) 85.242ms
[0.691s][info][gc          ] Allocation Stall (pool-1-thread-7) 85.199ms
[0.691s][info][gc          ] Allocation Stall (pool-1-thread-5) 85.184ms
[0.691s][info][gc          ] Allocation Stall (pool-1-thread-9) 49.197ms
[0.691s][info][gc          ] Allocation Stall (pool-1-thread-6) 85.233ms
[0.691s][info][gc          ] Allocation Stall (pool-1-thread-8) 84.171ms
[0.691s][info][gc          ] Allocation Stall (pool-1-thread-3) 85.245ms
[0.691s][info][gc          ] Allocation Stall (pool-1-thread-4) 85.150ms
[0.693s][info][gc,phases   ] GC(3) Concurrent Select Relocation Set 2.035ms
[0.693s][info][gc,phases   ] GC(3) Pause Relocate Start 0.008ms
[0.701s][info][gc          ] Allocation Stall (pool-1-thread-4) 0.825ms
[0.701s][info][gc          ] Allocation Stall (pool-1-thread-1) 1.503ms
[0.702s][info][gc          ] Allocation Stall (pool-1-thread-5) 2.008ms
[0.703s][info][gc          ] Allocation Stall (pool-1-thread-3) 3.145ms
[0.704s][info][gc          ] Allocation Stall (pool-1-thread-2) 4.464ms
[0.706s][info][gc          ] Allocation Stall (pool-1-thread-6) 5.620ms
[0.706s][info][gc,phases   ] GC(3) Concurrent Relocate 12.478ms
[0.706s][info][gc,load     ] GC(3) Load: 0.10/0.18/0.17
[0.706s][info][gc,mmu      ] GC(3) MMU: 2ms/97.7%, 5ms/99.1%, 10ms/99.5%, 20ms/99.8%, 50ms/99.9%, 100ms/99.9%
[0.706s][info][gc,marking  ] GC(3) Mark: 4 stripe(s), 10 proactive flush(es), 1 terminate flush(es), 0 completion(s), 0 continuation(s) 
[0.706s][info][gc,marking  ] GC(3) Mark Stack Usage: 32M
[0.706s][info][gc,nmethod  ] GC(3) NMethods: 1524 registered, 201 unregistered
[0.706s][info][gc,metaspace] GC(3) Metaspace: 10M used, 10M committed, 1088M reserved
[0.706s][info][gc,ref      ] GC(3) Soft: 143 encountered, 42 discovered, 0 enqueued
[0.706s][info][gc,ref      ] GC(3) Weak: 898 encountered, 122 discovered, 0 enqueued
[0.706s][info][gc,ref      ] GC(3) Final: 0 encountered, 0 discovered, 0 enqueued
[0.706s][info][gc,ref      ] GC(3) Phantom: 3 encountered, 2 discovered, 0 enqueued
[0.706s][info][gc,reloc    ] GC(3) Small Pages: 200 / 400M, Empty: 146M, Relocated: 22M, In-Place: 7
[0.706s][info][gc,reloc    ] GC(3) Medium Pages: 0 / 0M, Empty: 0M, Relocated: 0M, In-Place: 0
[0.706s][info][gc,reloc    ] GC(3) Large Pages: 0 / 0M, Empty: 0M, Relocated: 0M, In-Place: 0
[0.706s][info][gc,reloc    ] GC(3) Forwarding Usage: 15M
[0.706s][info][gc,heap     ] GC(3) Min Capacity: 8M(2%)
[0.706s][info][gc,heap     ] GC(3) Max Capacity: 400M(100%)
[0.706s][info][gc,heap     ] GC(3) Soft Max Capacity: 400M(100%)
[0.706s][info][gc,heap     ] GC(3)                Mark Start          Mark End        Relocate Start      Relocate End           High               Low         
[0.706s][info][gc,heap     ] GC(3)  Capacity:      400M (100%)        400M (100%)        400M (100%)        400M (100%)        400M (100%)        400M (100%)   
[0.706s][info][gc,heap     ] GC(3)      Free:        0M (0%)            0M (0%)          120M (30%)           0M (0%)          140M (35%)           0M (0%)     
[0.706s][info][gc,heap     ] GC(3)      Used:      400M (100%)        400M (100%)        280M (70%)         400M (100%)        400M (100%)        260M (65%)    
[0.706s][info][gc,heap     ] GC(3)      Live:         -               199M (50%)         199M (50%)         199M (50%)            -                  -          
[0.706s][info][gc,heap     ] GC(3) Allocated:         -                 0M (0%)           26M (6%)          187M (47%)            -                  -          
[0.706s][info][gc,heap     ] GC(3)   Garbage:         -               200M (50%)          54M (14%)          12M (3%)             -                  -          
[0.706s][info][gc,heap     ] GC(3) Reclaimed:         -                  -               146M (36%)         187M (47%)            -                  -          
[0.706s][info][gc          ] GC(3) Garbage Collection (Allocation Stall) 400M(100%)->400M(100%)
[0.706s][info][gc,start    ] GC(4) Garbage Collection (Allocation Stall)
[0.706s][info][gc,ref      ] GC(4) Clearing All SoftReferences
[0.706s][info][gc,task     ] GC(4) Using 4 workers
[0.706s][info][gc,ref      ] GC(4) Clearing All SoftReferences
[0.706s][info][gc,phases   ] GC(4) Pause Mark Start 0.010ms
[0.774s][info][gc,phases   ] GC(4) Concurrent Mark 68.396ms
[0.774s][info][gc,phases   ] GC(4) Pause Mark End 0.017ms
[0.774s][info][gc,phases   ] GC(4) Concurrent Mark Free 0.001ms
[0.775s][info][gc,phases   ] GC(4) Concurrent Process Non-Strong References 0.776ms
[0.775s][info][gc,phases   ] GC(4) Concurrent Reset Relocation Set 0.003ms
[0.776s][info][gc          ] Allocation Stall (pool-1-thread-4) 74.477ms
[0.776s][info][gc          ] Allocation Stall (pool-1-thread-2) 70.990ms
[0.776s][info][gc          ] Allocation Stall (pool-1-thread-6) 69.734ms
[0.776s][info][gc          ] Allocation Stall (pool-1-thread-5) 73.293ms
[0.776s][info][gc          ] Allocation Stall (pool-1-thread-8) 74.942ms
[0.776s][info][gc          ] Allocation Stall (pool-1-thread-1) 73.902ms
[0.776s][info][gc          ] Allocation Stall (pool-1-thread-9) 75.574ms
[0.776s][info][gc          ] Allocation Stall (pool-1-thread-7) 75.576ms
[0.776s][info][gc          ] Allocation Stall (pool-1-thread-3) 72.319ms
[0.777s][info][gc,phases   ] GC(4) Concurrent Select Relocation Set 1.385ms
[0.777s][info][gc,phases   ] GC(4) Pause Relocate Start 0.003ms
[0.788s][info][gc          ] Allocation Stall (pool-1-thread-2) 0.060ms
[0.789s][info][gc          ] Relocation Stall (pool-1-thread-7) 0.316ms
[0.789s][info][gc          ] Allocation Stall (pool-1-thread-6) 0.646ms
[0.789s][info][gc          ] Allocation Stall (pool-1-thread-3) 0.740ms
[0.789s][info][gc          ] Allocation Stall (pool-1-thread-4) 0.738ms
[0.789s][info][gc          ] Allocation Stall (pool-1-thread-9) 0.761ms
[0.789s][info][gc          ] Allocation Stall (pool-1-thread-5) 0.930ms
[0.789s][info][gc          ] Allocation Stall (pool-1-thread-1) 1.215ms
[0.790s][info][gc,phases   ] GC(4) Concurrent Relocate 13.370ms
[0.790s][info][gc,load     ] GC(4) Load: 0.10/0.18/0.17
[0.790s][info][gc,mmu      ] GC(4) MMU: 2ms/97.7%, 5ms/99.1%, 10ms/99.5%, 20ms/99.8%, 50ms/99.9%, 100ms/99.9%
[0.790s][info][gc,marking  ] GC(4) Mark: 4 stripe(s), 10 proactive flush(es), 1 terminate flush(es), 0 completion(s), 0 continuation(s) 
[0.790s][info][gc,marking  ] GC(4) Mark Stack Usage: 32M
[0.790s][info][gc,nmethod  ] GC(4) NMethods: 1524 registered, 201 unregistered
[0.790s][info][gc,metaspace] GC(4) Metaspace: 10M used, 10M committed, 1088M reserved
[0.790s][info][gc,ref      ] GC(4) Soft: 143 encountered, 48 discovered, 0 enqueued
[0.790s][info][gc,ref      ] GC(4) Weak: 898 encountered, 0 discovered, 0 enqueued
[0.790s][info][gc,ref      ] GC(4) Final: 0 encountered, 0 discovered, 0 enqueued
[0.790s][info][gc,ref      ] GC(4) Phantom: 3 encountered, 2 discovered, 0 enqueued
[0.790s][info][gc,reloc    ] GC(4) Small Pages: 200 / 400M, Empty: 94M, Relocated: 27M, In-Place: 3
[0.790s][info][gc,reloc    ] GC(4) Medium Pages: 0 / 0M, Empty: 0M, Relocated: 0M, In-Place: 0
[0.790s][info][gc,reloc    ] GC(4) Large Pages: 0 / 0M, Empty: 0M, Relocated: 0M, In-Place: 0
[0.790s][info][gc,reloc    ] GC(4) Forwarding Usage: 14M
[0.790s][info][gc,heap     ] GC(4) Min Capacity: 8M(2%)
[0.790s][info][gc,heap     ] GC(4) Max Capacity: 400M(100%)
[0.790s][info][gc,heap     ] GC(4) Soft Max Capacity: 400M(100%)
[0.790s][info][gc,heap     ] GC(4)                Mark Start          Mark End        Relocate Start      Relocate End           High               Low         
[0.790s][info][gc,heap     ] GC(4)  Capacity:      400M (100%)        400M (100%)        400M (100%)        400M (100%)        400M (100%)        400M (100%)   
[0.790s][info][gc,heap     ] GC(4)      Free:        0M (0%)            0M (0%)           84M (21%)           0M (0%)           94M (24%)           0M (0%)     
[0.790s][info][gc,heap     ] GC(4)      Used:      400M (100%)        400M (100%)        316M (79%)         400M (100%)        400M (100%)        306M (76%)    
[0.790s][info][gc,heap     ] GC(4)      Live:         -               154M (39%)         154M (39%)         154M (39%)            -                  -          
[0.790s][info][gc,heap     ] GC(4) Allocated:         -                 0M (0%)           10M (2%)          239M (60%)            -                  -          
[0.790s][info][gc,heap     ] GC(4)   Garbage:         -               245M (61%)         151M (38%)           5M (1%)             -                  -          
[0.790s][info][gc,heap     ] GC(4) Reclaimed:         -                  -                94M (24%)         239M (60%)            -                  -          
[0.790s][info][gc          ] GC(4) Garbage Collection (Allocation Stall) 400M(100%)->400M(100%)
[0.790s][info][gc,start    ] GC(5) Garbage Collection (Allocation Stall)
[0.790s][info][gc,ref      ] GC(5) Clearing All SoftReferences
[0.790s][info][gc,task     ] GC(5) Using 4 workers
[0.790s][info][gc,ref      ] GC(5) Clearing All SoftReferences
[0.790s][info][gc,phases   ] GC(5) Pause Mark Start 0.011ms
[0.856s][info][gc,phases   ] GC(5) Concurrent Mark 66.271ms
[0.856s][info][gc,phases   ] GC(5) Pause Mark End 0.007ms
[0.857s][info][gc,phases   ] GC(5) Concurrent Mark Free 0.001ms
[0.857s][info][gc,phases   ] GC(5) Concurrent Process Non-Strong References 0.733ms
[0.857s][info][gc,phases   ] GC(5) Concurrent Reset Relocation Set 0.006ms
[0.858s][info][gc          ] Allocation Stall (pool-1-thread-6) 68.714ms
[0.858s][info][gc          ] Allocation Stall (pool-1-thread-2) 69.314ms
[0.858s][info][gc          ] Allocation Stall (pool-1-thread-7) 68.443ms
[0.858s][info][gc          ] Allocation Stall (pool-1-thread-5) 68.424ms
[0.858s][info][gc          ] Allocation Stall (pool-1-thread-8) 69.298ms
[0.858s][info][gc          ] Allocation Stall (pool-1-thread-9) 68.726ms
[0.858s][info][gc          ] Allocation Stall (pool-1-thread-3) 68.699ms
[0.858s][info][gc          ] Allocation Stall (pool-1-thread-4) 68.745ms
[0.858s][info][gc          ] Allocation Stall (pool-1-thread-1) 68.275ms
[0.859s][info][gc,phases   ] GC(5) Concurrent Select Relocation Set 1.435ms
[0.859s][info][gc,phases   ] GC(5) Pause Relocate Start 0.003ms
[0.859s][info][gc          ] Allocation Stall (pool-1-thread-8) 0.185ms
[0.859s][info][gc          ] Allocation Stall (pool-1-thread-7) 0.330ms
[0.859s][info][gc          ] Allocation Stall (pool-1-thread-1) 0.333ms
[0.859s][info][gc          ] Allocation Stall (pool-1-thread-4) 0.331ms
[0.859s][info][gc          ] Allocation Stall (pool-1-thread-3) 0.327ms
[0.859s][info][gc          ] Allocation Stall (pool-1-thread-6) 0.262ms
[0.859s][info][gc          ] Allocation Stall (pool-1-thread-8) 0.057ms
[0.860s][info][gc          ] Allocation Stall (pool-1-thread-4) 0.089ms
[0.860s][info][gc          ] Allocation Stall (pool-1-thread-6) 0.085ms
[0.860s][info][gc          ] Allocation Stall (pool-1-thread-8) 0.082ms
[0.860s][info][gc          ] Allocation Stall (pool-1-thread-1) 0.085ms
[0.860s][info][gc          ] Allocation Stall (pool-1-thread-3) 0.074ms
[0.860s][info][gc          ] Allocation Stall (pool-1-thread-4) 0.051ms
[0.860s][info][gc          ] Allocation Stall (pool-1-thread-6) 0.069ms
[0.860s][info][gc          ] Allocation Stall (pool-1-thread-1) 0.070ms
[0.860s][info][gc          ] Allocation Stall (pool-1-thread-8) 0.051ms
[0.860s][info][gc          ] Allocation Stall (pool-1-thread-3) 0.056ms
[0.860s][info][gc          ] Allocation Stall (pool-1-thread-4) 0.052ms
[0.861s][info][gc          ] Allocation Stall (pool-1-thread-6) 0.090ms
[0.861s][info][gc          ] Allocation Stall (pool-1-thread-1) 0.088ms
[0.861s][info][gc          ] Allocation Stall (pool-1-thread-8) 0.092ms
[0.861s][info][gc          ] Allocation Stall (pool-1-thread-3) 0.084ms
[0.861s][info][gc          ] Allocation Stall (pool-1-thread-4) 0.059ms
[0.861s][info][gc          ] Allocation Stall (pool-1-thread-8) 0.073ms
[0.861s][info][gc          ] Allocation Stall (pool-1-thread-3) 0.070ms
[0.861s][info][gc          ] Allocation Stall (pool-1-thread-6) 0.071ms
[0.861s][info][gc          ] Allocation Stall (pool-1-thread-1) 0.058ms
[0.861s][info][gc          ] Allocation Stall (pool-1-thread-6) 0.021ms
[0.861s][info][gc          ] Allocation Stall (pool-1-thread-3) 0.140ms
[0.861s][info][gc          ] Allocation Stall (pool-1-thread-8) 0.117ms
[0.861s][info][gc          ] Allocation Stall (pool-1-thread-1) 0.105ms
[0.861s][info][gc          ] Allocation Stall (pool-1-thread-6) 0.098ms
[0.861s][info][gc          ] Allocation Stall (pool-1-thread-4) 0.096ms
[0.862s][info][gc          ] Allocation Stall (pool-1-thread-1) 0.068ms
[0.862s][info][gc          ] Allocation Stall (pool-1-thread-4) 0.046ms
[0.862s][info][gc          ] Allocation Stall (pool-1-thread-6) 0.047ms
[0.862s][info][gc          ] Allocation Stall (pool-1-thread-8) 0.046ms
[0.862s][info][gc          ] Allocation Stall (pool-1-thread-3) 0.049ms
[0.862s][info][gc          ] Allocation Stall (pool-1-thread-6) 0.215ms
[0.862s][info][gc          ] Allocation Stall (pool-1-thread-8) 0.261ms
[0.862s][info][gc          ] Allocation Stall (pool-1-thread-1) 0.255ms
[0.862s][info][gc          ] Allocation Stall (pool-1-thread-3) 0.257ms
[0.862s][info][gc          ] Allocation Stall (pool-1-thread-4) 0.260ms
[0.862s][info][gc          ] Allocation Stall (pool-1-thread-6) 0.111ms
[0.863s][info][gc          ] Allocation Stall (pool-1-thread-1) 0.158ms
[0.863s][info][gc          ] Allocation Stall (pool-1-thread-4) 0.150ms
[0.863s][info][gc          ] Allocation Stall (pool-1-thread-3) 0.151ms
[0.863s][info][gc          ] Allocation Stall (pool-1-thread-4) 0.005ms
[0.863s][info][gc          ] Allocation Stall (pool-1-thread-6) 0.016ms
[0.863s][info][gc          ] Allocation Stall (pool-1-thread-4) 0.028ms
[0.863s][info][gc          ] Allocation Stall (pool-1-thread-1) 0.049ms
[0.863s][info][gc          ] Allocation Stall (pool-1-thread-3) 0.053ms
[0.864s][info][gc          ] Allocation Stall (pool-1-thread-1) 0.029ms
[0.864s][info][gc          ] Allocation Stall (pool-1-thread-3) 0.075ms
[0.864s][info][gc          ] Allocation Stall (pool-1-thread-6) 0.078ms
[0.865s][info][gc          ] Allocation Stall (pool-1-thread-1) 0.042ms
[0.865s][info][gc          ] Allocation Stall (pool-1-thread-4) 0.222ms
[0.865s][info][gc          ] Allocation Stall (pool-1-thread-6) 0.243ms
[0.865s][info][gc          ] Allocation Stall (pool-1-thread-1) 0.131ms
[0.865s][info][gc          ] Allocation Stall (pool-1-thread-3) 0.139ms
[0.865s][info][gc          ] Allocation Stall (pool-1-thread-3) 0.030ms
[0.865s][info][gc          ] Allocation Stall (pool-1-thread-1) 0.115ms
[0.865s][info][gc          ] Allocation Stall (pool-1-thread-6) 0.107ms
[0.865s][info][gc          ] Allocation Stall (pool-1-thread-4) 0.107ms
[0.866s][info][gc          ] Allocation Stall (pool-1-thread-1) 0.116ms
[0.866s][info][gc          ] Allocation Stall (pool-1-thread-6) 0.214ms
[0.866s][info][gc          ] Allocation Stall (pool-1-thread-4) 0.212ms
[0.866s][info][gc          ] Allocation Stall (pool-1-thread-3) 0.211ms
[0.866s][info][gc          ] Allocation Stall (pool-1-thread-6) 0.018ms
[0.866s][info][gc          ] Allocation Stall (pool-1-thread-4) 0.064ms
[0.867s][info][gc          ] Allocation Stall (pool-1-thread-1) 0.034ms
[0.867s][info][gc          ] Allocation Stall (pool-1-thread-6) 0.045ms
[0.867s][info][gc          ] Allocation Stall (pool-1-thread-4) 0.044ms
[0.867s][info][gc          ] Allocation Stall (pool-1-thread-1) 0.078ms
[0.867s][info][gc          ] Allocation Stall (pool-1-thread-6) 0.083ms
[0.867s][info][gc          ] Allocation Stall (pool-1-thread-3) 0.083ms
[0.867s][info][gc          ] Allocation Stall (pool-1-thread-4) 0.082ms
[0.867s][info][gc          ] Allocation Stall (pool-1-thread-3) 0.084ms
[0.868s][info][gc          ] Allocation Stall (pool-1-thread-6) 0.094ms
[0.868s][info][gc          ] Allocation Stall (pool-1-thread-4) 0.088ms
[0.868s][info][gc          ] Allocation Stall (pool-1-thread-1) 0.087ms
[0.868s][info][gc          ] Allocation Stall (pool-1-thread-1) 0.047ms
[0.868s][info][gc          ] Allocation Stall (pool-1-thread-3) 0.070ms
[0.868s][info][gc          ] Allocation Stall (pool-1-thread-4) 0.063ms
[0.868s][info][gc          ] Allocation Stall (pool-1-thread-6) 0.068ms
[0.869s][info][gc          ] Allocation Stall (pool-1-thread-4) 0.191ms
[0.869s][info][gc          ] Relocation Stall (pool-1-thread-5) 9.845ms
[0.869s][info][gc          ] Relocation Stall (pool-1-thread-2) 9.852ms
[0.869s][info][gc          ] Relocation Stall (pool-1-thread-8) 6.484ms
[0.869s][info][gc          ] Allocation Stall (pool-1-thread-6) 0.348ms
[0.869s][info][gc          ] Allocation Stall (pool-1-thread-1) 0.473ms
[0.869s][info][gc          ] Allocation Stall (pool-1-thread-3) 0.801ms
[0.869s][info][gc          ] Allocation Stall (pool-1-thread-2) 0.496ms
[0.869s][info][gc          ] Allocation Stall (pool-1-thread-5) 0.494ms
[0.869s][info][gc          ] Allocation Stall (pool-1-thread-4) 0.397ms
[0.869s][info][gc          ] Allocation Stall (pool-1-thread-6) 0.389ms
[0.869s][info][gc          ] Allocation Stall (pool-1-thread-1) 0.170ms
[0.870s][info][gc          ] Allocation Stall (pool-1-thread-1) 0.049ms
[0.870s][info][gc          ] Allocation Stall (pool-1-thread-6) 0.039ms
[0.870s][info][gc          ] Allocation Stall (pool-1-thread-2) 0.041ms
[0.870s][info][gc          ] Allocation Stall (pool-1-thread-5) 0.044ms
[0.870s][info][gc          ] Allocation Stall (pool-1-thread-3) 0.058ms
[0.870s][info][gc          ] Allocation Stall (pool-1-thread-5) 0.208ms
[0.870s][info][gc          ] Allocation Stall (pool-1-thread-4) 0.346ms
[0.870s][info][gc          ] Allocation Stall (pool-1-thread-2) 0.349ms
[0.870s][info][gc          ] Allocation Stall (pool-1-thread-1) 0.355ms
[0.870s][info][gc          ] Allocation Stall (pool-1-thread-6) 0.350ms
[0.870s][info][gc          ] Allocation Stall (pool-1-thread-3) 0.523ms
[0.871s][info][gc          ] Allocation Stall (pool-1-thread-6) 0.698ms
[0.871s][info][gc          ] Relocation Stall (pool-1-thread-9) 11.979ms
[0.871s][info][gc          ] Relocation Stall (pool-1-thread-7) 11.729ms
[0.871s][info][gc,phases   ] GC(5) Concurrent Relocate 12.503ms
[0.871s][info][gc,load     ] GC(5) Load: 0.10/0.18/0.17
[0.871s][info][gc,mmu      ] GC(5) MMU: 2ms/97.7%, 5ms/99.1%, 10ms/99.5%, 20ms/99.8%, 50ms/99.9%, 100ms/99.9%
[0.871s][info][gc,marking  ] GC(5) Mark: 4 stripe(s), 2 proactive flush(es), 1 terminate flush(es), 0 completion(s), 0 continuation(s) 
[0.871s][info][gc,marking  ] GC(5) Mark Stack Usage: 32M
[0.871s][info][gc,nmethod  ] GC(5) NMethods: 1524 registered, 201 unregistered
[0.871s][info][gc,metaspace] GC(5) Metaspace: 10M used, 10M committed, 1088M reserved
[0.871s][info][gc,ref      ] GC(5) Soft: 143 encountered, 52 discovered, 0 enqueued
[0.871s][info][gc,ref      ] GC(5) Weak: 898 encountered, 177 discovered, 0 enqueued
[0.871s][info][gc,ref      ] GC(5) Final: 0 encountered, 0 discovered, 0 enqueued
[0.871s][info][gc,ref      ] GC(5) Phantom: 3 encountered, 2 discovered, 0 enqueued
[0.871s][info][gc,reloc    ] GC(5) Small Pages: 200 / 400M, Empty: 16M, Relocated: 33M, In-Place: 16
[0.871s][info][gc,reloc    ] GC(5) Medium Pages: 0 / 0M, Empty: 0M, Relocated: 0M, In-Place: 0
[0.871s][info][gc,reloc    ] GC(5) Large Pages: 0 / 0M, Empty: 0M, Relocated: 0M, In-Place: 0
[0.871s][info][gc,reloc    ] GC(5) Forwarding Usage: 16M
[0.871s][info][gc,heap     ] GC(5) Min Capacity: 8M(2%)
[0.871s][info][gc,heap     ] GC(5) Max Capacity: 400M(100%)
[0.871s][info][gc,heap     ] GC(5) Soft Max Capacity: 400M(100%)
[0.871s][info][gc,heap     ] GC(5)                Mark Start          Mark End        Relocate Start      Relocate End           High               Low         
[0.871s][info][gc,heap     ] GC(5)  Capacity:      400M (100%)        400M (100%)        400M (100%)        400M (100%)        400M (100%)        400M (100%)   
[0.871s][info][gc,heap     ] GC(5)      Free:        0M (0%)            0M (0%)            2M (0%)            0M (0%)           16M (4%)            0M (0%)     
[0.871s][info][gc,heap     ] GC(5)      Used:      400M (100%)        400M (100%)        398M (100%)        400M (100%)        400M (100%)        384M (96%)    
[0.871s][info][gc,heap     ] GC(5)      Live:         -               180M (45%)         180M (45%)         180M (45%)            -                  -          
[0.871s][info][gc,heap     ] GC(5) Allocated:         -                 0M (0%)           14M (4%)          209M (52%)            -                  -          
[0.871s][info][gc,heap     ] GC(5)   Garbage:         -               219M (55%)         203M (51%)           9M (2%)             -                  -          
[0.871s][info][gc,heap     ] GC(5) Reclaimed:         -                  -                16M (4%)          209M (52%)            -                  -          
[0.871s][info][gc          ] GC(5) Garbage Collection (Allocation Stall) 400M(100%)->400M(100%)
[0.871s][info][gc,start    ] GC(6) Garbage Collection (Allocation Stall)
[0.871s][info][gc,ref      ] GC(6) Clearing All SoftReferences
[0.871s][info][gc,task     ] GC(6) Using 4 workers
[0.872s][info][gc,ref      ] GC(6) Clearing All SoftReferences
[0.872s][info][gc,phases   ] GC(6) Pause Mark Start 0.024ms
[0.953s][info][gc,phases   ] GC(6) Concurrent Mark 81.306ms
[0.953s][info][gc,phases   ] GC(6) Pause Mark End 0.005ms
[0.953s][info][gc,phases   ] GC(6) Concurrent Mark Free 0.001ms
[0.954s][info][gc,phases   ] GC(6) Concurrent Process Non-Strong References 0.642ms
[0.954s][info][gc,phases   ] GC(6) Concurrent Reset Relocation Set 0.005ms
[0.954s][info][gc          ] Allocation Stall (pool-1-thread-6) 82.459ms
[0.954s][info][gc          ] Allocation Stall (pool-1-thread-5) 83.153ms
[0.954s][info][gc          ] Allocation Stall (pool-1-thread-8) 82.411ms
[0.954s][info][gc          ] Allocation Stall (pool-1-thread-2) 83.376ms
[0.954s][info][gc          ] Allocation Stall (pool-1-thread-3) 83.181ms
[0.954s][info][gc          ] Allocation Stall (pool-1-thread-1) 83.382ms
[0.954s][info][gc          ] Allocation Stall (pool-1-thread-9) 82.471ms
[0.954s][info][gc          ] Allocation Stall (pool-1-thread-4) 83.354ms
[0.954s][info][gc          ] Allocation Stall (pool-1-thread-7) 81.021ms
[0.956s][info][gc,phases   ] GC(6) Concurrent Select Relocation Set 2.275ms
[0.956s][info][gc,phases   ] GC(6) Pause Relocate Start 0.002ms
[0.963s][info][gc,phases   ] GC(6) Concurrent Relocate 6.833ms
[0.963s][info][gc,load     ] GC(6) Load: 0.10/0.18/0.17
[0.963s][info][gc,mmu      ] GC(6) MMU: 2ms/97.7%, 5ms/99.1%, 10ms/99.5%, 20ms/99.8%, 50ms/99.9%, 100ms/99.9%
[0.963s][info][gc,marking  ] GC(6) Mark: 4 stripe(s), 10 proactive flush(es), 1 terminate flush(es), 0 completion(s), 0 continuation(s) 
[0.963s][info][gc,marking  ] GC(6) Mark Stack Usage: 32M
[0.963s][info][gc,nmethod  ] GC(6) NMethods: 1524 registered, 201 unregistered
[0.963s][info][gc,metaspace] GC(6) Metaspace: 10M used, 10M committed, 1088M reserved
[0.963s][info][gc,ref      ] GC(6) Soft: 143 encountered, 44 discovered, 0 enqueued
[0.963s][info][gc,ref      ] GC(6) Weak: 898 encountered, 43 discovered, 0 enqueued
[0.963s][info][gc,ref      ] GC(6) Final: 0 encountered, 0 discovered, 0 enqueued
[0.963s][info][gc,ref      ] GC(6) Phantom: 3 encountered, 0 discovered, 0 enqueued
[0.963s][info][gc,reloc    ] GC(6) Small Pages: 200 / 400M, Empty: 178M, Relocated: 8M, In-Place: 0
[0.963s][info][gc,reloc    ] GC(6) Medium Pages: 0 / 0M, Empty: 0M, Relocated: 0M, In-Place: 0
[0.963s][info][gc,reloc    ] GC(6) Large Pages: 0 / 0M, Empty: 0M, Relocated: 0M, In-Place: 0
[0.963s][info][gc,reloc    ] GC(6) Forwarding Usage: 4M
[0.963s][info][gc,heap     ] GC(6) Min Capacity: 8M(2%)
[0.963s][info][gc,heap     ] GC(6) Max Capacity: 400M(100%)
[0.963s][info][gc,heap     ] GC(6) Soft Max Capacity: 400M(100%)
[0.963s][info][gc,heap     ] GC(6)                Mark Start          Mark End        Relocate Start      Relocate End           High               Low         
[0.963s][info][gc,heap     ] GC(6)  Capacity:      400M (100%)        400M (100%)        400M (100%)        400M (100%)        400M (100%)        400M (100%)   
[0.963s][info][gc,heap     ] GC(6)      Free:        0M (0%)            0M (0%)          130M (32%)          22M (6%)          154M (38%)           0M (0%)     
[0.963s][info][gc,heap     ] GC(6)      Used:      400M (100%)        400M (100%)        270M (68%)         378M (94%)         400M (100%)        246M (62%)    
[0.963s][info][gc,heap     ] GC(6)      Live:         -               187M (47%)         187M (47%)         187M (47%)            -                  -          
[0.963s][info][gc,heap     ] GC(6) Allocated:         -                 0M (0%)           48M (12%)         181M (45%)            -                  -          
[0.963s][info][gc,heap     ] GC(6)   Garbage:         -               212M (53%)          34M (9%)            8M (2%)             -                  -          
[0.963s][info][gc,heap     ] GC(6) Reclaimed:         -                  -               178M (44%)         203M (51%)            -                  -          
[0.963s][info][gc          ] GC(6) Garbage Collection (Allocation Stall) 400M(100%)->378M(94%)
[0.964s][info][gc,start    ] GC(7) Garbage Collection (Allocation Stall)
[0.964s][info][gc,ref      ] GC(7) Clearing All SoftReferences
[0.964s][info][gc,task     ] GC(7) Using 4 workers
[0.964s][info][gc,ref      ] GC(7) Clearing All SoftReferences
[0.964s][info][gc,phases   ] GC(7) Pause Mark Start 0.011ms
[1.036s][info][gc,phases   ] GC(7) Concurrent Mark 71.636ms
[1.036s][info][gc,phases   ] GC(7) Pause Mark End 0.003ms
[1.036s][info][gc,phases   ] GC(7) Concurrent Mark Free 0.000ms
[1.037s][info][gc,phases   ] GC(7) Concurrent Process Non-Strong References 0.579ms
[1.037s][info][gc,phases   ] GC(7) Concurrent Reset Relocation Set 0.001ms
[1.037s][info][gc          ] Allocation Stall (pool-1-thread-2) 72.797ms
[1.037s][info][gc          ] Allocation Stall (pool-1-thread-6) 72.835ms
[1.037s][info][gc          ] Allocation Stall (pool-1-thread-5) 72.820ms
[1.037s][info][gc          ] Allocation Stall (pool-1-thread-1) 72.853ms
[1.037s][info][gc          ] Allocation Stall (pool-1-thread-3) 72.847ms
[1.037s][info][gc          ] Allocation Stall (pool-1-thread-9) 59.012ms
[1.037s][info][gc          ] Allocation Stall (pool-1-thread-4) 72.801ms
[1.037s][info][gc          ] Allocation Stall (pool-1-thread-8) 71.954ms
[1.037s][info][gc          ] Allocation Stall (pool-1-thread-7) 72.839ms
[1.040s][info][gc,phases   ] GC(7) Concurrent Select Relocation Set 3.023ms
[1.040s][info][gc,phases   ] GC(7) Pause Relocate Start 0.002ms
[1.043s][info][gc          ] Allocation Stall (pool-1-thread-4) 0.040ms
[1.043s][info][gc          ] Allocation Stall (pool-1-thread-2) 0.201ms
[1.043s][info][gc          ] Allocation Stall (pool-1-thread-8) 0.424ms
[1.043s][info][gc          ] Allocation Stall (pool-1-thread-1) 0.407ms
[1.043s][info][gc          ] Allocation Stall (pool-1-thread-4) 0.322ms
[1.043s][info][gc          ] Allocation Stall (pool-1-thread-9) 0.330ms
[1.043s][info][gc          ] Allocation Stall (pool-1-thread-5) 0.350ms
[1.044s][info][gc          ] Allocation Stall (pool-1-thread-6) 0.548ms
[1.044s][info][gc          ] Allocation Stall (pool-1-thread-3) 1.052ms
[1.044s][info][gc          ] Allocation Stall (pool-1-thread-7) 1.480ms
[1.045s][info][gc          ] Allocation Stall (pool-1-thread-2) 1.323ms
[1.045s][info][gc          ] Allocation Stall (pool-1-thread-1) 1.211ms
[1.045s][info][gc          ] Allocation Stall (pool-1-thread-8) 1.219ms
[1.045s][info][gc          ] Allocation Stall (pool-1-thread-9) 1.132ms
[1.045s][info][gc          ] Allocation Stall (pool-1-thread-5) 1.135ms
[1.045s][info][gc          ] Allocation Stall (pool-1-thread-4) 1.198ms
[1.045s][info][gc          ] Allocation Stall (pool-1-thread-6) 1.014ms
[1.045s][info][gc          ] Allocation Stall (pool-1-thread-3) 0.449ms
[1.045s][info][gc          ] Allocation Stall (pool-1-thread-2) 0.147ms
[1.045s][info][gc          ] Allocation Stall (pool-1-thread-8) 0.483ms
[1.045s][info][gc          ] Allocation Stall (pool-1-thread-4) 0.428ms
[1.045s][info][gc          ] Allocation Stall (pool-1-thread-7) 0.446ms
[1.045s][info][gc          ] Allocation Stall (pool-1-thread-1) 0.447ms
[1.045s][info][gc          ] Allocation Stall (pool-1-thread-2) 0.392ms
[1.045s][info][gc          ] Allocation Stall (pool-1-thread-6) 0.402ms
[1.045s][info][gc          ] Allocation Stall (pool-1-thread-9) 0.408ms
[1.045s][info][gc          ] Allocation Stall (pool-1-thread-5) 0.477ms
[1.045s][info][gc          ] Allocation Stall (pool-1-thread-3) 0.514ms
[1.045s][info][gc          ] Allocation Stall (pool-1-thread-8) 0.169ms
[1.046s][info][gc          ] Allocation Stall (pool-1-thread-1) 0.582ms
[1.046s][info][gc          ] Allocation Stall (pool-1-thread-7) 0.564ms
[1.046s][info][gc          ] Allocation Stall (pool-1-thread-6) 0.497ms
[1.046s][info][gc          ] Allocation Stall (pool-1-thread-8) 0.431ms
[1.046s][info][gc          ] Allocation Stall (pool-1-thread-5) 0.436ms
[1.046s][info][gc          ] Allocation Stall (pool-1-thread-3) 0.435ms
[1.046s][info][gc          ] Allocation Stall (pool-1-thread-9) 0.485ms
[1.046s][info][gc          ] Allocation Stall (pool-1-thread-2) 0.487ms
[1.046s][info][gc          ] Allocation Stall (pool-1-thread-4) 0.885ms
[1.047s][info][gc          ] Allocation Stall (pool-1-thread-6) 0.872ms
[1.047s][info][gc          ] Allocation Stall (pool-1-thread-1) 1.038ms
[1.047s][info][gc          ] Allocation Stall (pool-1-thread-7) 1.045ms
[1.047s][info][gc          ] Allocation Stall (pool-1-thread-9) 0.981ms
[1.047s][info][gc          ] Allocation Stall (pool-1-thread-3) 0.965ms
[1.047s][info][gc          ] Allocation Stall (pool-1-thread-5) 1.033ms
[1.047s][info][gc          ] Allocation Stall (pool-1-thread-2) 1.038ms
[1.047s][info][gc          ] Allocation Stall (pool-1-thread-4) 0.610ms
[1.047s][info][gc          ] Allocation Stall (pool-1-thread-7) 0.093ms
[1.047s][info][gc          ] Allocation Stall (pool-1-thread-4) 0.047ms
[1.048s][info][gc          ] Allocation Stall (pool-1-thread-6) 0.270ms
[1.048s][info][gc          ] Allocation Stall (pool-1-thread-5) 0.959ms
[1.048s][info][gc          ] Allocation Stall (pool-1-thread-1) 1.004ms
[1.048s][info][gc          ] Allocation Stall (pool-1-thread-2) 1.005ms
[1.048s][info][gc          ] Allocation Stall (pool-1-thread-9) 1.012ms
[1.048s][info][gc          ] Allocation Stall (pool-1-thread-3) 1.011ms
[1.048s][info][gc          ] Allocation Stall (pool-1-thread-7) 1.002ms
[1.048s][info][gc          ] Allocation Stall (pool-1-thread-4) 0.928ms
[1.049s][info][gc          ] Allocation Stall (pool-1-thread-6) 1.501ms
[1.050s][info][gc          ] Allocation Stall (pool-1-thread-8) 2.098ms
[1.050s][info][gc          ] Allocation Stall (pool-1-thread-3) 1.641ms
[1.050s][info][gc          ] Allocation Stall (pool-1-thread-2) 1.642ms
[1.050s][info][gc          ] Allocation Stall (pool-1-thread-5) 1.642ms
[1.050s][info][gc          ] Allocation Stall (pool-1-thread-9) 1.646ms
[1.050s][info][gc          ] Allocation Stall (pool-1-thread-1) 1.645ms
[1.050s][info][gc          ] Allocation Stall (pool-1-thread-4) 1.460ms
[1.050s][info][gc          ] Allocation Stall (pool-1-thread-7) 1.411ms
[1.050s][info][gc          ] Allocation Stall (pool-1-thread-6) 0.670ms
[1.050s][info][gc          ] Allocation Stall (pool-1-thread-8) 0.036ms
[1.051s][info][gc          ] Allocation Stall (pool-1-thread-7) 0.831ms
[1.051s][info][gc          ] Allocation Stall (pool-1-thread-4) 0.807ms
[1.051s][info][gc          ] Allocation Stall (pool-1-thread-9) 0.796ms
[1.051s][info][gc          ] Allocation Stall (pool-1-thread-8) 0.795ms
[1.051s][info][gc          ] Allocation Stall (pool-1-thread-3) 0.805ms
[1.051s][info][gc          ] Allocation Stall (pool-1-thread-2) 0.959ms
[1.052s][info][gc,phases   ] GC(7) Concurrent Relocate 12.612ms
[1.052s][info][gc,load     ] GC(7) Load: 0.10/0.18/0.17
[1.052s][info][gc,mmu      ] GC(7) MMU: 2ms/97.7%, 5ms/99.1%, 10ms/99.5%, 20ms/99.8%, 50ms/99.9%, 100ms/99.9%
[1.052s][info][gc,marking  ] GC(7) Mark: 4 stripe(s), 2 proactive flush(es), 1 terminate flush(es), 0 completion(s), 0 continuation(s) 
[1.052s][info][gc,marking  ] GC(7) Mark Stack Usage: 32M
[1.052s][info][gc,nmethod  ] GC(7) NMethods: 1524 registered, 201 unregistered
[1.052s][info][gc,metaspace] GC(7) Metaspace: 10M used, 10M committed, 1088M reserved
[1.052s][info][gc,ref      ] GC(7) Soft: 143 encountered, 48 discovered, 0 enqueued
[1.052s][info][gc,ref      ] GC(7) Weak: 898 encountered, 12 discovered, 0 enqueued
[1.052s][info][gc,ref      ] GC(7) Final: 0 encountered, 0 discovered, 0 enqueued
[1.052s][info][gc,ref      ] GC(7) Phantom: 3 encountered, 2 discovered, 0 enqueued
[1.052s][info][gc,reloc    ] GC(7) Small Pages: 200 / 400M, Empty: 80M, Relocated: 34M, In-Place: 15
[1.052s][info][gc,reloc    ] GC(7) Medium Pages: 0 / 0M, Empty: 0M, Relocated: 0M, In-Place: 0
[1.052s][info][gc,reloc    ] GC(7) Large Pages: 0 / 0M, Empty: 0M, Relocated: 0M, In-Place: 0
[1.052s][info][gc,reloc    ] GC(7) Forwarding Usage: 20M
[1.052s][info][gc,heap     ] GC(7) Min Capacity: 8M(2%)
[1.052s][info][gc,heap     ] GC(7) Max Capacity: 400M(100%)
[1.052s][info][gc,heap     ] GC(7) Soft Max Capacity: 400M(100%)
[1.052s][info][gc,heap     ] GC(7)                Mark Start          Mark End        Relocate Start      Relocate End           High               Low         
[1.052s][info][gc,heap     ] GC(7)  Capacity:      400M (100%)        400M (100%)        400M (100%)        400M (100%)        400M (100%)        400M (100%)   
[1.052s][info][gc,heap     ] GC(7)      Free:        0M (0%)            0M (0%)           30M (8%)            0M (0%)           80M (20%)           0M (0%)     
[1.053s][info][gc,heap     ] GC(7)      Used:      400M (100%)        400M (100%)        370M (92%)         400M (100%)        400M (100%)        320M (80%)    
[1.053s][info][gc,heap     ] GC(7)      Live:         -               212M (53%)         212M (53%)         212M (53%)            -                  -          
[1.053s][info][gc,heap     ] GC(7) Allocated:         -                 0M (0%)           50M (12%)         179M (45%)            -                  -          
[1.053s][info][gc,heap     ] GC(7)   Garbage:         -               187M (47%)         107M (27%)           7M (2%)             -                  -          
[1.053s][info][gc,heap     ] GC(7) Reclaimed:         -                  -                80M (20%)         179M (45%)            -                  -          
[1.053s][info][gc          ] GC(7) Garbage Collection (Allocation Stall) 400M(100%)->400M(100%)
[1.053s][info][gc,start    ] GC(8) Garbage Collection (Allocation Stall)
[1.053s][info][gc,ref      ] GC(8) Clearing All SoftReferences
[1.053s][info][gc,task     ] GC(8) Using 4 workers
[1.053s][info][gc,ref      ] GC(8) Clearing All SoftReferences
[1.053s][info][gc,phases   ] GC(8) Pause Mark Start 0.012ms
[1.110s][info][gc,phases   ] GC(8) Concurrent Mark 57.491ms
[1.110s][info][gc,phases   ] GC(8) Pause Mark End 0.004ms
[1.110s][info][gc,phases   ] GC(8) Concurrent Mark Free 0.000ms
[1.111s][info][gc,phases   ] GC(8) Concurrent Process Non-Strong References 0.555ms
[1.111s][info][gc,phases   ] GC(8) Concurrent Reset Relocation Set 0.003ms
[1.111s][info][gc          ] Allocation Stall (pool-1-thread-7) 59.940ms
[1.111s][info][gc          ] Allocation Stall (pool-1-thread-9) 59.938ms
[1.111s][info][gc          ] Allocation Stall (pool-1-thread-2) 59.609ms
[1.111s][info][gc          ] Allocation Stall (pool-1-thread-4) 59.929ms
[1.111s][info][gc          ] Allocation Stall (pool-1-thread-3) 59.952ms
[1.111s][info][gc          ] Allocation Stall (pool-1-thread-1) 60.831ms
[1.111s][info][gc          ] Allocation Stall (pool-1-thread-5) 60.834ms
[1.111s][info][gc          ] Allocation Stall (pool-1-thread-6) 60.831ms
[1.111s][info][gc          ] Allocation Stall (pool-1-thread-8) 59.938ms
[1.113s][info][gc,phases   ] GC(8) Concurrent Select Relocation Set 2.120ms
[1.113s][info][gc,phases   ] GC(8) Pause Relocate Start 0.001ms
[1.120s][info][gc          ] Allocation Stall (pool-1-thread-9) 0.124ms
[1.120s][info][gc          ] Allocation Stall (pool-1-thread-1) 0.234ms
[1.120s][info][gc          ] Allocation Stall (pool-1-thread-3) 0.250ms
[1.120s][info][gc          ] Allocation Stall (pool-1-thread-7) 0.299ms
[1.120s][info][gc          ] Allocation Stall (pool-1-thread-5) 0.312ms
[1.120s][info][gc          ] Allocation Stall (pool-1-thread-6) 0.476ms
[1.120s][info][gc          ] Allocation Stall (pool-1-thread-2) 0.574ms
[1.120s][info][gc          ] Allocation Stall (pool-1-thread-5) 0.156ms
[1.120s][info][gc          ] Allocation Stall (pool-1-thread-4) 0.574ms
[1.120s][info][gc          ] Allocation Stall (pool-1-thread-7) 0.154ms
[1.120s][info][gc          ] Allocation Stall (pool-1-thread-3) 0.193ms
[1.120s][info][gc          ] Allocation Stall (pool-1-thread-9) 0.231ms
[1.120s][info][gc          ] Allocation Stall (pool-1-thread-1) 0.113ms
[1.120s][info][gc          ] Allocation Stall (pool-1-thread-2) 0.115ms
[1.120s][info][gc          ] Allocation Stall (pool-1-thread-5) 0.057ms
[1.120s][info][gc          ] Allocation Stall (pool-1-thread-7) 0.057ms
[1.120s][info][gc          ] Allocation Stall (pool-1-thread-6) 0.050ms
[1.120s][info][gc          ] Allocation Stall (pool-1-thread-3) 0.214ms
[1.120s][info][gc          ] Allocation Stall (pool-1-thread-6) 0.092ms
[1.120s][info][gc          ] Allocation Stall (pool-1-thread-4) 0.097ms
[1.120s][info][gc          ] Allocation Stall (pool-1-thread-9) 0.104ms
[1.120s][info][gc          ] Allocation Stall (pool-1-thread-7) 0.110ms
[1.120s][info][gc          ] Allocation Stall (pool-1-thread-5) 0.105ms
[1.120s][info][gc          ] Allocation Stall (pool-1-thread-1) 0.112ms
[1.120s][info][gc          ] Allocation Stall (pool-1-thread-2) 0.136ms
[1.120s][info][gc          ] Allocation Stall (pool-1-thread-9) 0.027ms
[1.120s][info][gc          ] Allocation Stall (pool-1-thread-3) 0.026ms
[1.121s][info][gc          ] Allocation Stall (pool-1-thread-9) 0.074ms
[1.121s][info][gc          ] Allocation Stall (pool-1-thread-2) 0.117ms
[1.121s][info][gc          ] Allocation Stall (pool-1-thread-5) 0.121ms
[1.121s][info][gc          ] Allocation Stall (pool-1-thread-3) 0.128ms
[1.121s][info][gc          ] Allocation Stall (pool-1-thread-6) 0.136ms
[1.121s][info][gc          ] Allocation Stall (pool-1-thread-7) 0.142ms
[1.121s][info][gc          ] Allocation Stall (pool-1-thread-4) 0.142ms
[1.121s][info][gc          ] Allocation Stall (pool-1-thread-1) 0.275ms
[1.121s][info][gc          ] Allocation Stall (pool-1-thread-9) 0.494ms
[1.121s][info][gc          ] Allocation Stall (pool-1-thread-3) 0.516ms
[1.121s][info][gc          ] Allocation Stall (pool-1-thread-7) 0.406ms
[1.121s][info][gc          ] Allocation Stall (pool-1-thread-2) 0.416ms
[1.121s][info][gc          ] Allocation Stall (pool-1-thread-5) 0.316ms
[1.121s][info][gc          ] Allocation Stall (pool-1-thread-1) 0.322ms
[1.121s][info][gc          ] Allocation Stall (pool-1-thread-4) 0.329ms
[1.121s][info][gc          ] Allocation Stall (pool-1-thread-6) 0.326ms
[1.122s][info][gc          ] Allocation Stall (pool-1-thread-4) 0.140ms
[1.122s][info][gc          ] Allocation Stall (pool-1-thread-9) 0.473ms
[1.122s][info][gc          ] Allocation Stall (pool-1-thread-7) 0.483ms
[1.122s][info][gc          ] Allocation Stall (pool-1-thread-2) 0.478ms
[1.122s][info][gc          ] Allocation Stall (pool-1-thread-1) 0.480ms
[1.122s][info][gc          ] Allocation Stall (pool-1-thread-3) 0.486ms
[1.122s][info][gc          ] Allocation Stall (pool-1-thread-5) 0.496ms
[1.122s][info][gc          ] Allocation Stall (pool-1-thread-6) 0.501ms
[1.122s][info][gc          ] Allocation Stall (pool-1-thread-4) 0.401ms
[1.123s][info][gc          ] Allocation Stall (pool-1-thread-2) 0.528ms
[1.123s][info][gc          ] Allocation Stall (pool-1-thread-9) 0.720ms
[1.123s][info][gc          ] Allocation Stall (pool-1-thread-6) 0.718ms
[1.123s][info][gc          ] Allocation Stall (pool-1-thread-1) 0.721ms
[1.123s][info][gc          ] Allocation Stall (pool-1-thread-5) 1.029ms
[1.123s][info][gc          ] Allocation Stall (pool-1-thread-3) 1.030ms
[1.123s][info][gc          ] Allocation Stall (pool-1-thread-7) 0.815ms
[1.123s][info][gc          ] Allocation Stall (pool-1-thread-4) 0.804ms
[1.123s][info][gc          ] Allocation Stall (pool-1-thread-2) 0.347ms
[1.123s][info][gc          ] Allocation Stall (pool-1-thread-6) 0.249ms
[1.123s][info][gc          ] Allocation Stall (pool-1-thread-1) 0.253ms
[1.123s][info][gc          ] Allocation Stall (pool-1-thread-9) 0.229ms
[1.124s][info][gc          ] Allocation Stall (pool-1-thread-3) 0.388ms
[1.124s][info][gc          ] Allocation Stall (pool-1-thread-7) 0.362ms
[1.124s][info][gc          ] Allocation Stall (pool-1-thread-9) 0.365ms
[1.124s][info][gc          ] Allocation Stall (pool-1-thread-6) 0.377ms
[1.124s][info][gc          ] Allocation Stall (pool-1-thread-1) 0.385ms
[1.124s][info][gc          ] Allocation Stall (pool-1-thread-5) 0.386ms
[1.124s][info][gc          ] Allocation Stall (pool-1-thread-2) 0.391ms
[1.124s][info][gc          ] Allocation Stall (pool-1-thread-4) 0.670ms
[1.124s][info][gc          ] Allocation Stall (pool-1-thread-9) 0.723ms
[1.125s][info][gc          ] Relocation Stall (pool-1-thread-8) 5.369ms
[1.125s][info][gc          ] Allocation Stall (pool-1-thread-2) 1.574ms
[1.125s][info][gc,phases   ] GC(8) Concurrent Relocate 12.516ms
[1.125s][info][gc,load     ] GC(8) Load: 0.10/0.18/0.17
[1.125s][info][gc,mmu      ] GC(8) MMU: 2ms/97.7%, 5ms/99.1%, 10ms/99.5%, 20ms/99.8%, 50ms/99.9%, 100ms/99.9%
[1.125s][info][gc,marking  ] GC(8) Mark: 4 stripe(s), 10 proactive flush(es), 1 terminate flush(es), 0 completion(s), 0 continuation(s) 
[1.125s][info][gc,marking  ] GC(8) Mark Stack Usage: 32M
[1.125s][info][gc,nmethod  ] GC(8) NMethods: 1524 registered, 201 unregistered
[1.125s][info][gc,metaspace] GC(8) Metaspace: 10M used, 10M committed, 1088M reserved
[1.125s][info][gc,ref      ] GC(8) Soft: 143 encountered, 45 discovered, 0 enqueued
[1.125s][info][gc,ref      ] GC(8) Weak: 898 encountered, 586 discovered, 0 enqueued
[1.125s][info][gc,ref      ] GC(8) Final: 0 encountered, 0 discovered, 0 enqueued
[1.125s][info][gc,ref      ] GC(8) Phantom: 3 encountered, 2 discovered, 0 enqueued
[1.125s][info][gc,reloc    ] GC(8) Small Pages: 200 / 400M, Empty: 90M, Relocated: 29M, In-Place: 9
[1.125s][info][gc,reloc    ] GC(8) Medium Pages: 0 / 0M, Empty: 0M, Relocated: 0M, In-Place: 0
[1.125s][info][gc,reloc    ] GC(8) Large Pages: 0 / 0M, Empty: 0M, Relocated: 0M, In-Place: 0
[1.125s][info][gc,reloc    ] GC(8) Forwarding Usage: 14M
[1.125s][info][gc,heap     ] GC(8) Min Capacity: 8M(2%)
[1.125s][info][gc,heap     ] GC(8) Max Capacity: 400M(100%)
[1.125s][info][gc,heap     ] GC(8) Soft Max Capacity: 400M(100%)
[1.125s][info][gc,heap     ] GC(8)                Mark Start          Mark End        Relocate Start      Relocate End           High               Low         
[1.125s][info][gc,heap     ] GC(8)  Capacity:      400M (100%)        400M (100%)        400M (100%)        400M (100%)        400M (100%)        400M (100%)   
[1.125s][info][gc,heap     ] GC(8)      Free:        0M (0%)            0M (0%)           60M (15%)           0M (0%)           90M (22%)           0M (0%)     
[1.125s][info][gc,heap     ] GC(8)      Used:      400M (100%)        400M (100%)        340M (85%)         400M (100%)        400M (100%)        310M (78%)    
[1.125s][info][gc,heap     ] GC(8)      Live:         -               160M (40%)         160M (40%)         160M (40%)            -                  -          
[1.125s][info][gc,heap     ] GC(8) Allocated:         -                 0M (0%)           30M (8%)          231M (58%)            -                  -          
[1.125s][info][gc,heap     ] GC(8)   Garbage:         -               239M (60%)         149M (37%)           7M (2%)             -                  -          
[1.125s][info][gc,heap     ] GC(8) Reclaimed:         -                  -                90M (22%)         231M (58%)            -                  -          
[1.125s][info][gc          ] GC(8) Garbage Collection (Allocation Stall) 400M(100%)->400M(100%)
[1.125s][info][gc,start    ] GC(9) Garbage Collection (Allocation Stall)
[1.126s][info][gc,ref      ] GC(9) Clearing All SoftReferences
[1.126s][info][gc,task     ] GC(9) Using 4 workers
[1.126s][info][gc,ref      ] GC(9) Clearing All SoftReferences
[1.126s][info][gc,phases   ] GC(9) Pause Mark Start 0.012ms
[1.225s][info][gc,phases   ] GC(9) Concurrent Mark 99.432ms
[1.225s][info][gc,phases   ] GC(9) Pause Mark End 0.002ms
[1.225s][info][gc,phases   ] GC(9) Concurrent Mark Free 0.000ms
[1.226s][info][gc,phases   ] GC(9) Concurrent Process Non-Strong References 0.670ms
[1.226s][info][gc,phases   ] GC(9) Concurrent Reset Relocation Set 0.003ms
[1.226s][info][gc          ] Allocation Stall (pool-1-thread-1) 102.276ms
[1.226s][info][gc          ] Allocation Stall (pool-1-thread-6) 102.303ms
[1.226s][info][gc          ] Allocation Stall (pool-1-thread-7) 102.298ms
[1.226s][info][gc          ] Allocation Stall (pool-1-thread-9) 101.475ms
[1.226s][info][gc          ] Allocation Stall (pool-1-thread-8) 97.345ms
[1.226s][info][gc          ] Allocation Stall (pool-1-thread-4) 101.976ms
[1.226s][info][gc          ] Allocation Stall (pool-1-thread-5) 102.292ms
[1.226s][info][gc          ] Allocation Stall (pool-1-thread-2) 100.587ms
[1.226s][info][gc          ] Allocation Stall (pool-1-thread-3) 102.268ms
[1.228s][info][gc,phases   ] GC(9) Concurrent Select Relocation Set 2.485ms
[1.228s][info][gc,phases   ] GC(9) Pause Relocate Start 0.002ms
[1.234s][info][gc          ] Relocation Stall (pool-1-thread-5) 5.429ms
[1.234s][info][gc          ] Relocation Stall (pool-1-thread-8) 5.287ms
[1.234s][info][gc          ] Allocation Stall (pool-1-thread-5) 6.829ms
[1.234s][info][gc          ] Allocation Stall (pool-1-thread-8) 6.744ms
[1.234s][info][gc          ] Relocation Stall (pool-1-thread-2) 5.058ms
[1.234s][info][gc          ] Relocation Stall (pool-1-thread-4) 5.234ms
[1.234s][info][gc          ] Relocation Stall (pool-1-thread-6) 5.415ms
[1.234s][info][gc          ] Allocation Stall (pool-1-thread-6) 6.815ms
[1.234s][info][gc          ] Relocation Stall (pool-1-thread-9) 5.483ms
[1.234s][info][gc          ] Relocation Stall (pool-1-thread-3) 5.262ms
[1.234s][info][gc          ] Allocation Stall (pool-1-thread-9) 6.906ms
[1.234s][info][gc          ] Allocation Stall (pool-1-thread-3) 6.808ms
[1.234s][info][gc          ] Allocation Stall (pool-1-thread-4) 6.732ms
[1.234s][info][gc          ] Relocation Stall (pool-1-thread-1) 5.080ms
[1.234s][info][gc          ] Allocation Stall (pool-1-thread-1) 6.789ms
[1.234s][info][gc          ] Allocation Stall (pool-1-thread-2) 6.673ms
[1.234s][info][gc          ] Relocation Stall (pool-1-thread-7) 5.284ms
[1.234s][info][gc          ] Allocation Stall (pool-1-thread-7) 6.928ms
[1.242s][info][gc          ] Allocation Stall (pool-1-thread-1) 0.131ms
[1.242s][info][gc          ] Allocation Stall (pool-1-thread-6) 0.303ms
[1.242s][info][gc          ] Allocation Stall (pool-1-thread-5) 0.780ms
[1.242s][info][gc          ] Allocation Stall (pool-1-thread-8) 0.817ms
[1.242s][info][gc          ] Allocation Stall (pool-1-thread-4) 0.821ms
[1.242s][info][gc          ] Allocation Stall (pool-1-thread-2) 0.840ms
[1.243s][info][gc          ] Allocation Stall (pool-1-thread-3) 1.193ms
[1.243s][info][gc          ] Allocation Stall (pool-1-thread-1) 0.995ms
[1.243s][info][gc          ] Allocation Stall (pool-1-thread-6) 0.702ms
[1.243s][info][gc          ] Allocation Stall (pool-1-thread-4) 0.327ms
[1.243s][info][gc          ] Allocation Stall (pool-1-thread-5) 0.331ms
[1.243s][info][gc          ] Allocation Stall (pool-1-thread-2) 0.342ms
[1.243s][info][gc          ] Relocation Stall (pool-1-thread-7) 1.624ms
[1.243s][info][gc          ] Allocation Stall (pool-1-thread-8) 0.630ms
[1.243s][info][gc          ] Allocation Stall (pool-1-thread-1) 0.500ms
[1.244s][info][gc          ] Allocation Stall (pool-1-thread-6) 0.700ms
[1.244s][info][gc          ] Allocation Stall (pool-1-thread-5) 0.795ms
[1.244s][info][gc          ] Allocation Stall (pool-1-thread-2) 0.773ms
[1.244s][info][gc          ] Allocation Stall (pool-1-thread-4) 0.771ms
[1.244s][info][gc          ] Allocation Stall (pool-1-thread-3) 0.746ms
[1.244s][info][gc          ] Allocation Stall (pool-1-thread-1) 0.345ms
[1.245s][info][gc          ] Relocation Stall (pool-1-thread-7) 1.251ms
[1.246s][info][gc          ] Relocation Stall (pool-1-thread-9) 4.247ms
[1.246s][info][gc          ] Allocation Stall (pool-1-thread-8) 2.437ms
[1.246s][info][gc,phases   ] GC(9) Concurrent Relocate 17.699ms
[1.246s][info][gc,load     ] GC(9) Load: 0.10/0.18/0.17
[1.246s][info][gc,mmu      ] GC(9) MMU: 2ms/97.7%, 5ms/99.1%, 10ms/99.5%, 20ms/99.8%, 50ms/99.9%, 100ms/99.9%
[1.246s][info][gc,marking  ] GC(9) Mark: 4 stripe(s), 10 proactive flush(es), 1 terminate flush(es), 0 completion(s), 0 continuation(s) 
[1.246s][info][gc,marking  ] GC(9) Mark Stack Usage: 32M
[1.246s][info][gc,nmethod  ] GC(9) NMethods: 1524 registered, 201 unregistered
[1.246s][info][gc,metaspace] GC(9) Metaspace: 10M used, 10M committed, 1088M reserved
[1.246s][info][gc,ref      ] GC(9) Soft: 143 encountered, 45 discovered, 0 enqueued
[1.246s][info][gc,ref      ] GC(9) Weak: 898 encountered, 143 discovered, 0 enqueued
[1.246s][info][gc,ref      ] GC(9) Final: 0 encountered, 0 discovered, 0 enqueued
[1.246s][info][gc,ref      ] GC(9) Phantom: 3 encountered, 2 discovered, 0 enqueued
[1.246s][info][gc,reloc    ] GC(9) Small Pages: 200 / 400M, Empty: 14M, Relocated: 50M, In-Place: 10
[1.246s][info][gc,reloc    ] GC(9) Medium Pages: 0 / 0M, Empty: 0M, Relocated: 0M, In-Place: 0
[1.246s][info][gc,reloc    ] GC(9) Large Pages: 0 / 0M, Empty: 0M, Relocated: 0M, In-Place: 0
[1.246s][info][gc,reloc    ] GC(9) Forwarding Usage: 31M
[1.246s][info][gc,heap     ] GC(9) Min Capacity: 8M(2%)
[1.246s][info][gc,heap     ] GC(9) Max Capacity: 400M(100%)
[1.246s][info][gc,heap     ] GC(9) Soft Max Capacity: 400M(100%)
[1.246s][info][gc,heap     ] GC(9)                Mark Start          Mark End        Relocate Start      Relocate End           High               Low         
[1.246s][info][gc,heap     ] GC(9)  Capacity:      400M (100%)        400M (100%)        400M (100%)        400M (100%)        400M (100%)        400M (100%)   
[1.246s][info][gc,heap     ] GC(9)      Free:        0M (0%)            0M (0%)            0M (0%)            0M (0%)          114M (28%)           0M (0%)     
[1.246s][info][gc,heap     ] GC(9)      Used:      400M (100%)        400M (100%)        400M (100%)        400M (100%)        400M (100%)        286M (72%)    
[1.246s][info][gc,heap     ] GC(9)      Live:         -               206M (52%)         206M (52%)         206M (52%)            -                  -          
[1.246s][info][gc,heap     ] GC(9) Allocated:         -                 0M (0%)           14M (4%)          186M (47%)            -                  -          
[1.246s][info][gc,heap     ] GC(9)   Garbage:         -               193M (48%)         179M (45%)           6M (2%)             -                  -          
[1.246s][info][gc,heap     ] GC(9) Reclaimed:         -                  -                14M (4%)          186M (47%)            -                  -          
[1.246s][info][gc          ] GC(9) Garbage Collection (Allocation Stall) 400M(100%)->400M(100%)
[1.246s][info][gc,start    ] GC(10) Garbage Collection (Allocation Stall)
[1.246s][info][gc,ref      ] GC(10) Clearing All SoftReferences
[1.246s][info][gc,task     ] GC(10) Using 4 workers
[1.246s][info][gc,ref      ] GC(10) Clearing All SoftReferences
[1.246s][info][gc,phases   ] GC(10) Pause Mark Start 0.014ms
[1.325s][info][gc,phases   ] GC(10) Concurrent Mark 78.624ms
[1.325s][info][gc,phases   ] GC(10) Pause Mark End 0.006ms
[1.325s][info][gc,phases   ] GC(10) Concurrent Mark Free 0.000ms
[1.325s][info][gc,phases   ] GC(10) Concurrent Process Non-Strong References 0.533ms
[1.325s][info][gc,phases   ] GC(10) Concurrent Reset Relocation Set 0.006ms
[1.326s][info][gc          ] Allocation Stall (pool-1-thread-6) 81.978ms
[1.326s][info][gc          ] Allocation Stall (pool-1-thread-5) 81.885ms
[1.326s][info][gc          ] Allocation Stall (pool-1-thread-7) 79.772ms
[1.326s][info][gc          ] Allocation Stall (pool-1-thread-9) 49.123ms
[1.326s][info][gc          ] Allocation Stall (pool-1-thread-2) 81.878ms
[1.326s][info][gc          ] Allocation Stall (pool-1-thread-1) 81.899ms
[1.326s][info][gc          ] Allocation Stall (pool-1-thread-8) 79.777ms
[1.326s][info][gc          ] Allocation Stall (pool-1-thread-4) 81.882ms
[1.326s][info][gc          ] Allocation Stall (pool-1-thread-3) 81.874ms
[1.329s][info][gc,phases   ] GC(10) Concurrent Select Relocation Set 3.610ms
[1.329s][info][gc,phases   ] GC(10) Pause Relocate Start 0.006ms
[1.334s][info][gc          ] Allocation Stall (pool-1-thread-8) 0.412ms
[1.334s][info][gc          ] Allocation Stall (pool-1-thread-6) 0.442ms
[1.334s][info][gc          ] Allocation Stall (pool-1-thread-1) 0.447ms
[1.334s][info][gc          ] Allocation Stall (pool-1-thread-3) 0.448ms
[1.334s][info][gc          ] Allocation Stall (pool-1-thread-5) 0.466ms
[1.334s][info][gc          ] Allocation Stall (pool-1-thread-4) 0.506ms
[1.334s][info][gc          ] Allocation Stall (pool-1-thread-9) 0.522ms
[1.334s][info][gc          ] Allocation Stall (pool-1-thread-7) 0.771ms
[1.334s][info][gc          ] Allocation Stall (pool-1-thread-2) 0.895ms
[1.335s][info][gc          ] Allocation Stall (pool-1-thread-8) 0.706ms
[1.335s][info][gc          ] Allocation Stall (pool-1-thread-4) 0.630ms
[1.335s][info][gc          ] Allocation Stall (pool-1-thread-5) 0.638ms
[1.335s][info][gc          ] Allocation Stall (pool-1-thread-6) 0.641ms
[1.335s][info][gc          ] Allocation Stall (pool-1-thread-1) 0.646ms
[1.335s][info][gc          ] Allocation Stall (pool-1-thread-9) 1.132ms
[1.336s][info][gc          ] Allocation Stall (pool-1-thread-3) 1.504ms
[1.336s][info][gc          ] Allocation Stall (pool-1-thread-7) 1.566ms
[1.336s][info][gc          ] Allocation Stall (pool-1-thread-2) 1.620ms
[1.336s][info][gc          ] Allocation Stall (pool-1-thread-4) 1.397ms
[1.336s][info][gc          ] Allocation Stall (pool-1-thread-5) 1.401ms
[1.336s][info][gc          ] Allocation Stall (pool-1-thread-1) 1.317ms
[1.336s][info][gc          ] Allocation Stall (pool-1-thread-6) 1.316ms
[1.337s][info][gc          ] Allocation Stall (pool-1-thread-8) 2.143ms
[1.337s][info][gc          ] Allocation Stall (pool-1-thread-9) 1.691ms
[1.337s][info][gc          ] Allocation Stall (pool-1-thread-3) 1.310ms
[1.337s][info][gc          ] Allocation Stall (pool-1-thread-7) 0.898ms
[1.337s][info][gc          ] Allocation Stall (pool-1-thread-2) 0.829ms
[1.337s][info][gc          ] Allocation Stall (pool-1-thread-4) 0.835ms
[1.337s][info][gc          ] Allocation Stall (pool-1-thread-5) 1.193ms
[1.338s][info][gc          ] Allocation Stall (pool-1-thread-1) 1.486ms
[1.339s][info][gc          ] Allocation Stall (pool-1-thread-6) 3.019ms
[1.340s][info][gc          ] Allocation Stall (pool-1-thread-3) 2.952ms
[1.340s][info][gc,phases   ] GC(10) Concurrent Relocate 10.907ms
[1.340s][info][gc,load     ] GC(10) Load: 0.10/0.18/0.17
[1.340s][info][gc,mmu      ] GC(10) MMU: 2ms/97.7%, 5ms/99.1%, 10ms/99.5%, 20ms/99.8%, 50ms/99.9%, 100ms/99.9%
[1.340s][info][gc,marking  ] GC(10) Mark: 4 stripe(s), 10 proactive flush(es), 1 terminate flush(es), 0 completion(s), 0 continuation(s) 
[1.340s][info][gc,marking  ] GC(10) Mark Stack Usage: 32M
[1.340s][info][gc,nmethod  ] GC(10) NMethods: 1524 registered, 201 unregistered
[1.340s][info][gc,metaspace] GC(10) Metaspace: 10M used, 10M committed, 1088M reserved
[1.340s][info][gc,ref      ] GC(10) Soft: 143 encountered, 41 discovered, 0 enqueued
[1.340s][info][gc,ref      ] GC(10) Weak: 898 encountered, 145 discovered, 0 enqueued
[1.340s][info][gc,ref      ] GC(10) Final: 0 encountered, 0 discovered, 0 enqueued
[1.340s][info][gc,ref      ] GC(10) Phantom: 3 encountered, 2 discovered, 0 enqueued
[1.340s][info][gc,reloc    ] GC(10) Small Pages: 200 / 400M, Empty: 66M, Relocated: 27M, In-Place: 10
[1.340s][info][gc,reloc    ] GC(10) Medium Pages: 0 / 0M, Empty: 0M, Relocated: 0M, In-Place: 0
[1.340s][info][gc,reloc    ] GC(10) Large Pages: 0 / 0M, Empty: 0M, Relocated: 0M, In-Place: 0
[1.340s][info][gc,reloc    ] GC(10) Forwarding Usage: 19M
[1.340s][info][gc,heap     ] GC(10) Min Capacity: 8M(2%)
[1.340s][info][gc,heap     ] GC(10) Max Capacity: 400M(100%)
[1.340s][info][gc,heap     ] GC(10) Soft Max Capacity: 400M(100%)
[1.340s][info][gc,heap     ] GC(10)                Mark Start          Mark End        Relocate Start      Relocate End           High               Low         
[1.340s][info][gc,heap     ] GC(10)  Capacity:      400M (100%)        400M (100%)        400M (100%)        400M (100%)        400M (100%)        400M (100%)   
[1.340s][info][gc,heap     ] GC(10)      Free:        0M (0%)            0M (0%)           10M (2%)            0M (0%)           66M (16%)           0M (0%)     
[1.340s][info][gc,heap     ] GC(10)      Used:      400M (100%)        400M (100%)        390M (98%)         400M (100%)        400M (100%)        334M (84%)    
[1.340s][info][gc,heap     ] GC(10)      Live:         -               210M (53%)         210M (53%)         210M (53%)            -                  -          
[1.340s][info][gc,heap     ] GC(10) Allocated:         -                 0M (0%)           56M (14%)         176M (44%)            -                  -          
[1.340s][info][gc,heap     ] GC(10)   Garbage:         -               189M (47%)         123M (31%)          13M (3%)             -                  -          
[1.340s][info][gc,heap     ] GC(10) Reclaimed:         -                  -                66M (16%)         176M (44%)            -                  -          
[1.340s][info][gc          ] GC(10) Garbage Collection (Allocation Stall) 400M(100%)->400M(100%)
[1.340s][info][gc,start    ] GC(11) Garbage Collection (Allocation Stall)
[1.340s][info][gc,ref      ] GC(11) Clearing All SoftReferences
[1.340s][info][gc,task     ] GC(11) Using 4 workers
[1.340s][info][gc,ref      ] GC(11) Clearing All SoftReferences
[1.340s][info][gc,phases   ] GC(11) Pause Mark Start 0.015ms
[1.400s][info][gc,phases   ] GC(11) Concurrent Mark 59.721ms
[1.400s][info][gc,phases   ] GC(11) Pause Mark End 0.005ms
[1.400s][info][gc,phases   ] GC(11) Concurrent Mark Free 0.000ms
[1.401s][info][gc,phases   ] GC(11) Concurrent Process Non-Strong References 0.529ms
[1.401s][info][gc,phases   ] GC(11) Concurrent Reset Relocation Set 0.004ms
[1.401s][info][gc          ] Allocation Stall (pool-1-thread-9) 63.781ms
[1.401s][info][gc          ] Allocation Stall (pool-1-thread-1) 63.009ms
[1.401s][info][gc          ] Allocation Stall (pool-1-thread-6) 61.264ms
[1.401s][info][gc          ] Allocation Stall (pool-1-thread-4) 63.808ms
[1.401s][info][gc          ] Allocation Stall (pool-1-thread-8) 63.870ms
[1.401s][info][gc          ] Allocation Stall (pool-1-thread-2) 63.809ms
[1.401s][info][gc          ] Allocation Stall (pool-1-thread-5) 63.372ms
[1.401s][info][gc          ] Allocation Stall (pool-1-thread-3) 60.725ms
[1.401s][info][gc          ] Allocation Stall (pool-1-thread-7) 63.864ms
[1.403s][info][gc,phases   ] GC(11) Concurrent Select Relocation Set 2.550ms
[1.403s][info][gc,phases   ] GC(11) Pause Relocate Start 0.004ms
[1.411s][info][gc          ] Allocation Stall (pool-1-thread-3) 0.247ms
[1.411s][info][gc          ] Allocation Stall (pool-1-thread-6) 0.315ms
[1.411s][info][gc          ] Allocation Stall (pool-1-thread-2) 0.342ms
[1.411s][info][gc          ] Allocation Stall (pool-1-thread-9) 0.350ms
[1.411s][info][gc          ] Allocation Stall (pool-1-thread-5) 0.459ms
[1.411s][info][gc          ] Allocation Stall (pool-1-thread-1) 0.616ms
[1.411s][info][gc          ] Allocation Stall (pool-1-thread-4) 0.711ms
[1.411s][info][gc          ] Allocation Stall (pool-1-thread-2) 0.278ms
[1.411s][info][gc          ] Allocation Stall (pool-1-thread-6) 0.174ms
[1.411s][info][gc          ] Allocation Stall (pool-1-thread-5) 0.174ms
[1.412s][info][gc          ] Allocation Stall (pool-1-thread-3) 0.396ms
[1.412s][info][gc          ] Allocation Stall (pool-1-thread-9) 0.544ms
[1.412s][info][gc          ] Allocation Stall (pool-1-thread-1) 0.785ms
[1.413s][info][gc          ] Allocation Stall (pool-1-thread-4) 1.258ms
[1.413s][info][gc          ] Allocation Stall (pool-1-thread-5) 1.338ms
[1.413s][info][gc          ] Allocation Stall (pool-1-thread-6) 1.353ms
[1.413s][info][gc          ] Allocation Stall (pool-1-thread-2) 1.357ms
[1.413s][info][gc          ] Relocation Stall (pool-1-thread-7) 2.603ms
[1.413s][info][gc          ] Allocation Stall (pool-1-thread-9) 1.245ms
[1.414s][info][gc          ] Allocation Stall (pool-1-thread-3) 1.651ms
[1.414s][info][gc,phases   ] GC(11) Concurrent Relocate 10.453ms
[1.414s][info][gc,load     ] GC(11) Load: 0.10/0.18/0.17
[1.414s][info][gc,mmu      ] GC(11) MMU: 2ms/97.7%, 5ms/99.1%, 10ms/99.5%, 20ms/99.8%, 50ms/99.9%, 100ms/99.9%
[1.414s][info][gc,marking  ] GC(11) Mark: 4 stripe(s), 5 proactive flush(es), 1 terminate flush(es), 0 completion(s), 0 continuation(s) 
[1.414s][info][gc,marking  ] GC(11) Mark Stack Usage: 32M
[1.414s][info][gc,nmethod  ] GC(11) NMethods: 1524 registered, 201 unregistered
[1.414s][info][gc,metaspace] GC(11) Metaspace: 10M used, 10M committed, 1088M reserved
[1.414s][info][gc,ref      ] GC(11) Soft: 143 encountered, 38 discovered, 0 enqueued
[1.414s][info][gc,ref      ] GC(11) Weak: 898 encountered, 156 discovered, 0 enqueued
[1.414s][info][gc,ref      ] GC(11) Final: 0 encountered, 0 discovered, 0 enqueued
[1.414s][info][gc,ref      ] GC(11) Phantom: 3 encountered, 2 discovered, 0 enqueued
[1.414s][info][gc,reloc    ] GC(11) Small Pages: 200 / 400M, Empty: 106M, Relocated: 24M, In-Place: 4
[1.414s][info][gc,reloc    ] GC(11) Medium Pages: 0 / 0M, Empty: 0M, Relocated: 0M, In-Place: 0
[1.414s][info][gc,reloc    ] GC(11) Large Pages: 0 / 0M, Empty: 0M, Relocated: 0M, In-Place: 0
[1.414s][info][gc,reloc    ] GC(11) Forwarding Usage: 12M
[1.414s][info][gc,heap     ] GC(11) Min Capacity: 8M(2%)
[1.414s][info][gc,heap     ] GC(11) Max Capacity: 400M(100%)
[1.414s][info][gc,heap     ] GC(11) Soft Max Capacity: 400M(100%)
[1.414s][info][gc,heap     ] GC(11)                Mark Start          Mark End        Relocate Start      Relocate End           High               Low         
[1.414s][info][gc,heap     ] GC(11)  Capacity:      400M (100%)        400M (100%)        400M (100%)        400M (100%)        400M (100%)        400M (100%)   
[1.414s][info][gc,heap     ] GC(11)      Free:        0M (0%)            0M (0%)           62M (16%)           0M (0%)          106M (26%)           0M (0%)     
[1.414s][info][gc,heap     ] GC(11)      Used:      400M (100%)        400M (100%)        338M (84%)         400M (100%)        400M (100%)        294M (74%)    
[1.414s][info][gc,heap     ] GC(11)      Live:         -               156M (39%)         156M (39%)         156M (39%)            -                  -          
[1.414s][info][gc,heap     ] GC(11) Allocated:         -                 0M (0%)           44M (11%)         236M (59%)            -                  -          
[1.414s][info][gc,heap     ] GC(11)   Garbage:         -               243M (61%)         137M (34%)           7M (2%)             -                  -          
[1.414s][info][gc,heap     ] GC(11) Reclaimed:         -                  -               106M (26%)         236M (59%)            -                  -          
[1.414s][info][gc          ] GC(11) Garbage Collection (Allocation Stall) 400M(100%)->400M(100%)
[1.414s][info][gc,start    ] GC(12) Garbage Collection (Allocation Stall)
[1.414s][info][gc,ref      ] GC(12) Clearing All SoftReferences
[1.414s][info][gc,task     ] GC(12) Using 4 workers
[1.414s][info][gc,ref      ] GC(12) Clearing All SoftReferences
[1.414s][info][gc,phases   ] GC(12) Pause Mark Start 0.013ms
[1.494s][info][gc,phases   ] GC(12) Concurrent Mark 79.603ms
[1.494s][info][gc,phases   ] GC(12) Pause Mark End 0.010ms
[1.494s][info][gc,phases   ] GC(12) Concurrent Mark Free 0.000ms
[1.494s][info][gc,phases   ] GC(12) Concurrent Process Non-Strong References 0.662ms
[1.494s][info][gc,phases   ] GC(12) Concurrent Reset Relocation Set 0.003ms
[1.495s][info][gc          ] Allocation Stall (pool-1-thread-1) 82.136ms
[1.495s][info][gc          ] Allocation Stall (pool-1-thread-9) 81.239ms
[1.495s][info][gc          ] Allocation Stall (pool-1-thread-6) 81.519ms
[1.495s][info][gc          ] Allocation Stall (pool-1-thread-8) 82.136ms
[1.495s][info][gc          ] Allocation Stall (pool-1-thread-3) 80.722ms
[1.495s][info][gc          ] Allocation Stall (pool-1-thread-4) 81.642ms
[1.495s][info][gc          ] Allocation Stall (pool-1-thread-5) 81.542ms
[1.495s][info][gc          ] Allocation Stall (pool-1-thread-2) 81.535ms
[1.495s][info][gc          ] Allocation Stall (pool-1-thread-7) 80.260ms
[1.497s][info][gc,phases   ] GC(12) Concurrent Select Relocation Set 2.426ms
[1.497s][info][gc,phases   ] GC(12) Pause Relocate Start 0.005ms
[1.497s][info][gc          ] Allocation Stall (pool-1-thread-9) 1.126ms
[1.504s][info][gc          ] Relocation Stall (pool-1-thread-8) 7.698ms
[1.504s][info][gc          ] Relocation Stall (pool-1-thread-5) 7.689ms
[1.504s][info][gc          ] Relocation Stall (pool-1-thread-1) 7.698ms
[1.504s][info][gc          ] Allocation Stall (pool-1-thread-5) 8.840ms
[1.504s][info][gc          ] Relocation Stall (pool-1-thread-7) 7.690ms
[1.504s][info][gc          ] Relocation Stall (pool-1-thread-2) 7.695ms
[1.504s][info][gc          ] Relocation Stall (pool-1-thread-3) 7.712ms
[1.505s][info][gc          ] Allocation Stall (pool-1-thread-3) 8.930ms
[1.504s][info][gc          ] Allocation Stall (pool-1-thread-8) 8.897ms
[1.504s][info][gc          ] Relocation Stall (pool-1-thread-6) 7.697ms
[1.504s][info][gc          ] Relocation Stall (pool-1-thread-4) 7.536ms
[1.504s][info][gc          ] Allocation Stall (pool-1-thread-7) 8.846ms
[1.505s][info][gc          ] Allocation Stall (pool-1-thread-2) 8.859ms
[1.504s][info][gc          ] Allocation Stall (pool-1-thread-1) 8.864ms
[1.505s][info][gc          ] Allocation Stall (pool-1-thread-6) 8.949ms
[1.505s][info][gc          ] Allocation Stall (pool-1-thread-4) 8.893ms
[1.512s][info][gc,phases   ] GC(12) Concurrent Relocate 15.211ms
[1.512s][info][gc,load     ] GC(12) Load: 0.10/0.18/0.17
[1.512s][info][gc,mmu      ] GC(12) MMU: 2ms/97.7%, 5ms/99.1%, 10ms/99.5%, 20ms/99.8%, 50ms/99.9%, 100ms/99.9%
[1.512s][info][gc,marking  ] GC(12) Mark: 4 stripe(s), 10 proactive flush(es), 1 terminate flush(es), 0 completion(s), 0 continuation(s) 
[1.512s][info][gc,marking  ] GC(12) Mark Stack Usage: 32M
[1.512s][info][gc,nmethod  ] GC(12) NMethods: 1524 registered, 201 unregistered
[1.512s][info][gc,metaspace] GC(12) Metaspace: 10M used, 10M committed, 1088M reserved
[1.512s][info][gc,ref      ] GC(12) Soft: 143 encountered, 47 discovered, 0 enqueued
[1.512s][info][gc,ref      ] GC(12) Weak: 898 encountered, 64 discovered, 0 enqueued
[1.512s][info][gc,ref      ] GC(12) Final: 0 encountered, 0 discovered, 0 enqueued
[1.512s][info][gc,ref      ] GC(12) Phantom: 3 encountered, 2 discovered, 0 enqueued
[1.512s][info][gc,reloc    ] GC(12) Small Pages: 200 / 400M, Empty: 16M, Relocated: 36M, In-Place: 4
[1.512s][info][gc,reloc    ] GC(12) Medium Pages: 0 / 0M, Empty: 0M, Relocated: 0M, In-Place: 0
[1.512s][info][gc,reloc    ] GC(12) Large Pages: 0 / 0M, Empty: 0M, Relocated: 0M, In-Place: 0
[1.512s][info][gc,reloc    ] GC(12) Forwarding Usage: 27M
[1.512s][info][gc,heap     ] GC(12) Min Capacity: 8M(2%)
[1.512s][info][gc,heap     ] GC(12) Max Capacity: 400M(100%)
[1.512s][info][gc,heap     ] GC(12) Soft Max Capacity: 400M(100%)
[1.512s][info][gc,heap     ] GC(12)                Mark Start          Mark End        Relocate Start      Relocate End           High               Low         
[1.512s][info][gc,heap     ] GC(12)  Capacity:      400M (100%)        400M (100%)        400M (100%)        400M (100%)        400M (100%)        400M (100%)   
[1.512s][info][gc,heap     ] GC(12)      Free:        0M (0%)            0M (0%)            0M (0%)           14M (4%)          156M (39%)           0M (0%)     
[1.512s][info][gc,heap     ] GC(12)      Used:      400M (100%)        400M (100%)        400M (100%)        386M (96%)         400M (100%)        244M (61%)    
[1.512s][info][gc,heap     ] GC(12)      Live:         -               187M (47%)         187M (47%)         187M (47%)            -                  -          
[1.512s][info][gc,heap     ] GC(12) Allocated:         -                 0M (0%)           16M (4%)          190M (48%)            -                  -          
[1.512s][info][gc,heap     ] GC(12)   Garbage:         -               212M (53%)         196M (49%)           7M (2%)             -                  -          
[1.512s][info][gc,heap     ] GC(12) Reclaimed:         -                  -                16M (4%)          204M (51%)            -                  -          
[1.512s][info][gc          ] GC(12) Garbage Collection (Allocation Stall) 400M(100%)->386M(96%)
[1.513s][info][gc,start    ] GC(13) Garbage Collection (Allocation Stall)
[1.513s][info][gc,ref      ] GC(13) Clearing All SoftReferences
[1.513s][info][gc,task     ] GC(13) Using 4 workers
[1.513s][info][gc,ref      ] GC(13) Clearing All SoftReferences
[1.513s][info][gc,phases   ] GC(13) Pause Mark Start 0.020ms
[1.587s][info][gc,phases   ] GC(13) Concurrent Mark 74.225ms
[1.587s][info][gc,phases   ] GC(13) Pause Mark End 0.005ms
[1.587s][info][gc,phases   ] GC(13) Concurrent Mark Free 0.000ms
[1.588s][info][gc,phases   ] GC(13) Concurrent Process Non-Strong References 0.534ms
[1.588s][info][gc,phases   ] GC(13) Concurrent Reset Relocation Set 0.007ms
[1.588s][info][gc          ] Allocation Stall (pool-1-thread-1) 75.699ms
[1.588s][info][gc          ] Allocation Stall (pool-1-thread-9) 52.582ms
[1.588s][info][gc          ] Allocation Stall (pool-1-thread-3) 75.625ms
[1.588s][info][gc          ] Allocation Stall (pool-1-thread-4) 75.613ms
[1.588s][info][gc          ] Allocation Stall (pool-1-thread-6) 75.720ms
[1.588s][info][gc          ] Allocation Stall (pool-1-thread-7) 75.683ms
[1.588s][info][gc          ] Allocation Stall (pool-1-thread-5) 75.635ms
[1.588s][info][gc          ] Allocation Stall (pool-1-thread-2) 75.655ms
[1.588s][info][gc          ] Allocation Stall (pool-1-thread-8) 74.858ms
[1.590s][info][gc,phases   ] GC(13) Concurrent Select Relocation Set 2.582ms
[1.590s][info][gc,phases   ] GC(13) Pause Relocate Start 0.002ms
[1.593s][info][gc          ] Allocation Stall (pool-1-thread-6) 0.068ms
[1.593s][info][gc          ] Allocation Stall (pool-1-thread-9) 0.106ms
[1.593s][info][gc          ] Allocation Stall (pool-1-thread-2) 0.100ms
[1.594s][info][gc          ] Allocation Stall (pool-1-thread-1) 0.127ms
[1.594s][info][gc          ] Allocation Stall (pool-1-thread-4) 0.105ms
[1.594s][info][gc          ] Allocation Stall (pool-1-thread-5) 0.111ms
[1.594s][info][gc          ] Allocation Stall (pool-1-thread-8) 0.150ms
[1.594s][info][gc          ] Allocation Stall (pool-1-thread-3) 0.164ms
[1.594s][info][gc          ] Allocation Stall (pool-1-thread-2) 0.061ms
[1.594s][info][gc          ] Allocation Stall (pool-1-thread-9) 0.128ms
[1.594s][info][gc          ] Allocation Stall (pool-1-thread-4) 0.123ms
[1.594s][info][gc          ] Allocation Stall (pool-1-thread-6) 0.133ms
[1.594s][info][gc          ] Allocation Stall (pool-1-thread-8) 0.132ms
[1.594s][info][gc          ] Allocation Stall (pool-1-thread-2) 0.128ms
[1.594s][info][gc          ] Allocation Stall (pool-1-thread-3) 0.130ms
[1.594s][info][gc          ] Allocation Stall (pool-1-thread-1) 0.134ms
[1.594s][info][gc          ] Allocation Stall (pool-1-thread-5) 0.123ms
[1.594s][info][gc          ] Allocation Stall (pool-1-thread-7) 0.085ms
[1.594s][info][gc          ] Allocation Stall (pool-1-thread-5) 0.051ms
[1.594s][info][gc          ] Allocation Stall (pool-1-thread-7) 0.058ms
[1.594s][info][gc          ] Allocation Stall (pool-1-thread-8) 0.054ms
[1.594s][info][gc          ] Allocation Stall (pool-1-thread-6) 0.048ms
[1.594s][info][gc          ] Allocation Stall (pool-1-thread-1) 0.039ms
[1.594s][info][gc          ] Allocation Stall (pool-1-thread-4) 0.066ms
[1.594s][info][gc          ] Allocation Stall (pool-1-thread-6) 0.118ms
[1.595s][info][gc          ] Allocation Stall (pool-1-thread-5) 0.350ms
[1.595s][info][gc          ] Allocation Stall (pool-1-thread-4) 0.329ms
[1.595s][info][gc          ] Allocation Stall (pool-1-thread-8) 0.333ms
[1.595s][info][gc          ] Allocation Stall (pool-1-thread-7) 0.340ms
[1.595s][info][gc          ] Allocation Stall (pool-1-thread-3) 0.343ms
[1.595s][info][gc          ] Allocation Stall (pool-1-thread-1) 0.344ms
[1.595s][info][gc          ] Allocation Stall (pool-1-thread-9) 0.348ms
[1.595s][info][gc          ] Allocation Stall (pool-1-thread-2) 0.384ms
[1.595s][info][gc          ] Allocation Stall (pool-1-thread-8) 0.227ms
[1.595s][info][gc          ] Allocation Stall (pool-1-thread-3) 0.150ms
[1.595s][info][gc          ] Allocation Stall (pool-1-thread-1) 0.121ms
[1.595s][info][gc          ] Allocation Stall (pool-1-thread-2) 0.123ms
[1.595s][info][gc          ] Allocation Stall (pool-1-thread-9) 0.122ms
[1.595s][info][gc          ] Allocation Stall (pool-1-thread-5) 0.123ms
[1.595s][info][gc          ] Allocation Stall (pool-1-thread-4) 0.127ms
[1.595s][info][gc          ] Allocation Stall (pool-1-thread-6) 0.126ms
[1.596s][info][gc          ] Allocation Stall (pool-1-thread-9) 0.235ms
[1.596s][info][gc          ] Allocation Stall (pool-1-thread-8) 0.235ms
[1.596s][info][gc          ] Allocation Stall (pool-1-thread-1) 0.167ms
[1.596s][info][gc          ] Allocation Stall (pool-1-thread-3) 0.167ms
[1.596s][info][gc          ] Allocation Stall (pool-1-thread-7) 0.172ms
[1.596s][info][gc          ] Allocation Stall (pool-1-thread-6) 0.173ms
[1.596s][info][gc          ] Allocation Stall (pool-1-thread-4) 0.180ms
[1.596s][info][gc          ] Allocation Stall (pool-1-thread-2) 0.190ms
[1.596s][info][gc          ] Allocation Stall (pool-1-thread-5) 0.228ms
[1.596s][info][gc          ] Allocation Stall (pool-1-thread-8) 0.043ms
[1.596s][info][gc          ] Allocation Stall (pool-1-thread-6) 0.326ms
[1.596s][info][gc          ] Allocation Stall (pool-1-thread-4) 0.496ms
[1.596s][info][gc          ] Allocation Stall (pool-1-thread-3) 0.516ms
[1.596s][info][gc          ] Allocation Stall (pool-1-thread-9) 0.521ms
[1.596s][info][gc          ] Allocation Stall (pool-1-thread-5) 0.517ms
[1.596s][info][gc          ] Allocation Stall (pool-1-thread-1) 0.523ms
[1.596s][info][gc          ] Allocation Stall (pool-1-thread-7) 0.527ms
[1.596s][info][gc          ] Allocation Stall (pool-1-thread-2) 0.444ms
[1.596s][info][gc          ] Allocation Stall (pool-1-thread-8) 0.566ms
[1.597s][info][gc          ] Allocation Stall (pool-1-thread-6) 0.506ms
[1.597s][info][gc          ] Allocation Stall (pool-1-thread-7) 0.664ms
[1.597s][info][gc          ] Allocation Stall (pool-1-thread-4) 0.729ms
[1.597s][info][gc          ] Allocation Stall (pool-1-thread-3) 0.654ms
[1.597s][info][gc          ] Allocation Stall (pool-1-thread-2) 0.660ms
[1.597s][info][gc          ] Allocation Stall (pool-1-thread-5) 0.698ms
[1.597s][info][gc          ] Allocation Stall (pool-1-thread-1) 0.693ms
[1.597s][info][gc          ] Allocation Stall (pool-1-thread-9) 0.604ms
[1.597s][info][gc          ] Allocation Stall (pool-1-thread-6) 0.229ms
[1.597s][info][gc          ] Allocation Stall (pool-1-thread-7) 0.289ms
[1.598s][info][gc          ] Allocation Stall (pool-1-thread-4) 0.524ms
[1.598s][info][gc          ] Allocation Stall (pool-1-thread-6) 0.519ms
[1.598s][info][gc          ] Allocation Stall (pool-1-thread-3) 0.497ms
[1.598s][info][gc          ] Allocation Stall (pool-1-thread-9) 0.507ms
[1.598s][info][gc          ] Allocation Stall (pool-1-thread-2) 0.507ms
[1.598s][info][gc          ] Allocation Stall (pool-1-thread-5) 1.112ms
[1.599s][info][gc          ] Allocation Stall (pool-1-thread-1) 1.584ms
[1.599s][info][gc          ] Allocation Stall (pool-1-thread-3) 1.367ms
[1.599s][info][gc          ] Allocation Stall (pool-1-thread-9) 1.513ms
[1.599s][info][gc,phases   ] GC(13) Concurrent Relocate 9.244ms
[1.600s][info][gc,load     ] GC(13) Load: 0.10/0.18/0.17
[1.600s][info][gc,mmu      ] GC(13) MMU: 2ms/97.7%, 5ms/99.1%, 10ms/99.5%, 20ms/99.8%, 50ms/99.9%, 100ms/99.9%
[1.600s][info][gc,marking  ] GC(13) Mark: 4 stripe(s), 10 proactive flush(es), 1 terminate flush(es), 0 completion(s), 0 continuation(s) 
[1.600s][info][gc,marking  ] GC(13) Mark Stack Usage: 32M
[1.600s][info][gc,nmethod  ] GC(13) NMethods: 1524 registered, 201 unregistered
[1.600s][info][gc,metaspace] GC(13) Metaspace: 10M used, 10M committed, 1088M reserved
[1.600s][info][gc,ref      ] GC(13) Soft: 143 encountered, 50 discovered, 0 enqueued
[1.600s][info][gc,ref      ] GC(13) Weak: 898 encountered, 61 discovered, 0 enqueued
[1.600s][info][gc,ref      ] GC(13) Final: 0 encountered, 0 discovered, 0 enqueued
[1.600s][info][gc,ref      ] GC(13) Phantom: 3 encountered, 2 discovered, 0 enqueued
[1.600s][info][gc,reloc    ] GC(13) Small Pages: 200 / 400M, Empty: 76M, Relocated: 20M, In-Place: 7
[1.600s][info][gc,reloc    ] GC(13) Medium Pages: 0 / 0M, Empty: 0M, Relocated: 0M, In-Place: 0
[1.600s][info][gc,reloc    ] GC(13) Large Pages: 0 / 0M, Empty: 0M, Relocated: 0M, In-Place: 0
[1.600s][info][gc,reloc    ] GC(13) Forwarding Usage: 11M
[1.600s][info][gc,heap     ] GC(13) Min Capacity: 8M(2%)
[1.600s][info][gc,heap     ] GC(13) Max Capacity: 400M(100%)
[1.600s][info][gc,heap     ] GC(13) Soft Max Capacity: 400M(100%)
[1.600s][info][gc,heap     ] GC(13)                Mark Start          Mark End        Relocate Start      Relocate End           High               Low         
[1.600s][info][gc,heap     ] GC(13)  Capacity:      400M (100%)        400M (100%)        400M (100%)        400M (100%)        400M (100%)        400M (100%)   
[1.600s][info][gc,heap     ] GC(13)      Free:        0M (0%)            0M (0%)           36M (9%)            0M (0%)           76M (19%)           0M (0%)     
[1.600s][info][gc,heap     ] GC(13)      Used:      400M (100%)        400M (100%)        364M (91%)         400M (100%)        400M (100%)        324M (81%)    
[1.600s][info][gc,heap     ] GC(13)      Live:         -               214M (54%)         214M (54%)         214M (54%)            -                  -          
[1.600s][info][gc,heap     ] GC(13) Allocated:         -                 0M (0%)           40M (10%)         176M (44%)            -                  -          
[1.600s][info][gc,heap     ] GC(13)   Garbage:         -               185M (46%)         109M (27%)           9M (2%)             -                  -          
[1.600s][info][gc,heap     ] GC(13) Reclaimed:         -                  -                76M (19%)         176M (44%)            -                  -          
[1.600s][info][gc          ] GC(13) Garbage Collection (Allocation Stall) 400M(100%)->400M(100%)
[1.600s][info][gc,start    ] GC(14) Garbage Collection (Allocation Stall)
[1.600s][info][gc,ref      ] GC(14) Clearing All SoftReferences
[1.600s][info][gc,task     ] GC(14) Using 4 workers
[1.600s][info][gc,ref      ] GC(14) Clearing All SoftReferences
[1.600s][info][gc,phases   ] GC(14) Pause Mark Start 0.010ms
[1.659s][info][gc,phases   ] GC(14) Concurrent Mark 59.005ms
[1.659s][info][gc,phases   ] GC(14) Pause Mark End 0.003ms
[1.659s][info][gc,phases   ] GC(14) Concurrent Mark Free 0.000ms
[1.659s][info][gc,phases   ] GC(14) Concurrent Process Non-Strong References 0.550ms
[1.659s][info][gc,phases   ] GC(14) Concurrent Reset Relocation Set 0.002ms
[1.660s][info][gc          ] Allocation Stall (pool-1-thread-3) 60.177ms
[1.660s][info][gc          ] Allocation Stall (pool-1-thread-5) 61.019ms
[1.660s][info][gc          ] Allocation Stall (pool-1-thread-7) 61.616ms
[1.660s][info][gc          ] Allocation Stall (pool-1-thread-1) 60.534ms
[1.660s][info][gc          ] Allocation Stall (pool-1-thread-9) 60.092ms
[1.660s][info][gc          ] Allocation Stall (pool-1-thread-2) 61.697ms
[1.660s][info][gc          ] Allocation Stall (pool-1-thread-6) 61.689ms
[1.660s][info][gc          ] Allocation Stall (pool-1-thread-4) 61.706ms
[1.660s][info][gc          ] Allocation Stall (pool-1-thread-8) 61.463ms
[1.661s][info][gc,phases   ] GC(14) Concurrent Select Relocation Set 2.273ms
[1.662s][info][gc,phases   ] GC(14) Pause Relocate Start 0.002ms
[1.671s][info][gc          ] Allocation Stall (pool-1-thread-9) 0.058ms
[1.671s][info][gc          ] Allocation Stall (pool-1-thread-6) 0.427ms
[1.671s][info][gc          ] Allocation Stall (pool-1-thread-2) 0.594ms
[1.671s][info][gc          ] Allocation Stall (pool-1-thread-7) 0.586ms
[1.671s][info][gc          ] Allocation Stall (pool-1-thread-5) 0.604ms
[1.671s][info][gc          ] Allocation Stall (pool-1-thread-3) 0.613ms
[1.671s][info][gc          ] Allocation Stall (pool-1-thread-4) 0.614ms
[1.672s][info][gc          ] Allocation Stall (pool-1-thread-1) 1.090ms
[1.672s][info][gc          ] Allocation Stall (pool-1-thread-9) 1.005ms
[1.672s][info][gc          ] Allocation Stall (pool-1-thread-7) 0.614ms
[1.672s][info][gc          ] Allocation Stall (pool-1-thread-8) 0.857ms
[1.672s][info][gc          ] Allocation Stall (pool-1-thread-2) 1.016ms
[1.673s][info][gc          ] Allocation Stall (pool-1-thread-6) 1.356ms
[1.673s][info][gc          ] Allocation Stall (pool-1-thread-4) 1.357ms
[1.673s][info][gc          ] Allocation Stall (pool-1-thread-5) 1.366ms
[1.673s][info][gc          ] Allocation Stall (pool-1-thread-3) 1.376ms
[1.673s][info][gc          ] Allocation Stall (pool-1-thread-9) 0.823ms
[1.673s][info][gc          ] Allocation Stall (pool-1-thread-7) 1.173ms
[1.673s][info][gc          ] Allocation Stall (pool-1-thread-1) 1.318ms
[1.673s][info][gc          ] Allocation Stall (pool-1-thread-8) 1.050ms
[1.673s][info][gc          ] Allocation Stall (pool-1-thread-2) 0.844ms
[1.673s][info][gc          ] Allocation Stall (pool-1-thread-4) 0.530ms
[1.675s][info][gc,phases   ] GC(14) Concurrent Relocate 13.149ms
[1.675s][info][gc,load     ] GC(14) Load: 0.10/0.18/0.17
[1.675s][info][gc,mmu      ] GC(14) MMU: 2ms/97.7%, 5ms/99.1%, 10ms/99.5%, 20ms/99.8%, 50ms/99.9%, 100ms/99.9%
[1.675s][info][gc,marking  ] GC(14) Mark: 4 stripe(s), 10 proactive flush(es), 1 terminate flush(es), 0 completion(s), 0 continuation(s) 
[1.675s][info][gc,marking  ] GC(14) Mark Stack Usage: 32M
[1.675s][info][gc,nmethod  ] GC(14) NMethods: 1524 registered, 201 unregistered
[1.675s][info][gc,metaspace] GC(14) Metaspace: 10M used, 10M committed, 1088M reserved
[1.675s][info][gc,ref      ] GC(14) Soft: 143 encountered, 48 discovered, 0 enqueued
[1.675s][info][gc,ref      ] GC(14) Weak: 898 encountered, 40 discovered, 0 enqueued
[1.675s][info][gc,ref      ] GC(14) Final: 0 encountered, 0 discovered, 0 enqueued
[1.675s][info][gc,ref      ] GC(14) Phantom: 3 encountered, 2 discovered, 0 enqueued
[1.675s][info][gc,reloc    ] GC(14) Small Pages: 200 / 400M, Empty: 108M, Relocated: 26M, In-Place: 6
[1.675s][info][gc,reloc    ] GC(14) Medium Pages: 0 / 0M, Empty: 0M, Relocated: 0M, In-Place: 0
[1.675s][info][gc,reloc    ] GC(14) Large Pages: 0 / 0M, Empty: 0M, Relocated: 0M, In-Place: 0
[1.675s][info][gc,reloc    ] GC(14) Forwarding Usage: 14M
[1.675s][info][gc,heap     ] GC(14) Min Capacity: 8M(2%)
[1.675s][info][gc,heap     ] GC(14) Max Capacity: 400M(100%)
[1.675s][info][gc,heap     ] GC(14) Soft Max Capacity: 400M(100%)
[1.675s][info][gc,heap     ] GC(14)                Mark Start          Mark End        Relocate Start      Relocate End           High               Low         
[1.675s][info][gc,heap     ] GC(14)  Capacity:      400M (100%)        400M (100%)        400M (100%)        400M (100%)        400M (100%)        400M (100%)   
[1.675s][info][gc,heap     ] GC(14)      Free:        0M (0%)            0M (0%)           72M (18%)           0M (0%)          108M (27%)           0M (0%)     
[1.675s][info][gc,heap     ] GC(14)      Used:      400M (100%)        400M (100%)        328M (82%)         400M (100%)        400M (100%)        292M (73%)    
[1.675s][info][gc,heap     ] GC(14)      Live:         -               153M (38%)         153M (38%)         153M (38%)            -                  -          
[1.675s][info][gc,heap     ] GC(14) Allocated:         -                 0M (0%)           36M (9%)          241M (60%)            -                  -          
[1.675s][info][gc,heap     ] GC(14)   Garbage:         -               246M (62%)         138M (35%)           4M (1%)             -                  -          
[1.675s][info][gc,heap     ] GC(14) Reclaimed:         -                  -               108M (27%)         241M (60%)            -                  -          
[1.675s][info][gc          ] GC(14) Garbage Collection (Allocation Stall) 400M(100%)->400M(100%)
[1.675s][info][gc,start    ] GC(15) Garbage Collection (Allocation Stall)
[1.675s][info][gc,ref      ] GC(15) Clearing All SoftReferences
[1.675s][info][gc,task     ] GC(15) Using 4 workers
[1.675s][info][gc,ref      ] GC(15) Clearing All SoftReferences
[1.675s][info][gc,phases   ] GC(15) Pause Mark Start 0.010ms
[1.751s][info][gc,phases   ] GC(15) Concurrent Mark 76.381ms
[1.751s][info][gc,phases   ] GC(15) Pause Mark End 0.002ms
[1.751s][info][gc,phases   ] GC(15) Concurrent Mark Free 0.000ms
[1.752s][info][gc,phases   ] GC(15) Concurrent Process Non-Strong References 0.689ms
[1.752s][info][gc,phases   ] GC(15) Concurrent Reset Relocation Set 0.008ms
[1.753s][info][gc          ] Allocation Stall (pool-1-thread-8) 79.597ms
[1.753s][info][gc          ] Allocation Stall (pool-1-thread-5) 80.118ms
[1.753s][info][gc          ] Allocation Stall (pool-1-thread-3) 80.126ms
[1.753s][info][gc          ] Allocation Stall (pool-1-thread-9) 80.145ms
[1.753s][info][gc          ] Allocation Stall (pool-1-thread-2) 79.605ms
[1.753s][info][gc          ] Allocation Stall (pool-1-thread-1) 79.590ms
[1.753s][info][gc          ] Allocation Stall (pool-1-thread-6) 80.144ms
[1.753s][info][gc          ] Allocation Stall (pool-1-thread-4) 79.682ms
[1.753s][info][gc          ] Allocation Stall (pool-1-thread-7) 79.646ms
[1.754s][info][gc,phases   ] GC(15) Concurrent Select Relocation Set 2.052ms
[1.754s][info][gc,phases   ] GC(15) Pause Relocate Start 0.001ms
[1.759s][info][gc          ] Relocation Stall (pool-1-thread-3) 4.451ms
[1.759s][info][gc          ] Relocation Stall (pool-1-thread-9) 4.352ms
[1.759s][info][gc          ] Relocation Stall (pool-1-thread-7) 4.449ms
[1.759s][info][gc          ] Relocation Stall (pool-1-thread-8) 4.345ms
[1.759s][info][gc          ] Relocation Stall (pool-1-thread-1) 4.459ms
[1.759s][info][gc          ] Relocation Stall (pool-1-thread-4) 4.224ms
[1.759s][info][gc          ] Allocation Stall (pool-1-thread-4) 5.043ms
[1.759s][info][gc          ] Relocation Stall (pool-1-thread-6) 4.072ms
[1.759s][info][gc          ] Relocation Stall (pool-1-thread-2) 4.307ms
[1.759s][info][gc          ] Allocation Stall (pool-1-thread-2) 5.083ms
[1.759s][info][gc          ] Allocation Stall (pool-1-thread-9) 5.034ms
[1.759s][info][gc          ] Allocation Stall (pool-1-thread-7) 5.091ms
[1.759s][info][gc          ] Allocation Stall (pool-1-thread-8) 5.057ms
[1.759s][info][gc          ] Allocation Stall (pool-1-thread-1) 5.114ms
[1.759s][info][gc          ] Relocation Stall (pool-1-thread-5) 4.170ms
[1.759s][info][gc          ] Allocation Stall (pool-1-thread-6) 5.039ms
[1.759s][info][gc          ] Allocation Stall (pool-1-thread-5) 5.134ms
[1.759s][info][gc          ] Allocation Stall (pool-1-thread-3) 5.044ms
[1.765s][info][gc,phases   ] GC(15) Concurrent Relocate 10.758ms
[1.765s][info][gc,load     ] GC(15) Load: 0.10/0.18/0.17
[1.765s][info][gc,mmu      ] GC(15) MMU: 2ms/97.7%, 5ms/99.1%, 10ms/99.5%, 20ms/99.8%, 50ms/99.9%, 100ms/99.9%
[1.765s][info][gc,marking  ] GC(15) Mark: 4 stripe(s), 9 proactive flush(es), 1 terminate flush(es), 0 completion(s), 0 continuation(s) 
[1.765s][info][gc,marking  ] GC(15) Mark Stack Usage: 32M
[1.765s][info][gc,nmethod  ] GC(15) NMethods: 1524 registered, 201 unregistered
[1.765s][info][gc,metaspace] GC(15) Metaspace: 10M used, 10M committed, 1088M reserved
[1.765s][info][gc,ref      ] GC(15) Soft: 143 encountered, 55 discovered, 0 enqueued
[1.765s][info][gc,ref      ] GC(15) Weak: 898 encountered, 424 discovered, 0 enqueued
[1.765s][info][gc,ref      ] GC(15) Final: 0 encountered, 0 discovered, 0 enqueued
[1.765s][info][gc,ref      ] GC(15) Phantom: 3 encountered, 2 discovered, 0 enqueued
[1.765s][info][gc,reloc    ] GC(15) Small Pages: 200 / 400M, Empty: 14M, Relocated: 32M, In-Place: 4
[1.765s][info][gc,reloc    ] GC(15) Medium Pages: 0 / 0M, Empty: 0M, Relocated: 0M, In-Place: 0
[1.765s][info][gc,reloc    ] GC(15) Large Pages: 0 / 0M, Empty: 0M, Relocated: 0M, In-Place: 0
[1.765s][info][gc,reloc    ] GC(15) Forwarding Usage: 17M
[1.765s][info][gc,heap     ] GC(15) Min Capacity: 8M(2%)
[1.765s][info][gc,heap     ] GC(15) Max Capacity: 400M(100%)
[1.765s][info][gc,heap     ] GC(15) Soft Max Capacity: 400M(100%)
[1.765s][info][gc,heap     ] GC(15)                Mark Start          Mark End        Relocate Start      Relocate End           High               Low         
[1.765s][info][gc,heap     ] GC(15)  Capacity:      400M (100%)        400M (100%)        400M (100%)        400M (100%)        400M (100%)        400M (100%)   
[1.765s][info][gc,heap     ] GC(15)      Free:        0M (0%)            0M (0%)            0M (0%)           42M (10%)         156M (39%)           0M (0%)     
[1.765s][info][gc,heap     ] GC(15)      Used:      400M (100%)        400M (100%)        400M (100%)        358M (90%)         400M (100%)        244M (61%)    
[1.765s][info][gc,heap     ] GC(15)      Live:         -               189M (47%)         189M (47%)         189M (47%)            -                  -          
[1.765s][info][gc,heap     ] GC(15) Allocated:         -                 0M (0%)           14M (4%)          160M (40%)            -                  -          
[1.765s][info][gc,heap     ] GC(15)   Garbage:         -               210M (53%)         196M (49%)           8M (2%)             -                  -          
[1.765s][info][gc,heap     ] GC(15) Reclaimed:         -                  -                14M (4%)          202M (50%)            -                  -          
[1.765s][info][gc          ] GC(15) Garbage Collection (Allocation Stall) 400M(100%)->358M(90%)
[1.767s][info][gc,start    ] GC(16) Garbage Collection (Allocation Stall)
[1.767s][info][gc,ref      ] GC(16) Clearing All SoftReferences
[1.767s][info][gc,task     ] GC(16) Using 4 workers
[1.767s][info][gc,ref      ] GC(16) Clearing All SoftReferences
[1.767s][info][gc,phases   ] GC(16) Pause Mark Start 0.011ms
[1.847s][info][gc,phases   ] GC(16) Concurrent Mark 79.517ms
[1.847s][info][gc,phases   ] GC(16) Pause Mark End 0.011ms
[1.847s][info][gc,phases   ] GC(16) Concurrent Mark Free 0.000ms
[1.847s][info][gc,phases   ] GC(16) Concurrent Process Non-Strong References 0.547ms
[1.847s][info][gc,phases   ] GC(16) Concurrent Reset Relocation Set 0.006ms
[1.848s][info][gc          ] Allocation Stall (pool-1-thread-7) 81.273ms
[1.848s][info][gc          ] Allocation Stall (pool-1-thread-5) 81.274ms
[1.848s][info][gc          ] Allocation Stall (pool-1-thread-4) 81.319ms
[1.848s][info][gc          ] Allocation Stall (pool-1-thread-3) 81.327ms
[1.848s][info][gc          ] Allocation Stall (pool-1-thread-9) 40.721ms
[1.848s][info][gc          ] Allocation Stall (pool-1-thread-1) 81.296ms
[1.848s][info][gc          ] Allocation Stall (pool-1-thread-8) 76.380ms
[1.848s][info][gc          ] Allocation Stall (pool-1-thread-2) 81.298ms
[1.848s][info][gc          ] Allocation Stall (pool-1-thread-6) 81.300ms
[1.851s][info][gc,phases   ] GC(16) Concurrent Select Relocation Set 3.462ms
[1.851s][info][gc,phases   ] GC(16) Pause Relocate Start 0.016ms
[1.852s][info][gc          ] Allocation Stall (pool-1-thread-9) 0.065ms
[1.852s][info][gc          ] Allocation Stall (pool-1-thread-1) 0.070ms
[1.852s][info][gc          ] Allocation Stall (pool-1-thread-4) 0.083ms
[1.852s][info][gc          ] Allocation Stall (pool-1-thread-3) 0.094ms
[1.852s][info][gc          ] Allocation Stall (pool-1-thread-7) 0.106ms
[1.852s][info][gc          ] Allocation Stall (pool-1-thread-2) 0.111ms
[1.852s][info][gc          ] Allocation Stall (pool-1-thread-8) 0.110ms
[1.852s][info][gc          ] Allocation Stall (pool-1-thread-5) 0.116ms
[1.852s][info][gc          ] Allocation Stall (pool-1-thread-3) 0.077ms
[1.852s][info][gc          ] Allocation Stall (pool-1-thread-2) 0.121ms
[1.852s][info][gc          ] Allocation Stall (pool-1-thread-1) 0.130ms
[1.852s][info][gc          ] Allocation Stall (pool-1-thread-9) 0.148ms
[1.852s][info][gc          ] Allocation Stall (pool-1-thread-5) 0.185ms
[1.852s][info][gc          ] Allocation Stall (pool-1-thread-4) 0.199ms
[1.852s][info][gc          ] Allocation Stall (pool-1-thread-7) 0.338ms
[1.852s][info][gc          ] Allocation Stall (pool-1-thread-8) 0.330ms
[1.852s][info][gc          ] Allocation Stall (pool-1-thread-6) 0.335ms
[1.852s][info][gc          ] Allocation Stall (pool-1-thread-5) 0.085ms
[1.852s][info][gc          ] Allocation Stall (pool-1-thread-4) 0.085ms
[1.852s][info][gc          ] Allocation Stall (pool-1-thread-9) 0.092ms
[1.852s][info][gc          ] Allocation Stall (pool-1-thread-3) 0.086ms
[1.852s][info][gc          ] Allocation Stall (pool-1-thread-2) 0.136ms
[1.853s][info][gc          ] Allocation Stall (pool-1-thread-8) 0.076ms
[1.853s][info][gc          ] Allocation Stall (pool-1-thread-1) 0.098ms
[1.853s][info][gc          ] Allocation Stall (pool-1-thread-9) 0.108ms
[1.853s][info][gc          ] Allocation Stall (pool-1-thread-2) 0.117ms
[1.853s][info][gc          ] Allocation Stall (pool-1-thread-5) 0.110ms
[1.853s][info][gc          ] Allocation Stall (pool-1-thread-3) 0.119ms
[1.853s][info][gc          ] Allocation Stall (pool-1-thread-4) 0.112ms
[1.853s][info][gc          ] Allocation Stall (pool-1-thread-6) 0.116ms
[1.853s][info][gc          ] Allocation Stall (pool-1-thread-9) 0.115ms
[1.853s][info][gc          ] Allocation Stall (pool-1-thread-3) 0.120ms
[1.853s][info][gc          ] Allocation Stall (pool-1-thread-2) 0.110ms
[1.853s][info][gc          ] Allocation Stall (pool-1-thread-4) 0.119ms
[1.853s][info][gc          ] Allocation Stall (pool-1-thread-8) 0.114ms
[1.853s][info][gc          ] Allocation Stall (pool-1-thread-7) 0.139ms
[1.853s][info][gc          ] Allocation Stall (pool-1-thread-1) 0.160ms
[1.853s][info][gc          ] Allocation Stall (pool-1-thread-6) 0.163ms
[1.853s][info][gc          ] Allocation Stall (pool-1-thread-9) 0.114ms
[1.853s][info][gc          ] Allocation Stall (pool-1-thread-8) 0.109ms
[1.853s][info][gc          ] Allocation Stall (pool-1-thread-1) 0.102ms
[1.853s][info][gc          ] Allocation Stall (pool-1-thread-7) 0.107ms
[1.853s][info][gc          ] Allocation Stall (pool-1-thread-2) 0.093ms
[1.853s][info][gc          ] Allocation Stall (pool-1-thread-3) 0.088ms
[1.853s][info][gc          ] Allocation Stall (pool-1-thread-4) 0.101ms
[1.853s][info][gc          ] Allocation Stall (pool-1-thread-5) 0.099ms
[1.853s][info][gc          ] Allocation Stall (pool-1-thread-6) 0.075ms
[1.854s][info][gc          ] Allocation Stall (pool-1-thread-7) 0.028ms
[1.854s][info][gc          ] Allocation Stall (pool-1-thread-7) 0.079ms
[1.854s][info][gc          ] Allocation Stall (pool-1-thread-5) 0.117ms
[1.854s][info][gc          ] Allocation Stall (pool-1-thread-4) 0.124ms
[1.854s][info][gc          ] Allocation Stall (pool-1-thread-8) 0.115ms
[1.854s][info][gc          ] Allocation Stall (pool-1-thread-9) 0.121ms
[1.854s][info][gc          ] Allocation Stall (pool-1-thread-1) 0.236ms
[1.854s][info][gc          ] Allocation Stall (pool-1-thread-3) 0.283ms
[1.854s][info][gc          ] Allocation Stall (pool-1-thread-6) 0.293ms
[1.854s][info][gc          ] Allocation Stall (pool-1-thread-2) 0.296ms
[1.854s][info][gc          ] Allocation Stall (pool-1-thread-8) 0.384ms
[1.854s][info][gc          ] Allocation Stall (pool-1-thread-9) 0.402ms
[1.854s][info][gc          ] Allocation Stall (pool-1-thread-4) 0.400ms
[1.854s][info][gc          ] Allocation Stall (pool-1-thread-7) 0.401ms
[1.854s][info][gc          ] Allocation Stall (pool-1-thread-5) 0.406ms
[1.854s][info][gc          ] Allocation Stall (pool-1-thread-2) 0.198ms
[1.854s][info][gc          ] Allocation Stall (pool-1-thread-3) 0.227ms
[1.854s][info][gc          ] Allocation Stall (pool-1-thread-1) 0.234ms
[1.854s][info][gc          ] Allocation Stall (pool-1-thread-6) 0.246ms
[1.855s][info][gc          ] Allocation Stall (pool-1-thread-3) 0.073ms
[1.855s][info][gc          ] Allocation Stall (pool-1-thread-6) 0.337ms
[1.855s][info][gc          ] Allocation Stall (pool-1-thread-4) 0.344ms
[1.855s][info][gc          ] Allocation Stall (pool-1-thread-2) 0.331ms
[1.855s][info][gc          ] Allocation Stall (pool-1-thread-9) 0.332ms
[1.855s][info][gc          ] Allocation Stall (pool-1-thread-5) 0.342ms
[1.855s][info][gc          ] Allocation Stall (pool-1-thread-8) 0.352ms
[1.855s][info][gc          ] Allocation Stall (pool-1-thread-1) 0.611ms
[1.855s][info][gc          ] Allocation Stall (pool-1-thread-7) 0.616ms
[1.855s][info][gc          ] Allocation Stall (pool-1-thread-3) 0.616ms
[1.855s][info][gc          ] Allocation Stall (pool-1-thread-4) 0.396ms
[1.855s][info][gc          ] Allocation Stall (pool-1-thread-6) 0.381ms
[1.855s][info][gc          ] Allocation Stall (pool-1-thread-9) 0.388ms
[1.856s][info][gc          ] Allocation Stall (pool-1-thread-8) 0.422ms
[1.856s][info][gc          ] Allocation Stall (pool-1-thread-2) 0.443ms
[1.856s][info][gc          ] Allocation Stall (pool-1-thread-5) 0.837ms
[1.856s][info][gc          ] Allocation Stall (pool-1-thread-4) 0.470ms
[1.856s][info][gc          ] Allocation Stall (pool-1-thread-3) 0.467ms
[1.856s][info][gc          ] Allocation Stall (pool-1-thread-8) 0.488ms
[1.856s][info][gc          ] Allocation Stall (pool-1-thread-7) 0.542ms
[1.856s][info][gc          ] Allocation Stall (pool-1-thread-2) 0.478ms
[1.856s][info][gc          ] Allocation Stall (pool-1-thread-6) 0.479ms
[1.856s][info][gc          ] Allocation Stall (pool-1-thread-1) 0.567ms
[1.857s][info][gc          ] Allocation Stall (pool-1-thread-9) 1.087ms
[1.857s][info][gc          ] Allocation Stall (pool-1-thread-5) 0.969ms
[1.857s][info][gc          ] Allocation Stall (pool-1-thread-3) 0.947ms
[1.857s][info][gc          ] Allocation Stall (pool-1-thread-7) 0.882ms
[1.857s][info][gc          ] Allocation Stall (pool-1-thread-8) 0.899ms
[1.857s][info][gc          ] Allocation Stall (pool-1-thread-4) 0.903ms
[1.857s][info][gc          ] Allocation Stall (pool-1-thread-6) 0.988ms
[1.858s][info][gc          ] Allocation Stall (pool-1-thread-1) 1.266ms
[1.858s][info][gc          ] Allocation Stall (pool-1-thread-2) 1.291ms
[1.858s][info][gc          ] Allocation Stall (pool-1-thread-9) 0.728ms
[1.858s][info][gc          ] Allocation Stall (pool-1-thread-3) 0.447ms
[1.858s][info][gc          ] Allocation Stall (pool-1-thread-4) 0.457ms
[1.858s][info][gc          ] Allocation Stall (pool-1-thread-5) 0.457ms
[1.858s][info][gc          ] Allocation Stall (pool-1-thread-6) 0.374ms
[1.858s][info][gc          ] Allocation Stall (pool-1-thread-7) 0.386ms
[1.858s][info][gc          ] Allocation Stall (pool-1-thread-3) 0.179ms
[1.858s][info][gc          ] Allocation Stall (pool-1-thread-9) 0.549ms
[1.858s][info][gc          ] Allocation Stall (pool-1-thread-2) 0.544ms
[1.858s][info][gc          ] Allocation Stall (pool-1-thread-5) 0.546ms
[1.858s][info][gc          ] Allocation Stall (pool-1-thread-4) 0.548ms
[1.858s][info][gc          ] Allocation Stall (pool-1-thread-6) 0.553ms
[1.859s][info][gc          ] Allocation Stall (pool-1-thread-1) 0.550ms
[1.859s][info][gc          ] Allocation Stall (pool-1-thread-7) 0.191ms
[1.859s][info][gc          ] Allocation Stall (pool-1-thread-3) 0.220ms
[1.859s][info][gc          ] Allocation Stall (pool-1-thread-9) 0.684ms
[1.860s][info][gc          ] Allocation Stall (pool-1-thread-3) 1.169ms
[1.860s][info][gc          ] Allocation Stall (pool-1-thread-7) 1.717ms
[1.860s][info][gc          ] Allocation Stall (pool-1-thread-2) 1.809ms
[1.861s][info][gc          ] Allocation Stall (pool-1-thread-6) 1.862ms
[1.861s][info][gc          ] Allocation Stall (pool-1-thread-4) 1.865ms
[1.861s][info][gc          ] Allocation Stall (pool-1-thread-5) 1.872ms
[1.861s][info][gc          ] Allocation Stall (pool-1-thread-1) 2.683ms
[1.861s][info][gc,phases   ] GC(16) Concurrent Relocate 10.629ms
[1.861s][info][gc,load     ] GC(16) Load: 0.10/0.18/0.17
[1.861s][info][gc,mmu      ] GC(16) MMU: 2ms/97.7%, 5ms/99.1%, 10ms/99.5%, 20ms/99.8%, 50ms/99.9%, 100ms/99.9%
[1.861s][info][gc,marking  ] GC(16) Mark: 4 stripe(s), 10 proactive flush(es), 1 terminate flush(es), 0 completion(s), 0 continuation(s) 
[1.861s][info][gc,marking  ] GC(16) Mark Stack Usage: 32M
[1.861s][info][gc,nmethod  ] GC(16) NMethods: 1524 registered, 201 unregistered
[1.861s][info][gc,metaspace] GC(16) Metaspace: 10M used, 10M committed, 1088M reserved
[1.861s][info][gc,ref      ] GC(16) Soft: 143 encountered, 33 discovered, 0 enqueued
[1.861s][info][gc,ref      ] GC(16) Weak: 898 encountered, 127 discovered, 0 enqueued
[1.861s][info][gc,ref      ] GC(16) Final: 0 encountered, 0 discovered, 0 enqueued
[1.861s][info][gc,ref      ] GC(16) Phantom: 3 encountered, 2 discovered, 0 enqueued
[1.861s][info][gc,reloc    ] GC(16) Small Pages: 200 / 400M, Empty: 64M, Relocated: 29M, In-Place: 12
[1.861s][info][gc,reloc    ] GC(16) Medium Pages: 0 / 0M, Empty: 0M, Relocated: 0M, In-Place: 0
[1.861s][info][gc,reloc    ] GC(16) Large Pages: 0 / 0M, Empty: 0M, Relocated: 0M, In-Place: 0
[1.861s][info][gc,reloc    ] GC(16) Forwarding Usage: 16M
[1.861s][info][gc,heap     ] GC(16) Min Capacity: 8M(2%)
[1.861s][info][gc,heap     ] GC(16) Max Capacity: 400M(100%)
[1.861s][info][gc,heap     ] GC(16) Soft Max Capacity: 400M(100%)
[1.861s][info][gc,heap     ] GC(16)                Mark Start          Mark End        Relocate Start      Relocate End           High               Low         
[1.861s][info][gc,heap     ] GC(16)  Capacity:      400M (100%)        400M (100%)        400M (100%)        400M (100%)        400M (100%)        400M (100%)   
[1.861s][info][gc,heap     ] GC(16)      Free:        0M (0%)            0M (0%)           14M (4%)            0M (0%)           64M (16%)           0M (0%)     
[1.861s][info][gc,heap     ] GC(16)      Used:      400M (100%)        400M (100%)        386M (96%)         400M (100%)        400M (100%)        336M (84%)    
[1.861s][info][gc,heap     ] GC(16)      Live:         -               213M (53%)         213M (53%)         213M (53%)            -                  -          
[1.861s][info][gc,heap     ] GC(16) Allocated:         -                 0M (0%)           50M (12%)         182M (46%)            -                  -          
[1.861s][info][gc,heap     ] GC(16)   Garbage:         -               186M (47%)         122M (31%)           4M (1%)             -                  -          
[1.861s][info][gc,heap     ] GC(16) Reclaimed:         -                  -                64M (16%)         182M (46%)            -                  -          
[1.861s][info][gc          ] GC(16) Garbage Collection (Allocation Stall) 400M(100%)->400M(100%)
[1.861s][info][gc,start    ] GC(17) Garbage Collection (Allocation Stall)
[1.861s][info][gc,ref      ] GC(17) Clearing All SoftReferences
[1.861s][info][gc,task     ] GC(17) Using 4 workers
[1.862s][info][gc,ref      ] GC(17) Clearing All SoftReferences
[1.862s][info][gc,phases   ] GC(17) Pause Mark Start 0.011ms
[1.923s][info][gc,phases   ] GC(17) Concurrent Mark 61.223ms
[1.923s][info][gc,phases   ] GC(17) Pause Mark End 0.003ms
[1.923s][info][gc,phases   ] GC(17) Concurrent Mark Free 0.000ms
[1.923s][info][gc,phases   ] GC(17) Concurrent Process Non-Strong References 0.589ms
[1.923s][info][gc,phases   ] GC(17) Concurrent Reset Relocation Set 0.003ms
[1.924s][info][gc          ] Allocation Stall (pool-1-thread-8) 65.630ms
[1.924s][info][gc          ] Allocation Stall (pool-1-thread-9) 65.058ms
[1.925s][info][gc          ] Allocation Stall (pool-1-thread-1) 62.892ms
[1.925s][info][gc          ] Allocation Stall (pool-1-thread-6) 63.870ms
[1.925s][info][gc          ] Allocation Stall (pool-1-thread-7) 63.944ms
[1.925s][info][gc          ] Allocation Stall (pool-1-thread-3) 64.517ms
[1.925s][info][gc          ] Allocation Stall (pool-1-thread-5) 63.876ms
[1.925s][info][gc          ] Allocation Stall (pool-1-thread-2) 63.870ms
[1.924s][info][gc          ] Allocation Stall (pool-1-thread-4) 63.858ms
[1.927s][info][gc,phases   ] GC(17) Concurrent Select Relocation Set 3.831ms
[1.927s][info][gc,phases   ] GC(17) Pause Relocate Start 0.004ms
[1.933s][info][gc          ] Relocation Stall (pool-1-thread-1) 0.933ms
[1.933s][info][gc          ] Relocation Stall (pool-1-thread-9) 0.576ms
[1.933s][info][gc          ] Relocation Stall (pool-1-thread-5) 0.813ms
[1.933s][info][gc          ] Allocation Stall (pool-1-thread-5) 0.119ms
[1.933s][info][gc          ] Relocation Stall (pool-1-thread-6) 0.540ms
[1.933s][info][gc          ] Allocation Stall (pool-1-thread-6) 0.357ms
[1.933s][info][gc          ] Allocation Stall (pool-1-thread-1) 0.005ms
[1.933s][info][gc          ] Relocation Stall (pool-1-thread-3) 0.593ms
[1.933s][info][gc          ] Allocation Stall (pool-1-thread-3) 0.336ms
[1.933s][info][gc          ] Relocation Stall (pool-1-thread-2) 0.736ms
[1.933s][info][gc          ] Allocation Stall (pool-1-thread-2) 0.181ms
[1.933s][info][gc          ] Relocation Stall (pool-1-thread-7) 0.482ms
[1.933s][info][gc          ] Allocation Stall (pool-1-thread-7) 0.398ms
[1.933s][info][gc          ] Relocation Stall (pool-1-thread-4) 0.798ms
[1.933s][info][gc          ] Allocation Stall (pool-1-thread-4) 0.120ms
[1.933s][info][gc          ] Allocation Stall (pool-1-thread-9) 0.323ms
[1.935s][info][gc          ] Allocation Stall (pool-1-thread-3) 0.190ms
[1.935s][info][gc          ] Allocation Stall (pool-1-thread-1) 0.439ms
[1.935s][info][gc          ] Allocation Stall (pool-1-thread-9) 0.768ms
[1.936s][info][gc          ] Allocation Stall (pool-1-thread-5) 0.969ms
[1.936s][info][gc          ] Allocation Stall (pool-1-thread-4) 0.999ms
[1.936s][info][gc          ] Allocation Stall (pool-1-thread-2) 1.011ms
[1.936s][info][gc          ] Allocation Stall (pool-1-thread-7) 0.955ms
[1.936s][info][gc          ] Allocation Stall (pool-1-thread-6) 0.965ms
[1.936s][info][gc          ] Allocation Stall (pool-1-thread-8) 1.029ms
[1.936s][info][gc          ] Allocation Stall (pool-1-thread-3) 1.073ms
[1.936s][info][gc          ] Allocation Stall (pool-1-thread-1) 0.779ms
[1.936s][info][gc          ] Allocation Stall (pool-1-thread-9) 0.519ms
[1.936s][info][gc          ] Allocation Stall (pool-1-thread-5) 0.312ms
[1.936s][info][gc          ] Allocation Stall (pool-1-thread-4) 0.551ms
[1.937s][info][gc          ] Allocation Stall (pool-1-thread-2) 0.721ms
[1.937s][info][gc          ] Allocation Stall (pool-1-thread-7) 0.725ms
[1.937s][info][gc          ] Allocation Stall (pool-1-thread-6) 0.568ms
[1.937s][info][gc          ] Allocation Stall (pool-1-thread-1) 0.561ms
[1.937s][info][gc          ] Allocation Stall (pool-1-thread-9) 0.714ms
[1.937s][info][gc          ] Allocation Stall (pool-1-thread-8) 0.815ms
[1.937s][info][gc          ] Allocation Stall (pool-1-thread-3) 0.801ms
[1.938s][info][gc          ] Allocation Stall (pool-1-thread-5) 1.359ms
[1.938s][info][gc          ] Allocation Stall (pool-1-thread-4) 1.514ms
[1.938s][info][gc          ] Allocation Stall (pool-1-thread-2) 1.719ms
[1.938s][info][gc          ] Allocation Stall (pool-1-thread-7) 1.745ms
[1.938s][info][gc          ] Allocation Stall (pool-1-thread-6) 1.750ms
[1.938s][info][gc          ] Allocation Stall (pool-1-thread-8) 1.388ms
[1.938s][info][gc          ] Allocation Stall (pool-1-thread-9) 1.395ms
[1.938s][info][gc          ] Allocation Stall (pool-1-thread-1) 1.352ms
[1.939s][info][gc          ] Allocation Stall (pool-1-thread-3) 1.685ms
[1.939s][info][gc          ] Allocation Stall (pool-1-thread-5) 1.329ms
[1.939s][info][gc          ] Allocation Stall (pool-1-thread-4) 1.077ms
[1.939s][info][gc          ] Allocation Stall (pool-1-thread-2) 0.824ms
[1.939s][info][gc          ] Allocation Stall (pool-1-thread-9) 0.832ms
[1.939s][info][gc          ] Allocation Stall (pool-1-thread-1) 0.971ms
[1.941s][info][gc          ] Allocation Stall (pool-1-thread-8) 2.153ms
[1.941s][info][gc,phases   ] GC(17) Concurrent Relocate 13.197ms
[1.941s][info][gc,load     ] GC(17) Load: 0.10/0.18/0.17
[1.941s][info][gc,mmu      ] GC(17) MMU: 2ms/97.7%, 5ms/99.1%, 10ms/99.5%, 20ms/99.8%, 50ms/99.9%, 100ms/99.9%
[1.941s][info][gc,marking  ] GC(17) Mark: 4 stripe(s), 4 proactive flush(es), 1 terminate flush(es), 0 completion(s), 0 continuation(s) 
[1.941s][info][gc,marking  ] GC(17) Mark Stack Usage: 32M
[1.941s][info][gc,nmethod  ] GC(17) NMethods: 1524 registered, 201 unregistered
[1.941s][info][gc,metaspace] GC(17) Metaspace: 10M used, 10M committed, 1088M reserved
[1.941s][info][gc,ref      ] GC(17) Soft: 143 encountered, 41 discovered, 0 enqueued
[1.941s][info][gc,ref      ] GC(17) Weak: 898 encountered, 193 discovered, 0 enqueued
[1.941s][info][gc,ref      ] GC(17) Final: 0 encountered, 0 discovered, 0 enqueued
[1.941s][info][gc,ref      ] GC(17) Phantom: 3 encountered, 2 discovered, 0 enqueued
[1.941s][info][gc,reloc    ] GC(17) Small Pages: 200 / 400M, Empty: 100M, Relocated: 33M, In-Place: 10
[1.941s][info][gc,reloc    ] GC(17) Medium Pages: 0 / 0M, Empty: 0M, Relocated: 0M, In-Place: 0
[1.941s][info][gc,reloc    ] GC(17) Large Pages: 0 / 0M, Empty: 0M, Relocated: 0M, In-Place: 0
[1.941s][info][gc,reloc    ] GC(17) Forwarding Usage: 18M
[1.941s][info][gc,heap     ] GC(17) Min Capacity: 8M(2%)
[1.941s][info][gc,heap     ] GC(17) Max Capacity: 400M(100%)
[1.941s][info][gc,heap     ] GC(17) Soft Max Capacity: 400M(100%)
[1.941s][info][gc,heap     ] GC(17)                Mark Start          Mark End        Relocate Start      Relocate End           High               Low         
[1.941s][info][gc,heap     ] GC(17)  Capacity:      400M (100%)        400M (100%)        400M (100%)        400M (100%)        400M (100%)        400M (100%)   
[1.941s][info][gc,heap     ] GC(17)      Free:        0M (0%)            0M (0%)           46M (12%)           0M (0%)          100M (25%)           0M (0%)     
[1.941s][info][gc,heap     ] GC(17)      Used:      400M (100%)        400M (100%)        354M (88%)         400M (100%)        400M (100%)        300M (75%)    
[1.941s][info][gc,heap     ] GC(17)      Live:         -               164M (41%)         164M (41%)         164M (41%)            -                  -          
[1.941s][info][gc,heap     ] GC(17) Allocated:         -                 0M (0%)           54M (14%)         231M (58%)            -                  -          
[1.941s][info][gc,heap     ] GC(17)   Garbage:         -               235M (59%)         135M (34%)           3M (1%)             -                  -          
[1.941s][info][gc,heap     ] GC(17) Reclaimed:         -                  -               100M (25%)         231M (58%)            -                  -          
[1.941s][info][gc          ] GC(17) Garbage Collection (Allocation Stall) 400M(100%)->400M(100%)
[1.941s][info][gc,start    ] GC(18) Garbage Collection (Allocation Stall)
[1.941s][info][gc,ref      ] GC(18) Clearing All SoftReferences
[1.941s][info][gc,task     ] GC(18) Using 4 workers
[1.941s][info][gc,ref      ] GC(18) Clearing All SoftReferences
[1.941s][info][gc,phases   ] GC(18) Pause Mark Start 0.004ms
[2.032s][info][gc,phases   ] GC(18) Concurrent Mark 91.491ms
[2.032s][info][gc,phases   ] GC(18) Pause Mark End 0.012ms
[2.032s][info][gc,phases   ] GC(18) Concurrent Mark Free 0.001ms
[2.033s][info][gc,phases   ] GC(18) Concurrent Process Non-Strong References 0.661ms
[2.033s][info][gc,phases   ] GC(18) Concurrent Reset Relocation Set 0.006ms
[2.033s][info][gc          ] Allocation Stall (pool-1-thread-7) 94.995ms
[2.033s][info][gc          ] Allocation Stall (pool-1-thread-6) 95.009ms
[2.033s][info][gc          ] Allocation Stall (pool-1-thread-9) 94.117ms
[2.033s][info][gc          ] Allocation Stall (pool-1-thread-8) 92.758ms
[2.033s][info][gc          ] Allocation Stall (pool-1-thread-3) 94.133ms
[2.033s][info][gc          ] Allocation Stall (pool-1-thread-2) 94.142ms
[2.033s][info][gc          ] Allocation Stall (pool-1-thread-1) 93.782ms
[2.034s][info][gc          ] Allocation Stall (pool-1-thread-5) 94.163ms
[2.034s][info][gc          ] Allocation Stall (pool-1-thread-4) 94.156ms
[2.035s][info][gc,phases   ] GC(18) Concurrent Select Relocation Set 2.202ms
[2.035s][info][gc,phases   ] GC(18) Pause Relocate Start 0.022ms
[2.038s][info][gc          ] Allocation Stall (pool-1-thread-1) 0.114ms
[2.038s][info][gc          ] Allocation Stall (pool-1-thread-3) 0.139ms
[2.038s][info][gc          ] Allocation Stall (pool-1-thread-2) 0.140ms
[2.038s][info][gc          ] Allocation Stall (pool-1-thread-5) 0.147ms
[2.038s][info][gc          ] Allocation Stall (pool-1-thread-8) 0.156ms
[2.038s][info][gc          ] Allocation Stall (pool-1-thread-4) 0.199ms
[2.038s][info][gc          ] Allocation Stall (pool-1-thread-6) 0.162ms
[2.038s][info][gc          ] Allocation Stall (pool-1-thread-2) 0.088ms
[2.038s][info][gc          ] Allocation Stall (pool-1-thread-1) 0.039ms
[2.038s][info][gc          ] Allocation Stall (pool-1-thread-3) 0.095ms
[2.039s][info][gc          ] Allocation Stall (pool-1-thread-6) 0.146ms
[2.039s][info][gc          ] Allocation Stall (pool-1-thread-1) 0.147ms
[2.039s][info][gc          ] Allocation Stall (pool-1-thread-2) 0.152ms
[2.039s][info][gc          ] Allocation Stall (pool-1-thread-4) 0.164ms
[2.039s][info][gc          ] Allocation Stall (pool-1-thread-5) 0.052ms
[2.039s][info][gc          ] Allocation Stall (pool-1-thread-1) 0.073ms
[2.039s][info][gc          ] Allocation Stall (pool-1-thread-5) 0.182ms
[2.039s][info][gc          ] Allocation Stall (pool-1-thread-3) 0.173ms
[2.039s][info][gc          ] Allocation Stall (pool-1-thread-6) 0.174ms
[2.039s][info][gc          ] Allocation Stall (pool-1-thread-2) 0.185ms
[2.039s][info][gc          ] Allocation Stall (pool-1-thread-4) 0.185ms
[2.039s][info][gc          ] Allocation Stall (pool-1-thread-6) 0.090ms
[2.039s][info][gc          ] Allocation Stall (pool-1-thread-4) 0.244ms
[2.039s][info][gc          ] Allocation Stall (pool-1-thread-1) 0.276ms
[2.039s][info][gc          ] Allocation Stall (pool-1-thread-3) 0.276ms
[2.039s][info][gc          ] Allocation Stall (pool-1-thread-5) 0.277ms
[2.039s][info][gc          ] Allocation Stall (pool-1-thread-2) 0.308ms
[2.040s][info][gc          ] Allocation Stall (pool-1-thread-6) 0.231ms
[2.040s][info][gc          ] Allocation Stall (pool-1-thread-3) 0.071ms
[2.040s][info][gc          ] Allocation Stall (pool-1-thread-1) 0.073ms
[2.040s][info][gc          ] Allocation Stall (pool-1-thread-5) 0.079ms
[2.040s][info][gc          ] Allocation Stall (pool-1-thread-4) 0.084ms
[2.040s][info][gc          ] Allocation Stall (pool-1-thread-4) 0.092ms
[2.040s][info][gc          ] Allocation Stall (pool-1-thread-2) 0.110ms
[2.040s][info][gc          ] Allocation Stall (pool-1-thread-3) 0.122ms
[2.040s][info][gc          ] Allocation Stall (pool-1-thread-1) 0.106ms
[2.040s][info][gc          ] Allocation Stall (pool-1-thread-6) 0.118ms
[2.040s][info][gc          ] Allocation Stall (pool-1-thread-5) 0.194ms
[2.040s][info][gc          ] Allocation Stall (pool-1-thread-3) 0.099ms
[2.041s][info][gc          ] Allocation Stall (pool-1-thread-3) 0.025ms
[2.041s][info][gc          ] Allocation Stall (pool-1-thread-2) 0.023ms
[2.041s][info][gc          ] Allocation Stall (pool-1-thread-1) 0.040ms
[2.041s][info][gc          ] Allocation Stall (pool-1-thread-4) 0.058ms
[2.041s][info][gc          ] Allocation Stall (pool-1-thread-3) 0.097ms
[2.041s][info][gc          ] Allocation Stall (pool-1-thread-6) 0.127ms
[2.041s][info][gc          ] Allocation Stall (pool-1-thread-2) 0.253ms
[2.041s][info][gc          ] Allocation Stall (pool-1-thread-1) 0.251ms
[2.041s][info][gc          ] Allocation Stall (pool-1-thread-3) 0.161ms
[2.041s][info][gc          ] Allocation Stall (pool-1-thread-5) 0.170ms
[2.041s][info][gc          ] Allocation Stall (pool-1-thread-4) 0.166ms
[2.041s][info][gc          ] Allocation Stall (pool-1-thread-2) 0.025ms
[2.041s][info][gc          ] Allocation Stall (pool-1-thread-6) 0.024ms
[2.042s][info][gc          ] Allocation Stall (pool-1-thread-2) 0.065ms
[2.042s][info][gc          ] Allocation Stall (pool-1-thread-5) 0.082ms
[2.042s][info][gc          ] Allocation Stall (pool-1-thread-4) 0.087ms
[2.042s][info][gc          ] Allocation Stall (pool-1-thread-1) 0.092ms
[2.042s][info][gc          ] Allocation Stall (pool-1-thread-6) 0.093ms
[2.042s][info][gc          ] Allocation Stall (pool-1-thread-3) 0.099ms
[2.042s][info][gc          ] Allocation Stall (pool-1-thread-5) 0.237ms
[2.042s][info][gc          ] Allocation Stall (pool-1-thread-2) 0.389ms
[2.042s][info][gc          ] Allocation Stall (pool-1-thread-1) 0.396ms
[2.042s][info][gc          ] Relocation Stall (pool-1-thread-8) 3.812ms
[2.043s][info][gc          ] Allocation Stall (pool-1-thread-6) 0.858ms
[2.043s][info][gc          ] Allocation Stall (pool-1-thread-4) 0.957ms
[2.043s][info][gc          ] Allocation Stall (pool-1-thread-3) 0.958ms
[2.043s][info][gc          ] Allocation Stall (pool-1-thread-1) 0.541ms
[2.043s][info][gc          ] Allocation Stall (pool-1-thread-2) 0.535ms
[2.043s][info][gc          ] Allocation Stall (pool-1-thread-5) 0.786ms
[2.043s][info][gc          ] Allocation Stall (pool-1-thread-4) 0.419ms
[2.043s][info][gc          ] Allocation Stall (pool-1-thread-3) 0.313ms
[2.043s][info][gc          ] Allocation Stall (pool-1-thread-2) 0.317ms
[2.043s][info][gc          ] Allocation Stall (pool-1-thread-6) 0.321ms
[2.043s][info][gc          ] Allocation Stall (pool-1-thread-1) 0.302ms
[2.043s][info][gc          ] Allocation Stall (pool-1-thread-2) 0.042ms
[2.044s][info][gc          ] Allocation Stall (pool-1-thread-6) 0.248ms
[2.044s][info][gc          ] Allocation Stall (pool-1-thread-3) 0.348ms
[2.044s][info][gc          ] Allocation Stall (pool-1-thread-5) 0.364ms
[2.044s][info][gc          ] Allocation Stall (pool-1-thread-4) 0.367ms
[2.044s][info][gc          ] Allocation Stall (pool-1-thread-2) 0.289ms
[2.044s][info][gc          ] Allocation Stall (pool-1-thread-1) 0.443ms
[2.044s][info][gc          ] Allocation Stall (pool-1-thread-2) 0.171ms
[2.044s][info][gc          ] Allocation Stall (pool-1-thread-4) 0.406ms
[2.044s][info][gc          ] Allocation Stall (pool-1-thread-5) 0.382ms
[2.044s][info][gc          ] Allocation Stall (pool-1-thread-3) 0.315ms
[2.044s][info][gc          ] Allocation Stall (pool-1-thread-6) 0.323ms
[2.044s][info][gc          ] Allocation Stall (pool-1-thread-1) 0.332ms
[2.046s][info][gc          ] Allocation Stall (pool-1-thread-5) 1.244ms
[2.046s][info][gc          ] Allocation Stall (pool-1-thread-4) 1.771ms
[2.046s][info][gc          ] Allocation Stall (pool-1-thread-6) 1.740ms
[2.046s][info][gc          ] Relocation Stall (pool-1-thread-8) 3.975ms
[2.046s][info][gc          ] Allocation Stall (pool-1-thread-2) 1.747ms
[2.046s][info][gc          ] Allocation Stall (pool-1-thread-1) 1.741ms
[2.046s][info][gc          ] Allocation Stall (pool-1-thread-3) 1.761ms
[2.046s][info][gc          ] Allocation Stall (pool-1-thread-5) 0.493ms
[2.048s][info][gc          ] Allocation Stall (pool-1-thread-1) 1.332ms
[2.048s][info][gc          ] Relocation Stall (pool-1-thread-7) 10.061ms
[2.048s][info][gc          ] Relocation Stall (pool-1-thread-9) 7.077ms
[2.048s][info][gc,phases   ] GC(18) Concurrent Relocate 12.703ms
[2.048s][info][gc,load     ] GC(18) Load: 0.10/0.18/0.17
[2.048s][info][gc,mmu      ] GC(18) MMU: 2ms/97.7%, 5ms/99.1%, 10ms/99.5%, 20ms/99.8%, 50ms/99.9%, 100ms/99.9%
[2.048s][info][gc,marking  ] GC(18) Mark: 4 stripe(s), 10 proactive flush(es), 1 terminate flush(es), 0 completion(s), 0 continuation(s) 
[2.048s][info][gc,marking  ] GC(18) Mark Stack Usage: 32M
[2.048s][info][gc,nmethod  ] GC(18) NMethods: 1524 registered, 201 unregistered
[2.048s][info][gc,metaspace] GC(18) Metaspace: 10M used, 10M committed, 1088M reserved
[2.048s][info][gc,ref      ] GC(18) Soft: 143 encountered, 49 discovered, 0 enqueued
[2.048s][info][gc,ref      ] GC(18) Weak: 898 encountered, 319 discovered, 0 enqueued
[2.048s][info][gc,ref      ] GC(18) Final: 0 encountered, 0 discovered, 0 enqueued
[2.048s][info][gc,ref      ] GC(18) Phantom: 3 encountered, 1 discovered, 0 enqueued
[2.048s][info][gc,reloc    ] GC(18) Small Pages: 200 / 400M, Empty: 48M, Relocated: 34M, In-Place: 15
[2.048s][info][gc,reloc    ] GC(18) Medium Pages: 0 / 0M, Empty: 0M, Relocated: 0M, In-Place: 0
[2.048s][info][gc,reloc    ] GC(18) Large Pages: 0 / 0M, Empty: 0M, Relocated: 0M, In-Place: 0
[2.048s][info][gc,reloc    ] GC(18) Forwarding Usage: 18M
[2.048s][info][gc,heap     ] GC(18) Min Capacity: 8M(2%)
[2.048s][info][gc,heap     ] GC(18) Max Capacity: 400M(100%)
[2.048s][info][gc,heap     ] GC(18) Soft Max Capacity: 400M(100%)
[2.048s][info][gc,heap     ] GC(18)                Mark Start          Mark End        Relocate Start      Relocate End           High               Low         
[2.048s][info][gc,heap     ] GC(18)  Capacity:      400M (100%)        400M (100%)        400M (100%)        400M (100%)        400M (100%)        400M (100%)   
[2.048s][info][gc,heap     ] GC(18)      Free:        0M (0%)            0M (0%)           10M (2%)            0M (0%)           48M (12%)           0M (0%)     
[2.048s][info][gc,heap     ] GC(18)      Used:      400M (100%)        400M (100%)        390M (98%)         400M (100%)        400M (100%)        352M (88%)    
[2.048s][info][gc,heap     ] GC(18)      Live:         -               198M (50%)         198M (50%)         198M (50%)            -                  -          
[2.048s][info][gc,heap     ] GC(18) Allocated:         -                 0M (0%)           38M (10%)         195M (49%)            -                  -          
[2.048s][info][gc,heap     ] GC(18)   Garbage:         -               201M (50%)         153M (38%)           6M (2%)             -                  -          
[2.048s][info][gc,heap     ] GC(18) Reclaimed:         -                  -                48M (12%)         195M (49%)            -                  -          
[2.048s][info][gc          ] GC(18) Garbage Collection (Allocation Stall) 400M(100%)->400M(100%)
[2.048s][info][gc,start    ] GC(19) Garbage Collection (Allocation Stall)
[2.048s][info][gc,ref      ] GC(19) Clearing All SoftReferences
[2.048s][info][gc,task     ] GC(19) Using 4 workers
[2.048s][info][gc,ref      ] GC(19) Clearing All SoftReferences
[2.048s][info][gc,phases   ] GC(19) Pause Mark Start 0.007ms
[2.118s][info][gc,phases   ] GC(19) Concurrent Mark 69.685ms
[2.118s][info][gc,phases   ] GC(19) Pause Mark End 0.006ms
[2.118s][info][gc,phases   ] GC(19) Concurrent Mark Free 0.001ms
[2.119s][info][gc,phases   ] GC(19) Concurrent Process Non-Strong References 0.593ms
[2.119s][info][gc,phases   ] GC(19) Concurrent Reset Relocation Set 0.004ms
[2.119s][info][gc          ] Allocation Stall (pool-1-thread-4) 72.835ms
[2.119s][info][gc          ] Allocation Stall (pool-1-thread-9) 44.182ms
[2.119s][info][gc          ] Allocation Stall (pool-1-thread-2) 72.852ms
[2.119s][info][gc          ] Allocation Stall (pool-1-thread-8) 67.011ms
[2.119s][info][gc          ] Allocation Stall (pool-1-thread-7) 70.684ms
[2.119s][info][gc          ] Allocation Stall (pool-1-thread-3) 72.860ms
[2.119s][info][gc          ] Allocation Stall (pool-1-thread-1) 71.283ms
[2.119s][info][gc          ] Allocation Stall (pool-1-thread-5) 72.871ms
[2.119s][info][gc          ] Allocation Stall (pool-1-thread-6) 72.860ms
[2.122s][info][gc,phases   ] GC(19) Concurrent Select Relocation Set 2.962ms
[2.122s][info][gc,phases   ] GC(19) Pause Relocate Start 0.004ms
[2.125s][info][gc          ] Allocation Stall (pool-1-thread-3) 0.163ms
[2.126s][info][gc          ] Allocation Stall (pool-1-thread-2) 0.185ms
[2.126s][info][gc          ] Allocation Stall (pool-1-thread-6) 0.193ms
[2.126s][info][gc          ] Allocation Stall (pool-1-thread-4) 0.183ms
[2.126s][info][gc          ] Allocation Stall (pool-1-thread-8) 0.181ms
[2.126s][info][gc          ] Allocation Stall (pool-1-thread-9) 0.189ms
[2.126s][info][gc          ] Allocation Stall (pool-1-thread-5) 0.195ms
[2.126s][info][gc          ] Allocation Stall (pool-1-thread-1) 0.212ms
[2.126s][info][gc          ] Allocation Stall (pool-1-thread-7) 0.156ms
[2.126s][info][gc          ] Allocation Stall (pool-1-thread-6) 0.073ms
[2.126s][info][gc          ] Allocation Stall (pool-1-thread-2) 0.389ms
[2.126s][info][gc          ] Allocation Stall (pool-1-thread-8) 0.494ms
[2.127s][info][gc          ] Allocation Stall (pool-1-thread-7) 0.803ms
[2.127s][info][gc          ] Allocation Stall (pool-1-thread-9) 0.849ms
[2.127s][info][gc          ] Allocation Stall (pool-1-thread-5) 0.854ms
[2.127s][info][gc          ] Allocation Stall (pool-1-thread-6) 0.849ms
[2.127s][info][gc          ] Allocation Stall (pool-1-thread-3) 0.857ms
[2.127s][info][gc          ] Allocation Stall (pool-1-thread-4) 1.039ms
[2.127s][info][gc          ] Allocation Stall (pool-1-thread-1) 1.131ms
[2.127s][info][gc          ] Allocation Stall (pool-1-thread-2) 0.723ms
[2.127s][info][gc          ] Allocation Stall (pool-1-thread-8) 0.602ms
[2.127s][info][gc          ] Allocation Stall (pool-1-thread-9) 0.437ms
[2.127s][info][gc          ] Allocation Stall (pool-1-thread-5) 0.376ms
[2.127s][info][gc          ] Allocation Stall (pool-1-thread-7) 0.379ms
[2.127s][info][gc          ] Allocation Stall (pool-1-thread-3) 0.393ms
[2.127s][info][gc          ] Allocation Stall (pool-1-thread-6) 0.431ms
[2.127s][info][gc          ] Allocation Stall (pool-1-thread-1) 0.256ms
[2.127s][info][gc          ] Allocation Stall (pool-1-thread-2) 0.253ms
[2.128s][info][gc          ] Allocation Stall (pool-1-thread-4) 0.522ms
[2.128s][info][gc          ] Allocation Stall (pool-1-thread-9) 0.584ms
[2.128s][info][gc          ] Allocation Stall (pool-1-thread-5) 0.626ms
[2.128s][info][gc          ] Allocation Stall (pool-1-thread-7) 0.546ms
[2.128s][info][gc          ] Allocation Stall (pool-1-thread-3) 0.568ms
[2.128s][info][gc          ] Allocation Stall (pool-1-thread-1) 0.615ms
[2.128s][info][gc          ] Allocation Stall (pool-1-thread-2) 1.038ms
[2.129s][info][gc          ] Allocation Stall (pool-1-thread-6) 1.338ms
[2.130s][info][gc          ] Allocation Stall (pool-1-thread-4) 1.826ms
[2.130s][info][gc          ] Allocation Stall (pool-1-thread-9) 1.640ms
[2.130s][info][gc          ] Allocation Stall (pool-1-thread-7) 1.630ms
[2.130s][info][gc          ] Allocation Stall (pool-1-thread-5) 1.642ms
[2.131s][info][gc          ] Allocation Stall (pool-1-thread-1) 2.381ms
[2.131s][info][gc,phases   ] GC(19) Concurrent Relocate 8.728ms
[2.131s][info][gc,load     ] GC(19) Load: 0.10/0.18/0.17
[2.131s][info][gc,mmu      ] GC(19) MMU: 2ms/97.7%, 5ms/99.1%, 10ms/99.5%, 20ms/99.8%, 50ms/99.9%, 100ms/99.9%
[2.131s][info][gc,marking  ] GC(19) Mark: 4 stripe(s), 10 proactive flush(es), 1 terminate flush(es), 0 completion(s), 0 continuation(s) 
[2.131s][info][gc,marking  ] GC(19) Mark Stack Usage: 32M
[2.131s][info][gc,nmethod  ] GC(19) NMethods: 1524 registered, 201 unregistered
[2.131s][info][gc,metaspace] GC(19) Metaspace: 10M used, 10M committed, 1088M reserved
[2.131s][info][gc,ref      ] GC(19) Soft: 143 encountered, 36 discovered, 0 enqueued
[2.131s][info][gc,ref      ] GC(19) Weak: 898 encountered, 93 discovered, 0 enqueued
[2.131s][info][gc,ref      ] GC(19) Final: 0 encountered, 0 discovered, 0 enqueued
[2.131s][info][gc,ref      ] GC(19) Phantom: 3 encountered, 2 discovered, 0 enqueued
[2.131s][info][gc,reloc    ] GC(19) Small Pages: 200 / 400M, Empty: 94M, Relocated: 20M, In-Place: 9
[2.131s][info][gc,reloc    ] GC(19) Medium Pages: 0 / 0M, Empty: 0M, Relocated: 0M, In-Place: 0
[2.131s][info][gc,reloc    ] GC(19) Large Pages: 0 / 0M, Empty: 0M, Relocated: 0M, In-Place: 0
[2.131s][info][gc,reloc    ] GC(19) Forwarding Usage: 13M
[2.131s][info][gc,heap     ] GC(19) Min Capacity: 8M(2%)
[2.131s][info][gc,heap     ] GC(19) Max Capacity: 400M(100%)
[2.131s][info][gc,heap     ] GC(19) Soft Max Capacity: 400M(100%)
[2.131s][info][gc,heap     ] GC(19)                Mark Start          Mark End        Relocate Start      Relocate End           High               Low         
[2.131s][info][gc,heap     ] GC(19)  Capacity:      400M (100%)        400M (100%)        400M (100%)        400M (100%)        400M (100%)        400M (100%)   
[2.131s][info][gc,heap     ] GC(19)      Free:        0M (0%)            0M (0%)           40M (10%)           0M (0%)           94M (24%)           0M (0%)     
[2.131s][info][gc,heap     ] GC(19)      Used:      400M (100%)        400M (100%)        360M (90%)         400M (100%)        400M (100%)        306M (76%)    
[2.131s][info][gc,heap     ] GC(19)      Live:         -               215M (54%)         215M (54%)         215M (54%)            -                  -          
[2.131s][info][gc,heap     ] GC(19) Allocated:         -                 0M (0%)           54M (14%)         175M (44%)            -                  -          
[2.131s][info][gc,heap     ] GC(19)   Garbage:         -               184M (46%)          90M (23%)           8M (2%)             -                  -          
[2.131s][info][gc,heap     ] GC(19) Reclaimed:         -                  -                94M (24%)         175M (44%)            -                  -          
[2.131s][info][gc          ] GC(19) Garbage Collection (Allocation Stall) 400M(100%)->400M(100%)
[2.131s][info][gc,start    ] GC(20) Garbage Collection (Allocation Stall)
[2.131s][info][gc,ref      ] GC(20) Clearing All SoftReferences
[2.131s][info][gc,task     ] GC(20) Using 4 workers
[2.131s][info][gc,ref      ] GC(20) Clearing All SoftReferences
[2.131s][info][gc,phases   ] GC(20) Pause Mark Start 0.017ms
[2.198s][info][gc,phases   ] GC(20) Concurrent Mark 67.239ms
[2.198s][info][gc,phases   ] GC(20) Pause Mark End 0.004ms
[2.198s][info][gc,phases   ] GC(20) Concurrent Mark Free 0.001ms
[2.199s][info][gc,phases   ] GC(20) Concurrent Process Non-Strong References 0.540ms
[2.199s][info][gc,phases   ] GC(20) Concurrent Reset Relocation Set 0.002ms
[2.199s][info][gc          ] Allocation Stall (pool-1-thread-2) 70.529ms
[2.199s][info][gc          ] Allocation Stall (pool-1-thread-7) 69.600ms
[2.199s][info][gc          ] Allocation Stall (pool-1-thread-6) 70.177ms
[2.199s][info][gc          ] Allocation Stall (pool-1-thread-3) 71.128ms
[2.199s][info][gc          ] Allocation Stall (pool-1-thread-1) 68.580ms
[2.199s][info][gc          ] Allocation Stall (pool-1-thread-9) 69.582ms
[2.199s][info][gc          ] Allocation Stall (pool-1-thread-5) 69.454ms
[2.199s][info][gc          ] Allocation Stall (pool-1-thread-4) 69.612ms
[2.199s][info][gc          ] Allocation Stall (pool-1-thread-8) 70.028ms
[2.201s][info][gc,phases   ] GC(20) Concurrent Select Relocation Set 2.490ms
[2.201s][info][gc,phases   ] GC(20) Pause Relocate Start 0.003ms
[2.211s][info][gc          ] Relocation Stall (pool-1-thread-3) 2.677ms
[2.211s][info][gc          ] Relocation Stall (pool-1-thread-6) 2.406ms
[2.211s][info][gc          ] Relocation Stall (pool-1-thread-4) 2.697ms
[2.211s][info][gc          ] Allocation Stall (pool-1-thread-4) 0.047ms
[2.211s][info][gc          ] Relocation Stall (pool-1-thread-5) 2.429ms
[2.211s][info][gc          ] Allocation Stall (pool-1-thread-5) 0.316ms
[2.211s][info][gc          ] Relocation Stall (pool-1-thread-7) 2.711ms
[2.211s][info][gc          ] Allocation Stall (pool-1-thread-7) 0.052ms
[2.211s][info][gc          ] Relocation Stall (pool-1-thread-2) 2.726ms
[2.211s][info][gc          ] Allocation Stall (pool-1-thread-2) 0.030ms
[2.211s][info][gc          ] Allocation Stall (pool-1-thread-6) 0.345ms
[2.211s][info][gc          ] Relocation Stall (pool-1-thread-1) 2.380ms
[2.211s][info][gc          ] Allocation Stall (pool-1-thread-1) 0.345ms
[2.211s][info][gc          ] Allocation Stall (pool-1-thread-3) 0.073ms
[2.211s][info][gc          ] Relocation Stall (pool-1-thread-9) 2.018ms
[2.211s][info][gc          ] Allocation Stall (pool-1-thread-9) 0.685ms
[2.212s][info][gc          ] Allocation Stall (pool-1-thread-3) 0.257ms
[2.212s][info][gc          ] Allocation Stall (pool-1-thread-8) 0.279ms
[2.212s][info][gc          ] Allocation Stall (pool-1-thread-2) 0.275ms
[2.212s][info][gc          ] Allocation Stall (pool-1-thread-7) 0.277ms
[2.212s][info][gc          ] Allocation Stall (pool-1-thread-9) 0.286ms
[2.212s][info][gc          ] Allocation Stall (pool-1-thread-5) 0.667ms
[2.213s][info][gc          ] Allocation Stall (pool-1-thread-1) 1.169ms
[2.213s][info][gc,phases   ] GC(20) Concurrent Relocate 11.645ms
[2.213s][info][gc,load     ] GC(20) Load: 0.10/0.18/0.17
[2.213s][info][gc,mmu      ] GC(20) MMU: 2ms/97.7%, 5ms/99.1%, 10ms/99.5%, 20ms/99.8%, 50ms/99.9%, 100ms/99.9%
[2.213s][info][gc,marking  ] GC(20) Mark: 4 stripe(s), 10 proactive flush(es), 1 terminate flush(es), 0 completion(s), 0 continuation(s) 
[2.213s][info][gc,marking  ] GC(20) Mark Stack Usage: 32M
[2.213s][info][gc,nmethod  ] GC(20) NMethods: 1524 registered, 201 unregistered
[2.213s][info][gc,metaspace] GC(20) Metaspace: 10M used, 10M committed, 1088M reserved
[2.213s][info][gc,ref      ] GC(20) Soft: 143 encountered, 52 discovered, 0 enqueued
[2.213s][info][gc,ref      ] GC(20) Weak: 898 encountered, 77 discovered, 0 enqueued
[2.213s][info][gc,ref      ] GC(20) Final: 0 encountered, 0 discovered, 0 enqueued
[2.213s][info][gc,ref      ] GC(20) Phantom: 3 encountered, 2 discovered, 0 enqueued
[2.213s][info][gc,reloc    ] GC(20) Small Pages: 200 / 400M, Empty: 104M, Relocated: 24M, In-Place: 1
[2.213s][info][gc,reloc    ] GC(20) Medium Pages: 0 / 0M, Empty: 0M, Relocated: 0M, In-Place: 0
[2.213s][info][gc,reloc    ] GC(20) Large Pages: 0 / 0M, Empty: 0M, Relocated: 0M, In-Place: 0
[2.213s][info][gc,reloc    ] GC(20) Forwarding Usage: 13M
[2.213s][info][gc,heap     ] GC(20) Min Capacity: 8M(2%)
[2.213s][info][gc,heap     ] GC(20) Max Capacity: 400M(100%)
[2.213s][info][gc,heap     ] GC(20) Soft Max Capacity: 400M(100%)
[2.213s][info][gc,heap     ] GC(20)                Mark Start          Mark End        Relocate Start      Relocate End           High               Low         
[2.213s][info][gc,heap     ] GC(20)  Capacity:      400M (100%)        400M (100%)        400M (100%)        400M (100%)        400M (100%)        400M (100%)   
[2.213s][info][gc,heap     ] GC(20)      Free:        0M (0%)            0M (0%)           66M (16%)           0M (0%)          104M (26%)           0M (0%)     
[2.213s][info][gc,heap     ] GC(20)      Used:      400M (100%)        400M (100%)        334M (84%)         400M (100%)        400M (100%)        296M (74%)    
[2.213s][info][gc,heap     ] GC(20)      Live:         -               152M (38%)         152M (38%)         152M (38%)            -                  -          
[2.213s][info][gc,heap     ] GC(20) Allocated:         -                 0M (0%)           38M (10%)         241M (60%)            -                  -          
[2.213s][info][gc,heap     ] GC(20)   Garbage:         -               247M (62%)         143M (36%)           5M (1%)             -                  -          
[2.213s][info][gc,heap     ] GC(20) Reclaimed:         -                  -               104M (26%)         241M (60%)            -                  -          
[2.213s][info][gc          ] GC(20) Garbage Collection (Allocation Stall) 400M(100%)->400M(100%)
[2.213s][info][gc,start    ] GC(21) Garbage Collection (Allocation Stall)
[2.213s][info][gc,ref      ] GC(21) Clearing All SoftReferences
[2.213s][info][gc,task     ] GC(21) Using 4 workers
[2.213s][info][gc,ref      ] GC(21) Clearing All SoftReferences
[2.213s][info][gc,phases   ] GC(21) Pause Mark Start 0.011ms
[2.294s][info][gc,phases   ] GC(21) Concurrent Mark 81.171ms
[2.294s][info][gc,phases   ] GC(21) Pause Mark End 0.004ms
[2.294s][info][gc,phases   ] GC(21) Concurrent Mark Free 0.000ms
[2.295s][info][gc,phases   ] GC(21) Concurrent Process Non-Strong References 0.636ms
[2.295s][info][gc,phases   ] GC(21) Concurrent Reset Relocation Set 0.006ms
[2.296s][info][gc          ] Allocation Stall (pool-1-thread-3) 83.521ms
[2.296s][info][gc          ] Allocation Stall (pool-1-thread-2) 83.483ms
[2.296s][info][gc          ] Allocation Stall (pool-1-thread-1) 82.471ms
[2.296s][info][gc          ] Allocation Stall (pool-1-thread-9) 83.476ms
[2.296s][info][gc          ] Allocation Stall (pool-1-thread-5) 83.078ms
[2.296s][info][gc          ] Allocation Stall (pool-1-thread-4) 83.873ms
[2.296s][info][gc          ] Allocation Stall (pool-1-thread-7) 83.525ms
[2.296s][info][gc          ] Allocation Stall (pool-1-thread-8) 83.516ms
[2.296s][info][gc          ] Allocation Stall (pool-1-thread-6) 83.781ms
[2.298s][info][gc,phases   ] GC(21) Concurrent Select Relocation Set 2.869ms
[2.298s][info][gc,phases   ] GC(21) Pause Relocate Start 0.006ms
[2.301s][info][gc          ] Allocation Stall (pool-1-thread-7) 0.041ms
[2.301s][info][gc          ] Allocation Stall (pool-1-thread-1) 0.242ms
[2.301s][info][gc          ] Allocation Stall (pool-1-thread-9) 0.249ms
[2.301s][info][gc          ] Allocation Stall (pool-1-thread-6) 0.259ms
[2.301s][info][gc          ] Allocation Stall (pool-1-thread-3) 0.267ms
[2.301s][info][gc          ] Allocation Stall (pool-1-thread-8) 0.279ms
[2.301s][info][gc          ] Allocation Stall (pool-1-thread-2) 0.263ms
[2.301s][info][gc          ] Allocation Stall (pool-1-thread-5) 0.145ms
[2.301s][info][gc          ] Allocation Stall (pool-1-thread-7) 0.153ms
[2.301s][info][gc          ] Allocation Stall (pool-1-thread-4) 0.162ms
[2.301s][info][gc          ] Allocation Stall (pool-1-thread-2) 0.070ms
[2.301s][info][gc          ] Allocation Stall (pool-1-thread-4) 0.062ms
[2.301s][info][gc          ] Allocation Stall (pool-1-thread-7) 0.115ms
[2.301s][info][gc          ] Allocation Stall (pool-1-thread-3) 0.126ms
[2.301s][info][gc          ] Allocation Stall (pool-1-thread-6) 0.127ms
[2.301s][info][gc          ] Allocation Stall (pool-1-thread-8) 0.138ms
[2.302s][info][gc          ] Allocation Stall (pool-1-thread-5) 0.272ms
[2.302s][info][gc          ] Allocation Stall (pool-1-thread-1) 0.254ms
[2.302s][info][gc          ] Allocation Stall (pool-1-thread-9) 0.163ms
[2.302s][info][gc          ] Allocation Stall (pool-1-thread-4) 0.094ms
[2.302s][info][gc          ] Allocation Stall (pool-1-thread-7) 0.097ms
[2.302s][info][gc          ] Allocation Stall (pool-1-thread-2) 0.087ms
[2.302s][info][gc          ] Allocation Stall (pool-1-thread-3) 0.083ms
[2.302s][info][gc          ] Allocation Stall (pool-1-thread-8) 0.060ms
[2.302s][info][gc          ] Allocation Stall (pool-1-thread-6) 0.056ms
[2.302s][info][gc          ] Allocation Stall (pool-1-thread-1) 0.190ms
[2.302s][info][gc          ] Allocation Stall (pool-1-thread-9) 0.194ms
[2.302s][info][gc          ] Allocation Stall (pool-1-thread-7) 0.189ms
[2.302s][info][gc          ] Allocation Stall (pool-1-thread-4) 0.200ms
[2.302s][info][gc          ] Allocation Stall (pool-1-thread-2) 0.207ms
[2.302s][info][gc          ] Allocation Stall (pool-1-thread-3) 0.219ms
[2.302s][info][gc          ] Allocation Stall (pool-1-thread-6) 0.366ms
[2.302s][info][gc          ] Allocation Stall (pool-1-thread-5) 0.427ms
[2.302s][info][gc          ] Allocation Stall (pool-1-thread-8) 0.430ms
[2.302s][info][gc          ] Allocation Stall (pool-1-thread-3) 0.149ms
[2.302s][info][gc          ] Allocation Stall (pool-1-thread-4) 0.159ms
[2.302s][info][gc          ] Allocation Stall (pool-1-thread-9) 0.209ms
[2.302s][info][gc          ] Allocation Stall (pool-1-thread-1) 0.210ms
[2.302s][info][gc          ] Allocation Stall (pool-1-thread-2) 0.216ms
[2.302s][info][gc          ] Allocation Stall (pool-1-thread-5) 0.097ms
[2.302s][info][gc          ] Allocation Stall (pool-1-thread-2) 0.113ms
[2.303s][info][gc          ] Allocation Stall (pool-1-thread-3) 0.112ms
[2.303s][info][gc          ] Allocation Stall (pool-1-thread-7) 0.115ms
[2.303s][info][gc          ] Allocation Stall (pool-1-thread-4) 0.118ms
[2.303s][info][gc          ] Allocation Stall (pool-1-thread-8) 0.112ms
[2.303s][info][gc          ] Allocation Stall (pool-1-thread-9) 0.109ms
[2.303s][info][gc          ] Allocation Stall (pool-1-thread-5) 0.128ms
[2.303s][info][gc          ] Allocation Stall (pool-1-thread-1) 0.117ms
[2.303s][info][gc          ] Allocation Stall (pool-1-thread-6) 0.136ms
[2.303s][info][gc          ] Allocation Stall (pool-1-thread-3) 0.031ms
[2.303s][info][gc          ] Allocation Stall (pool-1-thread-7) 0.040ms
[2.303s][info][gc          ] Allocation Stall (pool-1-thread-4) 0.039ms
[2.303s][info][gc          ] Allocation Stall (pool-1-thread-9) 0.097ms
[2.303s][info][gc          ] Allocation Stall (pool-1-thread-5) 0.097ms
[2.303s][info][gc          ] Allocation Stall (pool-1-thread-3) 0.106ms
[2.303s][info][gc          ] Allocation Stall (pool-1-thread-7) 0.217ms
[2.303s][info][gc          ] Allocation Stall (pool-1-thread-2) 0.341ms
[2.303s][info][gc          ] Allocation Stall (pool-1-thread-3) 0.254ms
[2.303s][info][gc          ] Allocation Stall (pool-1-thread-4) 0.306ms
[2.303s][info][gc          ] Allocation Stall (pool-1-thread-9) 0.306ms
[2.303s][info][gc          ] Allocation Stall (pool-1-thread-1) 0.352ms
[2.303s][info][gc          ] Allocation Stall (pool-1-thread-5) 0.359ms
[2.303s][info][gc          ] Allocation Stall (pool-1-thread-7) 0.172ms
[2.303s][info][gc          ] Allocation Stall (pool-1-thread-9) 0.041ms
[2.304s][info][gc          ] Allocation Stall (pool-1-thread-6) 0.174ms
[2.304s][info][gc          ] Allocation Stall (pool-1-thread-2) 0.109ms
[2.304s][info][gc          ] Allocation Stall (pool-1-thread-1) 0.114ms
[2.304s][info][gc          ] Allocation Stall (pool-1-thread-4) 0.122ms
[2.304s][info][gc          ] Allocation Stall (pool-1-thread-5) 0.129ms
[2.304s][info][gc          ] Allocation Stall (pool-1-thread-3) 0.159ms
[2.304s][info][gc          ] Allocation Stall (pool-1-thread-9) 0.165ms
[2.304s][info][gc          ] Allocation Stall (pool-1-thread-7) 0.189ms
[2.304s][info][gc          ] Allocation Stall (pool-1-thread-9) 0.105ms
[2.304s][info][gc          ] Allocation Stall (pool-1-thread-6) 0.112ms
[2.304s][info][gc          ] Allocation Stall (pool-1-thread-4) 0.112ms
[2.304s][info][gc          ] Allocation Stall (pool-1-thread-7) 0.114ms
[2.304s][info][gc          ] Allocation Stall (pool-1-thread-2) 0.116ms
[2.304s][info][gc          ] Allocation Stall (pool-1-thread-3) 0.115ms
[2.304s][info][gc          ] Allocation Stall (pool-1-thread-5) 0.119ms
[2.304s][info][gc          ] Allocation Stall (pool-1-thread-1) 0.159ms
[2.304s][info][gc          ] Allocation Stall (pool-1-thread-6) 0.041ms
[2.305s][info][gc          ] Allocation Stall (pool-1-thread-7) 0.263ms
[2.305s][info][gc          ] Allocation Stall (pool-1-thread-3) 0.274ms
[2.305s][info][gc          ] Allocation Stall (pool-1-thread-2) 0.272ms
[2.305s][info][gc          ] Allocation Stall (pool-1-thread-9) 0.266ms
[2.305s][info][gc          ] Allocation Stall (pool-1-thread-4) 0.272ms
[2.305s][info][gc          ] Allocation Stall (pool-1-thread-1) 0.194ms
[2.305s][info][gc          ] Allocation Stall (pool-1-thread-6) 0.167ms
[2.305s][info][gc          ] Allocation Stall (pool-1-thread-5) 0.167ms
[2.305s][info][gc          ] Allocation Stall (pool-1-thread-6) 0.035ms
[2.305s][info][gc          ] Allocation Stall (pool-1-thread-2) 0.184ms
[2.305s][info][gc          ] Allocation Stall (pool-1-thread-3) 0.202ms
[2.305s][info][gc          ] Allocation Stall (pool-1-thread-5) 0.206ms
[2.305s][info][gc          ] Allocation Stall (pool-1-thread-9) 0.211ms
[2.305s][info][gc          ] Allocation Stall (pool-1-thread-7) 0.123ms
[2.305s][info][gc          ] Allocation Stall (pool-1-thread-4) 0.123ms
[2.305s][info][gc          ] Allocation Stall (pool-1-thread-1) 0.132ms
[2.305s][info][gc          ] Allocation Stall (pool-1-thread-6) 0.141ms
[2.305s][info][gc          ] Allocation Stall (pool-1-thread-3) 0.022ms
[2.305s][info][gc          ] Allocation Stall (pool-1-thread-4) 0.137ms
[2.305s][info][gc          ] Allocation Stall (pool-1-thread-1) 0.347ms
[2.305s][info][gc          ] Allocation Stall (pool-1-thread-6) 0.363ms
[2.306s][info][gc          ] Allocation Stall (pool-1-thread-3) 0.368ms
[2.306s][info][gc          ] Allocation Stall (pool-1-thread-9) 0.379ms
[2.306s][info][gc          ] Allocation Stall (pool-1-thread-7) 0.374ms
[2.306s][info][gc          ] Allocation Stall (pool-1-thread-5) 0.385ms
[2.306s][info][gc          ] Allocation Stall (pool-1-thread-2) 0.456ms
[2.306s][info][gc          ] Allocation Stall (pool-1-thread-4) 0.454ms
[2.306s][info][gc          ] Allocation Stall (pool-1-thread-1) 0.528ms
[2.306s][info][gc          ] Relocation Stall (pool-1-thread-8) 3.288ms
[2.306s][info][gc          ] Allocation Stall (pool-1-thread-3) 0.456ms
[2.306s][info][gc          ] Allocation Stall (pool-1-thread-6) 0.373ms
[2.306s][info][gc          ] Allocation Stall (pool-1-thread-5) 0.362ms
[2.306s][info][gc          ] Allocation Stall (pool-1-thread-7) 0.369ms
[2.306s][info][gc          ] Allocation Stall (pool-1-thread-9) 0.379ms
[2.306s][info][gc          ] Allocation Stall (pool-1-thread-2) 0.364ms
[2.307s][info][gc          ] Allocation Stall (pool-1-thread-4) 0.566ms
[2.307s][info][gc          ] Relocation Stall (pool-1-thread-8) 0.652ms
[2.307s][info][gc          ] Allocation Stall (pool-1-thread-7) 0.739ms
[2.307s][info][gc          ] Allocation Stall (pool-1-thread-6) 1.192ms
[2.308s][info][gc          ] Relocation Stall (pool-1-thread-8) 0.550ms
[2.309s][info][gc          ] Relocation Stall (pool-1-thread-8) 0.439ms
[2.309s][info][gc          ] Allocation Stall (pool-1-thread-5) 2.342ms
[2.309s][info][gc,phases   ] GC(21) Concurrent Relocate 10.924ms
[2.309s][info][gc,load     ] GC(21) Load: 0.10/0.18/0.17
[2.309s][info][gc,mmu      ] GC(21) MMU: 2ms/97.7%, 5ms/99.1%, 10ms/99.5%, 20ms/99.8%, 50ms/99.9%, 100ms/99.9%
[2.309s][info][gc,marking  ] GC(21) Mark: 4 stripe(s), 10 proactive flush(es), 1 terminate flush(es), 0 completion(s), 0 continuation(s) 
[2.309s][info][gc,marking  ] GC(21) Mark Stack Usage: 32M
[2.309s][info][gc,nmethod  ] GC(21) NMethods: 1524 registered, 201 unregistered
[2.309s][info][gc,metaspace] GC(21) Metaspace: 10M used, 10M committed, 1088M reserved
[2.309s][info][gc,ref      ] GC(21) Soft: 143 encountered, 30 discovered, 0 enqueued
[2.309s][info][gc,ref      ] GC(21) Weak: 898 encountered, 99 discovered, 0 enqueued
[2.309s][info][gc,ref      ] GC(21) Final: 0 encountered, 0 discovered, 0 enqueued
[2.309s][info][gc,ref      ] GC(21) Phantom: 3 encountered, 1 discovered, 0 enqueued
[2.309s][info][gc,reloc    ] GC(21) Small Pages: 200 / 400M, Empty: 72M, Relocated: 27M, In-Place: 11
[2.309s][info][gc,reloc    ] GC(21) Medium Pages: 0 / 0M, Empty: 0M, Relocated: 0M, In-Place: 0
[2.309s][info][gc,reloc    ] GC(21) Large Pages: 0 / 0M, Empty: 0M, Relocated: 0M, In-Place: 0
[2.309s][info][gc,reloc    ] GC(21) Forwarding Usage: 15M
[2.309s][info][gc,heap     ] GC(21) Min Capacity: 8M(2%)
[2.309s][info][gc,heap     ] GC(21) Max Capacity: 400M(100%)
[2.309s][info][gc,heap     ] GC(21) Soft Max Capacity: 400M(100%)
[2.309s][info][gc,heap     ] GC(21)                Mark Start          Mark End        Relocate Start      Relocate End           High               Low         
[2.309s][info][gc,heap     ] GC(21)  Capacity:      400M (100%)        400M (100%)        400M (100%)        400M (100%)        400M (100%)        400M (100%)   
[2.309s][info][gc,heap     ] GC(21)      Free:        0M (0%)            0M (0%)           24M (6%)            0M (0%)           72M (18%)           0M (0%)     
[2.309s][info][gc,heap     ] GC(21)      Used:      400M (100%)        400M (100%)        376M (94%)         400M (100%)        400M (100%)        328M (82%)    
[2.309s][info][gc,heap     ] GC(21)      Live:         -               178M (45%)         178M (45%)         178M (45%)            -                  -          
[2.309s][info][gc,heap     ] GC(21) Allocated:         -                 0M (0%)           48M (12%)         213M (53%)            -                  -          
[2.309s][info][gc,heap     ] GC(21)   Garbage:         -               221M (55%)         149M (37%)           7M (2%)             -                  -          
[2.309s][info][gc,heap     ] GC(21) Reclaimed:         -                  -                72M (18%)         213M (53%)            -                  -          
[2.309s][info][gc          ] GC(21) Garbage Collection (Allocation Stall) 400M(100%)->400M(100%)
[2.309s][info][gc,start    ] GC(22) Garbage Collection (Allocation Stall)
[2.309s][info][gc,ref      ] GC(22) Clearing All SoftReferences
[2.309s][info][gc,task     ] GC(22) Using 4 workers
[2.309s][info][gc,ref      ] GC(22) Clearing All SoftReferences
[2.309s][info][gc,phases   ] GC(22) Pause Mark Start 0.009ms
[2.389s][info][gc,phases   ] GC(22) Concurrent Mark 79.510ms
[2.389s][info][gc,phases   ] GC(22) Pause Mark End 0.004ms
[2.389s][info][gc,phases   ] GC(22) Concurrent Mark Free 0.000ms
[2.389s][info][gc,phases   ] GC(22) Concurrent Process Non-Strong References 0.563ms
[2.389s][info][gc,phases   ] GC(22) Concurrent Reset Relocation Set 0.007ms
[2.390s][info][gc          ] Allocation Stall (pool-1-thread-9) 83.984ms
[2.390s][info][gc          ] Allocation Stall (pool-1-thread-1) 83.972ms
[2.390s][info][gc          ] Allocation Stall (pool-1-thread-8) 77.391ms
[2.390s][info][gc          ] Allocation Stall (pool-1-thread-3) 83.991ms
[2.390s][info][gc          ] Allocation Stall (pool-1-thread-2) 83.968ms
[2.390s][info][gc          ] Allocation Stall (pool-1-thread-4) 83.499ms
[2.390s][info][gc          ] Allocation Stall (pool-1-thread-7) 83.061ms
[2.390s][info][gc          ] Allocation Stall (pool-1-thread-6) 82.775ms
[2.390s][info][gc          ] Allocation Stall (pool-1-thread-5) 81.363ms
[2.392s][info][gc,phases   ] GC(22) Concurrent Select Relocation Set 2.808ms
[2.392s][info][gc,phases   ] GC(22) Pause Relocate Start 0.001ms
[2.396s][info][gc          ] Relocation Stall (pool-1-thread-2) 3.777ms
[2.396s][info][gc          ] Relocation Stall (pool-1-thread-9) 3.695ms
[2.396s][info][gc          ] Relocation Stall (pool-1-thread-6) 3.573ms
[2.396s][info][gc          ] Allocation Stall (pool-1-thread-9) 4.818ms
[2.396s][info][gc          ] Relocation Stall (pool-1-thread-8) 3.815ms
[2.396s][info][gc          ] Relocation Stall (pool-1-thread-4) 3.784ms
[2.396s][info][gc          ] Allocation Stall (pool-1-thread-2) 4.822ms
[2.396s][info][gc          ] Relocation Stall (pool-1-thread-3) 3.976ms
[2.396s][info][gc          ] Relocation Stall (pool-1-thread-7) 3.566ms
[2.396s][info][gc          ] Relocation Stall (pool-1-thread-5) 3.598ms
[2.396s][info][gc          ] Allocation Stall (pool-1-thread-7) 4.721ms
[2.396s][info][gc          ] Allocation Stall (pool-1-thread-5) 4.878ms
[2.396s][info][gc          ] Allocation Stall (pool-1-thread-8) 4.890ms
[2.396s][info][gc          ] Allocation Stall (pool-1-thread-4) 4.892ms
[2.396s][info][gc          ] Allocation Stall (pool-1-thread-3) 4.919ms
[2.396s][info][gc          ] Relocation Stall (pool-1-thread-1) 3.780ms
[2.396s][info][gc          ] Allocation Stall (pool-1-thread-1) 4.990ms
[2.396s][info][gc          ] Allocation Stall (pool-1-thread-6) 4.758ms
[2.403s][info][gc          ] Allocation Stall (pool-1-thread-4) 0.061ms
[2.404s][info][gc          ] Allocation Stall (pool-1-thread-3) 0.332ms
[2.405s][info][gc          ] Allocation Stall (pool-1-thread-7) 1.230ms
[2.405s][info][gc          ] Allocation Stall (pool-1-thread-5) 1.375ms
[2.405s][info][gc          ] Relocation Stall (pool-1-thread-9) 0.638ms
[2.405s][info][gc          ] Allocation Stall (pool-1-thread-1) 1.396ms
[2.405s][info][gc          ] Allocation Stall (pool-1-thread-6) 1.396ms
[2.405s][info][gc          ] Allocation Stall (pool-1-thread-2) 1.219ms
[2.405s][info][gc,phases   ] GC(22) Concurrent Relocate 13.196ms
[2.405s][info][gc,load     ] GC(22) Load: 0.10/0.18/0.17
[2.405s][info][gc,mmu      ] GC(22) MMU: 2ms/97.7%, 5ms/99.1%, 10ms/99.5%, 20ms/99.8%, 50ms/99.9%, 100ms/99.9%
[2.405s][info][gc,marking  ] GC(22) Mark: 4 stripe(s), 10 proactive flush(es), 1 terminate flush(es), 0 completion(s), 0 continuation(s) 
[2.405s][info][gc,marking  ] GC(22) Mark Stack Usage: 32M
[2.405s][info][gc,nmethod  ] GC(22) NMethods: 1524 registered, 201 unregistered
[2.405s][info][gc,metaspace] GC(22) Metaspace: 10M used, 10M committed, 1088M reserved
[2.405s][info][gc,ref      ] GC(22) Soft: 143 encountered, 40 discovered, 0 enqueued
[2.405s][info][gc,ref      ] GC(22) Weak: 898 encountered, 1 discovered, 0 enqueued
[2.405s][info][gc,ref      ] GC(22) Final: 0 encountered, 0 discovered, 0 enqueued
[2.405s][info][gc,ref      ] GC(22) Phantom: 3 encountered, 1 discovered, 0 enqueued
[2.405s][info][gc,reloc    ] GC(22) Small Pages: 200 / 400M, Empty: 22M, Relocated: 38M, In-Place: 6
[2.405s][info][gc,reloc    ] GC(22) Medium Pages: 0 / 0M, Empty: 0M, Relocated: 0M, In-Place: 0
[2.405s][info][gc,reloc    ] GC(22) Large Pages: 0 / 0M, Empty: 0M, Relocated: 0M, In-Place: 0
[2.405s][info][gc,reloc    ] GC(22) Forwarding Usage: 21M
[2.405s][info][gc,heap     ] GC(22) Min Capacity: 8M(2%)
[2.405s][info][gc,heap     ] GC(22) Max Capacity: 400M(100%)
[2.405s][info][gc,heap     ] GC(22) Soft Max Capacity: 400M(100%)
[2.405s][info][gc,heap     ] GC(22)                Mark Start          Mark End        Relocate Start      Relocate End           High               Low         
[2.405s][info][gc,heap     ] GC(22)  Capacity:      400M (100%)        400M (100%)        400M (100%)        400M (100%)        400M (100%)        400M (100%)   
[2.405s][info][gc,heap     ] GC(22)      Free:        0M (0%)            0M (0%)            0M (0%)            0M (0%)          120M (30%)           0M (0%)     
[2.405s][info][gc,heap     ] GC(22)      Used:      400M (100%)        400M (100%)        400M (100%)        400M (100%)        400M (100%)        280M (70%)    
[2.405s][info][gc,heap     ] GC(22)      Live:         -               210M (53%)         210M (53%)         210M (53%)            -                  -          
[2.405s][info][gc,heap     ] GC(22) Allocated:         -                 0M (0%)           22M (6%)          182M (46%)            -                  -          
[2.405s][info][gc,heap     ] GC(22)   Garbage:         -               189M (47%)         167M (42%)           7M (2%)             -                  -          
[2.405s][info][gc,heap     ] GC(22) Reclaimed:         -                  -                22M (6%)          182M (46%)            -                  -          
[2.405s][info][gc          ] GC(22) Garbage Collection (Allocation Stall) 400M(100%)->400M(100%)
[2.405s][info][gc,start    ] GC(23) Garbage Collection (Allocation Stall)
[2.405s][info][gc,ref      ] GC(23) Clearing All SoftReferences
[2.405s][info][gc,task     ] GC(23) Using 4 workers
[2.406s][info][gc,ref      ] GC(23) Clearing All SoftReferences
[2.406s][info][gc,phases   ] GC(23) Pause Mark Start 0.011ms
[2.506s][info][gc,phases   ] GC(23) Concurrent Mark 100.399ms
[2.506s][info][gc,phases   ] GC(23) Pause Mark End 0.004ms
[2.506s][info][gc,phases   ] GC(23) Concurrent Mark Free 0.001ms
[2.507s][info][gc,phases   ] GC(23) Concurrent Process Non-Strong References 0.588ms
[2.507s][info][gc,phases   ] GC(23) Concurrent Reset Relocation Set 0.005ms
[2.507s][info][gc          ] Allocation Stall (pool-1-thread-5) 101.845ms
[2.507s][info][gc          ] Allocation Stall (pool-1-thread-8) 102.261ms
[2.507s][info][gc          ] Allocation Stall (pool-1-thread-9) 84.530ms
[2.507s][info][gc          ] Allocation Stall (pool-1-thread-1) 101.763ms
[2.507s][info][gc          ] Allocation Stall (pool-1-thread-6) 101.756ms
[2.507s][info][gc          ] Allocation Stall (pool-1-thread-3) 102.639ms
[2.507s][info][gc          ] Allocation Stall (pool-1-thread-4) 103.071ms
[2.507s][info][gc          ] Allocation Stall (pool-1-thread-7) 101.753ms
[2.507s][info][gc          ] Allocation Stall (pool-1-thread-2) 101.753ms
[2.510s][info][gc,phases   ] GC(23) Concurrent Select Relocation Set 2.950ms
[2.510s][info][gc,phases   ] GC(23) Pause Relocate Start 0.002ms
[2.515s][info][gc          ] Allocation Stall (pool-1-thread-5) 0.310ms
[2.516s][info][gc          ] Allocation Stall (pool-1-thread-1) 1.557ms
[2.518s][info][gc,phases   ] GC(23) Concurrent Relocate 7.925ms
[2.518s][info][gc          ] Allocation Stall (pool-1-thread-4) 2.928ms
[2.518s][info][gc,load     ] GC(23) Load: 0.10/0.18/0.17
[2.518s][info][gc,mmu      ] GC(23) MMU: 2ms/97.7%, 5ms/99.1%, 10ms/99.5%, 20ms/99.8%, 50ms/99.9%, 100ms/99.9%
[2.518s][info][gc,marking  ] GC(23) Mark: 4 stripe(s), 10 proactive flush(es), 1 terminate flush(es), 0 completion(s), 0 continuation(s) 
[2.518s][info][gc,marking  ] GC(23) Mark Stack Usage: 32M
[2.518s][info][gc,nmethod  ] GC(23) NMethods: 1524 registered, 201 unregistered
[2.518s][info][gc,metaspace] GC(23) Metaspace: 10M used, 10M committed, 1088M reserved
[2.518s][info][gc,ref      ] GC(23) Soft: 143 encountered, 36 discovered, 0 enqueued
[2.518s][info][gc,ref      ] GC(23) Weak: 898 encountered, 56 discovered, 0 enqueued
[2.518s][info][gc,ref      ] GC(23) Final: 0 encountered, 0 discovered, 0 enqueued
[2.518s][info][gc,ref      ] GC(23) Phantom: 3 encountered, 0 discovered, 0 enqueued
[2.518s][info][gc,reloc    ] GC(23) Small Pages: 200 / 400M, Empty: 164M, Relocated: 13M, In-Place: 3
[2.518s][info][gc,reloc    ] GC(23) Medium Pages: 0 / 0M, Empty: 0M, Relocated: 0M, In-Place: 0
[2.518s][info][gc,reloc    ] GC(23) Large Pages: 0 / 0M, Empty: 0M, Relocated: 0M, In-Place: 0
[2.518s][info][gc,reloc    ] GC(23) Forwarding Usage: 10M
[2.518s][info][gc,heap     ] GC(23) Min Capacity: 8M(2%)
[2.518s][info][gc,heap     ] GC(23) Max Capacity: 400M(100%)
[2.518s][info][gc,heap     ] GC(23) Soft Max Capacity: 400M(100%)
[2.518s][info][gc,heap     ] GC(23)                Mark Start          Mark End        Relocate Start      Relocate End           High               Low         
[2.518s][info][gc,heap     ] GC(23)  Capacity:      400M (100%)        400M (100%)        400M (100%)        400M (100%)        400M (100%)        400M (100%)   
[2.518s][info][gc,heap     ] GC(23)      Free:        0M (0%)            0M (0%)           96M (24%)           0M (0%)          140M (35%)           0M (0%)     
[2.518s][info][gc,heap     ] GC(23)      Used:      400M (100%)        400M (100%)        304M (76%)         400M (100%)        400M (100%)        260M (65%)    
[2.518s][info][gc,heap     ] GC(23)      Live:         -               196M (49%)         196M (49%)         196M (49%)            -                  -          
[2.518s][info][gc,heap     ] GC(23) Allocated:         -                 0M (0%)           68M (17%)         189M (47%)            -                  -          
[2.518s][info][gc,heap     ] GC(23)   Garbage:         -               203M (51%)          39M (10%)          13M (3%)             -                  -          
[2.518s][info][gc,heap     ] GC(23) Reclaimed:         -                  -               164M (41%)         189M (47%)            -                  -          
[2.518s][info][gc          ] GC(23) Garbage Collection (Allocation Stall) 400M(100%)->400M(100%)
[2.518s][info][gc,start    ] GC(24) Garbage Collection (Allocation Stall)
[2.518s][info][gc,ref      ] GC(24) Clearing All SoftReferences
[2.518s][info][gc,task     ] GC(24) Using 4 workers
[2.518s][info][gc,ref      ] GC(24) Clearing All SoftReferences
[2.518s][info][gc,phases   ] GC(24) Pause Mark Start 0.005ms
[2.598s][info][gc,phases   ] GC(24) Concurrent Mark 80.660ms
[2.598s][info][gc,phases   ] GC(24) Pause Mark End 0.004ms
[2.598s][info][gc,phases   ] GC(24) Concurrent Mark Free 0.000ms
[2.599s][info][gc,phases   ] GC(24) Concurrent Process Non-Strong References 0.530ms
[2.599s][info][gc,phases   ] GC(24) Concurrent Reset Relocation Set 0.001ms
[2.600s][info][gc          ] Allocation Stall (pool-1-thread-6) 85.127ms
[2.600s][info][gc          ] Allocation Stall (pool-1-thread-3) 85.126ms
[2.600s][info][gc          ] Allocation Stall (pool-1-thread-1) 83.365ms
[2.600s][info][gc          ] Allocation Stall (pool-1-thread-2) 85.158ms
[2.600s][info][gc          ] Allocation Stall (pool-1-thread-7) 85.150ms
[2.600s][info][gc          ] Allocation Stall (pool-1-thread-5) 84.730ms
[2.600s][info][gc          ] Allocation Stall (pool-1-thread-9) 85.145ms
[2.600s][info][gc          ] Allocation Stall (pool-1-thread-8) 83.762ms
[2.600s][info][gc          ] Allocation Stall (pool-1-thread-4) 82.074ms
[2.602s][info][gc,phases   ] GC(24) Concurrent Select Relocation Set 2.896ms
[2.602s][info][gc,phases   ] GC(24) Pause Relocate Start 0.023ms
[2.608s][info][gc          ] Allocation Stall (pool-1-thread-6) 0.050ms
[2.608s][info][gc          ] Allocation Stall (pool-1-thread-6) 0.195ms
[2.608s][info][gc          ] Allocation Stall (pool-1-thread-7) 0.214ms
[2.608s][info][gc          ] Allocation Stall (pool-1-thread-9) 0.222ms
[2.608s][info][gc          ] Allocation Stall (pool-1-thread-1) 0.223ms
[2.609s][info][gc          ] Allocation Stall (pool-1-thread-9) 0.372ms
[2.609s][info][gc          ] Allocation Stall (pool-1-thread-7) 0.392ms
[2.609s][info][gc          ] Allocation Stall (pool-1-thread-6) 0.407ms
[2.609s][info][gc          ] Allocation Stall (pool-1-thread-1) 0.421ms
[2.609s][info][gc          ] Allocation Stall (pool-1-thread-9) 0.054ms
[2.609s][info][gc          ] Allocation Stall (pool-1-thread-6) 0.058ms
[2.610s][info][gc          ] Allocation Stall (pool-1-thread-6) 0.146ms
[2.610s][info][gc          ] Allocation Stall (pool-1-thread-9) 0.226ms
[2.610s][info][gc          ] Allocation Stall (pool-1-thread-1) 0.230ms
[2.610s][info][gc          ] Allocation Stall (pool-1-thread-7) 0.248ms
[2.610s][info][gc          ] Allocation Stall (pool-1-thread-9) 0.267ms
[2.610s][info][gc          ] Allocation Stall (pool-1-thread-6) 0.388ms
[2.610s][info][gc          ] Allocation Stall (pool-1-thread-7) 0.471ms
[2.610s][info][gc          ] Allocation Stall (pool-1-thread-1) 0.481ms
[2.610s][info][gc          ] Allocation Stall (pool-1-thread-9) 0.119ms
[2.611s][info][gc          ] Allocation Stall (pool-1-thread-6) 0.425ms
[2.611s][info][gc          ] Allocation Stall (pool-1-thread-1) 0.828ms
[2.611s][info][gc          ] Allocation Stall (pool-1-thread-9) 0.824ms
[2.611s][info][gc          ] Allocation Stall (pool-1-thread-7) 0.624ms
[2.611s][info][gc          ] Allocation Stall (pool-1-thread-6) 0.234ms
[2.612s][info][gc          ] Allocation Stall (pool-1-thread-1) 0.362ms
[2.612s][info][gc          ] Relocation Stall (pool-1-thread-2) 3.751ms
[2.612s][info][gc          ] Allocation Stall (pool-1-thread-2) 0.265ms
[2.612s][info][gc          ] Allocation Stall (pool-1-thread-7) 0.455ms
[2.612s][info][gc          ] Relocation Stall (pool-1-thread-5) 3.789ms
[2.612s][info][gc          ] Allocation Stall (pool-1-thread-5) 0.247ms
[2.612s][info][gc          ] Relocation Stall (pool-1-thread-3) 3.900ms
[2.612s][info][gc          ] Allocation Stall (pool-1-thread-3) 0.167ms
[2.612s][info][gc          ] Allocation Stall (pool-1-thread-6) 0.464ms
[2.612s][info][gc          ] Allocation Stall (pool-1-thread-7) 0.027ms
[2.612s][info][gc          ] Relocation Stall (pool-1-thread-8) 2.982ms
[2.612s][info][gc          ] Relocation Stall (pool-1-thread-8) 1.365ms
[2.612s][info][gc          ] Allocation Stall (pool-1-thread-9) 0.421ms
[2.612s][info][gc          ] Relocation Stall (pool-1-thread-4) 3.552ms
[2.612s][info][gc          ] Allocation Stall (pool-1-thread-4) 0.476ms
[2.613s][info][gc          ] Allocation Stall (pool-1-thread-5) 0.164ms
[2.613s][info][gc          ] Allocation Stall (pool-1-thread-1) 0.231ms
[2.613s][info][gc          ] Allocation Stall (pool-1-thread-3) 0.251ms
[2.613s][info][gc          ] Allocation Stall (pool-1-thread-9) 0.256ms
[2.613s][info][gc          ] Allocation Stall (pool-1-thread-7) 0.727ms
[2.614s][info][gc,phases   ] GC(24) Concurrent Relocate 12.067ms
[2.614s][info][gc,load     ] GC(24) Load: 0.10/0.18/0.17
[2.614s][info][gc,mmu      ] GC(24) MMU: 2ms/97.7%, 5ms/99.1%, 10ms/99.5%, 20ms/99.8%, 50ms/99.9%, 100ms/99.9%
[2.614s][info][gc,marking  ] GC(24) Mark: 4 stripe(s), 10 proactive flush(es), 1 terminate flush(es), 0 completion(s), 0 continuation(s) 
[2.614s][info][gc,marking  ] GC(24) Mark Stack Usage: 32M
[2.614s][info][gc,nmethod  ] GC(24) NMethods: 1524 registered, 201 unregistered
[2.614s][info][gc,metaspace] GC(24) Metaspace: 10M used, 10M committed, 1088M reserved
[2.614s][info][gc,ref      ] GC(24) Soft: 143 encountered, 32 discovered, 0 enqueued
[2.614s][info][gc,ref      ] GC(24) Weak: 898 encountered, 0 discovered, 0 enqueued
[2.614s][info][gc,ref      ] GC(24) Final: 0 encountered, 0 discovered, 0 enqueued
[2.614s][info][gc,ref      ] GC(24) Phantom: 3 encountered, 2 discovered, 0 enqueued
[2.614s][info][gc,reloc    ] GC(24) Small Pages: 200 / 400M, Empty: 86M, Relocated: 27M, In-Place: 7
[2.614s][info][gc,reloc    ] GC(24) Medium Pages: 0 / 0M, Empty: 0M, Relocated: 0M, In-Place: 0
[2.614s][info][gc,reloc    ] GC(24) Large Pages: 0 / 0M, Empty: 0M, Relocated: 0M, In-Place: 0
[2.614s][info][gc,reloc    ] GC(24) Forwarding Usage: 14M
[2.614s][info][gc,heap     ] GC(24) Min Capacity: 8M(2%)
[2.614s][info][gc,heap     ] GC(24) Max Capacity: 400M(100%)
[2.614s][info][gc,heap     ] GC(24) Soft Max Capacity: 400M(100%)
[2.614s][info][gc,heap     ] GC(24)                Mark Start          Mark End        Relocate Start      Relocate End           High               Low         
[2.614s][info][gc,heap     ] GC(24)  Capacity:      400M (100%)        400M (100%)        400M (100%)        400M (100%)        400M (100%)        400M (100%)   
[2.614s][info][gc,heap     ] GC(24)      Free:        0M (0%)            0M (0%)           42M (10%)           0M (0%)           86M (22%)           0M (0%)     
[2.614s][info][gc,heap     ] GC(24)      Used:      400M (100%)        400M (100%)        358M (90%)         400M (100%)        400M (100%)        314M (78%)    
[2.614s][info][gc,heap     ] GC(24)      Live:         -               155M (39%)         155M (39%)         155M (39%)            -                  -          
[2.614s][info][gc,heap     ] GC(24) Allocated:         -                 0M (0%)           44M (11%)         237M (59%)            -                  -          
[2.614s][info][gc,heap     ] GC(24)   Garbage:         -               244M (61%)         158M (40%)           6M (2%)             -                  -          
[2.614s][info][gc,heap     ] GC(24) Reclaimed:         -                  -                86M (22%)         237M (59%)            -                  -          
[2.614s][info][gc          ] GC(24) Garbage Collection (Allocation Stall) 400M(100%)->400M(100%)
[2.614s][info][gc,start    ] GC(25) Garbage Collection (Allocation Stall)
[2.614s][info][gc,ref      ] GC(25) Clearing All SoftReferences
[2.614s][info][gc,task     ] GC(25) Using 4 workers
[2.614s][info][gc,ref      ] GC(25) Clearing All SoftReferences
[2.614s][info][gc,phases   ] GC(25) Pause Mark Start 0.009ms
[2.688s][info][gc,phases   ] GC(25) Concurrent Mark 73.954ms
[2.688s][info][gc,phases   ] GC(25) Pause Mark End 0.004ms
[2.688s][info][gc,phases   ] GC(25) Concurrent Mark Free 0.001ms
[2.689s][info][gc,phases   ] GC(25) Concurrent Process Non-Strong References 0.669ms
[2.689s][info][gc,phases   ] GC(25) Concurrent Reset Relocation Set 0.011ms
[2.690s][info][gc          ] Allocation Stall (pool-1-thread-6) 76.970ms
[2.690s][info][gc          ] Allocation Stall (pool-1-thread-2) 76.971ms
[2.690s][info][gc          ] Allocation Stall (pool-1-thread-9) 76.603ms
[2.690s][info][gc          ] Allocation Stall (pool-1-thread-7) 75.837ms
[2.690s][info][gc          ] Allocation Stall (pool-1-thread-8) 75.496ms
[2.690s][info][gc          ] Allocation Stall (pool-1-thread-5) 76.615ms
[2.690s][info][gc          ] Allocation Stall (pool-1-thread-4) 76.971ms
[2.690s][info][gc          ] Allocation Stall (pool-1-thread-3) 76.577ms
[2.690s][info][gc          ] Allocation Stall (pool-1-thread-1) 76.625ms
[2.691s][info][gc,phases   ] GC(25) Concurrent Select Relocation Set 2.219ms
[2.691s][info][gc,phases   ] GC(25) Pause Relocate Start 0.002ms
[2.698s][info][gc          ] Relocation Stall (pool-1-thread-4) 5.809ms
[2.698s][info][gc          ] Relocation Stall (pool-1-thread-6) 5.607ms
[2.698s][info][gc          ] Allocation Stall (pool-1-thread-4) 7.255ms
[2.698s][info][gc          ] Relocation Stall (pool-1-thread-1) 5.692ms
[2.698s][info][gc          ] Relocation Stall (pool-1-thread-2) 5.989ms
[2.698s][info][gc          ] Allocation Stall (pool-1-thread-2) 7.378ms
[2.698s][info][gc          ] Relocation Stall (pool-1-thread-3) 6.010ms
[2.698s][info][gc          ] Relocation Stall (pool-1-thread-8) 6.098ms
[2.698s][info][gc          ] Relocation Stall (pool-1-thread-9) 5.890ms
[2.698s][info][gc          ] Allocation Stall (pool-1-thread-6) 7.158ms
[2.698s][info][gc          ] Allocation Stall (pool-1-thread-9) 7.434ms
[2.698s][info][gc          ] Allocation Stall (pool-1-thread-1) 7.225ms
[2.698s][info][gc          ] Relocation Stall (pool-1-thread-7) 5.885ms
[2.698s][info][gc          ] Allocation Stall (pool-1-thread-3) 7.425ms
[2.698s][info][gc          ] Allocation Stall (pool-1-thread-8) 7.451ms
[2.698s][info][gc          ] Relocation Stall (pool-1-thread-5) 5.783ms
[2.698s][info][gc          ] Allocation Stall (pool-1-thread-7) 7.431ms
[2.698s][info][gc          ] Allocation Stall (pool-1-thread-5) 7.405ms
[2.706s][info][gc          ] Allocation Stall (pool-1-thread-2) 0.702ms
[2.706s][info][gc          ] Allocation Stall (pool-1-thread-7) 0.749ms
[2.706s][info][gc          ] Allocation Stall (pool-1-thread-3) 0.722ms
[2.706s][info][gc          ] Allocation Stall (pool-1-thread-4) 0.744ms
[2.706s][info][gc          ] Allocation Stall (pool-1-thread-1) 0.772ms
[2.707s][info][gc          ] Allocation Stall (pool-1-thread-5) 1.421ms
[2.707s][info][gc,phases   ] GC(25) Concurrent Relocate 16.058ms
[2.707s][info][gc,load     ] GC(25) Load: 0.10/0.18/0.17
[2.707s][info][gc,mmu      ] GC(25) MMU: 2ms/97.7%, 5ms/99.1%, 10ms/99.5%, 20ms/99.8%, 50ms/99.9%, 100ms/99.9%
[2.707s][info][gc,marking  ] GC(25) Mark: 4 stripe(s), 2 proactive flush(es), 1 terminate flush(es), 0 completion(s), 0 continuation(s) 
[2.707s][info][gc,marking  ] GC(25) Mark Stack Usage: 32M
[2.707s][info][gc,nmethod  ] GC(25) NMethods: 1524 registered, 201 unregistered
[2.707s][info][gc,metaspace] GC(25) Metaspace: 10M used, 10M committed, 1088M reserved
[2.707s][info][gc,ref      ] GC(25) Soft: 143 encountered, 42 discovered, 0 enqueued
[2.707s][info][gc,ref      ] GC(25) Weak: 898 encountered, 175 discovered, 0 enqueued
[2.707s][info][gc,ref      ] GC(25) Final: 0 encountered, 0 discovered, 0 enqueued
[2.707s][info][gc,ref      ] GC(25) Phantom: 3 encountered, 1 discovered, 0 enqueued
[2.707s][info][gc,reloc    ] GC(25) Small Pages: 200 / 400M, Empty: 14M, Relocated: 43M, In-Place: 6
[2.707s][info][gc,reloc    ] GC(25) Medium Pages: 0 / 0M, Empty: 0M, Relocated: 0M, In-Place: 0
[2.707s][info][gc,reloc    ] GC(25) Large Pages: 0 / 0M, Empty: 0M, Relocated: 0M, In-Place: 0
[2.707s][info][gc,reloc    ] GC(25) Forwarding Usage: 24M
[2.707s][info][gc,heap     ] GC(25) Min Capacity: 8M(2%)
[2.707s][info][gc,heap     ] GC(25) Max Capacity: 400M(100%)
[2.707s][info][gc,heap     ] GC(25) Soft Max Capacity: 400M(100%)
[2.707s][info][gc,heap     ] GC(25)                Mark Start          Mark End        Relocate Start      Relocate End           High               Low         
[2.707s][info][gc,heap     ] GC(25)  Capacity:      400M (100%)        400M (100%)        400M (100%)        400M (100%)        400M (100%)        400M (100%)   
[2.707s][info][gc,heap     ] GC(25)      Free:        0M (0%)            0M (0%)            0M (0%)            0M (0%)          160M (40%)           0M (0%)     
[2.707s][info][gc,heap     ] GC(25)      Used:      400M (100%)        400M (100%)        400M (100%)        400M (100%)        400M (100%)        240M (60%)    
[2.707s][info][gc,heap     ] GC(25)      Live:         -               194M (49%)         194M (49%)         194M (49%)            -                  -          
[2.707s][info][gc,heap     ] GC(25) Allocated:         -                 0M (0%)           14M (4%)          199M (50%)            -                  -          
[2.707s][info][gc,heap     ] GC(25)   Garbage:         -               205M (51%)         191M (48%)           5M (1%)             -                  -          
[2.707s][info][gc,heap     ] GC(25) Reclaimed:         -                  -                14M (4%)          199M (50%)            -                  -          
[2.707s][info][gc          ] GC(25) Garbage Collection (Allocation Stall) 400M(100%)->400M(100%)
[2.707s][info][gc,start    ] GC(26) Garbage Collection (Allocation Stall)
[2.707s][info][gc,ref      ] GC(26) Clearing All SoftReferences
[2.707s][info][gc,task     ] GC(26) Using 4 workers
[2.708s][info][gc,ref      ] GC(26) Clearing All SoftReferences
[2.708s][info][gc,phases   ] GC(26) Pause Mark Start 0.012ms
[2.787s][info][gc,phases   ] GC(26) Concurrent Mark 79.639ms
[2.787s][info][gc,phases   ] GC(26) Pause Mark End 0.004ms
[2.787s][info][gc,phases   ] GC(26) Concurrent Mark Free 0.001ms
[2.788s][info][gc,phases   ] GC(26) Concurrent Process Non-Strong References 0.614ms
[2.788s][info][gc,phases   ] GC(26) Concurrent Reset Relocation Set 0.005ms
[2.789s][info][gc          ] Allocation Stall (pool-1-thread-9) 52.322ms
[2.789s][info][gc          ] Allocation Stall (pool-1-thread-6) 83.328ms
[2.789s][info][gc          ] Allocation Stall (pool-1-thread-1) 82.418ms
[2.789s][info][gc          ] Allocation Stall (pool-1-thread-3) 82.453ms
[2.789s][info][gc          ] Allocation Stall (pool-1-thread-7) 82.559ms
[2.789s][info][gc          ] Allocation Stall (pool-1-thread-2) 82.426ms
[2.789s][info][gc          ] Allocation Stall (pool-1-thread-4) 82.440ms
[2.789s][info][gc          ] Allocation Stall (pool-1-thread-5) 81.690ms
[2.789s][info][gc          ] Allocation Stall (pool-1-thread-8) 82.249ms
[2.791s][info][gc,phases   ] GC(26) Concurrent Select Relocation Set 2.697ms
[2.791s][info][gc,phases   ] GC(26) Pause Relocate Start 0.003ms
[2.797s][info][gc          ] Allocation Stall (pool-1-thread-4) 0.378ms
[2.797s][info][gc,phases   ] GC(26) Concurrent Relocate 6.154ms
[2.797s][info][gc,load     ] GC(26) Load: 0.10/0.18/0.17
[2.797s][info][gc,mmu      ] GC(26) MMU: 2ms/97.7%, 5ms/99.1%, 10ms/99.5%, 20ms/99.8%, 50ms/99.9%, 100ms/99.9%
[2.797s][info][gc,marking  ] GC(26) Mark: 4 stripe(s), 2 proactive flush(es), 1 terminate flush(es), 0 completion(s), 0 continuation(s) 
[2.797s][info][gc,marking  ] GC(26) Mark Stack Usage: 32M
[2.797s][info][gc,nmethod  ] GC(26) NMethods: 1524 registered, 201 unregistered
[2.797s][info][gc,metaspace] GC(26) Metaspace: 10M used, 10M committed, 1088M reserved
[2.797s][info][gc,ref      ] GC(26) Soft: 143 encountered, 38 discovered, 0 enqueued
[2.797s][info][gc,ref      ] GC(26) Weak: 898 encountered, 59 discovered, 0 enqueued
[2.797s][info][gc,ref      ] GC(26) Final: 0 encountered, 0 discovered, 0 enqueued
[2.797s][info][gc,ref      ] GC(26) Phantom: 3 encountered, 2 discovered, 0 enqueued
[2.797s][info][gc,reloc    ] GC(26) Small Pages: 200 / 400M, Empty: 84M, Relocated: 6M, In-Place: 0
[2.797s][info][gc,reloc    ] GC(26) Medium Pages: 0 / 0M, Empty: 0M, Relocated: 0M, In-Place: 0
[2.797s][info][gc,reloc    ] GC(26) Large Pages: 0 / 0M, Empty: 0M, Relocated: 0M, In-Place: 0
[2.797s][info][gc,reloc    ] GC(26) Forwarding Usage: 4M
[2.797s][info][gc,heap     ] GC(26) Min Capacity: 8M(2%)
[2.797s][info][gc,heap     ] GC(26) Max Capacity: 400M(100%)
[2.797s][info][gc,heap     ] GC(26) Soft Max Capacity: 400M(100%)
[2.797s][info][gc,heap     ] GC(26)                Mark Start          Mark End        Relocate Start      Relocate End           High               Low         
[2.797s][info][gc,heap     ] GC(26)  Capacity:      400M (100%)        400M (100%)        400M (100%)        400M (100%)        400M (100%)        400M (100%)   
[2.797s][info][gc,heap     ] GC(26)      Free:        0M (0%)            0M (0%)           34M (8%)            0M (0%)          100M (25%)           0M (0%)     
[2.797s][info][gc,heap     ] GC(26)      Used:      400M (100%)        400M (100%)        366M (92%)         400M (100%)        400M (100%)        300M (75%)    
[2.797s][info][gc,heap     ] GC(26)      Live:         -               199M (50%)         199M (50%)         199M (50%)            -                  -          
[2.797s][info][gc,heap     ] GC(26) Allocated:         -                 0M (0%)           50M (12%)         194M (48%)            -                  -          
[2.797s][info][gc,heap     ] GC(26)   Garbage:         -               200M (50%)         116M (29%)           6M (2%)             -                  -          
[2.797s][info][gc,heap     ] GC(26) Reclaimed:         -                  -                84M (21%)         194M (48%)            -                  -          
[2.797s][info][gc          ] GC(26) Garbage Collection (Allocation Stall) 400M(100%)->400M(100%)
[2.797s][info][gc,start    ] GC(27) Garbage Collection (Allocation Stall)
[2.797s][info][gc,ref      ] GC(27) Clearing All SoftReferences
[2.797s][info][gc,task     ] GC(27) Using 4 workers
[2.797s][info][gc,ref      ] GC(27) Clearing All SoftReferences
[2.797s][info][gc,phases   ] GC(27) Pause Mark Start 0.010ms
[2.879s][info][gc,phases   ] GC(27) Concurrent Mark 81.910ms
[2.879s][info][gc,phases   ] GC(27) Pause Mark End 0.004ms
[2.879s][info][gc,phases   ] GC(27) Concurrent Mark Free 0.000ms
[2.880s][info][gc,phases   ] GC(27) Concurrent Process Non-Strong References 0.582ms
[2.880s][info][gc,phases   ] GC(27) Concurrent Reset Relocation Set 0.002ms
[2.880s][info][gc          ] Allocation Stall (pool-1-thread-2) 83.931ms
[2.881s][info][gc          ] Allocation Stall (pool-1-thread-7) 83.857ms
[2.880s][info][gc          ] Allocation Stall (pool-1-thread-8) 79.781ms
[2.880s][info][gc          ] Allocation Stall (pool-1-thread-4) 83.339ms
[2.880s][info][gc          ] Allocation Stall (pool-1-thread-1) 83.881ms
[2.880s][info][gc          ] Allocation Stall (pool-1-thread-6) 83.911ms
[2.881s][info][gc          ] Allocation Stall (pool-1-thread-5) 83.858ms
[2.881s][info][gc          ] Allocation Stall (pool-1-thread-9) 83.905ms
[2.880s][info][gc          ] Allocation Stall (pool-1-thread-3) 83.884ms
[2.884s][info][gc,phases   ] GC(27) Concurrent Select Relocation Set 4.240ms
[2.884s][info][gc,phases   ] GC(27) Pause Relocate Start 0.006ms
[2.885s][info][gc          ] Allocation Stall (pool-1-thread-9) 0.161ms
[2.885s][info][gc          ] Allocation Stall (pool-1-thread-5) 0.168ms
[2.885s][info][gc          ] Allocation Stall (pool-1-thread-4) 0.170ms
[2.885s][info][gc          ] Allocation Stall (pool-1-thread-6) 0.215ms
[2.885s][info][gc          ] Allocation Stall (pool-1-thread-8) 0.277ms
[2.885s][info][gc          ] Allocation Stall (pool-1-thread-7) 0.299ms
[2.886s][info][gc          ] Allocation Stall (pool-1-thread-1) 0.492ms
[2.886s][info][gc          ] Allocation Stall (pool-1-thread-3) 0.509ms
[2.886s][info][gc          ] Allocation Stall (pool-1-thread-9) 0.340ms
[2.886s][info][gc          ] Allocation Stall (pool-1-thread-4) 0.350ms
[2.886s][info][gc          ] Allocation Stall (pool-1-thread-8) 0.238ms
[2.886s][info][gc          ] Allocation Stall (pool-1-thread-5) 0.170ms
[2.886s][info][gc          ] Allocation Stall (pool-1-thread-7) 0.165ms
[2.886s][info][gc          ] Allocation Stall (pool-1-thread-6) 0.173ms
[2.886s][info][gc          ] Allocation Stall (pool-1-thread-7) 0.154ms
[2.886s][info][gc          ] Allocation Stall (pool-1-thread-5) 0.194ms
[2.886s][info][gc          ] Allocation Stall (pool-1-thread-6) 0.207ms
[2.886s][info][gc          ] Allocation Stall (pool-1-thread-4) 0.194ms
[2.886s][info][gc          ] Allocation Stall (pool-1-thread-8) 0.205ms
[2.886s][info][gc          ] Allocation Stall (pool-1-thread-1) 0.207ms
[2.886s][info][gc          ] Allocation Stall (pool-1-thread-3) 0.230ms
[2.886s][info][gc          ] Allocation Stall (pool-1-thread-9) 0.354ms
[2.886s][info][gc          ] Allocation Stall (pool-1-thread-1) 0.050ms
[2.886s][info][gc          ] Allocation Stall (pool-1-thread-4) 0.058ms
[2.886s][info][gc          ] Allocation Stall (pool-1-thread-8) 0.068ms
[2.886s][info][gc          ] Allocation Stall (pool-1-thread-5) 0.074ms
[2.887s][info][gc          ] Allocation Stall (pool-1-thread-8) 0.082ms
[2.887s][info][gc          ] Allocation Stall (pool-1-thread-9) 0.096ms
[2.887s][info][gc          ] Allocation Stall (pool-1-thread-3) 0.096ms
[2.887s][info][gc          ] Allocation Stall (pool-1-thread-6) 0.137ms
[2.887s][info][gc          ] Allocation Stall (pool-1-thread-5) 0.131ms
[2.887s][info][gc          ] Allocation Stall (pool-1-thread-1) 0.130ms
[2.887s][info][gc          ] Allocation Stall (pool-1-thread-4) 0.197ms
[2.887s][info][gc          ] Allocation Stall (pool-1-thread-8) 0.080ms
[2.887s][info][gc          ] Allocation Stall (pool-1-thread-3) 0.041ms
[2.887s][info][gc          ] Allocation Stall (pool-1-thread-6) 0.048ms
[2.887s][info][gc          ] Allocation Stall (pool-1-thread-1) 0.047ms
[2.887s][info][gc          ] Allocation Stall (pool-1-thread-5) 0.045ms
[2.887s][info][gc          ] Allocation Stall (pool-1-thread-9) 0.050ms
[2.887s][info][gc          ] Allocation Stall (pool-1-thread-7) 0.054ms
[2.887s][info][gc          ] Allocation Stall (pool-1-thread-4) 0.244ms
[2.887s][info][gc          ] Allocation Stall (pool-1-thread-3) 0.198ms
[2.887s][info][gc          ] Allocation Stall (pool-1-thread-5) 0.122ms
[2.887s][info][gc          ] Allocation Stall (pool-1-thread-9) 0.120ms
[2.887s][info][gc          ] Allocation Stall (pool-1-thread-7) 0.128ms
[2.887s][info][gc          ] Allocation Stall (pool-1-thread-1) 0.117ms
[2.887s][info][gc          ] Allocation Stall (pool-1-thread-8) 0.119ms
[2.887s][info][gc          ] Allocation Stall (pool-1-thread-6) 0.103ms
[2.888s][info][gc          ] Allocation Stall (pool-1-thread-1) 0.118ms
[2.888s][info][gc          ] Allocation Stall (pool-1-thread-8) 0.116ms
[2.888s][info][gc          ] Allocation Stall (pool-1-thread-7) 0.126ms
[2.888s][info][gc          ] Allocation Stall (pool-1-thread-4) 0.117ms
[2.888s][info][gc          ] Allocation Stall (pool-1-thread-5) 0.115ms
[2.888s][info][gc          ] Allocation Stall (pool-1-thread-6) 0.125ms
[2.888s][info][gc          ] Allocation Stall (pool-1-thread-9) 0.128ms
[2.888s][info][gc          ] Allocation Stall (pool-1-thread-3) 0.161ms
[2.888s][info][gc          ] Allocation Stall (pool-1-thread-1) 0.038ms
[2.888s][info][gc          ] Allocation Stall (pool-1-thread-8) 0.037ms
[2.888s][info][gc          ] Allocation Stall (pool-1-thread-5) 0.164ms
[2.888s][info][gc          ] Allocation Stall (pool-1-thread-8) 0.350ms
[2.888s][info][gc          ] Allocation Stall (pool-1-thread-9) 0.423ms
[2.888s][info][gc          ] Allocation Stall (pool-1-thread-7) 0.421ms
[2.888s][info][gc          ] Allocation Stall (pool-1-thread-4) 0.410ms
[2.888s][info][gc          ] Allocation Stall (pool-1-thread-1) 0.412ms
[2.888s][info][gc          ] Allocation Stall (pool-1-thread-3) 0.420ms
[2.888s][info][gc          ] Allocation Stall (pool-1-thread-6) 0.417ms
[2.888s][info][gc          ] Allocation Stall (pool-1-thread-5) 0.221ms
[2.888s][info][gc          ] Allocation Stall (pool-1-thread-7) 0.027ms
[2.888s][info][gc          ] Allocation Stall (pool-1-thread-9) 0.026ms
[2.889s][info][gc          ] Allocation Stall (pool-1-thread-1) 0.050ms
[2.889s][info][gc          ] Allocation Stall (pool-1-thread-9) 0.142ms
[2.889s][info][gc          ] Allocation Stall (pool-1-thread-7) 0.163ms
[2.889s][info][gc          ] Allocation Stall (pool-1-thread-6) 0.170ms
[2.889s][info][gc          ] Allocation Stall (pool-1-thread-3) 0.179ms
[2.889s][info][gc          ] Allocation Stall (pool-1-thread-5) 0.198ms
[2.889s][info][gc          ] Allocation Stall (pool-1-thread-1) 0.062ms
[2.889s][info][gc          ] Allocation Stall (pool-1-thread-9) 0.056ms
[2.889s][info][gc          ] Allocation Stall (pool-1-thread-7) 0.055ms
[2.889s][info][gc          ] Allocation Stall (pool-1-thread-6) 0.062ms
[2.889s][info][gc          ] Allocation Stall (pool-1-thread-9) 0.022ms
[2.889s][info][gc          ] Allocation Stall (pool-1-thread-3) 0.145ms
[2.889s][info][gc          ] Allocation Stall (pool-1-thread-7) 0.172ms
[2.889s][info][gc          ] Allocation Stall (pool-1-thread-5) 0.184ms
[2.889s][info][gc          ] Allocation Stall (pool-1-thread-9) 0.169ms
[2.889s][info][gc          ] Allocation Stall (pool-1-thread-6) 0.058ms
[2.889s][info][gc          ] Allocation Stall (pool-1-thread-9) 0.136ms
[2.889s][info][gc          ] Allocation Stall (pool-1-thread-7) 0.143ms
[2.889s][info][gc          ] Allocation Stall (pool-1-thread-1) 0.127ms
[2.890s][info][gc          ] Allocation Stall (pool-1-thread-3) 0.136ms
[2.890s][info][gc          ] Allocation Stall (pool-1-thread-9) 0.009ms
[2.890s][info][gc          ] Allocation Stall (pool-1-thread-7) 0.057ms
[2.890s][info][gc          ] Allocation Stall (pool-1-thread-4) 0.105ms
[2.890s][info][gc          ] Allocation Stall (pool-1-thread-6) 0.111ms
[2.890s][info][gc          ] Allocation Stall (pool-1-thread-9) 0.122ms
[2.890s][info][gc          ] Allocation Stall (pool-1-thread-5) 0.133ms
[2.890s][info][gc          ] Allocation Stall (pool-1-thread-1) 0.319ms
[2.890s][info][gc          ] Allocation Stall (pool-1-thread-3) 0.446ms
[2.890s][info][gc          ] Allocation Stall (pool-1-thread-7) 0.421ms
[2.890s][info][gc          ] Allocation Stall (pool-1-thread-4) 0.485ms
[2.890s][info][gc          ] Allocation Stall (pool-1-thread-9) 0.484ms
[2.891s][info][gc          ] Allocation Stall (pool-1-thread-5) 1.364ms
[2.891s][info][gc          ] Allocation Stall (pool-1-thread-6) 1.425ms
[2.891s][info][gc          ] Allocation Stall (pool-1-thread-1) 1.263ms
[2.891s][info][gc          ] Allocation Stall (pool-1-thread-9) 0.871ms
[2.892s][info][gc          ] Allocation Stall (pool-1-thread-3) 1.051ms
[2.892s][info][gc          ] Allocation Stall (pool-1-thread-7) 1.108ms
[2.892s][info][gc          ] Allocation Stall (pool-1-thread-4) 1.119ms
[2.892s][info][gc          ] Allocation Stall (pool-1-thread-8) 0.783ms
[2.892s][info][gc          ] Allocation Stall (pool-1-thread-5) 0.429ms
[2.892s][info][gc          ] Allocation Stall (pool-1-thread-1) 0.484ms
[2.892s][info][gc          ] Allocation Stall (pool-1-thread-9) 0.472ms
[2.892s][info][gc          ] Allocation Stall (pool-1-thread-6) 0.477ms
[2.892s][info][gc          ] Allocation Stall (pool-1-thread-8) 0.269ms
[2.892s][info][gc          ] Allocation Stall (pool-1-thread-4) 0.436ms
[2.892s][info][gc          ] Allocation Stall (pool-1-thread-3) 0.529ms
[2.892s][info][gc          ] Allocation Stall (pool-1-thread-7) 0.537ms
[2.893s][info][gc          ] Allocation Stall (pool-1-thread-9) 0.488ms
[2.893s][info][gc          ] Allocation Stall (pool-1-thread-5) 0.490ms
[2.893s][info][gc          ] Allocation Stall (pool-1-thread-8) 0.496ms
[2.893s][info][gc          ] Allocation Stall (pool-1-thread-1) 0.505ms
[2.893s][info][gc          ] Allocation Stall (pool-1-thread-6) 0.687ms
[2.893s][info][gc          ] Allocation Stall (pool-1-thread-7) 0.573ms
[2.893s][info][gc          ] Allocation Stall (pool-1-thread-4) 0.575ms
[2.893s][info][gc          ] Allocation Stall (pool-1-thread-3) 0.575ms
[2.894s][info][gc          ] Allocation Stall (pool-1-thread-5) 0.886ms
[2.894s][info][gc          ] Allocation Stall (pool-1-thread-9) 1.016ms
[2.894s][info][gc          ] Allocation Stall (pool-1-thread-8) 1.207ms
[2.894s][info][gc          ] Allocation Stall (pool-1-thread-1) 1.291ms
[2.894s][info][gc          ] Allocation Stall (pool-1-thread-7) 0.978ms
[2.894s][info][gc          ] Allocation Stall (pool-1-thread-6) 1.036ms
[2.894s][info][gc          ] Allocation Stall (pool-1-thread-4) 1.286ms
[2.895s][info][gc          ] Allocation Stall (pool-1-thread-3) 1.473ms
[2.895s][info][gc          ] Relocation Stall (pool-1-thread-2) 9.166ms
[2.895s][info][gc          ] Allocation Stall (pool-1-thread-2) 0.193ms
[2.895s][info][gc          ] Allocation Stall (pool-1-thread-5) 0.827ms
[2.895s][info][gc          ] Allocation Stall (pool-1-thread-9) 0.683ms
[2.895s][info][gc          ] Allocation Stall (pool-1-thread-8) 0.440ms
[2.895s][info][gc          ] Allocation Stall (pool-1-thread-1) 0.686ms
[2.895s][info][gc          ] Allocation Stall (pool-1-thread-7) 0.756ms
[2.895s][info][gc          ] Allocation Stall (pool-1-thread-6) 0.763ms
[2.895s][info][gc          ] Allocation Stall (pool-1-thread-4) 0.740ms
[2.896s][info][gc,phases   ] GC(27) Concurrent Relocate 11.935ms
[2.896s][info][gc,load     ] GC(27) Load: 0.10/0.18/0.17
[2.896s][info][gc,mmu      ] GC(27) MMU: 2ms/97.7%, 5ms/99.1%, 10ms/99.5%, 20ms/99.8%, 50ms/99.9%, 100ms/99.9%
[2.896s][info][gc,marking  ] GC(27) Mark: 4 stripe(s), 10 proactive flush(es), 1 terminate flush(es), 0 completion(s), 0 continuation(s) 
[2.896s][info][gc,marking  ] GC(27) Mark Stack Usage: 32M
[2.896s][info][gc,nmethod  ] GC(27) NMethods: 1524 registered, 201 unregistered
[2.896s][info][gc,metaspace] GC(27) Metaspace: 10M used, 10M committed, 1088M reserved
[2.896s][info][gc,ref      ] GC(27) Soft: 143 encountered, 42 discovered, 0 enqueued
[2.896s][info][gc,ref      ] GC(27) Weak: 898 encountered, 18 discovered, 0 enqueued
[2.896s][info][gc,ref      ] GC(27) Final: 0 encountered, 0 discovered, 0 enqueued
[2.896s][info][gc,ref      ] GC(27) Phantom: 3 encountered, 2 discovered, 0 enqueued
[2.896s][info][gc,reloc    ] GC(27) Small Pages: 200 / 400M, Empty: 84M, Relocated: 32M, In-Place: 15
[2.896s][info][gc,reloc    ] GC(27) Medium Pages: 0 / 0M, Empty: 0M, Relocated: 0M, In-Place: 0
[2.896s][info][gc,reloc    ] GC(27) Large Pages: 0 / 0M, Empty: 0M, Relocated: 0M, In-Place: 0
[2.896s][info][gc,reloc    ] GC(27) Forwarding Usage: 16M
[2.896s][info][gc,heap     ] GC(27) Min Capacity: 8M(2%)
[2.896s][info][gc,heap     ] GC(27) Max Capacity: 400M(100%)
[2.896s][info][gc,heap     ] GC(27) Soft Max Capacity: 400M(100%)
[2.896s][info][gc,heap     ] GC(27)                Mark Start          Mark End        Relocate Start      Relocate End           High               Low         
[2.896s][info][gc,heap     ] GC(27)  Capacity:      400M (100%)        400M (100%)        400M (100%)        400M (100%)        400M (100%)        400M (100%)   
[2.896s][info][gc,heap     ] GC(27)      Free:        0M (0%)            0M (0%)           10M (2%)            0M (0%)           84M (21%)           0M (0%)     
[2.896s][info][gc,heap     ] GC(27)      Used:      400M (100%)        400M (100%)        390M (98%)         400M (100%)        400M (100%)        316M (79%)    
[2.896s][info][gc,heap     ] GC(27)      Live:         -               159M (40%)         159M (40%)         159M (40%)            -                  -          
[2.896s][info][gc,heap     ] GC(27) Allocated:         -                 0M (0%)           74M (18%)         233M (58%)            -                  -          
[2.896s][info][gc,heap     ] GC(27)   Garbage:         -               240M (60%)         156M (39%)           6M (2%)             -                  -          
[2.896s][info][gc,heap     ] GC(27) Reclaimed:         -                  -                84M (21%)         233M (58%)            -                  -          
[2.896s][info][gc          ] GC(27) Garbage Collection (Allocation Stall) 400M(100%)->400M(100%)
[2.896s][info][gc,start    ] GC(28) Garbage Collection (Allocation Stall)
[2.896s][info][gc,ref      ] GC(28) Clearing All SoftReferences
[2.896s][info][gc,task     ] GC(28) Using 4 workers
[2.896s][info][gc,ref      ] GC(28) Clearing All SoftReferences
[2.896s][info][gc,phases   ] GC(28) Pause Mark Start 0.012ms
[2.996s][info][gc,phases   ] GC(28) Concurrent Mark 99.578ms
[2.996s][info][gc,phases   ] GC(28) Pause Mark End 0.003ms
[2.996s][info][gc,phases   ] GC(28) Concurrent Mark Free 0.000ms
[2.997s][info][gc,phases   ] GC(28) Concurrent Process Non-Strong References 0.685ms
[2.997s][info][gc,phases   ] GC(28) Concurrent Reset Relocation Set 0.006ms
[2.997s][info][gc          ] Allocation Stall (pool-1-thread-5) 102.639ms
[2.997s][info][gc          ] Allocation Stall (pool-1-thread-2) 102.647ms
[2.997s][info][gc          ] Allocation Stall (pool-1-thread-1) 102.311ms
[2.997s][info][gc          ] Allocation Stall (pool-1-thread-3) 102.659ms
[2.997s][info][gc          ] Allocation Stall (pool-1-thread-9) 102.581ms
[2.997s][info][gc          ] Allocation Stall (pool-1-thread-7) 102.300ms
[2.997s][info][gc          ] Allocation Stall (pool-1-thread-8) 102.566ms
[2.997s][info][gc          ] Allocation Stall (pool-1-thread-6) 102.097ms
[2.997s][info][gc          ] Allocation Stall (pool-1-thread-4) 101.925ms
[3.001s][info][gc,phases   ] GC(28) Concurrent Select Relocation Set 3.964ms
[3.001s][info][gc,phases   ] GC(28) Pause Relocate Start 0.003ms
[3.007s][info][gc          ] Relocation Stall (pool-1-thread-6) 6.290ms
[3.007s][info][gc          ] Relocation Stall (pool-1-thread-5) 5.887ms
[3.007s][info][gc          ] Relocation Stall (pool-1-thread-8) 6.049ms
[3.007s][info][gc          ] Allocation Stall (pool-1-thread-5) 7.528ms
[3.007s][info][gc          ] Relocation Stall (pool-1-thread-3) 6.258ms
[3.007s][info][gc          ] Relocation Stall (pool-1-thread-7) 5.869ms
[3.007s][info][gc          ] Relocation Stall (pool-1-thread-2) 6.101ms
[3.007s][info][gc          ] Allocation Stall (pool-1-thread-2) 7.691ms
[3.007s][info][gc          ] Relocation Stall (pool-1-thread-9) 6.091ms
[3.007s][info][gc          ] Allocation Stall (pool-1-thread-6) 7.673ms
[3.007s][info][gc          ] Allocation Stall (pool-1-thread-9) 7.706ms
[3.007s][info][gc          ] Allocation Stall (pool-1-thread-8) 7.598ms
[3.007s][info][gc          ] Allocation Stall (pool-1-thread-3) 7.670ms
[3.007s][info][gc          ] Allocation Stall (pool-1-thread-7) 7.530ms
[3.007s][info][gc          ] Relocation Stall (pool-1-thread-1) 6.288ms
[3.007s][info][gc          ] Relocation Stall (pool-1-thread-4) 6.063ms
[3.007s][info][gc          ] Allocation Stall (pool-1-thread-1) 7.800ms
[3.007s][info][gc          ] Allocation Stall (pool-1-thread-4) 7.737ms
[3.013s][info][gc          ] Allocation Stall (pool-1-thread-6) 0.146ms
[3.013s][info][gc          ] Allocation Stall (pool-1-thread-3) 0.437ms
[3.014s][info][gc          ] Allocation Stall (pool-1-thread-2) 0.681ms
[3.014s][info][gc          ] Allocation Stall (pool-1-thread-7) 1.019ms
[3.015s][info][gc          ] Allocation Stall (pool-1-thread-5) 1.531ms
[3.015s][info][gc          ] Allocation Stall (pool-1-thread-1) 2.017ms
[3.015s][info][gc          ] Allocation Stall (pool-1-thread-4) 2.063ms
[3.015s][info][gc          ] Allocation Stall (pool-1-thread-6) 1.906ms
[3.015s][info][gc          ] Allocation Stall (pool-1-thread-3) 1.495ms
[3.015s][info][gc          ] Allocation Stall (pool-1-thread-2) 1.356ms
[3.015s][info][gc          ] Relocation Stall (pool-1-thread-9) 2.395ms
[3.017s][info][gc          ] Allocation Stall (pool-1-thread-7) 2.464ms
[3.017s][info][gc          ] Relocation Stall (pool-1-thread-9) 1.195ms
[3.017s][info][gc          ] Allocation Stall (pool-1-thread-5) 2.160ms
[3.017s][info][gc          ] Allocation Stall (pool-1-thread-4) 1.691ms
[3.017s][info][gc          ] Allocation Stall (pool-1-thread-1) 1.668ms
[3.018s][info][gc          ] Allocation Stall (pool-1-thread-3) 2.325ms
[3.018s][info][gc          ] Relocation Stall (pool-1-thread-8) 4.705ms
[3.018s][info][gc          ] Allocation Stall (pool-1-thread-6) 2.432ms
[3.018s][info][gc          ] Allocation Stall (pool-1-thread-2) 2.142ms
[3.018s][info][gc          ] Relocation Stall (pool-1-thread-9) 1.452ms
[3.018s][info][gc,phases   ] GC(28) Concurrent Relocate 17.895ms
[3.018s][info][gc,load     ] GC(28) Load: 0.10/0.18/0.17
[3.018s][info][gc,mmu      ] GC(28) MMU: 2ms/97.7%, 5ms/99.1%, 10ms/99.5%, 20ms/99.8%, 50ms/99.9%, 100ms/99.9%
[3.018s][info][gc,marking  ] GC(28) Mark: 4 stripe(s), 10 proactive flush(es), 1 terminate flush(es), 0 completion(s), 0 continuation(s) 
[3.018s][info][gc,marking  ] GC(28) Mark Stack Usage: 32M
[3.018s][info][gc,nmethod  ] GC(28) NMethods: 1524 registered, 201 unregistered
[3.018s][info][gc,metaspace] GC(28) Metaspace: 10M used, 10M committed, 1088M reserved
[3.018s][info][gc,ref      ] GC(28) Soft: 143 encountered, 70 discovered, 0 enqueued
[3.018s][info][gc,ref      ] GC(28) Weak: 898 encountered, 30 discovered, 0 enqueued
[3.018s][info][gc,ref      ] GC(28) Final: 0 encountered, 0 discovered, 0 enqueued
[3.018s][info][gc,ref      ] GC(28) Phantom: 3 encountered, 0 discovered, 0 enqueued
[3.018s][info][gc,reloc    ] GC(28) Small Pages: 200 / 400M, Empty: 44M, Relocated: 54M, In-Place: 12
[3.018s][info][gc,reloc    ] GC(28) Medium Pages: 0 / 0M, Empty: 0M, Relocated: 0M, In-Place: 0
[3.018s][info][gc,reloc    ] GC(28) Large Pages: 0 / 0M, Empty: 0M, Relocated: 0M, In-Place: 0
[3.018s][info][gc,reloc    ] GC(28) Forwarding Usage: 31M
[3.018s][info][gc,heap     ] GC(28) Min Capacity: 8M(2%)
[3.018s][info][gc,heap     ] GC(28) Max Capacity: 400M(100%)
[3.018s][info][gc,heap     ] GC(28) Soft Max Capacity: 400M(100%)
[3.018s][info][gc,heap     ] GC(28)                Mark Start          Mark End        Relocate Start      Relocate End           High               Low         
[3.018s][info][gc,heap     ] GC(28)  Capacity:      400M (100%)        400M (100%)        400M (100%)        400M (100%)        400M (100%)        400M (100%)   
[3.019s][info][gc,heap     ] GC(28)      Free:        0M (0%)            0M (0%)            0M (0%)            0M (0%)          120M (30%)           0M (0%)     
[3.019s][info][gc,heap     ] GC(28)      Used:      400M (100%)        400M (100%)        400M (100%)        400M (100%)        400M (100%)        280M (70%)    
[3.019s][info][gc,heap     ] GC(28)      Live:         -               190M (48%)         190M (48%)         190M (48%)            -                  -          
[3.019s][info][gc,heap     ] GC(28) Allocated:         -                 0M (0%)           44M (11%)         205M (51%)            -                  -          
[3.019s][info][gc,heap     ] GC(28)   Garbage:         -               209M (52%)         165M (41%)           4M (1%)             -                  -          
[3.019s][info][gc,heap     ] GC(28) Reclaimed:         -                  -                44M (11%)         205M (51%)            -                  -          
[3.019s][info][gc          ] GC(28) Garbage Collection (Allocation Stall) 400M(100%)->400M(100%)
[3.019s][info][gc,start    ] GC(29) Garbage Collection (Allocation Stall)
[3.019s][info][gc,ref      ] GC(29) Clearing All SoftReferences
[3.019s][info][gc,task     ] GC(29) Using 4 workers
[3.019s][info][gc,ref      ] GC(29) Clearing All SoftReferences
[3.019s][info][gc,phases   ] GC(29) Pause Mark Start 0.010ms
[3.120s][info][gc,phases   ] GC(29) Concurrent Mark 100.932ms
[3.120s][info][gc,phases   ] GC(29) Pause Mark End 0.005ms
[3.120s][info][gc,phases   ] GC(29) Concurrent Mark Free 0.000ms
[3.120s][info][gc,phases   ] GC(29) Concurrent Process Non-Strong References 0.666ms
[3.120s][info][gc,phases   ] GC(29) Concurrent Reset Relocation Set 0.004ms
[3.121s][info][gc          ] Allocation Stall (pool-1-thread-4) 104.100ms
[3.121s][info][gc          ] Allocation Stall (pool-1-thread-1) 104.125ms
[3.121s][info][gc          ] Allocation Stall (pool-1-thread-9) 70.644ms
[3.121s][info][gc          ] Allocation Stall (pool-1-thread-5) 104.136ms
[3.121s][info][gc          ] Allocation Stall (pool-1-thread-6) 103.344ms
[3.121s][info][gc          ] Allocation Stall (pool-1-thread-3) 103.360ms
[3.121s][info][gc          ] Allocation Stall (pool-1-thread-7) 104.229ms
[3.121s][info][gc          ] Allocation Stall (pool-1-thread-8) 98.761ms
[3.121s][info][gc          ] Allocation Stall (pool-1-thread-2) 103.354ms
[3.123s][info][gc,phases   ] GC(29) Concurrent Select Relocation Set 2.240ms
[3.123s][info][gc,phases   ] GC(29) Pause Relocate Start 0.002ms
[3.123s][info][gc          ] Allocation Stall (pool-1-thread-1) 0.997ms
[3.123s][info][gc          ] Allocation Stall (pool-1-thread-2) 0.996ms
[3.123s][info][gc          ] Allocation Stall (pool-1-thread-4) 0.888ms
[3.123s][info][gc          ] Allocation Stall (pool-1-thread-6) 0.861ms
[3.123s][info][gc          ] Allocation Stall (pool-1-thread-7) 0.431ms
[3.123s][info][gc          ] Allocation Stall (pool-1-thread-5) 0.920ms
[3.123s][info][gc          ] Allocation Stall (pool-1-thread-9) 0.878ms
[3.123s][info][gc          ] Allocation Stall (pool-1-thread-8) 0.881ms
[3.123s][info][gc          ] Allocation Stall (pool-1-thread-3) 0.880ms
[3.128s][info][gc          ] Allocation Stall (pool-1-thread-1) 0.133ms
[3.128s][info][gc          ] Allocation Stall (pool-1-thread-7) 0.125ms
[3.128s][info][gc          ] Allocation Stall (pool-1-thread-9) 0.136ms
[3.128s][info][gc          ] Allocation Stall (pool-1-thread-2) 0.145ms
[3.128s][info][gc          ] Allocation Stall (pool-1-thread-8) 0.137ms
[3.128s][info][gc          ] Allocation Stall (pool-1-thread-5) 0.155ms
[3.128s][info][gc          ] Allocation Stall (pool-1-thread-6) 0.154ms
[3.128s][info][gc          ] Allocation Stall (pool-1-thread-3) 0.170ms
[3.128s][info][gc          ] Allocation Stall (pool-1-thread-4) 0.201ms
[3.128s][info][gc          ] Allocation Stall (pool-1-thread-9) 0.170ms
[3.129s][info][gc          ] Allocation Stall (pool-1-thread-8) 0.388ms
[3.129s][info][gc          ] Allocation Stall (pool-1-thread-4) 0.884ms
[3.129s][info][gc          ] Allocation Stall (pool-1-thread-7) 0.898ms
[3.129s][info][gc          ] Allocation Stall (pool-1-thread-3) 0.905ms
[3.129s][info][gc          ] Allocation Stall (pool-1-thread-1) 0.910ms
[3.129s][info][gc          ] Allocation Stall (pool-1-thread-6) 0.916ms
[3.129s][info][gc          ] Allocation Stall (pool-1-thread-2) 0.934ms
[3.129s][info][gc          ] Allocation Stall (pool-1-thread-5) 0.936ms
[3.129s][info][gc          ] Allocation Stall (pool-1-thread-9) 0.739ms
[3.129s][info][gc          ] Allocation Stall (pool-1-thread-8) 0.506ms
[3.129s][info][gc          ] Allocation Stall (pool-1-thread-6) 0.033ms
[3.129s][info][gc          ] Allocation Stall (pool-1-thread-7) 0.044ms
[3.130s][info][gc          ] Allocation Stall (pool-1-thread-1) 0.264ms
[3.130s][info][gc          ] Allocation Stall (pool-1-thread-6) 0.747ms
[3.130s][info][gc          ] Allocation Stall (pool-1-thread-2) 0.894ms
[3.130s][info][gc          ] Allocation Stall (pool-1-thread-4) 0.821ms
[3.130s][info][gc          ] Allocation Stall (pool-1-thread-7) 0.825ms
[3.131s][info][gc          ] Allocation Stall (pool-1-thread-9) 1.206ms
[3.131s][info][gc          ] Allocation Stall (pool-1-thread-5) 1.537ms
[3.131s][info][gc          ] Allocation Stall (pool-1-thread-3) 1.572ms
[3.131s][info][gc          ] Allocation Stall (pool-1-thread-8) 1.555ms
[3.131s][info][gc          ] Allocation Stall (pool-1-thread-1) 1.252ms
[3.131s][info][gc          ] Allocation Stall (pool-1-thread-4) 0.683ms
[3.131s][info][gc          ] Allocation Stall (pool-1-thread-6) 0.693ms
[3.131s][info][gc          ] Allocation Stall (pool-1-thread-2) 0.672ms
[3.132s][info][gc          ] Allocation Stall (pool-1-thread-7) 1.735ms
[3.132s][info][gc          ] Allocation Stall (pool-1-thread-9) 1.743ms
[3.133s][info][gc          ] Allocation Stall (pool-1-thread-2) 1.664ms
[3.133s][info][gc          ] Allocation Stall (pool-1-thread-5) 1.952ms
[3.133s][info][gc          ] Allocation Stall (pool-1-thread-4) 2.178ms
[3.133s][info][gc          ] Allocation Stall (pool-1-thread-3) 2.179ms
[3.135s][info][gc          ] Allocation Stall (pool-1-thread-6) 3.815ms
[3.135s][info][gc,phases   ] GC(29) Concurrent Relocate 12.401ms
[3.135s][info][gc,load     ] GC(29) Load: 0.10/0.18/0.17
[3.135s][info][gc,mmu      ] GC(29) MMU: 2ms/97.7%, 5ms/99.1%, 10ms/99.5%, 20ms/99.8%, 50ms/99.9%, 100ms/99.9%
[3.135s][info][gc,marking  ] GC(29) Mark: 4 stripe(s), 10 proactive flush(es), 1 terminate flush(es), 0 completion(s), 0 continuation(s) 
[3.135s][info][gc,marking  ] GC(29) Mark Stack Usage: 32M
[3.135s][info][gc,nmethod  ] GC(29) NMethods: 1524 registered, 201 unregistered
[3.135s][info][gc,metaspace] GC(29) Metaspace: 10M used, 10M committed, 1088M reserved
[3.135s][info][gc,ref      ] GC(29) Soft: 143 encountered, 39 discovered, 0 enqueued
[3.135s][info][gc,ref      ] GC(29) Weak: 898 encountered, 222 discovered, 0 enqueued
[3.135s][info][gc,ref      ] GC(29) Final: 0 encountered, 0 discovered, 0 enqueued
[3.135s][info][gc,ref      ] GC(29) Phantom: 3 encountered, 2 discovered, 0 enqueued
[3.135s][info][gc,reloc    ] GC(29) Small Pages: 200 / 400M, Empty: 16M, Relocated: 26M, In-Place: 14
[3.135s][info][gc,reloc    ] GC(29) Medium Pages: 0 / 0M, Empty: 0M, Relocated: 0M, In-Place: 0
[3.135s][info][gc,reloc    ] GC(29) Large Pages: 0 / 0M, Empty: 0M, Relocated: 0M, In-Place: 0
[3.135s][info][gc,reloc    ] GC(29) Forwarding Usage: 17M
[3.135s][info][gc,heap     ] GC(29) Min Capacity: 8M(2%)
[3.135s][info][gc,heap     ] GC(29) Max Capacity: 400M(100%)
[3.135s][info][gc,heap     ] GC(29) Soft Max Capacity: 400M(100%)
[3.135s][info][gc,heap     ] GC(29)                Mark Start          Mark End        Relocate Start      Relocate End           High               Low         
[3.135s][info][gc,heap     ] GC(29)  Capacity:      400M (100%)        400M (100%)        400M (100%)        400M (100%)        400M (100%)        400M (100%)   
[3.135s][info][gc,heap     ] GC(29)      Free:        0M (0%)            0M (0%)            0M (0%)            0M (0%)           72M (18%)           0M (0%)     
[3.135s][info][gc,heap     ] GC(29)      Used:      400M (100%)        400M (100%)        400M (100%)        400M (100%)        400M (100%)        328M (82%)    
[3.135s][info][gc,heap     ] GC(29)      Live:         -               214M (54%)         214M (54%)         214M (54%)            -                  -          
[3.135s][info][gc,heap     ] GC(29) Allocated:         -                 0M (0%)           16M (4%)          177M (44%)            -                  -          
[3.135s][info][gc,heap     ] GC(29)   Garbage:         -               185M (46%)         169M (42%)           7M (2%)             -                  -          
[3.135s][info][gc,heap     ] GC(29) Reclaimed:         -                  -                16M (4%)          177M (44%)            -                  -          
[3.135s][info][gc          ] GC(29) Garbage Collection (Allocation Stall) 400M(100%)->400M(100%)
[3.135s][info][gc,start    ] GC(30) Garbage Collection (Allocation Stall)
[3.135s][info][gc,ref      ] GC(30) Clearing All SoftReferences
[3.135s][info][gc,task     ] GC(30) Using 4 workers
[3.135s][info][gc,ref      ] GC(30) Clearing All SoftReferences
[3.135s][info][gc,phases   ] GC(30) Pause Mark Start 0.009ms
[3.215s][info][gc,phases   ] GC(30) Concurrent Mark 80.237ms
[3.215s][info][gc,phases   ] GC(30) Pause Mark End 0.005ms
[3.215s][info][gc,phases   ] GC(30) Concurrent Mark Free 0.000ms
[3.216s][info][gc,phases   ] GC(30) Concurrent Process Non-Strong References 0.589ms
[3.216s][info][gc,phases   ] GC(30) Concurrent Reset Relocation Set 0.004ms
[3.217s][info][gc          ] Allocation Stall (pool-1-thread-5) 83.105ms
[3.217s][info][gc          ] Allocation Stall (pool-1-thread-8) 84.433ms
[3.217s][info][gc          ] Allocation Stall (pool-1-thread-3) 83.120ms
[3.217s][info][gc          ] Allocation Stall (pool-1-thread-4) 83.099ms
[3.217s][info][gc          ] Allocation Stall (pool-1-thread-2) 83.511ms
[3.217s][info][gc          ] Allocation Stall (pool-1-thread-9) 83.980ms
[3.217s][info][gc          ] Allocation Stall (pool-1-thread-6) 81.437ms
[3.217s][info][gc          ] Allocation Stall (pool-1-thread-7) 84.193ms
[3.217s][info][gc          ] Allocation Stall (pool-1-thread-1) 85.368ms
[3.218s][info][gc,phases   ] GC(30) Concurrent Select Relocation Set 2.001ms
[3.218s][info][gc,phases   ] GC(30) Pause Relocate Start 0.004ms
[3.227s][info][gc          ] Allocation Stall (pool-1-thread-3) 0.223ms
[3.227s][info][gc          ] Allocation Stall (pool-1-thread-4) 0.370ms
[3.228s][info][gc          ] Allocation Stall (pool-1-thread-2) 0.369ms
[3.228s][info][gc          ] Allocation Stall (pool-1-thread-9) 0.401ms
[3.228s][info][gc          ] Allocation Stall (pool-1-thread-7) 0.876ms
[3.228s][info][gc          ] Allocation Stall (pool-1-thread-5) 1.129ms
[3.228s][info][gc          ] Allocation Stall (pool-1-thread-1) 1.114ms
[3.228s][info][gc          ] Allocation Stall (pool-1-thread-6) 1.067ms
[3.228s][info][gc          ] Allocation Stall (pool-1-thread-4) 0.781ms
[3.228s][info][gc,phases   ] GC(30) Concurrent Relocate 10.190ms
[3.228s][info][gc          ] Allocation Stall (pool-1-thread-3) 0.693ms
[3.228s][info][gc          ] Allocation Stall (pool-1-thread-9) 0.715ms
[3.228s][info][gc,load     ] GC(30) Load: 0.10/0.18/0.17
[3.228s][info][gc,mmu      ] GC(30) MMU: 2ms/97.7%, 5ms/99.1%, 10ms/99.5%, 20ms/99.8%, 50ms/99.9%, 100ms/99.9%
[3.228s][info][gc,marking  ] GC(30) Mark: 4 stripe(s), 10 proactive flush(es), 1 terminate flush(es), 0 completion(s), 0 continuation(s) 
[3.228s][info][gc,marking  ] GC(30) Mark Stack Usage: 32M
[3.228s][info][gc,nmethod  ] GC(30) NMethods: 1524 registered, 201 unregistered
[3.228s][info][gc,metaspace] GC(30) Metaspace: 10M used, 10M committed, 1088M reserved
[3.228s][info][gc,ref      ] GC(30) Soft: 143 encountered, 63 discovered, 0 enqueued
[3.228s][info][gc,ref      ] GC(30) Weak: 898 encountered, 540 discovered, 0 enqueued
[3.228s][info][gc,ref      ] GC(30) Final: 0 encountered, 0 discovered, 0 enqueued
[3.228s][info][gc,ref      ] GC(30) Phantom: 3 encountered, 2 discovered, 0 enqueued
[3.228s][info][gc,reloc    ] GC(30) Small Pages: 200 / 400M, Empty: 114M, Relocated: 20M, In-Place: 1
[3.228s][info][gc,reloc    ] GC(30) Medium Pages: 0 / 0M, Empty: 0M, Relocated: 0M, In-Place: 0
[3.228s][info][gc,reloc    ] GC(30) Large Pages: 0 / 0M, Empty: 0M, Relocated: 0M, In-Place: 0
[3.228s][info][gc,reloc    ] GC(30) Forwarding Usage: 10M
[3.228s][info][gc,heap     ] GC(30) Min Capacity: 8M(2%)
[3.228s][info][gc,heap     ] GC(30) Max Capacity: 400M(100%)
[3.228s][info][gc,heap     ] GC(30) Soft Max Capacity: 400M(100%)
[3.228s][info][gc,heap     ] GC(30)                Mark Start          Mark End        Relocate Start      Relocate End           High               Low         
[3.228s][info][gc,heap     ] GC(30)  Capacity:      400M (100%)        400M (100%)        400M (100%)        400M (100%)        400M (100%)        400M (100%)   
[3.228s][info][gc,heap     ] GC(30)      Free:        0M (0%)            0M (0%)           82M (20%)           0M (0%)          114M (28%)           0M (0%)     
[3.228s][info][gc,heap     ] GC(30)      Used:      400M (100%)        400M (100%)        318M (80%)         400M (100%)        400M (100%)        286M (72%)    
[3.228s][info][gc,heap     ] GC(30)      Live:         -               154M (39%)         154M (39%)         154M (39%)            -                  -          
[3.228s][info][gc,heap     ] GC(30) Allocated:         -                 0M (0%)           32M (8%)          241M (60%)            -                  -          
[3.228s][info][gc,heap     ] GC(30)   Garbage:         -               245M (61%)         131M (33%)           3M (1%)             -                  -          
[3.228s][info][gc,heap     ] GC(30) Reclaimed:         -                  -               114M (28%)         241M (60%)            -                  -          
[3.228s][info][gc          ] GC(30) Garbage Collection (Allocation Stall) 400M(100%)->400M(100%)
[3.228s][info][gc,start    ] GC(31) Garbage Collection (Allocation Stall)
[3.228s][info][gc,ref      ] GC(31) Clearing All SoftReferences
[3.228s][info][gc,task     ] GC(31) Using 4 workers
[3.229s][info][gc,ref      ] GC(31) Clearing All SoftReferences
[3.229s][info][gc,phases   ] GC(31) Pause Mark Start 0.014ms
[3.302s][info][gc,phases   ] GC(31) Concurrent Mark 73.854ms
[3.302s][info][gc,phases   ] GC(31) Pause Mark End 0.005ms
[3.302s][info][gc,phases   ] GC(31) Concurrent Mark Free 0.000ms
[3.303s][info][gc,phases   ] GC(31) Concurrent Process Non-Strong References 0.658ms
[3.303s][info][gc,phases   ] GC(31) Concurrent Reset Relocation Set 0.008ms
[3.304s][info][gc          ] Allocation Stall (pool-1-thread-4) 75.391ms
[3.304s][info][gc          ] Allocation Stall (pool-1-thread-9) 75.338ms
[3.304s][info][gc          ] Allocation Stall (pool-1-thread-3) 75.333ms
[3.304s][info][gc          ] Allocation Stall (pool-1-thread-2) 76.067ms
[3.304s][info][gc          ] Allocation Stall (pool-1-thread-5) 75.391ms
[3.304s][info][gc          ] Allocation Stall (pool-1-thread-6) 75.342ms
[3.304s][info][gc          ] Allocation Stall (pool-1-thread-1) 75.332ms
[3.304s][info][gc          ] Allocation Stall (pool-1-thread-8) 75.800ms
[3.304s][info][gc          ] Allocation Stall (pool-1-thread-7) 75.477ms
[3.306s][info][gc,phases   ] GC(31) Concurrent Select Relocation Set 2.754ms
[3.306s][info][gc,phases   ] GC(31) Pause Relocate Start 0.004ms
[3.308s][info][gc          ] Allocation Stall (pool-1-thread-7) 0.127ms
[3.308s][info][gc          ] Allocation Stall (pool-1-thread-5) 0.068ms
[3.308s][info][gc          ] Allocation Stall (pool-1-thread-1) 0.077ms
[3.308s][info][gc          ] Allocation Stall (pool-1-thread-9) 0.125ms
[3.308s][info][gc          ] Allocation Stall (pool-1-thread-8) 0.144ms
[3.308s][info][gc          ] Allocation Stall (pool-1-thread-3) 0.155ms
[3.308s][info][gc          ] Allocation Stall (pool-1-thread-7) 0.070ms
[3.308s][info][gc          ] Allocation Stall (pool-1-thread-2) 0.074ms
[3.308s][info][gc          ] Allocation Stall (pool-1-thread-9) 0.133ms
[3.308s][info][gc          ] Allocation Stall (pool-1-thread-8) 0.144ms
[3.308s][info][gc          ] Allocation Stall (pool-1-thread-5) 0.178ms
[3.308s][info][gc          ] Allocation Stall (pool-1-thread-6) 0.190ms
[3.308s][info][gc          ] Allocation Stall (pool-1-thread-7) 0.180ms
[3.308s][info][gc          ] Allocation Stall (pool-1-thread-3) 0.077ms
[3.308s][info][gc          ] Allocation Stall (pool-1-thread-4) 0.079ms
[3.308s][info][gc          ] Allocation Stall (pool-1-thread-3) 0.047ms
[3.308s][info][gc          ] Allocation Stall (pool-1-thread-4) 0.123ms
[3.309s][info][gc          ] Allocation Stall (pool-1-thread-5) 0.246ms
[3.309s][info][gc          ] Allocation Stall (pool-1-thread-8) 0.371ms
[3.309s][info][gc          ] Allocation Stall (pool-1-thread-1) 0.446ms
[3.309s][info][gc          ] Allocation Stall (pool-1-thread-9) 0.371ms
[3.309s][info][gc          ] Allocation Stall (pool-1-thread-7) 0.253ms
[3.309s][info][gc          ] Allocation Stall (pool-1-thread-6) 0.216ms
[3.309s][info][gc          ] Allocation Stall (pool-1-thread-4) 0.260ms
[3.309s][info][gc          ] Allocation Stall (pool-1-thread-5) 0.265ms
[3.309s][info][gc          ] Allocation Stall (pool-1-thread-3) 0.261ms
[3.309s][info][gc          ] Allocation Stall (pool-1-thread-2) 0.285ms
[3.309s][info][gc          ] Allocation Stall (pool-1-thread-4) 0.076ms
[3.309s][info][gc          ] Allocation Stall (pool-1-thread-5) 0.012ms
[3.309s][info][gc          ] Allocation Stall (pool-1-thread-2) 0.029ms
[3.309s][info][gc          ] Allocation Stall (pool-1-thread-5) 0.052ms
[3.309s][info][gc          ] Allocation Stall (pool-1-thread-7) 0.036ms
[3.309s][info][gc          ] Allocation Stall (pool-1-thread-6) 0.041ms
[3.309s][info][gc          ] Allocation Stall (pool-1-thread-3) 0.049ms
[3.309s][info][gc          ] Allocation Stall (pool-1-thread-9) 0.050ms
[3.310s][info][gc          ] Allocation Stall (pool-1-thread-1) 0.102ms
[3.310s][info][gc          ] Allocation Stall (pool-1-thread-7) 0.042ms
[3.310s][info][gc          ] Allocation Stall (pool-1-thread-2) 0.182ms
[3.310s][info][gc          ] Allocation Stall (pool-1-thread-5) 0.183ms
[3.310s][info][gc          ] Allocation Stall (pool-1-thread-1) 0.173ms
[3.310s][info][gc          ] Allocation Stall (pool-1-thread-6) 0.167ms
[3.310s][info][gc          ] Allocation Stall (pool-1-thread-3) 0.164ms
[3.310s][info][gc          ] Allocation Stall (pool-1-thread-4) 0.174ms
[3.310s][info][gc          ] Allocation Stall (pool-1-thread-9) 0.174ms
[3.310s][info][gc          ] Allocation Stall (pool-1-thread-4) 0.023ms
[3.310s][info][gc          ] Allocation Stall (pool-1-thread-7) 0.266ms
[3.311s][info][gc          ] Allocation Stall (pool-1-thread-9) 0.425ms
[3.311s][info][gc          ] Allocation Stall (pool-1-thread-5) 0.344ms
[3.311s][info][gc          ] Allocation Stall (pool-1-thread-2) 0.345ms
[3.311s][info][gc          ] Allocation Stall (pool-1-thread-1) 0.351ms
[3.311s][info][gc          ] Allocation Stall (pool-1-thread-4) 0.353ms
[3.311s][info][gc          ] Allocation Stall (pool-1-thread-6) 0.352ms
[3.311s][info][gc          ] Allocation Stall (pool-1-thread-3) 0.352ms
[3.311s][info][gc          ] Allocation Stall (pool-1-thread-9) 0.127ms
[3.311s][info][gc          ] Allocation Stall (pool-1-thread-3) 0.109ms
[3.311s][info][gc          ] Allocation Stall (pool-1-thread-1) 0.111ms
[3.311s][info][gc          ] Allocation Stall (pool-1-thread-5) 0.103ms
[3.311s][info][gc          ] Allocation Stall (pool-1-thread-6) 0.105ms
[3.311s][info][gc          ] Allocation Stall (pool-1-thread-4) 0.104ms
[3.311s][info][gc          ] Allocation Stall (pool-1-thread-2) 0.106ms
[3.311s][info][gc          ] Allocation Stall (pool-1-thread-7) 0.070ms
[3.311s][info][gc          ] Allocation Stall (pool-1-thread-1) 0.039ms
[3.311s][info][gc          ] Allocation Stall (pool-1-thread-9) 0.109ms
[3.311s][info][gc          ] Allocation Stall (pool-1-thread-7) 0.115ms
[3.311s][info][gc          ] Allocation Stall (pool-1-thread-5) 0.130ms
[3.311s][info][gc          ] Allocation Stall (pool-1-thread-6) 0.139ms
[3.311s][info][gc          ] Allocation Stall (pool-1-thread-3) 0.135ms
[3.311s][info][gc          ] Allocation Stall (pool-1-thread-4) 0.132ms
[3.311s][info][gc          ] Allocation Stall (pool-1-thread-1) 0.042ms
[3.311s][info][gc          ] Allocation Stall (pool-1-thread-7) 0.035ms
[3.312s][info][gc          ] Allocation Stall (pool-1-thread-7) 0.044ms
[3.312s][info][gc          ] Allocation Stall (pool-1-thread-2) 0.131ms
[3.312s][info][gc          ] Allocation Stall (pool-1-thread-9) 0.142ms
[3.312s][info][gc          ] Allocation Stall (pool-1-thread-3) 0.137ms
[3.312s][info][gc          ] Allocation Stall (pool-1-thread-1) 0.142ms
[3.312s][info][gc          ] Allocation Stall (pool-1-thread-7) 0.075ms
[3.312s][info][gc          ] Allocation Stall (pool-1-thread-4) 0.073ms
[3.312s][info][gc          ] Allocation Stall (pool-1-thread-6) 0.081ms
[3.312s][info][gc          ] Allocation Stall (pool-1-thread-5) 0.088ms
[3.312s][info][gc          ] Allocation Stall (pool-1-thread-7) 0.167ms
[3.312s][info][gc          ] Allocation Stall (pool-1-thread-9) 0.157ms
[3.312s][info][gc          ] Allocation Stall (pool-1-thread-3) 0.158ms
[3.312s][info][gc          ] Allocation Stall (pool-1-thread-1) 0.149ms
[3.312s][info][gc          ] Allocation Stall (pool-1-thread-2) 0.154ms
[3.312s][info][gc          ] Allocation Stall (pool-1-thread-6) 0.159ms
[3.312s][info][gc          ] Allocation Stall (pool-1-thread-4) 0.159ms
[3.312s][info][gc          ] Allocation Stall (pool-1-thread-5) 0.162ms
[3.313s][info][gc          ] Allocation Stall (pool-1-thread-5) 0.095ms
[3.313s][info][gc          ] Allocation Stall (pool-1-thread-1) 0.087ms
[3.313s][info][gc          ] Allocation Stall (pool-1-thread-2) 0.095ms
[3.313s][info][gc          ] Allocation Stall (pool-1-thread-7) 0.102ms
[3.313s][info][gc          ] Allocation Stall (pool-1-thread-9) 0.111ms
[3.313s][info][gc          ] Allocation Stall (pool-1-thread-3) 0.113ms
[3.313s][info][gc          ] Allocation Stall (pool-1-thread-6) 0.124ms
[3.313s][info][gc          ] Allocation Stall (pool-1-thread-4) 0.125ms
[3.313s][info][gc          ] Allocation Stall (pool-1-thread-6) 0.087ms
[3.313s][info][gc          ] Allocation Stall (pool-1-thread-4) 0.100ms
[3.313s][info][gc          ] Allocation Stall (pool-1-thread-2) 0.101ms
[3.313s][info][gc          ] Allocation Stall (pool-1-thread-5) 0.093ms
[3.313s][info][gc          ] Allocation Stall (pool-1-thread-9) 0.089ms
[3.313s][info][gc          ] Allocation Stall (pool-1-thread-1) 0.101ms
[3.313s][info][gc          ] Allocation Stall (pool-1-thread-3) 0.109ms
[3.313s][info][gc          ] Allocation Stall (pool-1-thread-7) 0.067ms
[3.313s][info][gc          ] Allocation Stall (pool-1-thread-2) 0.191ms
[3.313s][info][gc          ] Allocation Stall (pool-1-thread-7) 0.199ms
[3.313s][info][gc          ] Allocation Stall (pool-1-thread-6) 0.193ms
[3.313s][info][gc          ] Allocation Stall (pool-1-thread-5) 0.194ms
[3.313s][info][gc          ] Allocation Stall (pool-1-thread-1) 0.197ms
[3.313s][info][gc          ] Allocation Stall (pool-1-thread-9) 0.202ms
[3.313s][info][gc          ] Allocation Stall (pool-1-thread-3) 0.199ms
[3.314s][info][gc          ] Allocation Stall (pool-1-thread-4) 0.445ms
[3.314s][info][gc          ] Allocation Stall (pool-1-thread-9) 0.169ms
[3.314s][info][gc          ] Allocation Stall (pool-1-thread-3) 0.171ms
[3.314s][info][gc          ] Allocation Stall (pool-1-thread-7) 0.177ms
[3.314s][info][gc          ] Allocation Stall (pool-1-thread-1) 0.166ms
[3.314s][info][gc          ] Allocation Stall (pool-1-thread-6) 0.176ms
[3.314s][info][gc          ] Allocation Stall (pool-1-thread-2) 0.145ms
[3.314s][info][gc          ] Allocation Stall (pool-1-thread-5) 0.173ms
[3.314s][info][gc          ] Allocation Stall (pool-1-thread-2) 0.151ms
[3.314s][info][gc          ] Relocation Stall (pool-1-thread-8) 4.989ms
[3.314s][info][gc          ] Allocation Stall (pool-1-thread-7) 0.302ms
[3.314s][info][gc          ] Allocation Stall (pool-1-thread-1) 0.342ms
[3.314s][info][gc          ] Allocation Stall (pool-1-thread-6) 0.352ms
[3.314s][info][gc          ] Allocation Stall (pool-1-thread-5) 0.370ms
[3.314s][info][gc          ] Allocation Stall (pool-1-thread-3) 0.395ms
[3.314s][info][gc          ] Allocation Stall (pool-1-thread-4) 0.394ms
[3.314s][info][gc          ] Allocation Stall (pool-1-thread-9) 0.400ms
[3.314s][info][gc          ] Allocation Stall (pool-1-thread-7) 0.056ms
[3.315s][info][gc          ] Allocation Stall (pool-1-thread-4) 0.383ms
[3.316s][info][gc          ] Allocation Stall (pool-1-thread-6) 1.027ms
[3.316s][info][gc          ] Allocation Stall (pool-1-thread-1) 1.255ms
[3.316s][info][gc          ] Allocation Stall (pool-1-thread-2) 1.258ms
[3.316s][info][gc          ] Allocation Stall (pool-1-thread-7) 1.260ms
[3.316s][info][gc          ] Allocation Stall (pool-1-thread-5) 1.631ms
[3.317s][info][gc,phases   ] GC(31) Concurrent Relocate 10.863ms
[3.317s][info][gc,load     ] GC(31) Load: 0.42/0.24/0.20
[3.317s][info][gc,mmu      ] GC(31) MMU: 2ms/97.7%, 5ms/99.1%, 10ms/99.5%, 20ms/99.8%, 50ms/99.9%, 100ms/99.9%
[3.317s][info][gc,marking  ] GC(31) Mark: 4 stripe(s), 10 proactive flush(es), 1 terminate flush(es), 0 completion(s), 0 continuation(s) 
[3.317s][info][gc,marking  ] GC(31) Mark Stack Usage: 32M
[3.317s][info][gc,nmethod  ] GC(31) NMethods: 1524 registered, 201 unregistered
[3.317s][info][gc,metaspace] GC(31) Metaspace: 10M used, 10M committed, 1088M reserved
[3.317s][info][gc,ref      ] GC(31) Soft: 143 encountered, 62 discovered, 0 enqueued
[3.317s][info][gc,ref      ] GC(31) Weak: 898 encountered, 88 discovered, 0 enqueued
[3.317s][info][gc,ref      ] GC(31) Final: 0 encountered, 0 discovered, 0 enqueued
[3.317s][info][gc,ref      ] GC(31) Phantom: 3 encountered, 0 discovered, 0 enqueued
[3.317s][info][gc,reloc    ] GC(31) Small Pages: 200 / 400M, Empty: 68M, Relocated: 26M, In-Place: 9
[3.317s][info][gc,reloc    ] GC(31) Medium Pages: 0 / 0M, Empty: 0M, Relocated: 0M, In-Place: 0
[3.317s][info][gc,reloc    ] GC(31) Large Pages: 0 / 0M, Empty: 0M, Relocated: 0M, In-Place: 0
[3.317s][info][gc,reloc    ] GC(31) Forwarding Usage: 14M
[3.317s][info][gc,heap     ] GC(31) Min Capacity: 8M(2%)
[3.317s][info][gc,heap     ] GC(31) Max Capacity: 400M(100%)
[3.317s][info][gc,heap     ] GC(31) Soft Max Capacity: 400M(100%)
[3.317s][info][gc,heap     ] GC(31)                Mark Start          Mark End        Relocate Start      Relocate End           High               Low         
[3.317s][info][gc,heap     ] GC(31)  Capacity:      400M (100%)        400M (100%)        400M (100%)        400M (100%)        400M (100%)        400M (100%)   
[3.317s][info][gc,heap     ] GC(31)      Free:        0M (0%)            0M (0%)           20M (5%)            0M (0%)           68M (17%)           0M (0%)     
[3.317s][info][gc,heap     ] GC(31)      Used:      400M (100%)        400M (100%)        380M (95%)         400M (100%)        400M (100%)        332M (83%)    
[3.317s][info][gc,heap     ] GC(31)      Live:         -               178M (45%)         178M (45%)         178M (45%)            -                  -          
[3.317s][info][gc,heap     ] GC(31) Allocated:         -                 0M (0%)           48M (12%)         215M (54%)            -                  -          
[3.317s][info][gc,heap     ] GC(31)   Garbage:         -               221M (55%)         153M (38%)           5M (1%)             -                  -          
[3.317s][info][gc,heap     ] GC(31) Reclaimed:         -                  -                68M (17%)         215M (54%)            -                  -          
[3.317s][info][gc          ] GC(31) Garbage Collection (Allocation Stall) 400M(100%)->400M(100%)
[3.317s][info][gc,start    ] GC(32) Garbage Collection (Allocation Stall)
[3.317s][info][gc,ref      ] GC(32) Clearing All SoftReferences
[3.317s][info][gc,task     ] GC(32) Using 4 workers
[3.317s][info][gc,ref      ] GC(32) Clearing All SoftReferences
[3.317s][info][gc,phases   ] GC(32) Pause Mark Start 0.010ms
[3.412s][info][gc,phases   ] GC(32) Concurrent Mark 94.973ms
[3.412s][info][gc,phases   ] GC(32) Pause Mark End 0.009ms
[3.412s][info][gc,phases   ] GC(32) Concurrent Mark Free 0.000ms
[3.413s][info][gc,phases   ] GC(32) Concurrent Process Non-Strong References 0.610ms
[3.413s][info][gc,phases   ] GC(32) Concurrent Reset Relocation Set 0.006ms
[3.414s][info][gc          ] Allocation Stall (pool-1-thread-7) 97.479ms
[3.414s][info][gc          ] Allocation Stall (pool-1-thread-4) 98.238ms
[3.414s][info][gc          ] Allocation Stall (pool-1-thread-9) 98.895ms
[3.414s][info][gc          ] Allocation Stall (pool-1-thread-3) 98.886ms
[3.414s][info][gc          ] Allocation Stall (pool-1-thread-2) 97.586ms
[3.414s][info][gc          ] Allocation Stall (pool-1-thread-6) 97.572ms
[3.414s][info][gc          ] Allocation Stall (pool-1-thread-8) 97.600ms
[3.414s][info][gc          ] Allocation Stall (pool-1-thread-1) 97.567ms
[3.414s][info][gc          ] Allocation Stall (pool-1-thread-5) 97.133ms
[3.415s][info][gc,phases   ] GC(32) Concurrent Select Relocation Set 1.917ms
[3.415s][info][gc,phases   ] GC(32) Pause Relocate Start 0.005ms
[3.419s][info][gc          ] Allocation Stall (pool-1-thread-4) 0.039ms
[3.420s][info][gc          ] Allocation Stall (pool-1-thread-7) 0.027ms
[3.420s][info][gc          ] Allocation Stall (pool-1-thread-8) 0.185ms
[3.420s][info][gc          ] Allocation Stall (pool-1-thread-6) 0.208ms
[3.420s][info][gc          ] Allocation Stall (pool-1-thread-5) 0.214ms
[3.420s][info][gc          ] Allocation Stall (pool-1-thread-4) 0.214ms
[3.420s][info][gc          ] Allocation Stall (pool-1-thread-3) 0.217ms
[3.420s][info][gc          ] Allocation Stall (pool-1-thread-1) 0.092ms
[3.420s][info][gc          ] Allocation Stall (pool-1-thread-7) 0.094ms
[3.420s][info][gc          ] Allocation Stall (pool-1-thread-2) 0.093ms
[3.420s][info][gc          ] Allocation Stall (pool-1-thread-7) 0.039ms
[3.421s][info][gc          ] Allocation Stall (pool-1-thread-7) 0.119ms
[3.421s][info][gc          ] Allocation Stall (pool-1-thread-2) 0.181ms
[3.421s][info][gc          ] Allocation Stall (pool-1-thread-5) 0.172ms
[3.421s][info][gc          ] Allocation Stall (pool-1-thread-3) 0.164ms
[3.421s][info][gc          ] Allocation Stall (pool-1-thread-4) 0.153ms
[3.421s][info][gc          ] Allocation Stall (pool-1-thread-8) 0.166ms
[3.421s][info][gc          ] Allocation Stall (pool-1-thread-6) 0.167ms
[3.421s][info][gc          ] Allocation Stall (pool-1-thread-1) 0.206ms
[3.421s][info][gc          ] Allocation Stall (pool-1-thread-5) 0.188ms
[3.421s][info][gc          ] Allocation Stall (pool-1-thread-7) 0.193ms
[3.421s][info][gc          ] Allocation Stall (pool-1-thread-2) 0.217ms
[3.421s][info][gc          ] Allocation Stall (pool-1-thread-6) 0.226ms
[3.421s][info][gc          ] Allocation Stall (pool-1-thread-8) 0.227ms
[3.421s][info][gc          ] Allocation Stall (pool-1-thread-4) 0.512ms
[3.421s][info][gc          ] Allocation Stall (pool-1-thread-3) 0.509ms
[3.421s][info][gc          ] Allocation Stall (pool-1-thread-7) 0.184ms
[3.421s][info][gc          ] Allocation Stall (pool-1-thread-1) 0.185ms
[3.421s][info][gc          ] Allocation Stall (pool-1-thread-5) 0.193ms
[3.421s][info][gc          ] Allocation Stall (pool-1-thread-8) 0.177ms
[3.421s][info][gc          ] Allocation Stall (pool-1-thread-6) 0.188ms
[3.421s][info][gc          ] Allocation Stall (pool-1-thread-2) 0.171ms
[3.421s][info][gc          ] Allocation Stall (pool-1-thread-7) 0.030ms
[3.422s][info][gc          ] Allocation Stall (pool-1-thread-7) 0.081ms
[3.422s][info][gc          ] Allocation Stall (pool-1-thread-1) 0.057ms
[3.422s][info][gc          ] Allocation Stall (pool-1-thread-8) 0.081ms
[3.422s][info][gc          ] Allocation Stall (pool-1-thread-2) 0.080ms
[3.422s][info][gc          ] Allocation Stall (pool-1-thread-4) 0.086ms
[3.422s][info][gc          ] Allocation Stall (pool-1-thread-6) 0.337ms
[3.422s][info][gc          ] Allocation Stall (pool-1-thread-5) 0.189ms
[3.422s][info][gc          ] Allocation Stall (pool-1-thread-7) 0.189ms
[3.422s][info][gc          ] Allocation Stall (pool-1-thread-1) 0.197ms
[3.422s][info][gc          ] Allocation Stall (pool-1-thread-2) 0.205ms
[3.422s][info][gc          ] Allocation Stall (pool-1-thread-4) 0.208ms
[3.422s][info][gc          ] Allocation Stall (pool-1-thread-3) 0.206ms
[3.422s][info][gc          ] Allocation Stall (pool-1-thread-8) 0.230ms
[3.422s][info][gc          ] Allocation Stall (pool-1-thread-1) 0.070ms
[3.423s][info][gc          ] Allocation Stall (pool-1-thread-7) 0.122ms
[3.423s][info][gc          ] Allocation Stall (pool-1-thread-6) 0.158ms
[3.423s][info][gc          ] Allocation Stall (pool-1-thread-8) 0.165ms
[3.423s][info][gc          ] Allocation Stall (pool-1-thread-2) 0.162ms
[3.423s][info][gc          ] Allocation Stall (pool-1-thread-4) 0.168ms
[3.423s][info][gc          ] Allocation Stall (pool-1-thread-1) 0.172ms
[3.423s][info][gc          ] Allocation Stall (pool-1-thread-3) 0.176ms
[3.423s][info][gc          ] Allocation Stall (pool-1-thread-5) 0.158ms
[3.423s][info][gc          ] Allocation Stall (pool-1-thread-7) 0.059ms
[3.423s][info][gc          ] Allocation Stall (pool-1-thread-6) 0.185ms
[3.423s][info][gc          ] Allocation Stall (pool-1-thread-2) 0.642ms
[3.423s][info][gc          ] Allocation Stall (pool-1-thread-5) 0.652ms
[3.423s][info][gc          ] Allocation Stall (pool-1-thread-1) 0.655ms
[3.423s][info][gc          ] Allocation Stall (pool-1-thread-4) 0.662ms
[3.423s][info][gc          ] Allocation Stall (pool-1-thread-3) 0.698ms
[3.423s][info][gc          ] Allocation Stall (pool-1-thread-6) 0.465ms
[3.424s][info][gc          ] Allocation Stall (pool-1-thread-7) 0.479ms
[3.424s][info][gc          ] Allocation Stall (pool-1-thread-1) 0.282ms
[3.424s][info][gc          ] Relocation Stall (pool-1-thread-8) 1.327ms
[3.424s][info][gc          ] Allocation Stall (pool-1-thread-3) 0.352ms
[3.424s][info][gc          ] Allocation Stall (pool-1-thread-2) 0.355ms
[3.424s][info][gc          ] Allocation Stall (pool-1-thread-7) 0.366ms
[3.424s][info][gc          ] Allocation Stall (pool-1-thread-4) 0.385ms
[3.424s][info][gc          ] Allocation Stall (pool-1-thread-6) 0.462ms
[3.424s][info][gc          ] Allocation Stall (pool-1-thread-5) 0.460ms
[3.425s][info][gc          ] Allocation Stall (pool-1-thread-4) 0.622ms
[3.426s][info][gc          ] Allocation Stall (pool-1-thread-5) 1.418ms
[3.426s][info][gc,phases   ] GC(32) Concurrent Relocate 11.042ms
[3.426s][info][gc,load     ] GC(32) Load: 0.42/0.24/0.20
[3.426s][info][gc,mmu      ] GC(32) MMU: 2ms/97.7%, 5ms/99.1%, 10ms/99.5%, 20ms/99.8%, 50ms/99.9%, 100ms/99.9%
[3.426s][info][gc,marking  ] GC(32) Mark: 4 stripe(s), 10 proactive flush(es), 1 terminate flush(es), 0 completion(s), 0 continuation(s) 
[3.426s][info][gc,marking  ] GC(32) Mark Stack Usage: 32M
[3.426s][info][gc,nmethod  ] GC(32) NMethods: 1524 registered, 201 unregistered
[3.426s][info][gc,metaspace] GC(32) Metaspace: 10M used, 10M committed, 1088M reserved
[3.426s][info][gc,ref      ] GC(32) Soft: 143 encountered, 83 discovered, 0 enqueued
[3.426s][info][gc,ref      ] GC(32) Weak: 898 encountered, 339 discovered, 0 enqueued
[3.426s][info][gc,ref      ] GC(32) Final: 0 encountered, 0 discovered, 0 enqueued
[3.426s][info][gc,ref      ] GC(32) Phantom: 3 encountered, 2 discovered, 0 enqueued
[3.426s][info][gc,reloc    ] GC(32) Small Pages: 200 / 400M, Empty: 66M, Relocated: 22M, In-Place: 8
[3.426s][info][gc,reloc    ] GC(32) Medium Pages: 0 / 0M, Empty: 0M, Relocated: 0M, In-Place: 0
[3.426s][info][gc,reloc    ] GC(32) Large Pages: 0 / 0M, Empty: 0M, Relocated: 0M, In-Place: 0
[3.426s][info][gc,reloc    ] GC(32) Forwarding Usage: 12M
[3.426s][info][gc,heap     ] GC(32) Min Capacity: 8M(2%)
[3.426s][info][gc,heap     ] GC(32) Max Capacity: 400M(100%)
[3.426s][info][gc,heap     ] GC(32) Soft Max Capacity: 400M(100%)
[3.426s][info][gc,heap     ] GC(32)                Mark Start          Mark End        Relocate Start      Relocate End           High               Low         
[3.426s][info][gc,heap     ] GC(32)  Capacity:      400M (100%)        400M (100%)        400M (100%)        400M (100%)        400M (100%)        400M (100%)   
[3.426s][info][gc,heap     ] GC(32)      Free:        0M (0%)            0M (0%)           44M (11%)           0M (0%)           66M (16%)           0M (0%)     
[3.426s][info][gc,heap     ] GC(32)      Used:      400M (100%)        400M (100%)        356M (89%)         400M (100%)        400M (100%)        334M (84%)    
[3.426s][info][gc,heap     ] GC(32)      Live:         -               195M (49%)         195M (49%)         195M (49%)            -                  -          
[3.426s][info][gc,heap     ] GC(32) Allocated:         -                 0M (0%)           22M (6%)          195M (49%)            -                  -          
[3.426s][info][gc,heap     ] GC(32)   Garbage:         -               204M (51%)         138M (35%)           8M (2%)             -                  -          
[3.426s][info][gc,heap     ] GC(32) Reclaimed:         -                  -                66M (16%)         195M (49%)            -                  -          
[3.426s][info][gc          ] GC(32) Garbage Collection (Allocation Stall) 400M(100%)->400M(100%)
[3.426s][info][gc,start    ] GC(33) Garbage Collection (Allocation Stall)
[3.426s][info][gc,ref      ] GC(33) Clearing All SoftReferences
[3.426s][info][gc,task     ] GC(33) Using 4 workers
[3.426s][info][gc,ref      ] GC(33) Clearing All SoftReferences
[3.426s][info][gc,phases   ] GC(33) Pause Mark Start 0.015ms
[3.496s][info][gc,phases   ] GC(33) Concurrent Mark 70.239ms
[3.496s][info][gc,phases   ] GC(33) Pause Mark End 0.005ms
[3.496s][info][gc,phases   ] GC(33) Concurrent Mark Free 0.000ms
[3.497s][info][gc,phases   ] GC(33) Concurrent Process Non-Strong References 0.591ms
[3.497s][info][gc,phases   ] GC(33) Concurrent Reset Relocation Set 0.004ms
[3.497s][info][gc          ] Allocation Stall (pool-1-thread-2) 72.516ms
[3.497s][info][gc          ] Allocation Stall (pool-1-thread-7) 72.504ms
[3.497s][info][gc          ] Allocation Stall (pool-1-thread-4) 71.703ms
[3.497s][info][gc          ] Allocation Stall (pool-1-thread-1) 72.522ms
[3.497s][info][gc          ] Allocation Stall (pool-1-thread-9) 51.281ms
[3.497s][info][gc          ] Allocation Stall (pool-1-thread-3) 72.530ms
[3.497s][info][gc          ] Allocation Stall (pool-1-thread-5) 70.903ms
[3.497s][info][gc          ] Allocation Stall (pool-1-thread-8) 71.193ms
[3.497s][info][gc          ] Allocation Stall (pool-1-thread-6) 72.558ms
[3.499s][info][gc,phases   ] GC(33) Concurrent Select Relocation Set 1.669ms
[3.499s][info][gc,phases   ] GC(33) Pause Relocate Start 0.002ms
[3.501s][info][gc,phases   ] GC(33) Concurrent Relocate 2.620ms
[3.501s][info][gc,load     ] GC(33) Load: 0.42/0.24/0.20
[3.501s][info][gc,mmu      ] GC(33) MMU: 2ms/97.7%, 5ms/99.1%, 10ms/99.5%, 20ms/99.8%, 50ms/99.9%, 100ms/99.9%
[3.501s][info][gc,marking  ] GC(33) Mark: 4 stripe(s), 7 proactive flush(es), 1 terminate flush(es), 0 completion(s), 0 continuation(s) 
[3.501s][info][gc,marking  ] GC(33) Mark Stack Usage: 32M
[3.501s][info][gc,nmethod  ] GC(33) NMethods: 1524 registered, 201 unregistered
[3.501s][info][gc,metaspace] GC(33) Metaspace: 10M used, 10M committed, 1088M reserved
[3.501s][info][gc,ref      ] GC(33) Soft: 143 encountered, 80 discovered, 0 enqueued
[3.501s][info][gc,ref      ] GC(33) Weak: 898 encountered, 517 discovered, 0 enqueued
[3.501s][info][gc,ref      ] GC(33) Final: 0 encountered, 0 discovered, 0 enqueued
[3.501s][info][gc,ref      ] GC(33) Phantom: 3 encountered, 2 discovered, 0 enqueued
[3.501s][info][gc,reloc    ] GC(33) Small Pages: 200 / 400M, Empty: 176M, Relocated: 4M, In-Place: 0
[3.501s][info][gc,reloc    ] GC(33) Medium Pages: 0 / 0M, Empty: 0M, Relocated: 0M, In-Place: 0
[3.501s][info][gc,reloc    ] GC(33) Large Pages: 0 / 0M, Empty: 0M, Relocated: 0M, In-Place: 0
[3.501s][info][gc,reloc    ] GC(33) Forwarding Usage: 2M
[3.501s][info][gc,heap     ] GC(33) Min Capacity: 8M(2%)
[3.501s][info][gc,heap     ] GC(33) Max Capacity: 400M(100%)
[3.501s][info][gc,heap     ] GC(33) Soft Max Capacity: 400M(100%)
[3.501s][info][gc,heap     ] GC(33)                Mark Start          Mark End        Relocate Start      Relocate End           High               Low         
[3.501s][info][gc,heap     ] GC(33)  Capacity:      400M (100%)        400M (100%)        400M (100%)        400M (100%)        400M (100%)        400M (100%)   
[3.501s][info][gc,heap     ] GC(33)      Free:        0M (0%)            0M (0%)          138M (34%)         100M (25%)         156M (39%)           0M (0%)     
[3.501s][info][gc,heap     ] GC(33)      Used:      400M (100%)        400M (100%)        262M (66%)         300M (75%)         400M (100%)        244M (61%)    
[3.501s][info][gc,heap     ] GC(33)      Live:         -               198M (50%)         198M (50%)         198M (50%)            -                  -          
[3.501s][info][gc,heap     ] GC(33) Allocated:         -                 0M (0%)           38M (10%)          93M (23%)            -                  -          
[3.501s][info][gc,heap     ] GC(33)   Garbage:         -               201M (50%)          25M (6%)            7M (2%)             -                  -          
[3.501s][info][gc,heap     ] GC(33) Reclaimed:         -                  -               176M (44%)         193M (48%)            -                  -          
[3.501s][info][gc          ] GC(33) Garbage Collection (Allocation Stall) 400M(100%)->300M(75%)
[3.506s][info][gc,start    ] GC(34) Garbage Collection (Allocation Stall)
[3.506s][info][gc,ref      ] GC(34) Clearing All SoftReferences
[3.506s][info][gc,task     ] GC(34) Using 4 workers
[3.506s][info][gc,ref      ] GC(34) Clearing All SoftReferences
[3.506s][info][gc,phases   ] GC(34) Pause Mark Start 0.010ms
[3.573s][info][gc,phases   ] GC(34) Concurrent Mark 67.362ms
[3.573s][info][gc,phases   ] GC(34) Pause Mark End 0.002ms
[3.573s][info][gc,phases   ] GC(34) Concurrent Mark Free 0.000ms
[3.574s][info][gc,phases   ] GC(34) Concurrent Process Non-Strong References 0.565ms
[3.574s][info][gc,phases   ] GC(34) Concurrent Reset Relocation Set 0.001ms
[3.574s][info][gc          ] Allocation Stall (pool-1-thread-2) 68.618ms
[3.574s][info][gc          ] Allocation Stall (pool-1-thread-9) 68.568ms
[3.574s][info][gc          ] Allocation Stall (pool-1-thread-3) 68.438ms
[3.574s][info][gc          ] Allocation Stall (pool-1-thread-1) 68.566ms
[3.574s][info][gc          ] Allocation Stall (pool-1-thread-4) 68.583ms
[3.574s][info][gc          ] Allocation Stall (pool-1-thread-7) 68.633ms
[3.574s][info][gc          ] Allocation Stall (pool-1-thread-5) 68.458ms
[3.574s][info][gc          ] Allocation Stall (pool-1-thread-8) 64.946ms
[3.574s][info][gc          ] Allocation Stall (pool-1-thread-6) 68.628ms
[3.578s][info][gc,phases   ] GC(34) Concurrent Select Relocation Set 4.324ms
[3.578s][info][gc,phases   ] GC(34) Pause Relocate Start 0.001ms
[3.585s][info][gc          ] Relocation Stall (pool-1-thread-9) 6.436ms
[3.585s][info][gc          ] Relocation Stall (pool-1-thread-2) 6.549ms
[3.585s][info][gc          ] Allocation Stall (pool-1-thread-9) 7.079ms
[3.585s][info][gc          ] Relocation Stall (pool-1-thread-6) 6.128ms
[3.585s][info][gc          ] Relocation Stall (pool-1-thread-3) 6.221ms
[3.585s][info][gc          ] Relocation Stall (pool-1-thread-8) 6.220ms
[3.585s][info][gc          ] Relocation Stall (pool-1-thread-5) 6.598ms
[3.585s][info][gc          ] Relocation Stall (pool-1-thread-4) 6.349ms
[3.585s][info][gc          ] Relocation Stall (pool-1-thread-7) 6.241ms
[3.585s][info][gc          ] Allocation Stall (pool-1-thread-7) 7.123ms
[3.585s][info][gc          ] Relocation Stall (pool-1-thread-1) 6.418ms
[3.585s][info][gc          ] Allocation Stall (pool-1-thread-6) 7.036ms
[3.585s][info][gc          ] Allocation Stall (pool-1-thread-1) 7.154ms
[3.585s][info][gc          ] Allocation Stall (pool-1-thread-8) 7.077ms
[3.585s][info][gc          ] Allocation Stall (pool-1-thread-5) 7.150ms
[3.585s][info][gc          ] Allocation Stall (pool-1-thread-4) 7.119ms
[3.585s][info][gc          ] Allocation Stall (pool-1-thread-2) 7.087ms
[3.585s][info][gc          ] Allocation Stall (pool-1-thread-3) 7.060ms
[3.593s][info][gc          ] Allocation Stall (pool-1-thread-1) 0.072ms
[3.593s][info][gc          ] Allocation Stall (pool-1-thread-9) 0.453ms
[3.594s][info][gc          ] Allocation Stall (pool-1-thread-4) 1.421ms
[3.594s][info][gc,phases   ] GC(34) Concurrent Relocate 15.758ms
[3.594s][info][gc,load     ] GC(34) Load: 0.42/0.24/0.20
[3.594s][info][gc,mmu      ] GC(34) MMU: 2ms/97.7%, 5ms/99.1%, 10ms/99.5%, 20ms/99.8%, 50ms/99.9%, 100ms/99.9%
[3.594s][info][gc,marking  ] GC(34) Mark: 4 stripe(s), 10 proactive flush(es), 1 terminate flush(es), 0 completion(s), 0 continuation(s) 
[3.594s][info][gc,marking  ] GC(34) Mark Stack Usage: 32M
[3.594s][info][gc,nmethod  ] GC(34) NMethods: 1524 registered, 201 unregistered
[3.594s][info][gc,metaspace] GC(34) Metaspace: 10M used, 10M committed, 1088M reserved
[3.594s][info][gc,ref      ] GC(34) Soft: 143 encountered, 75 discovered, 0 enqueued
[3.594s][info][gc,ref      ] GC(34) Weak: 898 encountered, 521 discovered, 0 enqueued
[3.594s][info][gc,ref      ] GC(34) Final: 0 encountered, 0 discovered, 0 enqueued
[3.594s][info][gc,ref      ] GC(34) Phantom: 3 encountered, 2 discovered, 0 enqueued
[3.594s][info][gc,reloc    ] GC(34) Small Pages: 200 / 400M, Empty: 60M, Relocated: 48M, In-Place: 8
[3.594s][info][gc,reloc    ] GC(34) Medium Pages: 0 / 0M, Empty: 0M, Relocated: 0M, In-Place: 0
[3.594s][info][gc,reloc    ] GC(34) Large Pages: 0 / 0M, Empty: 0M, Relocated: 0M, In-Place: 0
[3.594s][info][gc,reloc    ] GC(34) Forwarding Usage: 26M
[3.594s][info][gc,heap     ] GC(34) Min Capacity: 8M(2%)
[3.594s][info][gc,heap     ] GC(34) Max Capacity: 400M(100%)
[3.594s][info][gc,heap     ] GC(34) Soft Max Capacity: 400M(100%)
[3.594s][info][gc,heap     ] GC(34)                Mark Start          Mark End        Relocate Start      Relocate End           High               Low         
[3.594s][info][gc,heap     ] GC(34)  Capacity:      400M (100%)        400M (100%)        400M (100%)        400M (100%)        400M (100%)        400M (100%)   
[3.594s][info][gc,heap     ] GC(34)      Free:        0M (0%)            0M (0%)            0M (0%)            0M (0%)          126M (32%)           0M (0%)     
[3.594s][info][gc,heap     ] GC(34)      Used:      400M (100%)        400M (100%)        400M (100%)        400M (100%)        400M (100%)        274M (68%)    
[3.594s][info][gc,heap     ] GC(34)      Live:         -               175M (44%)         175M (44%)         175M (44%)            -                  -          
[3.594s][info][gc,heap     ] GC(34) Allocated:         -                 0M (0%)           60M (15%)         218M (55%)            -                  -          
[3.594s][info][gc,heap     ] GC(34)   Garbage:         -               224M (56%)         164M (41%)           6M (2%)             -                  -          
[3.594s][info][gc,heap     ] GC(34) Reclaimed:         -                  -                60M (15%)         218M (55%)            -                  -          
[3.594s][info][gc          ] GC(34) Garbage Collection (Allocation Stall) 400M(100%)->400M(100%)
[3.594s][info][gc,start    ] GC(35) Garbage Collection (Allocation Stall)
[3.594s][info][gc,ref      ] GC(35) Clearing All SoftReferences
[3.594s][info][gc,task     ] GC(35) Using 4 workers
[3.594s][info][gc,ref      ] GC(35) Clearing All SoftReferences
[3.594s][info][gc,phases   ] GC(35) Pause Mark Start 0.008ms
[3.686s][info][gc,phases   ] GC(35) Concurrent Mark 92.178ms
[3.686s][info][gc,phases   ] GC(35) Pause Mark End 0.003ms
[3.686s][info][gc,phases   ] GC(35) Concurrent Mark Free 0.000ms
[3.687s][info][gc,phases   ] GC(35) Concurrent Process Non-Strong References 0.733ms
[3.687s][info][gc,phases   ] GC(35) Concurrent Reset Relocation Set 0.007ms
[3.688s][info][gc          ] Allocation Stall (pool-1-thread-2) 95.862ms
[3.688s][info][gc          ] Allocation Stall (pool-1-thread-5) 95.889ms
[3.688s][info][gc          ] Allocation Stall (pool-1-thread-7) 95.873ms
[3.688s][info][gc          ] Allocation Stall (pool-1-thread-6) 95.859ms
[3.689s][info][gc          ] Allocation Stall (pool-1-thread-8) 95.459ms
[3.688s][info][gc          ] Allocation Stall (pool-1-thread-1) 95.595ms
[3.688s][info][gc          ] Allocation Stall (pool-1-thread-9) 95.456ms
[3.688s][info][gc          ] Allocation Stall (pool-1-thread-3) 95.890ms
[3.689s][info][gc          ] Allocation Stall (pool-1-thread-4) 94.408ms
[3.690s][info][gc,phases   ] GC(35) Concurrent Select Relocation Set 2.695ms
[3.690s][info][gc,phases   ] GC(35) Pause Relocate Start 0.001ms
[3.699s][info][gc          ] Relocation Stall (pool-1-thread-1) 8.441ms
[3.699s][info][gc          ] Relocation Stall (pool-1-thread-7) 8.374ms
[3.699s][info][gc          ] Relocation Stall (pool-1-thread-2) 8.545ms
[3.699s][info][gc          ] Relocation Stall (pool-1-thread-8) 8.740ms
[3.699s][info][gc          ] Relocation Stall (pool-1-thread-6) 8.275ms
[3.699s][info][gc          ] Allocation Stall (pool-1-thread-8) 9.454ms
[3.699s][info][gc          ] Allocation Stall (pool-1-thread-6) 9.155ms
[3.699s][info][gc          ] Relocation Stall (pool-1-thread-3) 8.486ms
[3.699s][info][gc          ] Relocation Stall (pool-1-thread-4) 8.730ms
[3.699s][info][gc          ] Allocation Stall (pool-1-thread-7) 9.230ms
[3.699s][info][gc          ] Allocation Stall (pool-1-thread-1) 9.241ms
[3.699s][info][gc          ] Allocation Stall (pool-1-thread-2) 9.278ms
[3.699s][info][gc          ] Relocation Stall (pool-1-thread-9) 8.615ms
[3.699s][info][gc          ] Allocation Stall (pool-1-thread-9) 9.370ms
[3.699s][info][gc          ] Allocation Stall (pool-1-thread-3) 9.296ms
[3.699s][info][gc          ] Allocation Stall (pool-1-thread-4) 9.339ms
[3.699s][info][gc          ] Relocation Stall (pool-1-thread-5) 8.333ms
[3.699s][info][gc          ] Allocation Stall (pool-1-thread-5) 9.278ms
[3.705s][info][gc,phases   ] GC(35) Concurrent Relocate 15.405ms
[3.705s][info][gc,load     ] GC(35) Load: 0.42/0.24/0.20
[3.705s][info][gc,mmu      ] GC(35) MMU: 2ms/97.7%, 5ms/99.1%, 10ms/99.5%, 20ms/99.8%, 50ms/99.9%, 100ms/99.9%
[3.705s][info][gc,marking  ] GC(35) Mark: 4 stripe(s), 10 proactive flush(es), 1 terminate flush(es), 0 completion(s), 0 continuation(s) 
[3.705s][info][gc,marking  ] GC(35) Mark Stack Usage: 32M
[3.705s][info][gc,nmethod  ] GC(35) NMethods: 1524 registered, 201 unregistered
[3.705s][info][gc,metaspace] GC(35) Metaspace: 10M used, 10M committed, 1088M reserved
[3.705s][info][gc,ref      ] GC(35) Soft: 143 encountered, 74 discovered, 0 enqueued
[3.705s][info][gc,ref      ] GC(35) Weak: 898 encountered, 695 discovered, 0 enqueued
[3.705s][info][gc,ref      ] GC(35) Final: 0 encountered, 0 discovered, 0 enqueued
[3.705s][info][gc,ref      ] GC(35) Phantom: 3 encountered, 0 discovered, 0 enqueued
[3.705s][info][gc,reloc    ] GC(35) Small Pages: 200 / 400M, Empty: 12M, Relocated: 48M, In-Place: 4
[3.705s][info][gc,reloc    ] GC(35) Medium Pages: 0 / 0M, Empty: 0M, Relocated: 0M, In-Place: 0
[3.705s][info][gc,reloc    ] GC(35) Large Pages: 0 / 0M, Empty: 0M, Relocated: 0M, In-Place: 0
[3.705s][info][gc,reloc    ] GC(35) Forwarding Usage: 28M
[3.705s][info][gc,heap     ] GC(35) Min Capacity: 8M(2%)
[3.705s][info][gc,heap     ] GC(35) Max Capacity: 400M(100%)
[3.705s][info][gc,heap     ] GC(35) Soft Max Capacity: 400M(100%)
[3.705s][info][gc,heap     ] GC(35)                Mark Start          Mark End        Relocate Start      Relocate End           High               Low         
[3.705s][info][gc,heap     ] GC(35)  Capacity:      400M (100%)        400M (100%)        400M (100%)        400M (100%)        400M (100%)        400M (100%)   
[3.705s][info][gc,heap     ] GC(35)      Free:        0M (0%)            0M (0%)            0M (0%)           50M (12%)         178M (44%)           0M (0%)     
[3.705s][info][gc,heap     ] GC(35)      Used:      400M (100%)        400M (100%)        400M (100%)        350M (88%)         400M (100%)        222M (56%)    
[3.705s][info][gc,heap     ] GC(35)      Live:         -               190M (48%)         190M (48%)         190M (48%)            -                  -          
[3.705s][info][gc,heap     ] GC(35) Allocated:         -                 0M (0%)           12M (3%)          151M (38%)            -                  -          
[3.705s][info][gc,heap     ] GC(35)   Garbage:         -               209M (52%)         197M (49%)           8M (2%)             -                  -          
[3.705s][info][gc,heap     ] GC(35) Reclaimed:         -                  -                12M (3%)          201M (50%)            -                  -          
[3.705s][info][gc          ] GC(35) Garbage Collection (Allocation Stall) 400M(100%)->350M(88%)
[3.708s][info][gc,start    ] GC(36) Garbage Collection (Allocation Stall)
[3.708s][info][gc,ref      ] GC(36) Clearing All SoftReferences
[3.708s][info][gc,task     ] GC(36) Using 4 workers
[3.708s][info][gc,ref      ] GC(36) Clearing All SoftReferences
[3.708s][info][gc,phases   ] GC(36) Pause Mark Start 0.009ms
[3.782s][info][gc,phases   ] GC(36) Concurrent Mark 74.526ms
[3.782s][info][gc,phases   ] GC(36) Pause Mark End 0.003ms
[3.782s][info][gc,phases   ] GC(36) Concurrent Mark Free 0.000ms
[3.783s][info][gc,phases   ] GC(36) Concurrent Process Non-Strong References 0.628ms
[3.783s][info][gc,phases   ] GC(36) Concurrent Reset Relocation Set 0.007ms
[3.784s][info][gc          ] Allocation Stall (pool-1-thread-2) 76.273ms
[3.784s][info][gc          ] Allocation Stall (pool-1-thread-5) 76.277ms
[3.784s][info][gc          ] Allocation Stall (pool-1-thread-8) 74.123ms
[3.784s][info][gc          ] Allocation Stall (pool-1-thread-7) 76.229ms
[3.784s][info][gc          ] Allocation Stall (pool-1-thread-3) 76.282ms
[3.784s][info][gc          ] Allocation Stall (pool-1-thread-9) 37.775ms
[3.784s][info][gc          ] Allocation Stall (pool-1-thread-1) 76.266ms
[3.784s][info][gc          ] Allocation Stall (pool-1-thread-6) 76.250ms
[3.784s][info][gc          ] Allocation Stall (pool-1-thread-4) 76.255ms
[3.786s][info][gc,phases   ] GC(36) Concurrent Select Relocation Set 3.345ms
[3.786s][info][gc,phases   ] GC(36) Pause Relocate Start 0.001ms
[3.789s][info][gc          ] Allocation Stall (pool-1-thread-7) 0.030ms
[3.789s][info][gc          ] Allocation Stall (pool-1-thread-1) 0.035ms
[3.789s][info][gc          ] Allocation Stall (pool-1-thread-9) 0.059ms
[3.789s][info][gc          ] Allocation Stall (pool-1-thread-8) 0.070ms
[3.789s][info][gc          ] Allocation Stall (pool-1-thread-6) 0.058ms
[3.789s][info][gc          ] Allocation Stall (pool-1-thread-5) 0.106ms
[3.789s][info][gc          ] Allocation Stall (pool-1-thread-4) 0.326ms
[3.789s][info][gc          ] Allocation Stall (pool-1-thread-2) 0.359ms
[3.789s][info][gc          ] Allocation Stall (pool-1-thread-3) 0.389ms
[3.789s][info][gc          ] Allocation Stall (pool-1-thread-9) 0.290ms
[3.789s][info][gc          ] Allocation Stall (pool-1-thread-1) 0.192ms
[3.789s][info][gc          ] Allocation Stall (pool-1-thread-7) 0.249ms
[3.789s][info][gc          ] Allocation Stall (pool-1-thread-5) 0.243ms
[3.789s][info][gc          ] Allocation Stall (pool-1-thread-8) 0.244ms
[3.789s][info][gc          ] Allocation Stall (pool-1-thread-6) 0.278ms
[3.790s][info][gc          ] Allocation Stall (pool-1-thread-9) 0.329ms
[3.790s][info][gc          ] Allocation Stall (pool-1-thread-2) 0.314ms
[3.790s][info][gc          ] Allocation Stall (pool-1-thread-4) 0.230ms
[3.790s][info][gc          ] Allocation Stall (pool-1-thread-1) 0.236ms
[3.790s][info][gc          ] Allocation Stall (pool-1-thread-8) 0.230ms
[3.790s][info][gc          ] Allocation Stall (pool-1-thread-7) 0.231ms
[3.790s][info][gc          ] Allocation Stall (pool-1-thread-3) 0.372ms
[3.790s][info][gc          ] Allocation Stall (pool-1-thread-6) 0.540ms
[3.790s][info][gc          ] Allocation Stall (pool-1-thread-5) 0.543ms
[3.790s][info][gc          ] Allocation Stall (pool-1-thread-2) 0.220ms
[3.790s][info][gc          ] Allocation Stall (pool-1-thread-1) 0.217ms
[3.790s][info][gc          ] Allocation Stall (pool-1-thread-9) 0.256ms
[3.790s][info][gc          ] Allocation Stall (pool-1-thread-7) 0.275ms
[3.790s][info][gc          ] Allocation Stall (pool-1-thread-4) 0.275ms
[3.790s][info][gc          ] Allocation Stall (pool-1-thread-8) 0.322ms
[3.790s][info][gc          ] Allocation Stall (pool-1-thread-3) 0.052ms
[3.790s][info][gc          ] Allocation Stall (pool-1-thread-3) 0.143ms
[3.790s][info][gc          ] Allocation Stall (pool-1-thread-2) 0.156ms
[3.790s][info][gc          ] Allocation Stall (pool-1-thread-4) 0.159ms
[3.791s][info][gc          ] Allocation Stall (pool-1-thread-9) 0.156ms
[3.791s][info][gc          ] Allocation Stall (pool-1-thread-8) 0.155ms
[3.791s][info][gc          ] Allocation Stall (pool-1-thread-1) 0.158ms
[3.791s][info][gc          ] Allocation Stall (pool-1-thread-7) 0.158ms
[3.791s][info][gc          ] Allocation Stall (pool-1-thread-6) 0.164ms
[3.791s][info][gc          ] Allocation Stall (pool-1-thread-5) 0.291ms
[3.791s][info][gc          ] Allocation Stall (pool-1-thread-6) 0.344ms
[3.791s][info][gc          ] Allocation Stall (pool-1-thread-1) 0.387ms
[3.791s][info][gc          ] Allocation Stall (pool-1-thread-9) 0.380ms
[3.791s][info][gc          ] Allocation Stall (pool-1-thread-3) 0.383ms
[3.791s][info][gc          ] Allocation Stall (pool-1-thread-2) 0.387ms
[3.791s][info][gc          ] Allocation Stall (pool-1-thread-7) 0.389ms
[3.791s][info][gc          ] Allocation Stall (pool-1-thread-8) 0.400ms
[3.791s][info][gc          ] Allocation Stall (pool-1-thread-4) 0.568ms
[3.792s][info][gc          ] Allocation Stall (pool-1-thread-5) 0.814ms
[3.792s][info][gc          ] Allocation Stall (pool-1-thread-2) 0.560ms
[3.792s][info][gc          ] Allocation Stall (pool-1-thread-1) 0.564ms
[3.792s][info][gc          ] Allocation Stall (pool-1-thread-9) 0.569ms
[3.792s][info][gc          ] Allocation Stall (pool-1-thread-8) 0.551ms
[3.792s][info][gc          ] Allocation Stall (pool-1-thread-6) 0.549ms
[3.792s][info][gc          ] Allocation Stall (pool-1-thread-3) 0.553ms
[3.792s][info][gc          ] Allocation Stall (pool-1-thread-7) 0.311ms
[3.792s][info][gc          ] Allocation Stall (pool-1-thread-4) 0.418ms
[3.792s][info][gc          ] Allocation Stall (pool-1-thread-2) 0.587ms
[3.792s][info][gc          ] Allocation Stall (pool-1-thread-1) 0.508ms
[3.792s][info][gc          ] Allocation Stall (pool-1-thread-6) 0.510ms
[3.792s][info][gc          ] Allocation Stall (pool-1-thread-9) 0.508ms
[3.792s][info][gc          ] Allocation Stall (pool-1-thread-3) 0.506ms
[3.792s][info][gc          ] Allocation Stall (pool-1-thread-7) 0.431ms
[3.792s][info][gc          ] Allocation Stall (pool-1-thread-5) 0.447ms
[3.792s][info][gc          ] Allocation Stall (pool-1-thread-4) 0.444ms
[3.792s][info][gc          ] Allocation Stall (pool-1-thread-3) 0.041ms
[3.792s][info][gc          ] Allocation Stall (pool-1-thread-1) 0.028ms
[3.793s][info][gc          ] Allocation Stall (pool-1-thread-4) 0.357ms
[3.793s][info][gc          ] Allocation Stall (pool-1-thread-2) 0.437ms
[3.793s][info][gc          ] Allocation Stall (pool-1-thread-6) 0.412ms
[3.793s][info][gc          ] Allocation Stall (pool-1-thread-9) 0.413ms
[3.793s][info][gc          ] Allocation Stall (pool-1-thread-7) 0.412ms
[3.793s][info][gc          ] Allocation Stall (pool-1-thread-3) 0.418ms
[3.793s][info][gc          ] Allocation Stall (pool-1-thread-1) 0.420ms
[3.793s][info][gc          ] Allocation Stall (pool-1-thread-5) 0.447ms
[3.794s][info][gc          ] Allocation Stall (pool-1-thread-1) 0.341ms
[3.794s][info][gc          ] Allocation Stall (pool-1-thread-2) 0.507ms
[3.794s][info][gc          ] Allocation Stall (pool-1-thread-9) 0.630ms
[3.794s][info][gc          ] Allocation Stall (pool-1-thread-5) 0.626ms
[3.794s][info][gc          ] Allocation Stall (pool-1-thread-4) 0.626ms
[3.794s][info][gc          ] Allocation Stall (pool-1-thread-6) 0.628ms
[3.794s][info][gc          ] Allocation Stall (pool-1-thread-3) 1.000ms
[3.794s][info][gc          ] Allocation Stall (pool-1-thread-7) 1.162ms
[3.795s][info][gc          ] Allocation Stall (pool-1-thread-1) 0.923ms
[3.795s][info][gc          ] Allocation Stall (pool-1-thread-5) 1.119ms
[3.795s][info][gc          ] Allocation Stall (pool-1-thread-9) 1.045ms
[3.795s][info][gc          ] Allocation Stall (pool-1-thread-2) 1.021ms
[3.795s][info][gc          ] Allocation Stall (pool-1-thread-4) 1.026ms
[3.795s][info][gc          ] Allocation Stall (pool-1-thread-6) 1.023ms
[3.795s][info][gc          ] Allocation Stall (pool-1-thread-3) 0.539ms
[3.795s][info][gc          ] Allocation Stall (pool-1-thread-8) 0.536ms
[3.795s][info][gc          ] Allocation Stall (pool-1-thread-7) 0.345ms
[3.795s][info][gc          ] Allocation Stall (pool-1-thread-1) 0.550ms
[3.796s][info][gc          ] Allocation Stall (pool-1-thread-9) 0.577ms
[3.796s][info][gc          ] Allocation Stall (pool-1-thread-2) 0.608ms
[3.796s][info][gc          ] Allocation Stall (pool-1-thread-5) 0.550ms
[3.796s][info][gc          ] Allocation Stall (pool-1-thread-6) 0.553ms
[3.796s][info][gc          ] Allocation Stall (pool-1-thread-8) 0.546ms
[3.796s][info][gc          ] Allocation Stall (pool-1-thread-7) 0.549ms
[3.796s][info][gc          ] Allocation Stall (pool-1-thread-3) 0.748ms
[3.797s][info][gc          ] Allocation Stall (pool-1-thread-4) 1.369ms
[3.797s][info][gc          ] Allocation Stall (pool-1-thread-1) 1.589ms
[3.798s][info][gc          ] Allocation Stall (pool-1-thread-7) 2.292ms
[3.798s][info][gc,phases   ] GC(36) Concurrent Relocate 11.569ms
[3.798s][info][gc,load     ] GC(36) Load: 0.42/0.24/0.20
[3.798s][info][gc,mmu      ] GC(36) MMU: 2ms/97.7%, 5ms/99.1%, 10ms/99.5%, 20ms/99.8%, 50ms/99.9%, 100ms/99.9%
[3.798s][info][gc,marking  ] GC(36) Mark: 4 stripe(s), 6 proactive flush(es), 1 terminate flush(es), 0 completion(s), 0 continuation(s) 
[3.798s][info][gc,marking  ] GC(36) Mark Stack Usage: 32M
[3.798s][info][gc,nmethod  ] GC(36) NMethods: 1524 registered, 201 unregistered
[3.798s][info][gc,metaspace] GC(36) Metaspace: 10M used, 10M committed, 1088M reserved
[3.798s][info][gc,ref      ] GC(36) Soft: 143 encountered, 41 discovered, 0 enqueued
[3.798s][info][gc,ref      ] GC(36) Weak: 898 encountered, 98 discovered, 0 enqueued
[3.798s][info][gc,ref      ] GC(36) Final: 0 encountered, 0 discovered, 0 enqueued
[3.798s][info][gc,ref      ] GC(36) Phantom: 3 encountered, 1 discovered, 0 enqueued
[3.798s][info][gc,reloc    ] GC(36) Small Pages: 200 / 400M, Empty: 62M, Relocated: 29M, In-Place: 13
[3.798s][info][gc,reloc    ] GC(36) Medium Pages: 0 / 0M, Empty: 0M, Relocated: 0M, In-Place: 0
[3.798s][info][gc,reloc    ] GC(36) Large Pages: 0 / 0M, Empty: 0M, Relocated: 0M, In-Place: 0
[3.798s][info][gc,reloc    ] GC(36) Forwarding Usage: 18M
[3.798s][info][gc,heap     ] GC(36) Min Capacity: 8M(2%)
[3.798s][info][gc,heap     ] GC(36) Max Capacity: 400M(100%)
[3.798s][info][gc,heap     ] GC(36) Soft Max Capacity: 400M(100%)
[3.798s][info][gc,heap     ] GC(36)                Mark Start          Mark End        Relocate Start      Relocate End           High               Low         
[3.798s][info][gc,heap     ] GC(36)  Capacity:      400M (100%)        400M (100%)        400M (100%)        400M (100%)        400M (100%)        400M (100%)   
[3.798s][info][gc,heap     ] GC(36)      Free:        0M (0%)            0M (0%)           18M (4%)            0M (0%)           62M (16%)           0M (0%)     
[3.798s][info][gc,heap     ] GC(36)      Used:      400M (100%)        400M (100%)        382M (96%)         400M (100%)        400M (100%)        338M (84%)    
[3.798s][info][gc,heap     ] GC(36)      Live:         -               215M (54%)         215M (54%)         215M (54%)            -                  -          
[3.798s][info][gc,heap     ] GC(36) Allocated:         -                 0M (0%)           44M (11%)         176M (44%)            -                  -          
[3.798s][info][gc,heap     ] GC(36)   Garbage:         -               184M (46%)         122M (31%)           8M (2%)             -                  -          
[3.798s][info][gc,heap     ] GC(36) Reclaimed:         -                  -                62M (16%)         176M (44%)            -                  -          
[3.798s][info][gc          ] GC(36) Garbage Collection (Allocation Stall) 400M(100%)->400M(100%)
[3.798s][info][gc,start    ] GC(37) Garbage Collection (Allocation Stall)
[3.798s][info][gc,ref      ] GC(37) Clearing All SoftReferences
[3.798s][info][gc,task     ] GC(37) Using 4 workers
[3.798s][info][gc,ref      ] GC(37) Clearing All SoftReferences
[3.798s][info][gc,phases   ] GC(37) Pause Mark Start 0.010ms
[3.866s][info][gc,phases   ] GC(37) Concurrent Mark 68.258ms
[3.867s][info][gc,phases   ] GC(37) Pause Mark End 0.008ms
[3.867s][info][gc,phases   ] GC(37) Concurrent Mark Free 0.000ms
[3.867s][info][gc,phases   ] GC(37) Concurrent Process Non-Strong References 0.614ms
[3.867s][info][gc,phases   ] GC(37) Concurrent Reset Relocation Set 0.003ms
[3.868s][info][gc          ] Allocation Stall (pool-1-thread-6) 72.481ms
[3.868s][info][gc          ] Allocation Stall (pool-1-thread-4) 71.519ms
[3.868s][info][gc          ] Allocation Stall (pool-1-thread-8) 72.479ms
[3.868s][info][gc          ] Allocation Stall (pool-1-thread-2) 72.471ms
[3.868s][info][gc          ] Allocation Stall (pool-1-thread-9) 72.481ms
[3.868s][info][gc          ] Allocation Stall (pool-1-thread-3) 72.194ms
[3.868s][info][gc          ] Allocation Stall (pool-1-thread-5) 72.460ms
[3.868s][info][gc          ] Allocation Stall (pool-1-thread-7) 70.012ms
[3.868s][info][gc          ] Allocation Stall (pool-1-thread-1) 71.155ms
[3.869s][info][gc,phases   ] GC(37) Concurrent Select Relocation Set 2.115ms
[3.869s][info][gc,phases   ] GC(37) Pause Relocate Start 0.003ms
[3.879s][info][gc          ] Allocation Stall (pool-1-thread-2) 0.356ms
[3.880s][info][gc          ] Allocation Stall (pool-1-thread-1) 0.407ms
[3.880s][info][gc          ] Allocation Stall (pool-1-thread-3) 0.771ms
[3.881s][info][gc          ] Relocation Stall (pool-1-thread-7) 1.829ms
[3.881s][info][gc          ] Allocation Stall (pool-1-thread-6) 1.822ms
[3.881s][info][gc,phases   ] GC(37) Concurrent Relocate 11.810ms
[3.881s][info][gc,load     ] GC(37) Load: 0.42/0.24/0.20
[3.881s][info][gc,mmu      ] GC(37) MMU: 2ms/97.7%, 5ms/99.1%, 10ms/99.5%, 20ms/99.8%, 50ms/99.9%, 100ms/99.9%
[3.881s][info][gc,marking  ] GC(37) Mark: 4 stripe(s), 10 proactive flush(es), 1 terminate flush(es), 0 completion(s), 0 continuation(s) 
[3.881s][info][gc,marking  ] GC(37) Mark Stack Usage: 32M
[3.881s][info][gc,nmethod  ] GC(37) NMethods: 1524 registered, 201 unregistered
[3.881s][info][gc,metaspace] GC(37) Metaspace: 10M used, 10M committed, 1088M reserved
[3.881s][info][gc,ref      ] GC(37) Soft: 143 encountered, 39 discovered, 0 enqueued
[3.881s][info][gc,ref      ] GC(37) Weak: 898 encountered, 487 discovered, 0 enqueued
[3.881s][info][gc,ref      ] GC(37) Final: 0 encountered, 0 discovered, 0 enqueued
[3.881s][info][gc,ref      ] GC(37) Phantom: 3 encountered, 2 discovered, 0 enqueued
[3.881s][info][gc,reloc    ] GC(37) Small Pages: 200 / 400M, Empty: 94M, Relocated: 29M, In-Place: 3
[3.881s][info][gc,reloc    ] GC(37) Medium Pages: 0 / 0M, Empty: 0M, Relocated: 0M, In-Place: 0
[3.881s][info][gc,reloc    ] GC(37) Large Pages: 0 / 0M, Empty: 0M, Relocated: 0M, In-Place: 0
[3.881s][info][gc,reloc    ] GC(37) Forwarding Usage: 15M
[3.881s][info][gc,heap     ] GC(37) Min Capacity: 8M(2%)
[3.881s][info][gc,heap     ] GC(37) Max Capacity: 400M(100%)
[3.881s][info][gc,heap     ] GC(37) Soft Max Capacity: 400M(100%)
[3.881s][info][gc,heap     ] GC(37)                Mark Start          Mark End        Relocate Start      Relocate End           High               Low         
[3.881s][info][gc,heap     ] GC(37)  Capacity:      400M (100%)        400M (100%)        400M (100%)        400M (100%)        400M (100%)        400M (100%)   
[3.881s][info][gc,heap     ] GC(37)      Free:        0M (0%)            0M (0%)           78M (20%)           0M (0%)           94M (24%)           0M (0%)     
[3.881s][info][gc,heap     ] GC(37)      Used:      400M (100%)        400M (100%)        322M (80%)         400M (100%)        400M (100%)        306M (76%)    
[3.881s][info][gc,heap     ] GC(37)      Live:         -               157M (39%)         157M (39%)         157M (39%)            -                  -          
[3.881s][info][gc,heap     ] GC(37) Allocated:         -                 0M (0%)           16M (4%)          236M (59%)            -                  -          
[3.881s][info][gc,heap     ] GC(37)   Garbage:         -               242M (61%)         148M (37%)           6M (2%)             -                  -          
[3.881s][info][gc,heap     ] GC(37) Reclaimed:         -                  -                94M (24%)         236M (59%)            -                  -          
[3.881s][info][gc          ] GC(37) Garbage Collection (Allocation Stall) 400M(100%)->400M(100%)
[3.881s][info][gc,start    ] GC(38) Garbage Collection (Allocation Stall)
[3.881s][info][gc,ref      ] GC(38) Clearing All SoftReferences
[3.881s][info][gc,task     ] GC(38) Using 4 workers
[3.881s][info][gc,ref      ] GC(38) Clearing All SoftReferences
[3.881s][info][gc,phases   ] GC(38) Pause Mark Start 0.030ms
[3.950s][info][gc,phases   ] GC(38) Concurrent Mark 68.209ms
[3.950s][info][gc,phases   ] GC(38) Pause Mark End 0.006ms
[3.950s][info][gc,phases   ] GC(38) Concurrent Mark Free 0.000ms
[3.950s][info][gc,phases   ] GC(38) Concurrent Process Non-Strong References 0.762ms
[3.950s][info][gc,phases   ] GC(38) Concurrent Reset Relocation Set 0.008ms
[3.951s][info][gc          ] Allocation Stall (pool-1-thread-5) 71.952ms
[3.951s][info][gc          ] Allocation Stall (pool-1-thread-4) 71.961ms
[3.951s][info][gc          ] Allocation Stall (pool-1-thread-9) 71.996ms
[3.951s][info][gc          ] Allocation Stall (pool-1-thread-1) 71.501ms
[3.951s][info][gc          ] Allocation Stall (pool-1-thread-2) 71.486ms
[3.951s][info][gc          ] Allocation Stall (pool-1-thread-3) 71.195ms
[3.951s][info][gc          ] Allocation Stall (pool-1-thread-8) 70.784ms
[3.951s][info][gc          ] Allocation Stall (pool-1-thread-6) 69.598ms
[3.951s][info][gc          ] Allocation Stall (pool-1-thread-7) 69.382ms
[3.951s][info][gc          ] Allocation Stall (pool-1-thread-1) 0.058ms
[3.953s][info][gc,phases   ] GC(38) Concurrent Select Relocation Set 2.190ms
[3.953s][info][gc,phases   ] GC(38) Pause Relocate Start 0.001ms
[3.953s][info][gc          ] Allocation Stall (pool-1-thread-7) 1.164ms
[3.953s][info][gc          ] Allocation Stall (pool-1-thread-6) 1.122ms
[3.964s][info][gc          ] Relocation Stall (pool-1-thread-8) 10.981ms
[3.964s][info][gc          ] Relocation Stall (pool-1-thread-5) 10.958ms
[3.964s][info][gc          ] Relocation Stall (pool-1-thread-4) 10.962ms
[3.964s][info][gc          ] Relocation Stall (pool-1-thread-1) 10.973ms
[3.964s][info][gc          ] Allocation Stall (pool-1-thread-1) 12.208ms
[3.964s][info][gc          ] Relocation Stall (pool-1-thread-3) 11.000ms
[3.964s][info][gc          ] Relocation Stall (pool-1-thread-2) 10.984ms
[3.964s][info][gc          ] Allocation Stall (pool-1-thread-8) 12.217ms
[3.964s][info][gc          ] Allocation Stall (pool-1-thread-5) 12.158ms
[3.964s][info][gc          ] Allocation Stall (pool-1-thread-2) 12.302ms
[3.964s][info][gc          ] Relocation Stall (pool-1-thread-9) 10.985ms
[3.964s][info][gc          ] Allocation Stall (pool-1-thread-9) 12.298ms
[3.964s][info][gc          ] Allocation Stall (pool-1-thread-4) 12.063ms
[3.964s][info][gc          ] Allocation Stall (pool-1-thread-3) 12.297ms
[3.966s][info][gc          ] Allocation Stall (pool-1-thread-3) 0.385ms
[3.966s][info][gc,phases   ] GC(38) Concurrent Relocate 12.815ms
[3.966s][info][gc,load     ] GC(38) Load: 0.42/0.24/0.20
[3.966s][info][gc,mmu      ] GC(38) MMU: 2ms/97.7%, 5ms/99.1%, 10ms/99.5%, 20ms/99.8%, 50ms/99.9%, 100ms/99.9%
[3.966s][info][gc,marking  ] GC(38) Mark: 4 stripe(s), 7 proactive flush(es), 1 terminate flush(es), 0 completion(s), 0 continuation(s) 
[3.966s][info][gc,marking  ] GC(38) Mark Stack Usage: 32M
[3.966s][info][gc,nmethod  ] GC(38) NMethods: 1524 registered, 201 unregistered
[3.966s][info][gc,metaspace] GC(38) Metaspace: 10M used, 10M committed, 1088M reserved
[3.966s][info][gc,ref      ] GC(38) Soft: 143 encountered, 65 discovered, 0 enqueued
[3.966s][info][gc,ref      ] GC(38) Weak: 898 encountered, 752 discovered, 0 enqueued
[3.966s][info][gc,ref      ] GC(38) Final: 0 encountered, 0 discovered, 0 enqueued
[3.966s][info][gc,ref      ] GC(38) Phantom: 3 encountered, 1 discovered, 0 enqueued
[3.966s][info][gc,reloc    ] GC(38) Small Pages: 200 / 400M, Empty: 6M, Relocated: 29M, In-Place: 4
[3.966s][info][gc,reloc    ] GC(38) Medium Pages: 0 / 0M, Empty: 0M, Relocated: 0M, In-Place: 0
[3.966s][info][gc,reloc    ] GC(38) Large Pages: 0 / 0M, Empty: 0M, Relocated: 0M, In-Place: 0
[3.966s][info][gc,reloc    ] GC(38) Forwarding Usage: 24M
[3.966s][info][gc,heap     ] GC(38) Min Capacity: 8M(2%)
[3.966s][info][gc,heap     ] GC(38) Max Capacity: 400M(100%)
[3.966s][info][gc,heap     ] GC(38) Soft Max Capacity: 400M(100%)
[3.966s][info][gc,heap     ] GC(38)                Mark Start          Mark End        Relocate Start      Relocate End           High               Low         
[3.966s][info][gc,heap     ] GC(38)  Capacity:      400M (100%)        400M (100%)        400M (100%)        400M (100%)        400M (100%)        400M (100%)   
[3.966s][info][gc,heap     ] GC(38)      Free:        0M (0%)            0M (0%)            0M (0%)            0M (0%)           36M (9%)            0M (0%)     
[3.966s][info][gc,heap     ] GC(38)      Used:      400M (100%)        400M (100%)        400M (100%)        400M (100%)        400M (100%)        364M (91%)    
[3.966s][info][gc,heap     ] GC(38)      Live:         -               180M (45%)         180M (45%)         180M (45%)            -                  -          
[3.966s][info][gc,heap     ] GC(38) Allocated:         -                 0M (0%)            6M (2%)          211M (53%)            -                  -          
[3.966s][info][gc,heap     ] GC(38)   Garbage:         -               219M (55%)         213M (53%)           7M (2%)             -                  -          
[3.966s][info][gc,heap     ] GC(38) Reclaimed:         -                  -                 6M (2%)          211M (53%)            -                  -          
[3.966s][info][gc          ] GC(38) Garbage Collection (Allocation Stall) 400M(100%)->400M(100%)
[3.966s][info][gc,start    ] GC(39) Garbage Collection (Allocation Stall)
[3.966s][info][gc,ref      ] GC(39) Clearing All SoftReferences
[3.966s][info][gc,task     ] GC(39) Using 4 workers
[3.966s][info][gc,ref      ] GC(39) Clearing All SoftReferences
[3.966s][info][gc,phases   ] GC(39) Pause Mark Start 0.008ms
[4.047s][info][gc,phases   ] GC(39) Concurrent Mark 80.838ms
[4.047s][info][gc,phases   ] GC(39) Pause Mark End 0.003ms
[4.047s][info][gc,phases   ] GC(39) Concurrent Mark Free 0.000ms
[4.047s][info][gc,phases   ] GC(39) Concurrent Process Non-Strong References 0.586ms
[4.047s][info][gc,phases   ] GC(39) Concurrent Reset Relocation Set 0.008ms
[4.047s][info][gc          ] Allocation Stall (pool-1-thread-4) 81.992ms
[4.047s][info][gc          ] Allocation Stall (pool-1-thread-1) 81.993ms
[4.047s][info][gc          ] Allocation Stall (pool-1-thread-6) 81.964ms
[4.047s][info][gc          ] Allocation Stall (pool-1-thread-9) 82.046ms
[4.047s][info][gc          ] Allocation Stall (pool-1-thread-5) 81.956ms
[4.047s][info][gc          ] Allocation Stall (pool-1-thread-8) 82.038ms
[4.047s][info][gc          ] Allocation Stall (pool-1-thread-7) 81.966ms
[4.047s][info][gc          ] Allocation Stall (pool-1-thread-3) 81.539ms
[4.047s][info][gc          ] Allocation Stall (pool-1-thread-2) 81.995ms
[4.052s][info][gc,phases   ] GC(39) Concurrent Select Relocation Set 4.861ms
[4.052s][info][gc,phases   ] GC(39) Pause Relocate Start 0.002ms
[4.056s][info][gc          ] Allocation Stall (pool-1-thread-2) 0.036ms
[4.056s][info][gc          ] Allocation Stall (pool-1-thread-3) 0.213ms
[4.056s][info][gc          ] Allocation Stall (pool-1-thread-4) 0.468ms
[4.057s][info][gc          ] Relocation Stall (pool-1-thread-8) 0.800ms
[4.057s][info][gc          ] Allocation Stall (pool-1-thread-7) 0.765ms
[4.057s][info][gc          ] Allocation Stall (pool-1-thread-5) 1.215ms
[4.057s][info][gc          ] Allocation Stall (pool-1-thread-2) 1.151ms
[4.057s][info][gc          ] Allocation Stall (pool-1-thread-1) 1.141ms
[4.057s][info][gc,phases   ] GC(39) Concurrent Relocate 5.057ms
[4.057s][info][gc          ] Allocation Stall (pool-1-thread-3) 0.949ms
[4.057s][info][gc,load     ] GC(39) Load: 0.42/0.24/0.20
[4.057s][info][gc,mmu      ] GC(39) MMU: 2ms/97.7%, 5ms/99.1%, 10ms/99.5%, 20ms/99.8%, 50ms/99.9%, 100ms/99.9%
[4.057s][info][gc,marking  ] GC(39) Mark: 4 stripe(s), 10 proactive flush(es), 1 terminate flush(es), 0 completion(s), 0 continuation(s) 
[4.057s][info][gc,marking  ] GC(39) Mark Stack Usage: 32M
[4.057s][info][gc          ] Allocation Stall (pool-1-thread-6) 0.736ms
[4.057s][info][gc,nmethod  ] GC(39) NMethods: 1524 registered, 201 unregistered
[4.057s][info][gc,metaspace] GC(39) Metaspace: 10M used, 10M committed, 1088M reserved
[4.057s][info][gc,ref      ] GC(39) Soft: 143 encountered, 43 discovered, 0 enqueued
[4.057s][info][gc,ref      ] GC(39) Weak: 898 encountered, 703 discovered, 0 enqueued
[4.057s][info][gc,ref      ] GC(39) Final: 0 encountered, 0 discovered, 0 enqueued
[4.057s][info][gc,ref      ] GC(39) Phantom: 3 encountered, 2 discovered, 0 enqueued
[4.057s][info][gc,reloc    ] GC(39) Small Pages: 200 / 400M, Empty: 176M, Relocated: 10M, In-Place: 2
[4.057s][info][gc,reloc    ] GC(39) Medium Pages: 0 / 0M, Empty: 0M, Relocated: 0M, In-Place: 0
[4.057s][info][gc,reloc    ] GC(39) Large Pages: 0 / 0M, Empty: 0M, Relocated: 0M, In-Place: 0
[4.057s][info][gc,reloc    ] GC(39) Forwarding Usage: 6M
[4.057s][info][gc,heap     ] GC(39) Min Capacity: 8M(2%)
[4.057s][info][gc,heap     ] GC(39) Max Capacity: 400M(100%)
[4.057s][info][gc,heap     ] GC(39) Soft Max Capacity: 400M(100%)
[4.057s][info][gc,heap     ] GC(39)                Mark Start          Mark End        Relocate Start      Relocate End           High               Low         
[4.057s][info][gc,heap     ] GC(39)  Capacity:      400M (100%)        400M (100%)        400M (100%)        400M (100%)        400M (100%)        400M (100%)   
[4.057s][info][gc,heap     ] GC(39)      Free:        0M (0%)            0M (0%)           64M (16%)           0M (0%)          148M (37%)           0M (0%)     
[4.057s][info][gc,heap     ] GC(39)      Used:      400M (100%)        400M (100%)        336M (84%)         400M (100%)        400M (100%)        252M (63%)    
[4.057s][info][gc,heap     ] GC(39)      Live:         -               184M (46%)         184M (46%)         184M (46%)            -                  -          
[4.057s][info][gc,heap     ] GC(39) Allocated:         -                 0M (0%)          112M (28%)         206M (52%)            -                  -          
[4.057s][info][gc,heap     ] GC(39)   Garbage:         -               215M (54%)          39M (10%)           8M (2%)             -                  -          
[4.057s][info][gc,heap     ] GC(39) Reclaimed:         -                  -               176M (44%)         206M (52%)            -                  -          
[4.057s][info][gc          ] GC(39) Garbage Collection (Allocation Stall) 400M(100%)->400M(100%)
[4.057s][info][gc,start    ] GC(40) Garbage Collection (Allocation Stall)
[4.057s][info][gc,ref      ] GC(40) Clearing All SoftReferences
[4.057s][info][gc,task     ] GC(40) Using 4 workers
[4.057s][info][gc,ref      ] GC(40) Clearing All SoftReferences
[4.058s][info][gc,phases   ] GC(40) Pause Mark Start 0.009ms
[4.129s][info][gc,phases   ] GC(40) Concurrent Mark 71.020ms
[4.129s][info][gc,phases   ] GC(40) Pause Mark End 0.002ms
[4.129s][info][gc,phases   ] GC(40) Concurrent Mark Free 0.001ms
[4.129s][info][gc,phases   ] GC(40) Concurrent Process Non-Strong References 0.584ms
[4.129s][info][gc,phases   ] GC(40) Concurrent Reset Relocation Set 0.001ms
[4.130s][info][gc          ] Allocation Stall (pool-1-thread-5) 72.314ms
[4.130s][info][gc          ] Allocation Stall (pool-1-thread-7) 72.639ms
[4.130s][info][gc          ] Allocation Stall (pool-1-thread-4) 73.077ms
[4.130s][info][gc          ] Allocation Stall (pool-1-thread-2) 72.454ms
[4.130s][info][gc          ] Allocation Stall (pool-1-thread-1) 72.469ms
[4.130s][info][gc          ] Allocation Stall (pool-1-thread-3) 72.485ms
[4.130s][info][gc          ] Allocation Stall (pool-1-thread-6) 72.330ms
[4.130s][info][gc          ] Allocation Stall (pool-1-thread-8) 68.041ms
[4.131s][info][gc,phases   ] GC(40) Concurrent Select Relocation Set 1.517ms
[4.131s][info][gc,phases   ] GC(40) Pause Relocate Start 0.001ms
[4.131s][info][gc          ] Allocation Stall (pool-1-thread-4) 0.875ms
[4.131s][info][gc          ] Allocation Stall (pool-1-thread-6) 0.755ms
[4.131s][info][gc          ] Allocation Stall (pool-1-thread-7) 1.023ms
[4.131s][info][gc          ] Allocation Stall (pool-1-thread-3) 0.886ms
[4.131s][info][gc          ] Allocation Stall (pool-1-thread-5) 0.755ms
[4.131s][info][gc          ] Allocation Stall (pool-1-thread-1) 0.736ms
[4.131s][info][gc          ] Allocation Stall (pool-1-thread-2) 0.723ms
[4.131s][info][gc          ] Allocation Stall (pool-1-thread-8) 0.752ms
[4.131s][info][gc          ] Allocation Stall (pool-1-thread-9) 54.797ms
[4.136s][info][gc          ] Allocation Stall (pool-1-thread-8) 0.057ms
[4.136s][info][gc          ] Allocation Stall (pool-1-thread-7) 0.290ms
[4.136s][info][gc          ] Allocation Stall (pool-1-thread-3) 0.301ms
[4.136s][info][gc          ] Allocation Stall (pool-1-thread-1) 0.422ms
[4.136s][info][gc          ] Allocation Stall (pool-1-thread-5) 0.438ms
[4.136s][info][gc          ] Allocation Stall (pool-1-thread-6) 0.558ms
[4.136s][info][gc          ] Allocation Stall (pool-1-thread-2) 0.688ms
[4.137s][info][gc          ] Allocation Stall (pool-1-thread-4) 0.901ms
[4.137s][info][gc          ] Allocation Stall (pool-1-thread-9) 0.976ms
[4.137s][info][gc          ] Allocation Stall (pool-1-thread-7) 0.577ms
[4.137s][info][gc          ] Allocation Stall (pool-1-thread-6) 0.361ms
[4.137s][info][gc          ] Allocation Stall (pool-1-thread-3) 0.355ms
[4.137s][info][gc          ] Allocation Stall (pool-1-thread-5) 0.253ms
[4.137s][info][gc          ] Allocation Stall (pool-1-thread-1) 0.264ms
[4.137s][info][gc          ] Allocation Stall (pool-1-thread-2) 0.283ms
[4.137s][info][gc          ] Allocation Stall (pool-1-thread-6) 0.269ms
[4.137s][info][gc          ] Allocation Stall (pool-1-thread-7) 0.570ms
[4.137s][info][gc          ] Allocation Stall (pool-1-thread-4) 0.593ms
[4.137s][info][gc          ] Allocation Stall (pool-1-thread-2) 0.592ms
[4.137s][info][gc          ] Allocation Stall (pool-1-thread-3) 0.596ms
[4.137s][info][gc          ] Allocation Stall (pool-1-thread-5) 0.600ms
[4.137s][info][gc          ] Allocation Stall (pool-1-thread-9) 0.609ms
[4.137s][info][gc          ] Allocation Stall (pool-1-thread-1) 0.608ms
[4.138s][info][gc          ] Allocation Stall (pool-1-thread-6) 0.118ms
[4.138s][info][gc          ] Allocation Stall (pool-1-thread-8) 0.125ms
[4.138s][info][gc          ] Allocation Stall (pool-1-thread-7) 0.041ms
[4.138s][info][gc          ] Allocation Stall (pool-1-thread-8) 0.235ms
[4.138s][info][gc          ] Allocation Stall (pool-1-thread-7) 0.402ms
[4.138s][info][gc          ] Allocation Stall (pool-1-thread-1) 0.432ms
[4.138s][info][gc          ] Allocation Stall (pool-1-thread-9) 0.439ms
[4.138s][info][gc          ] Allocation Stall (pool-1-thread-2) 0.434ms
[4.138s][info][gc          ] Allocation Stall (pool-1-thread-4) 0.444ms
[4.138s][info][gc          ] Allocation Stall (pool-1-thread-6) 0.447ms
[4.138s][info][gc          ] Allocation Stall (pool-1-thread-3) 0.453ms
[4.138s][info][gc          ] Allocation Stall (pool-1-thread-5) 0.481ms
[4.138s][info][gc          ] Allocation Stall (pool-1-thread-8) 0.240ms
[4.139s][info][gc          ] Allocation Stall (pool-1-thread-3) 0.386ms
[4.139s][info][gc          ] Allocation Stall (pool-1-thread-5) 0.839ms
[4.139s][info][gc          ] Allocation Stall (pool-1-thread-7) 0.847ms
[4.139s][info][gc          ] Allocation Stall (pool-1-thread-1) 0.861ms
[4.139s][info][gc          ] Allocation Stall (pool-1-thread-9) 0.912ms
[4.139s][info][gc          ] Allocation Stall (pool-1-thread-2) 0.903ms
[4.139s][info][gc          ] Allocation Stall (pool-1-thread-8) 0.922ms
[4.140s][info][gc          ] Allocation Stall (pool-1-thread-4) 1.319ms
[4.140s][info][gc          ] Allocation Stall (pool-1-thread-6) 1.349ms
[4.140s][info][gc          ] Allocation Stall (pool-1-thread-3) 0.949ms
[4.140s][info][gc          ] Allocation Stall (pool-1-thread-7) 0.462ms
[4.140s][info][gc          ] Allocation Stall (pool-1-thread-5) 0.468ms
[4.140s][info][gc          ] Allocation Stall (pool-1-thread-8) 0.391ms
[4.140s][info][gc          ] Allocation Stall (pool-1-thread-1) 0.400ms
[4.140s][info][gc          ] Allocation Stall (pool-1-thread-2) 0.412ms
[4.140s][info][gc          ] Allocation Stall (pool-1-thread-9) 0.424ms
[4.140s][info][gc          ] Allocation Stall (pool-1-thread-1) 0.023ms
[4.140s][info][gc          ] Allocation Stall (pool-1-thread-3) 0.494ms
[4.140s][info][gc          ] Allocation Stall (pool-1-thread-7) 0.513ms
[4.140s][info][gc          ] Allocation Stall (pool-1-thread-5) 0.512ms
[4.140s][info][gc          ] Allocation Stall (pool-1-thread-9) 0.522ms
[4.140s][info][gc          ] Allocation Stall (pool-1-thread-2) 0.523ms
[4.140s][info][gc          ] Allocation Stall (pool-1-thread-1) 0.444ms
[4.140s][info][gc          ] Allocation Stall (pool-1-thread-8) 0.452ms
[4.140s][info][gc          ] Allocation Stall (pool-1-thread-4) 0.434ms
[4.141s][info][gc          ] Allocation Stall (pool-1-thread-6) 0.438ms
[4.141s][info][gc          ] Allocation Stall (pool-1-thread-9) 0.061ms
[4.141s][info][gc          ] Allocation Stall (pool-1-thread-3) 0.076ms
[4.141s][info][gc          ] Allocation Stall (pool-1-thread-2) 0.403ms
[4.142s][info][gc          ] Allocation Stall (pool-1-thread-3) 1.632ms
[4.142s][info][gc          ] Allocation Stall (pool-1-thread-5) 1.614ms
[4.142s][info][gc          ] Allocation Stall (pool-1-thread-4) 1.618ms
[4.142s][info][gc          ] Allocation Stall (pool-1-thread-9) 1.640ms
[4.142s][info][gc          ] Allocation Stall (pool-1-thread-1) 1.628ms
[4.142s][info][gc,phases   ] GC(40) Concurrent Relocate 11.565ms
[4.142s][info][gc          ] Allocation Stall (pool-1-thread-8) 1.637ms
[4.142s][info][gc          ] Allocation Stall (pool-1-thread-6) 1.646ms
[4.142s][info][gc,load     ] GC(40) Load: 0.42/0.24/0.20
[4.142s][info][gc,mmu      ] GC(40) MMU: 2ms/97.7%, 5ms/99.1%, 10ms/99.5%, 20ms/99.8%, 50ms/99.9%, 100ms/99.9%
[4.142s][info][gc,marking  ] GC(40) Mark: 4 stripe(s), 10 proactive flush(es), 1 terminate flush(es), 0 completion(s), 0 continuation(s) 
[4.142s][info][gc,marking  ] GC(40) Mark Stack Usage: 32M
[4.142s][info][gc,nmethod  ] GC(40) NMethods: 1524 registered, 201 unregistered
[4.142s][info][gc,metaspace] GC(40) Metaspace: 10M used, 10M committed, 1088M reserved
[4.142s][info][gc,ref      ] GC(40) Soft: 143 encountered, 66 discovered, 0 enqueued
[4.142s][info][gc,ref      ] GC(40) Weak: 898 encountered, 734 discovered, 0 enqueued
[4.142s][info][gc,ref      ] GC(40) Final: 0 encountered, 0 discovered, 0 enqueued
[4.142s][info][gc,ref      ] GC(40) Phantom: 3 encountered, 1 discovered, 0 enqueued
[4.142s][info][gc,reloc    ] GC(40) Small Pages: 200 / 400M, Empty: 6M, Relocated: 29M, In-Place: 13
[4.142s][info][gc,reloc    ] GC(40) Medium Pages: 0 / 0M, Empty: 0M, Relocated: 0M, In-Place: 0
[4.142s][info][gc,reloc    ] GC(40) Large Pages: 0 / 0M, Empty: 0M, Relocated: 0M, In-Place: 0
[4.142s][info][gc,reloc    ] GC(40) Forwarding Usage: 16M
[4.142s][info][gc,heap     ] GC(40) Min Capacity: 8M(2%)
[4.142s][info][gc          ] Allocation Stall (pool-1-thread-7) 1.637ms
[4.142s][info][gc,heap     ] GC(40) Max Capacity: 400M(100%)
[4.142s][info][gc,heap     ] GC(40) Soft Max Capacity: 400M(100%)
[4.142s][info][gc,heap     ] GC(40)                Mark Start          Mark End        Relocate Start      Relocate End           High               Low         
[4.142s][info][gc,heap     ] GC(40)  Capacity:      400M (100%)        400M (100%)        400M (100%)        400M (100%)        400M (100%)        400M (100%)   
[4.142s][info][gc,heap     ] GC(40)      Free:        0M (0%)            0M (0%)            0M (0%)            0M (0%)           46M (12%)           0M (0%)     
[4.142s][info][gc,heap     ] GC(40)      Used:      400M (100%)        400M (100%)        400M (100%)        400M (100%)        400M (100%)        354M (88%)    
[4.142s][info][gc,heap     ] GC(40)      Live:         -               214M (54%)         214M (54%)         214M (54%)            -                  -          
[4.142s][info][gc,heap     ] GC(40) Allocated:         -                 0M (0%)            6M (2%)          177M (44%)            -                  -          
[4.142s][info][gc,heap     ] GC(40)   Garbage:         -               185M (46%)         179M (45%)           8M (2%)             -                  -          
[4.142s][info][gc,heap     ] GC(40) Reclaimed:         -                  -                 6M (2%)          177M (44%)            -                  -          
[4.142s][info][gc          ] GC(40) Garbage Collection (Allocation Stall) 400M(100%)->400M(100%)
[4.142s][info][gc,start    ] GC(41) Garbage Collection (Allocation Stall)
[4.142s][info][gc,ref      ] GC(41) Clearing All SoftReferences
[4.142s][info][gc,task     ] GC(41) Using 4 workers
[4.143s][info][gc,ref      ] GC(41) Clearing All SoftReferences
[4.143s][info][gc,phases   ] GC(41) Pause Mark Start 0.010ms
[4.209s][info][gc,phases   ] GC(41) Concurrent Mark 66.512ms
[4.209s][info][gc,phases   ] GC(41) Pause Mark End 0.002ms
[4.209s][info][gc,phases   ] GC(41) Concurrent Mark Free 0.000ms
[4.210s][info][gc,phases   ] GC(41) Concurrent Process Non-Strong References 0.577ms
[4.210s][info][gc,phases   ] GC(41) Concurrent Reset Relocation Set 0.004ms
[4.210s][info][gc          ] Allocation Stall (pool-1-thread-4) 67.848ms
[4.210s][info][gc          ] Allocation Stall (pool-1-thread-9) 67.846ms
[4.210s][info][gc          ] Allocation Stall (pool-1-thread-3) 67.870ms
[4.210s][info][gc          ] Allocation Stall (pool-1-thread-6) 67.765ms
[4.210s][info][gc          ] Allocation Stall (pool-1-thread-7) 67.778ms
[4.210s][info][gc          ] Allocation Stall (pool-1-thread-2) 69.196ms
[4.210s][info][gc          ] Allocation Stall (pool-1-thread-1) 67.885ms
[4.210s][info][gc          ] Allocation Stall (pool-1-thread-8) 67.866ms
[4.210s][info][gc          ] Allocation Stall (pool-1-thread-5) 67.786ms
[4.213s][info][gc,phases   ] GC(41) Concurrent Select Relocation Set 3.811ms
[4.214s][info][gc,phases   ] GC(41) Pause Relocate Start 0.021ms
[4.218s][info][gc          ] Allocation Stall (pool-1-thread-6) 0.069ms
[4.218s][info][gc          ] Allocation Stall (pool-1-thread-2) 0.142ms
[4.218s][info][gc          ] Allocation Stall (pool-1-thread-7) 0.181ms
[4.218s][info][gc          ] Allocation Stall (pool-1-thread-1) 0.198ms
[4.218s][info][gc          ] Allocation Stall (pool-1-thread-9) 0.285ms
[4.219s][info][gc          ] Allocation Stall (pool-1-thread-7) 0.618ms
[4.219s][info][gc          ] Allocation Stall (pool-1-thread-2) 0.703ms
[4.219s][info][gc          ] Allocation Stall (pool-1-thread-1) 0.708ms
[4.219s][info][gc          ] Allocation Stall (pool-1-thread-6) 0.719ms
[4.219s][info][gc          ] Allocation Stall (pool-1-thread-9) 0.670ms
[4.219s][info][gc          ] Allocation Stall (pool-1-thread-7) 0.177ms
[4.220s][info][gc          ] Allocation Stall (pool-1-thread-1) 0.246ms
[4.220s][info][gc          ] Allocation Stall (pool-1-thread-7) 0.257ms
[4.220s][info][gc          ] Allocation Stall (pool-1-thread-9) 0.261ms
[4.220s][info][gc          ] Allocation Stall (pool-1-thread-2) 0.260ms
[4.220s][info][gc          ] Allocation Stall (pool-1-thread-6) 0.247ms
[4.220s][info][gc          ] Allocation Stall (pool-1-thread-2) 0.106ms
[4.220s][info][gc          ] Allocation Stall (pool-1-thread-1) 0.327ms
[4.221s][info][gc          ] Allocation Stall (pool-1-thread-6) 0.726ms
[4.221s][info][gc          ] Allocation Stall (pool-1-thread-9) 0.869ms
[4.221s][info][gc          ] Allocation Stall (pool-1-thread-7) 0.854ms
[4.221s][info][gc          ] Allocation Stall (pool-1-thread-2) 0.680ms
[4.221s][info][gc          ] Allocation Stall (pool-1-thread-1) 0.494ms
[4.221s][info][gc          ] Allocation Stall (pool-1-thread-7) 0.236ms
[4.221s][info][gc          ] Allocation Stall (pool-1-thread-9) 0.255ms
[4.221s][info][gc          ] Allocation Stall (pool-1-thread-2) 0.255ms
[4.221s][info][gc          ] Allocation Stall (pool-1-thread-1) 0.129ms
[4.221s][info][gc          ] Allocation Stall (pool-1-thread-6) 0.073ms
[4.221s][info][gc          ] Allocation Stall (pool-1-thread-7) 0.167ms
[4.222s][info][gc          ] Allocation Stall (pool-1-thread-9) 0.237ms
[4.222s][info][gc          ] Allocation Stall (pool-1-thread-6) 0.241ms
[4.222s][info][gc          ] Allocation Stall (pool-1-thread-2) 0.243ms
[4.222s][info][gc          ] Allocation Stall (pool-1-thread-1) 0.381ms
[4.222s][info][gc          ] Allocation Stall (pool-1-thread-2) 0.144ms
[4.222s][info][gc          ] Allocation Stall (pool-1-thread-9) 0.128ms
[4.222s][info][gc          ] Allocation Stall (pool-1-thread-7) 0.448ms
[4.222s][info][gc          ] Allocation Stall (pool-1-thread-1) 0.332ms
[4.222s][info][gc          ] Allocation Stall (pool-1-thread-6) 0.238ms
[4.222s][info][gc          ] Allocation Stall (pool-1-thread-9) 0.233ms
[4.222s][info][gc          ] Allocation Stall (pool-1-thread-2) 0.239ms
[4.222s][info][gc          ] Allocation Stall (pool-1-thread-2) 0.021ms
[4.224s][info][gc          ] Allocation Stall (pool-1-thread-6) 1.193ms
[4.224s][info][gc          ] Allocation Stall (pool-1-thread-7) 1.212ms
[4.224s][info][gc          ] Allocation Stall (pool-1-thread-9) 1.217ms
[4.224s][info][gc          ] Allocation Stall (pool-1-thread-2) 1.214ms
[4.224s][info][gc          ] Allocation Stall (pool-1-thread-1) 1.218ms
[4.224s][info][gc          ] Allocation Stall (pool-1-thread-6) 0.256ms
[4.224s][info][gc          ] Allocation Stall (pool-1-thread-9) 0.268ms
[4.224s][info][gc          ] Allocation Stall (pool-1-thread-7) 0.266ms
[4.224s][info][gc          ] Allocation Stall (pool-1-thread-1) 0.268ms
[4.224s][info][gc          ] Allocation Stall (pool-1-thread-2) 0.281ms
[4.225s][info][gc          ] Relocation Stall (pool-1-thread-3) 5.973ms
[4.225s][info][gc          ] Allocation Stall (pool-1-thread-3) 0.555ms
[4.225s][info][gc          ] Relocation Stall (pool-1-thread-8) 3.651ms
[4.225s][info][gc          ] Relocation Stall (pool-1-thread-8) 2.932ms
[4.225s][info][gc          ] Relocation Stall (pool-1-thread-4) 6.042ms
[4.225s][info][gc          ] Allocation Stall (pool-1-thread-4) 0.487ms
[4.225s][info][gc          ] Relocation Stall (pool-1-thread-5) 5.894ms
[4.225s][info][gc          ] Allocation Stall (pool-1-thread-5) 0.626ms
[4.225s][info][gc          ] Allocation Stall (pool-1-thread-9) 0.519ms
[4.225s][info][gc          ] Allocation Stall (pool-1-thread-7) 0.538ms
[4.225s][info][gc          ] Allocation Stall (pool-1-thread-6) 0.545ms
[4.225s][info][gc          ] Allocation Stall (pool-1-thread-2) 0.541ms
[4.225s][info][gc          ] Allocation Stall (pool-1-thread-1) 0.555ms
[4.226s][info][gc,phases   ] GC(41) Concurrent Relocate 12.030ms
[4.226s][info][gc,load     ] GC(41) Load: 0.42/0.24/0.20
[4.226s][info][gc,mmu      ] GC(41) MMU: 2ms/97.7%, 5ms/99.1%, 10ms/99.5%, 20ms/99.8%, 50ms/99.9%, 100ms/99.9%
[4.226s][info][gc,marking  ] GC(41) Mark: 4 stripe(s), 10 proactive flush(es), 1 terminate flush(es), 0 completion(s), 0 continuation(s) 
[4.226s][info][gc,marking  ] GC(41) Mark Stack Usage: 32M
[4.226s][info][gc,nmethod  ] GC(41) NMethods: 1524 registered, 201 unregistered
[4.226s][info][gc,metaspace] GC(41) Metaspace: 10M used, 10M committed, 1088M reserved
[4.226s][info][gc,ref      ] GC(41) Soft: 143 encountered, 39 discovered, 0 enqueued
[4.226s][info][gc,ref      ] GC(41) Weak: 898 encountered, 700 discovered, 0 enqueued
[4.226s][info][gc,ref      ] GC(41) Final: 0 encountered, 0 discovered, 0 enqueued
[4.226s][info][gc,ref      ] GC(41) Phantom: 3 encountered, 1 discovered, 0 enqueued
[4.226s][info][gc,reloc    ] GC(41) Small Pages: 200 / 400M, Empty: 100M, Relocated: 33M, In-Place: 13
[4.226s][info][gc,reloc    ] GC(41) Medium Pages: 0 / 0M, Empty: 0M, Relocated: 0M, In-Place: 0
[4.226s][info][gc,reloc    ] GC(41) Large Pages: 0 / 0M, Empty: 0M, Relocated: 0M, In-Place: 0
[4.226s][info][gc,reloc    ] GC(41) Forwarding Usage: 18M
[4.226s][info][gc,heap     ] GC(41) Min Capacity: 8M(2%)
[4.226s][info][gc,heap     ] GC(41) Max Capacity: 400M(100%)
[4.226s][info][gc,heap     ] GC(41) Soft Max Capacity: 400M(100%)
[4.226s][info][gc,heap     ] GC(41)                Mark Start          Mark End        Relocate Start      Relocate End           High               Low         
[4.226s][info][gc,heap     ] GC(41)  Capacity:      400M (100%)        400M (100%)        400M (100%)        400M (100%)        400M (100%)        400M (100%)   
[4.226s][info][gc,heap     ] GC(41)      Free:        0M (0%)            0M (0%)           26M (6%)            0M (0%)          100M (25%)           0M (0%)     
[4.226s][info][gc,heap     ] GC(41)      Used:      400M (100%)        400M (100%)        374M (94%)         400M (100%)        400M (100%)        300M (75%)    
[4.226s][info][gc,heap     ] GC(41)      Live:         -               161M (40%)         161M (40%)         161M (40%)            -                  -          
[4.226s][info][gc,heap     ] GC(41) Allocated:         -                 0M (0%)           74M (18%)         229M (57%)            -                  -          
[4.226s][info][gc,heap     ] GC(41)   Garbage:         -               238M (60%)         138M (35%)           8M (2%)             -                  -          
[4.226s][info][gc,heap     ] GC(41) Reclaimed:         -                  -               100M (25%)         229M (57%)            -                  -          
[4.226s][info][gc          ] GC(41) Garbage Collection (Allocation Stall) 400M(100%)->400M(100%)
[4.226s][info][gc,start    ] GC(42) Garbage Collection (Allocation Stall)
[4.226s][info][gc,ref      ] GC(42) Clearing All SoftReferences
[4.226s][info][gc,task     ] GC(42) Using 4 workers
[4.226s][info][gc,ref      ] GC(42) Clearing All SoftReferences
[4.226s][info][gc,phases   ] GC(42) Pause Mark Start 0.012ms
[4.303s][info][gc,phases   ] GC(42) Concurrent Mark 76.531ms
[4.303s][info][gc,phases   ] GC(42) Pause Mark End 0.004ms
[4.303s][info][gc,phases   ] GC(42) Concurrent Mark Free 0.000ms
[4.303s][info][gc,phases   ] GC(42) Concurrent Process Non-Strong References 0.679ms
[4.303s][info][gc,phases   ] GC(42) Concurrent Reset Relocation Set 0.008ms
[4.304s][info][gc          ] Allocation Stall (pool-1-thread-4) 78.806ms
[4.304s][info][gc          ] Allocation Stall (pool-1-thread-9) 78.844ms
[4.304s][info][gc          ] Allocation Stall (pool-1-thread-6) 78.836ms
[4.304s][info][gc          ] Allocation Stall (pool-1-thread-3) 78.845ms
[4.304s][info][gc          ] Allocation Stall (pool-1-thread-7) 78.834ms
[4.304s][info][gc          ] Allocation Stall (pool-1-thread-2) 78.810ms
[4.304s][info][gc          ] Allocation Stall (pool-1-thread-1) 78.818ms
[4.304s][info][gc          ] Allocation Stall (pool-1-thread-5) 78.818ms
[4.304s][info][gc          ] Allocation Stall (pool-1-thread-8) 73.099ms
[4.306s][info][gc,phases   ] GC(42) Concurrent Select Relocation Set 2.830ms
[4.306s][info][gc,phases   ] GC(42) Pause Relocate Start 0.002ms
[4.310s][info][gc          ] Relocation Stall (pool-1-thread-4) 3.571ms
[4.310s][info][gc          ] Relocation Stall (pool-1-thread-6) 3.765ms
[4.310s][info][gc          ] Relocation Stall (pool-1-thread-7) 3.805ms
[4.310s][info][gc          ] Allocation Stall (pool-1-thread-4) 4.286ms
[4.310s][info][gc          ] Relocation Stall (pool-1-thread-3) 3.814ms
[4.310s][info][gc          ] Relocation Stall (pool-1-thread-5) 3.514ms
[4.310s][info][gc          ] Relocation Stall (pool-1-thread-8) 3.631ms
[4.310s][info][gc          ] Allocation Stall (pool-1-thread-8) 4.340ms
[4.310s][info][gc          ] Relocation Stall (pool-1-thread-1) 3.667ms
[4.310s][info][gc          ] Allocation Stall (pool-1-thread-6) 4.394ms
[4.310s][info][gc          ] Relocation Stall (pool-1-thread-9) 3.817ms
[4.310s][info][gc          ] Allocation Stall (pool-1-thread-9) 4.516ms
[4.310s][info][gc          ] Allocation Stall (pool-1-thread-3) 4.417ms
[4.310s][info][gc          ] Allocation Stall (pool-1-thread-5) 4.317ms
[4.310s][info][gc          ] Relocation Stall (pool-1-thread-2) 3.664ms
[4.310s][info][gc          ] Allocation Stall (pool-1-thread-1) 4.447ms
[4.310s][info][gc          ] Allocation Stall (pool-1-thread-7) 4.413ms
[4.310s][info][gc          ] Allocation Stall (pool-1-thread-2) 4.455ms
[4.316s][info][gc          ] Allocation Stall (pool-1-thread-7) 0.338ms
[4.316s][info][gc          ] Allocation Stall (pool-1-thread-4) 0.394ms
[4.316s][info][gc          ] Allocation Stall (pool-1-thread-6) 0.416ms
[4.317s][info][gc          ] Allocation Stall (pool-1-thread-5) 0.432ms
[4.317s][info][gc          ] Allocation Stall (pool-1-thread-3) 0.441ms
[4.317s][info][gc          ] Allocation Stall (pool-1-thread-2) 0.527ms
[4.317s][info][gc          ] Allocation Stall (pool-1-thread-1) 1.029ms
[4.318s][info][gc          ] Allocation Stall (pool-1-thread-7) 1.528ms
[4.319s][info][gc          ] Allocation Stall (pool-1-thread-5) 2.285ms
[4.319s][info][gc          ] Allocation Stall (pool-1-thread-4) 2.437ms
[4.319s][info][gc          ] Relocation Stall (pool-1-thread-9) 2.905ms
[4.319s][info][gc          ] Allocation Stall (pool-1-thread-3) 2.449ms
[4.319s][info][gc          ] Allocation Stall (pool-1-thread-6) 2.469ms
[4.320s][info][gc,phases   ] GC(42) Concurrent Relocate 14.336ms
[4.320s][info][gc,load     ] GC(42) Load: 0.42/0.24/0.20
[4.320s][info][gc,mmu      ] GC(42) MMU: 2ms/97.7%, 5ms/99.1%, 10ms/99.5%, 20ms/99.8%, 50ms/99.9%, 100ms/99.9%
[4.320s][info][gc,marking  ] GC(42) Mark: 4 stripe(s), 3 proactive flush(es), 1 terminate flush(es), 0 completion(s), 0 continuation(s) 
[4.320s][info][gc,marking  ] GC(42) Mark Stack Usage: 32M
[4.320s][info][gc,nmethod  ] GC(42) NMethods: 1524 registered, 201 unregistered
[4.320s][info][gc,metaspace] GC(42) Metaspace: 10M used, 10M committed, 1088M reserved
[4.320s][info][gc,ref      ] GC(42) Soft: 143 encountered, 60 discovered, 0 enqueued
[4.320s][info][gc,ref      ] GC(42) Weak: 898 encountered, 651 discovered, 0 enqueued
[4.320s][info][gc,ref      ] GC(42) Final: 0 encountered, 0 discovered, 0 enqueued
[4.320s][info][gc,ref      ] GC(42) Phantom: 3 encountered, 1 discovered, 0 enqueued
[4.320s][info][gc,reloc    ] GC(42) Small Pages: 200 / 400M, Empty: 32M, Relocated: 41M, In-Place: 10
[4.320s][info][gc,reloc    ] GC(42) Medium Pages: 0 / 0M, Empty: 0M, Relocated: 0M, In-Place: 0
[4.321s][info][gc,reloc    ] GC(42) Large Pages: 0 / 0M, Empty: 0M, Relocated: 0M, In-Place: 0
[4.321s][info][gc,reloc    ] GC(42) Forwarding Usage: 25M
[4.321s][info][gc,heap     ] GC(42) Min Capacity: 8M(2%)
[4.321s][info][gc,heap     ] GC(42) Max Capacity: 400M(100%)
[4.321s][info][gc,heap     ] GC(42) Soft Max Capacity: 400M(100%)
[4.321s][info][gc,heap     ] GC(42)                Mark Start          Mark End        Relocate Start      Relocate End           High               Low         
[4.321s][info][gc,heap     ] GC(42)  Capacity:      400M (100%)        400M (100%)        400M (100%)        400M (100%)        400M (100%)        400M (100%)   
[4.321s][info][gc,heap     ] GC(42)      Free:        0M (0%)            0M (0%)            0M (0%)            0M (0%)          112M (28%)           0M (0%)     
[4.321s][info][gc,heap     ] GC(42)      Used:      400M (100%)        400M (100%)        400M (100%)        400M (100%)        400M (100%)        288M (72%)    
[4.321s][info][gc,heap     ] GC(42)      Live:         -               202M (51%)         202M (51%)         202M (51%)            -                  -          
[4.321s][info][gc,heap     ] GC(42) Allocated:         -                 0M (0%)           32M (8%)          191M (48%)            -                  -          
[4.321s][info][gc,heap     ] GC(42)   Garbage:         -               197M (49%)         165M (41%)           5M (1%)             -                  -          
[4.321s][info][gc,heap     ] GC(42) Reclaimed:         -                  -                32M (8%)          191M (48%)            -                  -          
[4.321s][info][gc          ] GC(42) Garbage Collection (Allocation Stall) 400M(100%)->400M(100%)
[4.321s][info][gc,start    ] GC(43) Garbage Collection (Allocation Stall)
[4.321s][info][gc,ref      ] GC(43) Clearing All SoftReferences
[4.321s][info][gc,task     ] GC(43) Using 4 workers
[4.321s][info][gc,ref      ] GC(43) Clearing All SoftReferences
[4.321s][info][gc,phases   ] GC(43) Pause Mark Start 0.011ms
[4.402s][info][gc,phases   ] GC(43) Concurrent Mark 81.510ms
[4.402s][info][gc,phases   ] GC(43) Pause Mark End 0.007ms
[4.402s][info][gc,phases   ] GC(43) Concurrent Mark Free 0.000ms
[4.403s][info][gc,phases   ] GC(43) Concurrent Process Non-Strong References 0.610ms
[4.403s][info][gc,phases   ] GC(43) Concurrent Reset Relocation Set 0.005ms
[4.404s][info][gc          ] Allocation Stall (pool-1-thread-4) 84.596ms
[4.404s][info][gc          ] Allocation Stall (pool-1-thread-7) 85.579ms
[4.404s][info][gc          ] Allocation Stall (pool-1-thread-1) 86.625ms
[4.404s][info][gc          ] Allocation Stall (pool-1-thread-9) 41.031ms
[4.404s][info][gc          ] Allocation Stall (pool-1-thread-3) 84.606ms
[4.404s][info][gc          ] Allocation Stall (pool-1-thread-5) 84.876ms
[4.404s][info][gc          ] Allocation Stall (pool-1-thread-8) 86.394ms
[4.404s][info][gc          ] Allocation Stall (pool-1-thread-6) 84.580ms
[4.404s][info][gc          ] Allocation Stall (pool-1-thread-2) 87.164ms
[4.407s][info][gc,phases   ] GC(43) Concurrent Select Relocation Set 4.102ms
[4.407s][info][gc,phases   ] GC(43) Pause Relocate Start 0.009ms
[4.408s][info][gc          ] Allocation Stall (pool-1-thread-7) 0.001ms
[4.410s][info][gc          ] Allocation Stall (pool-1-thread-6) 0.022ms
[4.410s][info][gc          ] Allocation Stall (pool-1-thread-7) 0.038ms
[4.410s][info][gc          ] Allocation Stall (pool-1-thread-9) 0.034ms
[4.410s][info][gc          ] Allocation Stall (pool-1-thread-8) 0.086ms
[4.410s][info][gc          ] Allocation Stall (pool-1-thread-7) 0.107ms
[4.410s][info][gc          ] Allocation Stall (pool-1-thread-1) 0.164ms
[4.410s][info][gc          ] Allocation Stall (pool-1-thread-6) 0.179ms
[4.410s][info][gc          ] Allocation Stall (pool-1-thread-9) 0.107ms
[4.410s][info][gc          ] Allocation Stall (pool-1-thread-4) 0.196ms
[4.410s][info][gc          ] Allocation Stall (pool-1-thread-5) 0.135ms
[4.410s][info][gc          ] Allocation Stall (pool-1-thread-3) 0.076ms
[4.410s][info][gc          ] Allocation Stall (pool-1-thread-7) 0.178ms
[4.410s][info][gc          ] Allocation Stall (pool-1-thread-6) 0.109ms
[4.410s][info][gc          ] Allocation Stall (pool-1-thread-5) 0.348ms
[4.410s][info][gc          ] Allocation Stall (pool-1-thread-6) 0.182ms
[4.410s][info][gc          ] Allocation Stall (pool-1-thread-7) 0.189ms
[4.410s][info][gc          ] Allocation Stall (pool-1-thread-1) 0.198ms
[4.410s][info][gc          ] Allocation Stall (pool-1-thread-4) 0.193ms
[4.410s][info][gc          ] Allocation Stall (pool-1-thread-9) 0.199ms
[4.410s][info][gc          ] Allocation Stall (pool-1-thread-8) 0.200ms
[4.410s][info][gc          ] Allocation Stall (pool-1-thread-3) 0.216ms
[4.411s][info][gc          ] Allocation Stall (pool-1-thread-7) 0.048ms
[4.411s][info][gc          ] Allocation Stall (pool-1-thread-1) 0.073ms
[4.411s][info][gc          ] Allocation Stall (pool-1-thread-3) 0.078ms
[4.411s][info][gc          ] Allocation Stall (pool-1-thread-9) 0.079ms
[4.411s][info][gc          ] Allocation Stall (pool-1-thread-8) 0.085ms
[4.411s][info][gc          ] Allocation Stall (pool-1-thread-6) 0.095ms
[4.411s][info][gc          ] Allocation Stall (pool-1-thread-5) 0.135ms
[4.411s][info][gc          ] Allocation Stall (pool-1-thread-4) 0.131ms
[4.411s][info][gc          ] Allocation Stall (pool-1-thread-4) 0.103ms
[4.411s][info][gc          ] Allocation Stall (pool-1-thread-6) 0.077ms
[4.411s][info][gc          ] Allocation Stall (pool-1-thread-7) 0.073ms
[4.411s][info][gc          ] Allocation Stall (pool-1-thread-9) 0.080ms
[4.411s][info][gc          ] Allocation Stall (pool-1-thread-3) 0.093ms
[4.411s][info][gc          ] Allocation Stall (pool-1-thread-7) 0.094ms
[4.411s][info][gc          ] Allocation Stall (pool-1-thread-3) 0.142ms
[4.411s][info][gc          ] Allocation Stall (pool-1-thread-5) 0.139ms
[4.411s][info][gc          ] Allocation Stall (pool-1-thread-4) 0.140ms
[4.411s][info][gc          ] Allocation Stall (pool-1-thread-9) 0.140ms
[4.411s][info][gc          ] Allocation Stall (pool-1-thread-6) 0.141ms
[4.411s][info][gc          ] Allocation Stall (pool-1-thread-8) 0.161ms
[4.411s][info][gc          ] Allocation Stall (pool-1-thread-1) 0.169ms
[4.411s][info][gc          ] Allocation Stall (pool-1-thread-7) 0.037ms
[4.412s][info][gc          ] Allocation Stall (pool-1-thread-6) 0.050ms
[4.412s][info][gc          ] Allocation Stall (pool-1-thread-9) 0.097ms
[4.412s][info][gc          ] Allocation Stall (pool-1-thread-4) 0.105ms
[4.412s][info][gc          ] Allocation Stall (pool-1-thread-7) 0.110ms
[4.412s][info][gc          ] Allocation Stall (pool-1-thread-5) 0.103ms
[4.412s][info][gc          ] Allocation Stall (pool-1-thread-1) 0.104ms
[4.412s][info][gc          ] Allocation Stall (pool-1-thread-3) 0.107ms
[4.412s][info][gc          ] Allocation Stall (pool-1-thread-7) 0.060ms
[4.412s][info][gc          ] Allocation Stall (pool-1-thread-1) 0.269ms
[4.412s][info][gc          ] Allocation Stall (pool-1-thread-5) 0.394ms
[4.412s][info][gc          ] Allocation Stall (pool-1-thread-3) 0.397ms
[4.413s][info][gc          ] Allocation Stall (pool-1-thread-9) 0.447ms
[4.413s][info][gc          ] Allocation Stall (pool-1-thread-6) 0.456ms
[4.413s][info][gc          ] Allocation Stall (pool-1-thread-4) 0.456ms
[4.413s][info][gc          ] Allocation Stall (pool-1-thread-7) 0.285ms
[4.414s][info][gc          ] Allocation Stall (pool-1-thread-4) 0.782ms
[4.414s][info][gc          ] Allocation Stall (pool-1-thread-7) 1.391ms
[4.414s][info][gc          ] Allocation Stall (pool-1-thread-5) 1.503ms
[4.414s][info][gc          ] Allocation Stall (pool-1-thread-9) 1.511ms
[4.414s][info][gc          ] Allocation Stall (pool-1-thread-3) 1.507ms
[4.414s][info][gc          ] Allocation Stall (pool-1-thread-1) 1.503ms
[4.414s][info][gc          ] Allocation Stall (pool-1-thread-6) 1.503ms
[4.415s][info][gc          ] Allocation Stall (pool-1-thread-8) 1.447ms
[4.417s][info][gc          ] Allocation Stall (pool-1-thread-4) 2.906ms
[4.417s][info][gc          ] Relocation Stall (pool-1-thread-2) 7.054ms
[4.417s][info][gc          ] Allocation Stall (pool-1-thread-2) 0.016ms
[4.417s][info][gc          ] Allocation Stall (pool-1-thread-1) 2.358ms
[4.417s][info][gc          ] Allocation Stall (pool-1-thread-9) 2.355ms
[4.417s][info][gc          ] Allocation Stall (pool-1-thread-5) 2.370ms
[4.417s][info][gc          ] Allocation Stall (pool-1-thread-3) 2.381ms
[4.417s][info][gc          ] Allocation Stall (pool-1-thread-6) 2.739ms
[4.417s][info][gc,phases   ] GC(43) Concurrent Relocate 9.960ms
[4.417s][info][gc,load     ] GC(43) Load: 0.42/0.24/0.20
[4.417s][info][gc,mmu      ] GC(43) MMU: 2ms/97.7%, 5ms/99.1%, 10ms/99.5%, 20ms/99.8%, 50ms/99.9%, 100ms/99.9%
[4.417s][info][gc,marking  ] GC(43) Mark: 4 stripe(s), 3 proactive flush(es), 1 terminate flush(es), 0 completion(s), 0 continuation(s) 
[4.417s][info][gc,marking  ] GC(43) Mark Stack Usage: 32M
[4.417s][info][gc,nmethod  ] GC(43) NMethods: 1524 registered, 201 unregistered
[4.417s][info][gc,metaspace] GC(43) Metaspace: 10M used, 10M committed, 1088M reserved
[4.417s][info][gc,ref      ] GC(43) Soft: 143 encountered, 37 discovered, 0 enqueued
[4.417s][info][gc,ref      ] GC(43) Weak: 898 encountered, 606 discovered, 0 enqueued
[4.417s][info][gc,ref      ] GC(43) Final: 0 encountered, 0 discovered, 0 enqueued
[4.417s][info][gc,ref      ] GC(43) Phantom: 3 encountered, 1 discovered, 0 enqueued
[4.417s][info][gc,reloc    ] GC(43) Small Pages: 200 / 400M, Empty: 78M, Relocated: 27M, In-Place: 11
[4.417s][info][gc,reloc    ] GC(43) Medium Pages: 0 / 0M, Empty: 0M, Relocated: 0M, In-Place: 0
[4.417s][info][gc,reloc    ] GC(43) Large Pages: 0 / 0M, Empty: 0M, Relocated: 0M, In-Place: 0
[4.417s][info][gc,reloc    ] GC(43) Forwarding Usage: 17M
[4.417s][info][gc,heap     ] GC(43) Min Capacity: 8M(2%)
[4.417s][info][gc,heap     ] GC(43) Max Capacity: 400M(100%)
[4.417s][info][gc,heap     ] GC(43) Soft Max Capacity: 400M(100%)
[4.417s][info][gc,heap     ] GC(43)                Mark Start          Mark End        Relocate Start      Relocate End           High               Low         
[4.417s][info][gc,heap     ] GC(43)  Capacity:      400M (100%)        400M (100%)        400M (100%)        400M (100%)        400M (100%)        400M (100%)   
[4.417s][info][gc,heap     ] GC(43)      Free:        0M (0%)            0M (0%)            8M (2%)            0M (0%)           78M (20%)           0M (0%)     
[4.417s][info][gc,heap     ] GC(43)      Used:      400M (100%)        400M (100%)        392M (98%)         400M (100%)        400M (100%)        322M (80%)    
[4.417s][info][gc,heap     ] GC(43)      Live:         -               197M (49%)         197M (49%)         197M (49%)            -                  -          
[4.417s][info][gc,heap     ] GC(43) Allocated:         -                 0M (0%)           70M (18%)         189M (47%)            -                  -          
[4.417s][info][gc,heap     ] GC(43)   Garbage:         -               202M (51%)         124M (31%)          12M (3%)             -                  -          
[4.417s][info][gc,heap     ] GC(43) Reclaimed:         -                  -                78M (20%)         189M (47%)            -                  -          
[4.417s][info][gc          ] GC(43) Garbage Collection (Allocation Stall) 400M(100%)->400M(100%)
[4.417s][info][gc,start    ] GC(44) Garbage Collection (Allocation Stall)
[4.417s][info][gc,ref      ] GC(44) Clearing All SoftReferences
[4.417s][info][gc,task     ] GC(44) Using 4 workers
[4.417s][info][gc,ref      ] GC(44) Clearing All SoftReferences
[4.417s][info][gc,phases   ] GC(44) Pause Mark Start 0.012ms
[4.474s][info][gc,phases   ] GC(44) Concurrent Mark 56.451ms
[4.474s][info][gc,phases   ] GC(44) Pause Mark End 0.006ms
[4.474s][info][gc,phases   ] GC(44) Concurrent Mark Free 0.000ms
[4.474s][info][gc,phases   ] GC(44) Concurrent Process Non-Strong References 0.624ms
[4.474s][info][gc,phases   ] GC(44) Concurrent Reset Relocation Set 0.003ms
[4.476s][info][gc          ] Allocation Stall (pool-1-thread-4) 58.908ms
[4.476s][info][gc          ] Allocation Stall (pool-1-thread-6) 58.073ms
[4.476s][info][gc          ] Allocation Stall (pool-1-thread-5) 58.816ms
[4.476s][info][gc          ] Allocation Stall (pool-1-thread-9) 58.924ms
[4.476s][info][gc          ] Allocation Stall (pool-1-thread-8) 60.366ms
[4.476s][info][gc          ] Allocation Stall (pool-1-thread-1) 58.822ms
[4.476s][info][gc          ] Allocation Stall (pool-1-thread-2) 58.813ms
[4.476s][info][gc          ] Allocation Stall (pool-1-thread-7) 61.273ms
[4.476s][info][gc          ] Allocation Stall (pool-1-thread-3) 58.822ms
[4.478s][info][gc,phases   ] GC(44) Concurrent Select Relocation Set 3.366ms
[4.478s][info][gc,phases   ] GC(44) Pause Relocate Start 0.003ms
[4.486s][info][gc          ] Allocation Stall (pool-1-thread-6) 0.390ms
[4.486s][info][gc          ] Allocation Stall (pool-1-thread-7) 0.404ms
[4.486s][info][gc          ] Allocation Stall (pool-1-thread-5) 0.404ms
[4.486s][info][gc          ] Allocation Stall (pool-1-thread-2) 0.411ms
[4.486s][info][gc          ] Allocation Stall (pool-1-thread-3) 0.413ms
[4.486s][info][gc          ] Allocation Stall (pool-1-thread-1) 0.426ms
[4.486s][info][gc          ] Allocation Stall (pool-1-thread-4) 0.441ms
[4.486s][info][gc          ] Allocation Stall (pool-1-thread-9) 0.439ms
[4.487s][info][gc          ] Allocation Stall (pool-1-thread-7) 0.026ms
[4.487s][info][gc          ] Allocation Stall (pool-1-thread-9) 0.383ms
[4.487s][info][gc          ] Allocation Stall (pool-1-thread-3) 0.385ms
[4.487s][info][gc          ] Allocation Stall (pool-1-thread-6) 0.391ms
[4.487s][info][gc          ] Allocation Stall (pool-1-thread-2) 0.409ms
[4.487s][info][gc          ] Allocation Stall (pool-1-thread-7) 0.456ms
[4.487s][info][gc          ] Allocation Stall (pool-1-thread-5) 0.458ms
[4.487s][info][gc          ] Allocation Stall (pool-1-thread-1) 0.424ms
[4.487s][info][gc          ] Allocation Stall (pool-1-thread-4) 0.517ms
[4.487s][info][gc          ] Allocation Stall (pool-1-thread-8) 0.468ms
[4.488s][info][gc          ] Allocation Stall (pool-1-thread-6) 0.488ms
[4.488s][info][gc,phases   ] GC(44) Concurrent Relocate 10.285ms
[4.488s][info][gc,load     ] GC(44) Load: 0.42/0.24/0.20
[4.488s][info][gc,mmu      ] GC(44) MMU: 2ms/97.7%, 5ms/99.1%, 10ms/99.5%, 20ms/99.8%, 50ms/99.9%, 100ms/99.9%
[4.488s][info][gc,marking  ] GC(44) Mark: 4 stripe(s), 10 proactive flush(es), 1 terminate flush(es), 0 completion(s), 0 continuation(s) 
[4.488s][info][gc,marking  ] GC(44) Mark Stack Usage: 32M
[4.488s][info][gc,nmethod  ] GC(44) NMethods: 1524 registered, 201 unregistered
[4.488s][info][gc,metaspace] GC(44) Metaspace: 10M used, 10M committed, 1088M reserved
[4.488s][info][gc,ref      ] GC(44) Soft: 143 encountered, 50 discovered, 0 enqueued
[4.488s][info][gc,ref      ] GC(44) Weak: 898 encountered, 599 discovered, 0 enqueued
[4.488s][info][gc,ref      ] GC(44) Final: 0 encountered, 0 discovered, 0 enqueued
[4.488s][info][gc,ref      ] GC(44) Phantom: 3 encountered, 2 discovered, 0 enqueued
[4.488s][info][gc,reloc    ] GC(44) Small Pages: 200 / 400M, Empty: 110M, Relocated: 20M, In-Place: 1
[4.488s][info][gc,reloc    ] GC(44) Medium Pages: 0 / 0M, Empty: 0M, Relocated: 0M, In-Place: 0
[4.488s][info][gc,reloc    ] GC(44) Large Pages: 0 / 0M, Empty: 0M, Relocated: 0M, In-Place: 0
[4.488s][info][gc,reloc    ] GC(44) Forwarding Usage: 10M
[4.488s][info][gc,heap     ] GC(44) Min Capacity: 8M(2%)
[4.488s][info][gc,heap     ] GC(44) Max Capacity: 400M(100%)
[4.488s][info][gc,heap     ] GC(44) Soft Max Capacity: 400M(100%)
[4.488s][info][gc,heap     ] GC(44)                Mark Start          Mark End        Relocate Start      Relocate End           High               Low         
[4.488s][info][gc,heap     ] GC(44)  Capacity:      400M (100%)        400M (100%)        400M (100%)        400M (100%)        400M (100%)        400M (100%)   
[4.488s][info][gc,heap     ] GC(44)      Free:        0M (0%)            0M (0%)           60M (15%)           0M (0%)          110M (28%)           0M (0%)     
[4.488s][info][gc,heap     ] GC(44)      Used:      400M (100%)        400M (100%)        340M (85%)         400M (100%)        400M (100%)        290M (72%)    
[4.488s][info][gc,heap     ] GC(44)      Live:         -               152M (38%)         152M (38%)         152M (38%)            -                  -          
[4.488s][info][gc,heap     ] GC(44) Allocated:         -                 0M (0%)           50M (12%)         241M (60%)            -                  -          
[4.488s][info][gc,heap     ] GC(44)   Garbage:         -               247M (62%)         137M (34%)           6M (2%)             -                  -          
[4.488s][info][gc,heap     ] GC(44) Reclaimed:         -                  -               110M (28%)         241M (60%)            -                  -          
[4.488s][info][gc          ] GC(44) Garbage Collection (Allocation Stall) 400M(100%)->400M(100%)
[4.488s][info][gc,start    ] GC(45) Garbage Collection (Allocation Stall)
[4.488s][info][gc,ref      ] GC(45) Clearing All SoftReferences
[4.488s][info][gc,task     ] GC(45) Using 4 workers
[4.488s][info][gc,ref      ] GC(45) Clearing All SoftReferences
[4.488s][info][gc,phases   ] GC(45) Pause Mark Start 0.005ms
[4.574s][info][gc,phases   ] GC(45) Concurrent Mark 86.060ms
[4.574s][info][gc,phases   ] GC(45) Pause Mark End 0.005ms
[4.574s][info][gc,phases   ] GC(45) Concurrent Mark Free 0.000ms
[4.575s][info][gc,phases   ] GC(45) Concurrent Process Non-Strong References 0.582ms
[4.575s][info][gc,phases   ] GC(45) Concurrent Reset Relocation Set 0.004ms
[4.575s][info][gc          ] Allocation Stall (pool-1-thread-1) 87.984ms
[4.575s][info][gc          ] Allocation Stall (pool-1-thread-3) 88.018ms
[4.575s][info][gc          ] Allocation Stall (pool-1-thread-7) 88.129ms
[4.575s][info][gc          ] Allocation Stall (pool-1-thread-4) 88.047ms
[4.575s][info][gc          ] Allocation Stall (pool-1-thread-9) 87.977ms
[4.575s][info][gc          ] Allocation Stall (pool-1-thread-5) 88.027ms
[4.575s][info][gc          ] Allocation Stall (pool-1-thread-6) 87.457ms
[4.575s][info][gc          ] Allocation Stall (pool-1-thread-2) 87.994ms
[4.575s][info][gc          ] Allocation Stall (pool-1-thread-8) 87.873ms
[4.578s][info][gc,phases   ] GC(45) Concurrent Select Relocation Set 3.402ms
[4.579s][info][gc,phases   ] GC(45) Pause Relocate Start 0.004ms
[4.579s][info][gc          ] Allocation Stall (pool-1-thread-2) 0.080ms
[4.579s][info][gc          ] Allocation Stall (pool-1-thread-7) 0.203ms
[4.579s][info][gc          ] Allocation Stall (pool-1-thread-6) 0.206ms
[4.579s][info][gc          ] Allocation Stall (pool-1-thread-9) 0.196ms
[4.579s][info][gc          ] Allocation Stall (pool-1-thread-8) 0.219ms
[4.579s][info][gc          ] Allocation Stall (pool-1-thread-1) 0.226ms
[4.579s][info][gc          ] Allocation Stall (pool-1-thread-4) 0.247ms
[4.579s][info][gc          ] Allocation Stall (pool-1-thread-2) 0.104ms
[4.579s][info][gc          ] Allocation Stall (pool-1-thread-4) 0.087ms
[4.579s][info][gc          ] Allocation Stall (pool-1-thread-7) 0.089ms
[4.579s][info][gc          ] Allocation Stall (pool-1-thread-6) 0.096ms
[4.579s][info][gc          ] Allocation Stall (pool-1-thread-8) 0.100ms
[4.579s][info][gc          ] Allocation Stall (pool-1-thread-9) 0.103ms
[4.579s][info][gc          ] Allocation Stall (pool-1-thread-1) 0.104ms
[4.580s][info][gc          ] Allocation Stall (pool-1-thread-6) 0.056ms
[4.580s][info][gc          ] Allocation Stall (pool-1-thread-2) 0.079ms
[4.580s][info][gc          ] Allocation Stall (pool-1-thread-8) 0.085ms
[4.580s][info][gc          ] Allocation Stall (pool-1-thread-4) 0.091ms
[4.580s][info][gc          ] Allocation Stall (pool-1-thread-9) 0.099ms
[4.580s][info][gc          ] Allocation Stall (pool-1-thread-1) 0.088ms
[4.580s][info][gc          ] Allocation Stall (pool-1-thread-8) 0.037ms
[4.580s][info][gc          ] Allocation Stall (pool-1-thread-6) 0.165ms
[4.580s][info][gc          ] Allocation Stall (pool-1-thread-7) 0.195ms
[4.580s][info][gc          ] Allocation Stall (pool-1-thread-2) 0.108ms
[4.580s][info][gc          ] Allocation Stall (pool-1-thread-4) 0.104ms
[4.580s][info][gc          ] Allocation Stall (pool-1-thread-8) 0.114ms
[4.580s][info][gc          ] Allocation Stall (pool-1-thread-1) 0.103ms
[4.581s][info][gc          ] Allocation Stall (pool-1-thread-8) 0.055ms
[4.581s][info][gc          ] Allocation Stall (pool-1-thread-2) 0.045ms
[4.581s][info][gc          ] Allocation Stall (pool-1-thread-6) 0.040ms
[4.581s][info][gc          ] Allocation Stall (pool-1-thread-4) 0.054ms
[4.581s][info][gc          ] Allocation Stall (pool-1-thread-1) 0.061ms
[4.581s][info][gc          ] Allocation Stall (pool-1-thread-4) 0.036ms
[4.581s][info][gc          ] Allocation Stall (pool-1-thread-6) 0.100ms
[4.581s][info][gc          ] Allocation Stall (pool-1-thread-8) 0.095ms
[4.581s][info][gc          ] Allocation Stall (pool-1-thread-7) 0.237ms
[4.581s][info][gc          ] Allocation Stall (pool-1-thread-1) 0.286ms
[4.581s][info][gc          ] Allocation Stall (pool-1-thread-4) 0.211ms
[4.581s][info][gc          ] Allocation Stall (pool-1-thread-6) 0.128ms
[4.581s][info][gc          ] Allocation Stall (pool-1-thread-2) 0.119ms
[4.582s][info][gc          ] Allocation Stall (pool-1-thread-2) 0.099ms
[4.582s][info][gc          ] Allocation Stall (pool-1-thread-7) 0.207ms
[4.582s][info][gc          ] Allocation Stall (pool-1-thread-4) 0.097ms
[4.582s][info][gc          ] Allocation Stall (pool-1-thread-1) 0.090ms
[4.582s][info][gc          ] Allocation Stall (pool-1-thread-6) 0.099ms
[4.582s][info][gc          ] Allocation Stall (pool-1-thread-4) 0.020ms
[4.582s][info][gc          ] Allocation Stall (pool-1-thread-6) 0.125ms
[4.582s][info][gc          ] Allocation Stall (pool-1-thread-1) 0.123ms
[4.582s][info][gc          ] Allocation Stall (pool-1-thread-2) 0.127ms
[4.583s][info][gc          ] Allocation Stall (pool-1-thread-6) 0.009ms
[4.583s][info][gc          ] Allocation Stall (pool-1-thread-4) 0.032ms
[4.583s][info][gc          ] Allocation Stall (pool-1-thread-1) 0.039ms
[4.583s][info][gc          ] Relocation Stall (pool-1-thread-9) 3.503ms
[4.584s][info][gc          ] Allocation Stall (pool-1-thread-7) 0.033ms
[4.584s][info][gc          ] Allocation Stall (pool-1-thread-4) 0.123ms
[4.584s][info][gc          ] Allocation Stall (pool-1-thread-2) 0.101ms
[4.584s][info][gc          ] Allocation Stall (pool-1-thread-4) 0.073ms
[4.584s][info][gc          ] Allocation Stall (pool-1-thread-2) 0.144ms
[4.584s][info][gc          ] Allocation Stall (pool-1-thread-7) 0.149ms
[4.584s][info][gc          ] Allocation Stall (pool-1-thread-6) 0.152ms
[4.584s][info][gc          ] Allocation Stall (pool-1-thread-9) 0.153ms
[4.584s][info][gc          ] Allocation Stall (pool-1-thread-1) 0.158ms
[4.585s][info][gc          ] Allocation Stall (pool-1-thread-9) 0.150ms
[4.585s][info][gc          ] Allocation Stall (pool-1-thread-7) 0.194ms
[4.585s][info][gc          ] Allocation Stall (pool-1-thread-1) 0.204ms
[4.585s][info][gc          ] Allocation Stall (pool-1-thread-6) 0.206ms
[4.585s][info][gc          ] Allocation Stall (pool-1-thread-4) 0.211ms
[4.585s][info][gc          ] Allocation Stall (pool-1-thread-2) 0.209ms
[4.585s][info][gc          ] Allocation Stall (pool-1-thread-6) 0.056ms
[4.585s][info][gc          ] Allocation Stall (pool-1-thread-7) 0.064ms
[4.585s][info][gc          ] Allocation Stall (pool-1-thread-9) 0.077ms
[4.585s][info][gc          ] Allocation Stall (pool-1-thread-1) 0.077ms
[4.585s][info][gc          ] Allocation Stall (pool-1-thread-2) 0.084ms
[4.585s][info][gc          ] Allocation Stall (pool-1-thread-4) 0.093ms
[4.586s][info][gc          ] Allocation Stall (pool-1-thread-1) 0.080ms
[4.586s][info][gc          ] Allocation Stall (pool-1-thread-6) 0.100ms
[4.586s][info][gc          ] Allocation Stall (pool-1-thread-9) 0.118ms
[4.586s][info][gc          ] Allocation Stall (pool-1-thread-2) 0.138ms
[4.586s][info][gc          ] Allocation Stall (pool-1-thread-7) 0.144ms
[4.586s][info][gc          ] Allocation Stall (pool-1-thread-4) 0.154ms
[4.586s][info][gc          ] Allocation Stall (pool-1-thread-8) 0.195ms
[4.586s][info][gc          ] Allocation Stall (pool-1-thread-4) 0.197ms
[4.586s][info][gc          ] Allocation Stall (pool-1-thread-2) 0.451ms
[4.586s][info][gc          ] Allocation Stall (pool-1-thread-9) 0.589ms
[4.587s][info][gc          ] Allocation Stall (pool-1-thread-8) 0.768ms
[4.587s][info][gc          ] Allocation Stall (pool-1-thread-1) 0.872ms
[4.588s][info][gc          ] Allocation Stall (pool-1-thread-6) 1.884ms
[4.588s][info][gc          ] Allocation Stall (pool-1-thread-7) 2.039ms
[4.588s][info][gc          ] Allocation Stall (pool-1-thread-4) 2.171ms
[4.588s][info][gc          ] Allocation Stall (pool-1-thread-9) 1.939ms
[4.588s][info][gc          ] Allocation Stall (pool-1-thread-2) 1.936ms
[4.589s][info][gc          ] Relocation Stall (pool-1-thread-3) 10.387ms
[4.589s][info][gc          ] Allocation Stall (pool-1-thread-3) 0.084ms
[4.589s][info][gc          ] Relocation Stall (pool-1-thread-5) 10.388ms
[4.589s][info][gc          ] Allocation Stall (pool-1-thread-5) 0.097ms
[4.589s][info][gc          ] Allocation Stall (pool-1-thread-8) 2.593ms
[4.589s][info][gc          ] Allocation Stall (pool-1-thread-1) 2.362ms
[4.589s][info][gc          ] Allocation Stall (pool-1-thread-6) 1.336ms
[4.589s][info][gc          ] Allocation Stall (pool-1-thread-7) 1.052ms
[4.590s][info][gc,phases   ] GC(45) Concurrent Relocate 11.551ms
[4.590s][info][gc,load     ] GC(45) Load: 0.42/0.24/0.20
[4.590s][info][gc,mmu      ] GC(45) MMU: 2ms/97.7%, 5ms/99.1%, 10ms/99.5%, 20ms/99.8%, 50ms/99.9%, 100ms/99.9%
[4.590s][info][gc,marking  ] GC(45) Mark: 4 stripe(s), 10 proactive flush(es), 1 terminate flush(es), 0 completion(s), 0 continuation(s) 
[4.590s][info][gc,marking  ] GC(45) Mark Stack Usage: 32M
[4.590s][info][gc,nmethod  ] GC(45) NMethods: 1524 registered, 201 unregistered
[4.590s][info][gc,metaspace] GC(45) Metaspace: 10M used, 10M committed, 1088M reserved
[4.590s][info][gc,ref      ] GC(45) Soft: 143 encountered, 49 discovered, 0 enqueued
[4.590s][info][gc,ref      ] GC(45) Weak: 898 encountered, 99 discovered, 0 enqueued
[4.590s][info][gc,ref      ] GC(45) Final: 0 encountered, 0 discovered, 0 enqueued
[4.590s][info][gc,ref      ] GC(45) Phantom: 3 encountered, 2 discovered, 0 enqueued
[4.590s][info][gc,reloc    ] GC(45) Small Pages: 200 / 400M, Empty: 70M, Relocated: 31M, In-Place: 11
[4.590s][info][gc,reloc    ] GC(45) Medium Pages: 0 / 0M, Empty: 0M, Relocated: 0M, In-Place: 0
[4.590s][info][gc,reloc    ] GC(45) Large Pages: 0 / 0M, Empty: 0M, Relocated: 0M, In-Place: 0
[4.590s][info][gc,reloc    ] GC(45) Forwarding Usage: 17M
[4.590s][info][gc,heap     ] GC(45) Min Capacity: 8M(2%)
[4.590s][info][gc,heap     ] GC(45) Max Capacity: 400M(100%)
[4.590s][info][gc,heap     ] GC(45) Soft Max Capacity: 400M(100%)
[4.590s][info][gc,heap     ] GC(45)                Mark Start          Mark End        Relocate Start      Relocate End           High               Low         
[4.590s][info][gc,heap     ] GC(45)  Capacity:      400M (100%)        400M (100%)        400M (100%)        400M (100%)        400M (100%)        400M (100%)   
[4.590s][info][gc,heap     ] GC(45)      Free:        0M (0%)            0M (0%)           10M (2%)            0M (0%)           70M (18%)           0M (0%)     
[4.590s][info][gc,heap     ] GC(45)      Used:      400M (100%)        400M (100%)        390M (98%)         400M (100%)        400M (100%)        330M (82%)    
[4.590s][info][gc,heap     ] GC(45)      Live:         -               176M (44%)         176M (44%)         176M (44%)            -                  -          
[4.590s][info][gc,heap     ] GC(45) Allocated:         -                 0M (0%)           60M (15%)         217M (54%)            -                  -          
[4.590s][info][gc,heap     ] GC(45)   Garbage:         -               223M (56%)         153M (38%)           5M (1%)             -                  -          
[4.590s][info][gc,heap     ] GC(45) Reclaimed:         -                  -                70M (18%)         217M (54%)            -                  -          
[4.590s][info][gc          ] GC(45) Garbage Collection (Allocation Stall) 400M(100%)->400M(100%)
[4.590s][info][gc,start    ] GC(46) Garbage Collection (Allocation Stall)
[4.590s][info][gc,ref      ] GC(46) Clearing All SoftReferences
[4.590s][info][gc,task     ] GC(46) Using 4 workers
[4.590s][info][gc,ref      ] GC(46) Clearing All SoftReferences
[4.590s][info][gc,phases   ] GC(46) Pause Mark Start 0.017ms
[4.676s][info][gc,phases   ] GC(46) Concurrent Mark 85.910ms
[4.676s][info][gc,phases   ] GC(46) Pause Mark End 0.005ms
[4.676s][info][gc,phases   ] GC(46) Concurrent Mark Free 0.001ms
[4.677s][info][gc,phases   ] GC(46) Concurrent Process Non-Strong References 0.599ms
[4.677s][info][gc,phases   ] GC(46) Concurrent Reset Relocation Set 0.007ms
[4.678s][info][gc          ] Allocation Stall (pool-1-thread-7) 88.305ms
[4.678s][info][gc          ] Allocation Stall (pool-1-thread-8) 88.346ms
[4.678s][info][gc          ] Allocation Stall (pool-1-thread-6) 88.336ms
[4.678s][info][gc          ] Allocation Stall (pool-1-thread-9) 89.215ms
[4.678s][info][gc          ] Allocation Stall (pool-1-thread-5) 88.311ms
[4.678s][info][gc          ] Allocation Stall (pool-1-thread-4) 89.198ms
[4.678s][info][gc          ] Allocation Stall (pool-1-thread-3) 88.336ms
[4.678s][info][gc          ] Allocation Stall (pool-1-thread-2) 89.203ms
[4.678s][info][gc          ] Allocation Stall (pool-1-thread-1) 88.325ms
[4.679s][info][gc,phases   ] GC(46) Concurrent Select Relocation Set 2.520ms
[4.679s][info][gc,phases   ] GC(46) Pause Relocate Start 0.018ms
[4.686s][info][gc          ] Allocation Stall (pool-1-thread-7) 0.151ms
[4.687s][info][gc          ] Allocation Stall (pool-1-thread-2) 0.507ms
[4.687s][info][gc          ] Relocation Stall (pool-1-thread-3) 1.014ms
[4.687s][info][gc          ] Allocation Stall (pool-1-thread-3) 0.142ms
[4.687s][info][gc          ] Allocation Stall (pool-1-thread-4) 1.119ms
[4.687s][info][gc          ] Allocation Stall (pool-1-thread-6) 1.153ms
[4.687s][info][gc          ] Allocation Stall (pool-1-thread-5) 1.172ms
[4.687s][info][gc          ] Allocation Stall (pool-1-thread-1) 1.187ms
[4.688s][info][gc          ] Relocation Stall (pool-1-thread-8) 1.595ms
[4.688s][info][gc          ] Allocation Stall (pool-1-thread-7) 1.127ms
[4.688s][info][gc          ] Allocation Stall (pool-1-thread-2) 0.905ms
[4.688s][info][gc          ] Allocation Stall (pool-1-thread-3) 0.472ms
[4.688s][info][gc          ] Allocation Stall (pool-1-thread-4) 0.476ms
[4.688s][info][gc          ] Allocation Stall (pool-1-thread-6) 0.468ms
[4.688s][info][gc          ] Allocation Stall (pool-1-thread-5) 0.338ms
[4.688s][info][gc          ] Allocation Stall (pool-1-thread-1) 0.602ms
[4.689s][info][gc          ] Relocation Stall (pool-1-thread-9) 2.314ms
[4.689s][info][gc          ] Allocation Stall (pool-1-thread-6) 1.443ms
[4.690s][info][gc,phases   ] GC(46) Concurrent Relocate 10.155ms
[4.690s][info][gc,load     ] GC(46) Load: 0.42/0.24/0.20
[4.690s][info][gc,mmu      ] GC(46) MMU: 2ms/97.7%, 5ms/99.1%, 10ms/99.5%, 20ms/99.8%, 50ms/99.9%, 100ms/99.9%
[4.690s][info][gc,marking  ] GC(46) Mark: 4 stripe(s), 10 proactive flush(es), 1 terminate flush(es), 0 completion(s), 0 continuation(s) 
[4.690s][info][gc,marking  ] GC(46) Mark Stack Usage: 32M
[4.690s][info][gc,nmethod  ] GC(46) NMethods: 1524 registered, 201 unregistered
[4.690s][info][gc,metaspace] GC(46) Metaspace: 10M used, 10M committed, 1088M reserved
[4.690s][info][gc,ref      ] GC(46) Soft: 143 encountered, 52 discovered, 0 enqueued
[4.690s][info][gc,ref      ] GC(46) Weak: 898 encountered, 161 discovered, 0 enqueued
[4.690s][info][gc,ref      ] GC(46) Final: 0 encountered, 0 discovered, 0 enqueued
[4.690s][info][gc,ref      ] GC(46) Phantom: 3 encountered, 0 discovered, 0 enqueued
[4.690s][info][gc,reloc    ] GC(46) Small Pages: 200 / 400M, Empty: 90M, Relocated: 26M, In-Place: 5
[4.690s][info][gc,reloc    ] GC(46) Medium Pages: 0 / 0M, Empty: 0M, Relocated: 0M, In-Place: 0
[4.690s][info][gc,reloc    ] GC(46) Large Pages: 0 / 0M, Empty: 0M, Relocated: 0M, In-Place: 0
[4.690s][info][gc,reloc    ] GC(46) Forwarding Usage: 15M
[4.690s][info][gc,heap     ] GC(46) Min Capacity: 8M(2%)
[4.690s][info][gc,heap     ] GC(46) Max Capacity: 400M(100%)
[4.690s][info][gc,heap     ] GC(46) Soft Max Capacity: 400M(100%)
[4.690s][info][gc,heap     ] GC(46)                Mark Start          Mark End        Relocate Start      Relocate End           High               Low         
[4.690s][info][gc,heap     ] GC(46)  Capacity:      400M (100%)        400M (100%)        400M (100%)        400M (100%)        400M (100%)        400M (100%)   
[4.690s][info][gc,heap     ] GC(46)      Free:        0M (0%)            0M (0%)           56M (14%)           0M (0%)           90M (22%)           0M (0%)     
[4.690s][info][gc,heap     ] GC(46)      Used:      400M (100%)        400M (100%)        344M (86%)         400M (100%)        400M (100%)        310M (78%)    
[4.690s][info][gc,heap     ] GC(46)      Live:         -               196M (49%)         196M (49%)         196M (49%)            -                  -          
[4.690s][info][gc,heap     ] GC(46) Allocated:         -                 0M (0%)           34M (8%)          195M (49%)            -                  -          
[4.690s][info][gc,heap     ] GC(46)   Garbage:         -               203M (51%)         113M (28%)           8M (2%)             -                  -          
[4.690s][info][gc,heap     ] GC(46) Reclaimed:         -                  -                90M (22%)         195M (49%)            -                  -          
[4.690s][info][gc          ] GC(46) Garbage Collection (Allocation Stall) 400M(100%)->400M(100%)
[4.690s][info][gc,start    ] GC(47) Garbage Collection (Allocation Stall)
[4.690s][info][gc,ref      ] GC(47) Clearing All SoftReferences
[4.690s][info][gc,task     ] GC(47) Using 4 workers
[4.690s][info][gc,ref      ] GC(47) Clearing All SoftReferences
[4.690s][info][gc,phases   ] GC(47) Pause Mark Start 0.005ms
[4.762s][info][gc,phases   ] GC(47) Concurrent Mark 72.361ms
[4.762s][info][gc,phases   ] GC(47) Pause Mark End 0.003ms
[4.762s][info][gc,phases   ] GC(47) Concurrent Mark Free 0.000ms
[4.763s][info][gc,phases   ] GC(47) Concurrent Process Non-Strong References 0.613ms
[4.763s][info][gc,phases   ] GC(47) Concurrent Reset Relocation Set 0.003ms
[4.764s][info][gc          ] Allocation Stall (pool-1-thread-7) 75.607ms
[4.764s][info][gc          ] Allocation Stall (pool-1-thread-4) 75.607ms
[4.764s][info][gc          ] Allocation Stall (pool-1-thread-5) 75.605ms
[4.764s][info][gc          ] Allocation Stall (pool-1-thread-9) 47.919ms
[4.764s][info][gc          ] Allocation Stall (pool-1-thread-1) 75.200ms
[4.764s][info][gc          ] Allocation Stall (pool-1-thread-3) 75.580ms
[4.764s][info][gc          ] Allocation Stall (pool-1-thread-8) 69.831ms
[4.764s][info][gc          ] Allocation Stall (pool-1-thread-2) 75.707ms
[4.764s][info][gc          ] Allocation Stall (pool-1-thread-6) 73.954ms
[4.765s][info][gc,phases   ] GC(47) Concurrent Select Relocation Set 1.998ms
[4.765s][info][gc,phases   ] GC(47) Pause Relocate Start 0.001ms
[4.765s][info][gc          ] Allocation Stall (pool-1-thread-6) 0.379ms
[4.765s][info][gc          ] Allocation Stall (pool-1-thread-8) 0.569ms
[4.771s][info][gc          ] Relocation Stall (pool-1-thread-1) 6.082ms
[4.771s][info][gc          ] Relocation Stall (pool-1-thread-5) 6.073ms
[4.771s][info][gc          ] Allocation Stall (pool-1-thread-1) 6.713ms
[4.771s][info][gc          ] Relocation Stall (pool-1-thread-2) 6.071ms
[4.771s][info][gc          ] Relocation Stall (pool-1-thread-4) 6.111ms
[4.771s][info][gc          ] Relocation Stall (pool-1-thread-9) 6.101ms
[4.771s][info][gc          ] Allocation Stall (pool-1-thread-4) 6.792ms
[4.771s][info][gc          ] Allocation Stall (pool-1-thread-9) 6.745ms
[4.771s][info][gc          ] Relocation Stall (pool-1-thread-7) 6.139ms
[4.771s][info][gc          ] Relocation Stall (pool-1-thread-3) 6.105ms
[4.771s][info][gc          ] Allocation Stall (pool-1-thread-5) 6.669ms
[4.771s][info][gc          ] Allocation Stall (pool-1-thread-3) 6.772ms
[4.771s][info][gc          ] Allocation Stall (pool-1-thread-2) 6.695ms
[4.774s][info][gc          ] Allocation Stall (pool-1-thread-1) 0.015ms
[4.774s][info][gc,phases   ] GC(47) Concurrent Relocate 9.449ms
[4.774s][info][gc,load     ] GC(47) Load: 0.42/0.24/0.20
[4.774s][info][gc,mmu      ] GC(47) MMU: 2ms/97.7%, 5ms/99.1%, 10ms/99.5%, 20ms/99.8%, 50ms/99.9%, 100ms/99.9%
[4.774s][info][gc,marking  ] GC(47) Mark: 4 stripe(s), 9 proactive flush(es), 1 terminate flush(es), 0 completion(s), 0 continuation(s) 
[4.774s][info][gc,marking  ] GC(47) Mark Stack Usage: 32M
[4.774s][info][gc,nmethod  ] GC(47) NMethods: 1524 registered, 201 unregistered
[4.774s][info][gc,metaspace] GC(47) Metaspace: 10M used, 10M committed, 1088M reserved
[4.774s][info][gc,ref      ] GC(47) Soft: 143 encountered, 42 discovered, 0 enqueued
[4.774s][info][gc,ref      ] GC(47) Weak: 898 encountered, 389 discovered, 0 enqueued
[4.774s][info][gc,ref      ] GC(47) Final: 0 encountered, 0 discovered, 0 enqueued
[4.774s][info][gc,ref      ] GC(47) Phantom: 3 encountered, 1 discovered, 0 enqueued
[4.774s][info][gc,reloc    ] GC(47) Small Pages: 200 / 400M, Empty: 16M, Relocated: 22M, In-Place: 6
[4.774s][info][gc,reloc    ] GC(47) Medium Pages: 0 / 0M, Empty: 0M, Relocated: 0M, In-Place: 0
[4.774s][info][gc,reloc    ] GC(47) Large Pages: 0 / 0M, Empty: 0M, Relocated: 0M, In-Place: 0
[4.774s][info][gc,reloc    ] GC(47) Forwarding Usage: 14M
[4.774s][info][gc,heap     ] GC(47) Min Capacity: 8M(2%)
[4.774s][info][gc,heap     ] GC(47) Max Capacity: 400M(100%)
[4.774s][info][gc,heap     ] GC(47) Soft Max Capacity: 400M(100%)
[4.774s][info][gc,heap     ] GC(47)                Mark Start          Mark End        Relocate Start      Relocate End           High               Low         
[4.774s][info][gc,heap     ] GC(47)  Capacity:      400M (100%)        400M (100%)        400M (100%)        400M (100%)        400M (100%)        400M (100%)   
[4.774s][info][gc,heap     ] GC(47)      Free:        0M (0%)            0M (0%)            0M (0%)            0M (0%)           66M (16%)           0M (0%)     
[4.774s][info][gc,heap     ] GC(47)      Used:      400M (100%)        400M (100%)        400M (100%)        400M (100%)        400M (100%)        334M (84%)    
[4.774s][info][gc,heap     ] GC(47)      Live:         -               214M (54%)         214M (54%)         214M (54%)            -                  -          
[4.774s][info][gc,heap     ] GC(47) Allocated:         -                 0M (0%)           16M (4%)          173M (43%)            -                  -          
[4.774s][info][gc,heap     ] GC(47)   Garbage:         -               185M (46%)         169M (42%)          11M (3%)             -                  -          
[4.774s][info][gc,heap     ] GC(47) Reclaimed:         -                  -                16M (4%)          173M (43%)            -                  -          
[4.774s][info][gc          ] GC(47) Garbage Collection (Allocation Stall) 400M(100%)->400M(100%)
[4.774s][info][gc,start    ] GC(48) Garbage Collection (Allocation Stall)
[4.774s][info][gc,ref      ] GC(48) Clearing All SoftReferences
[4.774s][info][gc,task     ] GC(48) Using 4 workers
[4.774s][info][gc,ref      ] GC(48) Clearing All SoftReferences
[4.774s][info][gc,phases   ] GC(48) Pause Mark Start 0.003ms
[4.830s][info][gc,phases   ] GC(48) Concurrent Mark 55.149ms
[4.830s][info][gc,phases   ] GC(48) Pause Mark End 0.005ms
[4.830s][info][gc,phases   ] GC(48) Concurrent Mark Free 0.000ms
[4.830s][info][gc,phases   ] GC(48) Concurrent Process Non-Strong References 0.554ms
[4.830s][info][gc,phases   ] GC(48) Concurrent Reset Relocation Set 0.004ms
[4.830s][info][gc          ] Allocation Stall (pool-1-thread-5) 56.480ms
[4.830s][info][gc          ] Allocation Stall (pool-1-thread-9) 56.496ms
[4.830s][info][gc          ] Allocation Stall (pool-1-thread-4) 56.487ms
[4.830s][info][gc          ] Allocation Stall (pool-1-thread-1) 56.517ms
[4.830s][info][gc          ] Allocation Stall (pool-1-thread-2) 56.516ms
[4.830s][info][gc          ] Allocation Stall (pool-1-thread-6) 56.510ms
[4.830s][info][gc          ] Allocation Stall (pool-1-thread-8) 56.117ms
[4.830s][info][gc          ] Allocation Stall (pool-1-thread-7) 56.491ms
[4.830s][info][gc          ] Allocation Stall (pool-1-thread-3) 56.627ms
[4.832s][info][gc,phases   ] GC(48) Concurrent Select Relocation Set 1.966ms
[4.832s][info][gc,phases   ] GC(48) Pause Relocate Start 0.001ms
[4.841s][info][gc,phases   ] GC(48) Concurrent Relocate 8.718ms
[4.841s][info][gc,load     ] GC(48) Load: 0.42/0.24/0.20
[4.841s][info][gc,mmu      ] GC(48) MMU: 2ms/97.7%, 5ms/99.1%, 10ms/99.5%, 20ms/99.8%, 50ms/99.9%, 100ms/99.9%
[4.841s][info][gc,marking  ] GC(48) Mark: 4 stripe(s), 1 proactive flush(es), 1 terminate flush(es), 0 completion(s), 0 continuation(s) 
[4.841s][info][gc,marking  ] GC(48) Mark Stack Usage: 32M
[4.841s][info][gc,nmethod  ] GC(48) NMethods: 1524 registered, 201 unregistered
[4.841s][info][gc,metaspace] GC(48) Metaspace: 10M used, 10M committed, 1088M reserved
[4.841s][info][gc,ref      ] GC(48) Soft: 143 encountered, 50 discovered, 0 enqueued
[4.841s][info][gc,ref      ] GC(48) Weak: 898 encountered, 415 discovered, 0 enqueued
[4.841s][info][gc,ref      ] GC(48) Final: 0 encountered, 0 discovered, 0 enqueued
[4.841s][info][gc,ref      ] GC(48) Phantom: 3 encountered, 2 discovered, 0 enqueued
[4.841s][info][gc,reloc    ] GC(48) Small Pages: 200 / 400M, Empty: 170M, Relocated: 14M, In-Place: 0
[4.841s][info][gc,reloc    ] GC(48) Medium Pages: 0 / 0M, Empty: 0M, Relocated: 0M, In-Place: 0
[4.841s][info][gc,reloc    ] GC(48) Large Pages: 0 / 0M, Empty: 0M, Relocated: 0M, In-Place: 0
[4.841s][info][gc,reloc    ] GC(48) Forwarding Usage: 8M
[4.841s][info][gc,heap     ] GC(48) Min Capacity: 8M(2%)
[4.841s][info][gc,heap     ] GC(48) Max Capacity: 400M(100%)
[4.841s][info][gc,heap     ] GC(48) Soft Max Capacity: 400M(100%)
[4.841s][info][gc,heap     ] GC(48)                Mark Start          Mark End        Relocate Start      Relocate End           High               Low         
[4.841s][info][gc,heap     ] GC(48)  Capacity:      400M (100%)        400M (100%)        400M (100%)        400M (100%)        400M (100%)        400M (100%)   
[4.841s][info][gc,heap     ] GC(48)      Free:        0M (0%)            0M (0%)          124M (31%)           8M (2%)          156M (39%)           0M (0%)     
[4.841s][info][gc,heap     ] GC(48)      Used:      400M (100%)        400M (100%)        276M (69%)         392M (98%)         400M (100%)        244M (61%)    
[4.841s][info][gc,heap     ] GC(48)      Live:         -               142M (36%)         142M (36%)         142M (36%)            -                  -          
[4.841s][info][gc,heap     ] GC(48) Allocated:         -                 0M (0%)           46M (12%)         243M (61%)            -                  -          
[4.841s][info][gc,heap     ] GC(48)   Garbage:         -               257M (64%)          87M (22%)           5M (1%)             -                  -          
[4.841s][info][gc,heap     ] GC(48) Reclaimed:         -                  -               170M (42%)         251M (63%)            -                  -          
[4.841s][info][gc          ] GC(48) Garbage Collection (Allocation Stall) 400M(100%)->392M(98%)
[4.841s][info][gc,start    ] GC(49) Garbage Collection (Allocation Stall)
[4.841s][info][gc,ref      ] GC(49) Clearing All SoftReferences
[4.841s][info][gc,task     ] GC(49) Using 4 workers
[4.841s][info][gc,ref      ] GC(49) Clearing All SoftReferences
[4.841s][info][gc,phases   ] GC(49) Pause Mark Start 0.031ms
[4.905s][info][gc,phases   ] GC(49) Concurrent Mark 63.883ms
[4.905s][info][gc,phases   ] GC(49) Pause Mark End 0.005ms
[4.905s][info][gc,phases   ] GC(49) Concurrent Mark Free 0.000ms
[4.906s][info][gc,phases   ] GC(49) Concurrent Process Non-Strong References 0.620ms
[4.906s][info][gc,phases   ] GC(49) Concurrent Reset Relocation Set 0.004ms
[4.907s][info][gc          ] Allocation Stall (pool-1-thread-9) 65.482ms
[4.907s][info][gc          ] Allocation Stall (pool-1-thread-8) 64.646ms
[4.907s][info][gc          ] Allocation Stall (pool-1-thread-2) 65.651ms
[4.907s][info][gc          ] Allocation Stall (pool-1-thread-3) 65.489ms
[4.907s][info][gc          ] Allocation Stall (pool-1-thread-5) 65.488ms
[4.907s][info][gc          ] Allocation Stall (pool-1-thread-1) 65.488ms
[4.907s][info][gc          ] Allocation Stall (pool-1-thread-7) 65.489ms
[4.907s][info][gc          ] Allocation Stall (pool-1-thread-6) 65.496ms
[4.907s][info][gc          ] Allocation Stall (pool-1-thread-4) 65.491ms
[4.909s][info][gc,phases   ] GC(49) Concurrent Select Relocation Set 3.150ms
[4.909s][info][gc,phases   ] GC(49) Pause Relocate Start 0.001ms
[4.910s][info][gc          ] Allocation Stall (pool-1-thread-6) 1.660ms
[4.910s][info][gc          ] Allocation Stall (pool-1-thread-7) 1.641ms
[4.920s][info][gc          ] Relocation Stall (pool-1-thread-8) 9.726ms
[4.920s][info][gc          ] Relocation Stall (pool-1-thread-9) 9.757ms
[4.920s][info][gc          ] Relocation Stall (pool-1-thread-5) 9.953ms
[4.920s][info][gc          ] Relocation Stall (pool-1-thread-4) 9.814ms
[4.920s][info][gc          ] Relocation Stall (pool-1-thread-2) 9.974ms
[4.920s][info][gc          ] Relocation Stall (pool-1-thread-3) 9.987ms
[4.920s][info][gc          ] Allocation Stall (pool-1-thread-8) 11.333ms
[4.920s][info][gc          ] Allocation Stall (pool-1-thread-3) 11.626ms
[4.920s][info][gc          ] Allocation Stall (pool-1-thread-9) 11.419ms
[4.920s][info][gc          ] Allocation Stall (pool-1-thread-5) 11.514ms
[4.920s][info][gc          ] Allocation Stall (pool-1-thread-4) 11.518ms
[4.920s][info][gc          ] Allocation Stall (pool-1-thread-2) 11.595ms
[4.920s][info][gc          ] Relocation Stall (pool-1-thread-1) 9.835ms
[4.920s][info][gc          ] Allocation Stall (pool-1-thread-1) 11.774ms
[4.921s][info][gc          ] Allocation Stall (pool-1-thread-5) 0.298ms
[4.921s][info][gc          ] Allocation Stall (pool-1-thread-3) 0.315ms
[4.921s][info][gc          ] Allocation Stall (pool-1-thread-6) 0.336ms
[4.921s][info][gc          ] Allocation Stall (pool-1-thread-7) 0.352ms
[4.921s][info][gc          ] Allocation Stall (pool-1-thread-8) 0.367ms
[4.921s][info][gc          ] Allocation Stall (pool-1-thread-9) 0.524ms
[4.922s][info][gc          ] Allocation Stall (pool-1-thread-2) 1.053ms
[4.922s][info][gc          ] Allocation Stall (pool-1-thread-4) 1.143ms
[4.922s][info][gc          ] Allocation Stall (pool-1-thread-1) 1.158ms
[4.922s][info][gc          ] Allocation Stall (pool-1-thread-3) 0.842ms
[4.922s][info][gc          ] Allocation Stall (pool-1-thread-8) 0.729ms
[4.922s][info][gc          ] Allocation Stall (pool-1-thread-5) 0.796ms
[4.922s][info][gc          ] Allocation Stall (pool-1-thread-6) 0.731ms
[4.922s][info][gc          ] Allocation Stall (pool-1-thread-9) 0.774ms
[4.922s][info][gc          ] Allocation Stall (pool-1-thread-7) 0.790ms
[4.922s][info][gc          ] Allocation Stall (pool-1-thread-1) 0.235ms
[4.924s][info][gc,phases   ] GC(49) Concurrent Relocate 14.536ms
[4.924s][info][gc,load     ] GC(49) Load: 0.42/0.24/0.20
[4.924s][info][gc,mmu      ] GC(49) MMU: 2ms/97.7%, 5ms/99.1%, 10ms/99.5%, 20ms/99.8%, 50ms/99.9%, 100ms/99.9%
[4.924s][info][gc,marking  ] GC(49) Mark: 4 stripe(s), 4 proactive flush(es), 1 terminate flush(es), 0 completion(s), 0 continuation(s) 
[4.924s][info][gc,marking  ] GC(49) Mark Stack Usage: 32M
[4.924s][info][gc,nmethod  ] GC(49) NMethods: 1523 registered, 202 unregistered
[4.924s][info][gc,metaspace] GC(49) Metaspace: 10M used, 10M committed, 1088M reserved
[4.924s][info][gc,ref      ] GC(49) Soft: 143 encountered, 41 discovered, 0 enqueued
[4.924s][info][gc,ref      ] GC(49) Weak: 898 encountered, 8 discovered, 0 enqueued
[4.924s][info][gc,ref      ] GC(49) Final: 0 encountered, 0 discovered, 0 enqueued
[4.924s][info][gc,ref      ] GC(49) Phantom: 3 encountered, 2 discovered, 0 enqueued
[4.924s][info][gc,reloc    ] GC(49) Small Pages: 200 / 400M, Empty: 22M, Relocated: 50M, In-Place: 9
[4.924s][info][gc,reloc    ] GC(49) Medium Pages: 0 / 0M, Empty: 0M, Relocated: 0M, In-Place: 0
[4.924s][info][gc,reloc    ] GC(49) Large Pages: 0 / 0M, Empty: 0M, Relocated: 0M, In-Place: 0
[4.924s][info][gc,reloc    ] GC(49) Forwarding Usage: 27M
[4.924s][info][gc,heap     ] GC(49) Min Capacity: 8M(2%)
[4.924s][info][gc,heap     ] GC(49) Max Capacity: 400M(100%)
[4.924s][info][gc,heap     ] GC(49) Soft Max Capacity: 400M(100%)
[4.924s][info][gc,heap     ] GC(49)                Mark Start          Mark End        Relocate Start      Relocate End           High               Low         
[4.924s][info][gc,heap     ] GC(49)  Capacity:      400M (100%)        400M (100%)        400M (100%)        400M (100%)        400M (100%)        400M (100%)   
[4.924s][info][gc,heap     ] GC(49)      Free:        0M (0%)            0M (0%)            0M (0%)            0M (0%)           44M (11%)           0M (0%)     
[4.924s][info][gc,heap     ] GC(49)      Used:      400M (100%)        400M (100%)        400M (100%)        400M (100%)        400M (100%)        356M (89%)    
[4.924s][info][gc,heap     ] GC(49)      Live:         -               184M (46%)         184M (46%)         184M (46%)            -                  -          
[4.924s][info][gc,heap     ] GC(49) Allocated:         -                 0M (0%)           22M (6%)          207M (52%)            -                  -          
[4.924s][info][gc,heap     ] GC(49)   Garbage:         -               215M (54%)         193M (48%)           7M (2%)             -                  -          
[4.924s][info][gc,heap     ] GC(49) Reclaimed:         -                  -                22M (6%)          207M (52%)            -                  -          
[4.924s][info][gc          ] GC(49) Garbage Collection (Allocation Stall) 400M(100%)->400M(100%)
[4.924s][info][gc,start    ] GC(50) Garbage Collection (Allocation Stall)
[4.924s][info][gc,ref      ] GC(50) Clearing All SoftReferences
[4.924s][info][gc,task     ] GC(50) Using 4 workers
[4.924s][info][gc,ref      ] GC(50) Clearing All SoftReferences
[4.924s][info][gc,phases   ] GC(50) Pause Mark Start 0.016ms
[5.011s][info][gc,phases   ] GC(50) Concurrent Mark 86.680ms
[5.011s][info][gc,phases   ] GC(50) Pause Mark End 0.005ms
[5.011s][info][gc,phases   ] GC(50) Concurrent Mark Free 0.001ms
[5.011s][info][gc,phases   ] GC(50) Concurrent Process Non-Strong References 0.569ms
[5.011s][info][gc,phases   ] GC(50) Concurrent Reset Relocation Set 0.004ms
[5.011s][info][gc          ] Allocation Stall (pool-1-thread-9) 89.099ms
[5.011s][info][gc          ] Allocation Stall (pool-1-thread-3) 89.269ms
[5.011s][info][gc          ] Allocation Stall (pool-1-thread-2) 89.266ms
[5.011s][info][gc          ] Allocation Stall (pool-1-thread-4) 89.250ms
[5.011s][info][gc          ] Allocation Stall (pool-1-thread-5) 89.104ms
[5.011s][info][gc          ] Allocation Stall (pool-1-thread-6) 88.852ms
[5.011s][info][gc          ] Allocation Stall (pool-1-thread-8) 89.269ms
[5.011s][info][gc          ] Allocation Stall (pool-1-thread-1) 88.839ms
[5.011s][info][gc          ] Allocation Stall (pool-1-thread-7) 88.836ms
[5.014s][info][gc,phases   ] GC(50) Concurrent Select Relocation Set 2.762ms
[5.014s][info][gc,phases   ] GC(50) Pause Relocate Start 0.034ms
[5.020s][info][gc          ] Allocation Stall (pool-1-thread-5) 0.065ms
[5.020s][info][gc          ] Allocation Stall (pool-1-thread-9) 0.333ms
[5.020s][info][gc          ] Allocation Stall (pool-1-thread-4) 0.369ms
[5.020s][info][gc          ] Allocation Stall (pool-1-thread-7) 0.360ms
[5.020s][info][gc          ] Allocation Stall (pool-1-thread-2) 0.371ms
[5.020s][info][gc          ] Allocation Stall (pool-1-thread-6) 0.383ms
[5.021s][info][gc          ] Allocation Stall (pool-1-thread-1) 0.680ms
[5.021s][info][gc          ] Allocation Stall (pool-1-thread-3) 0.903ms
[5.021s][info][gc          ] Allocation Stall (pool-1-thread-5) 1.308ms
[5.022s][info][gc          ] Relocation Stall (pool-1-thread-8) 2.073ms
[5.022s][info][gc          ] Allocation Stall (pool-1-thread-2) 1.560ms
[5.022s][info][gc          ] Allocation Stall (pool-1-thread-7) 1.621ms
[5.022s][info][gc          ] Allocation Stall (pool-1-thread-9) 1.623ms
[5.022s][info][gc          ] Allocation Stall (pool-1-thread-4) 1.632ms
[5.022s][info][gc          ] Allocation Stall (pool-1-thread-6) 1.640ms
[5.023s][info][gc          ] Allocation Stall (pool-1-thread-1) 2.008ms
[5.024s][info][gc          ] Allocation Stall (pool-1-thread-3) 2.801ms
[5.024s][info][gc          ] Allocation Stall (pool-1-thread-5) 2.883ms
[5.024s][info][gc,phases   ] GC(50) Concurrent Relocate 10.148ms
[5.024s][info][gc,load     ] GC(50) Load: 0.42/0.24/0.20
[5.024s][info][gc,mmu      ] GC(50) MMU: 2ms/97.7%, 5ms/99.1%, 10ms/99.5%, 20ms/99.8%, 50ms/99.9%, 100ms/99.9%
[5.024s][info][gc,marking  ] GC(50) Mark: 4 stripe(s), 10 proactive flush(es), 1 terminate flush(es), 0 completion(s), 0 continuation(s) 
[5.024s][info][gc,marking  ] GC(50) Mark Stack Usage: 32M
[5.024s][info][gc,nmethod  ] GC(50) NMethods: 1523 registered, 202 unregistered
[5.024s][info][gc,metaspace] GC(50) Metaspace: 10M used, 10M committed, 1088M reserved
[5.025s][info][gc,ref      ] GC(50) Soft: 143 encountered, 39 discovered, 0 enqueued
[5.025s][info][gc,ref      ] GC(50) Weak: 898 encountered, 77 discovered, 0 enqueued
[5.025s][info][gc,ref      ] GC(50) Final: 0 encountered, 0 discovered, 0 enqueued
[5.025s][info][gc,ref      ] GC(50) Phantom: 3 encountered, 2 discovered, 0 enqueued
[5.025s][info][gc,reloc    ] GC(50) Small Pages: 200 / 400M, Empty: 146M, Relocated: 27M, In-Place: 7
[5.025s][info][gc,reloc    ] GC(50) Medium Pages: 0 / 0M, Empty: 0M, Relocated: 0M, In-Place: 0
[5.025s][info][gc,reloc    ] GC(50) Large Pages: 0 / 0M, Empty: 0M, Relocated: 0M, In-Place: 0
[5.025s][info][gc,reloc    ] GC(50) Forwarding Usage: 18M
[5.025s][info][gc,heap     ] GC(50) Min Capacity: 8M(2%)
[5.025s][info][gc,heap     ] GC(50) Max Capacity: 400M(100%)
[5.025s][info][gc,heap     ] GC(50) Soft Max Capacity: 400M(100%)
[5.025s][info][gc,heap     ] GC(50)                Mark Start          Mark End        Relocate Start      Relocate End           High               Low         
[5.025s][info][gc,heap     ] GC(50)  Capacity:      400M (100%)        400M (100%)        400M (100%)        400M (100%)        400M (100%)        400M (100%)   
[5.025s][info][gc,heap     ] GC(50)      Free:        0M (0%)            0M (0%)           86M (22%)           0M (0%)          132M (33%)           0M (0%)     
[5.025s][info][gc,heap     ] GC(50)      Used:      400M (100%)        400M (100%)        314M (78%)         400M (100%)        400M (100%)        268M (67%)    
[5.025s][info][gc,heap     ] GC(50)      Live:         -               179M (45%)         179M (45%)         179M (45%)            -                  -          
[5.025s][info][gc,heap     ] GC(50) Allocated:         -                 0M (0%)           60M (15%)         209M (52%)            -                  -          
[5.025s][info][gc,heap     ] GC(50)   Garbage:         -               220M (55%)          74M (19%)          11M (3%)             -                  -          
[5.025s][info][gc,heap     ] GC(50) Reclaimed:         -                  -               146M (36%)         209M (52%)            -                  -          
[5.025s][info][gc          ] GC(50) Garbage Collection (Allocation Stall) 400M(100%)->400M(100%)
[5.025s][info][gc,start    ] GC(51) Garbage Collection (Allocation Stall)
[5.025s][info][gc,ref      ] GC(51) Clearing All SoftReferences
[5.025s][info][gc,task     ] GC(51) Using 4 workers
[5.025s][info][gc,ref      ] GC(51) Clearing All SoftReferences
[5.025s][info][gc,phases   ] GC(51) Pause Mark Start 0.013ms
[5.103s][info][gc,phases   ] GC(51) Concurrent Mark 78.773ms
[5.103s][info][gc,phases   ] GC(51) Pause Mark End 0.005ms
[5.103s][info][gc,phases   ] GC(51) Concurrent Mark Free 0.001ms
[5.104s][info][gc,phases   ] GC(51) Concurrent Process Non-Strong References 0.586ms
[5.104s][info][gc,phases   ] GC(51) Concurrent Reset Relocation Set 0.003ms
[5.104s][info][gc          ] Allocation Stall (pool-1-thread-7) 82.521ms
[5.104s][info][gc          ] Allocation Stall (pool-1-thread-1) 81.374ms
[5.104s][info][gc          ] Allocation Stall (pool-1-thread-2) 82.436ms
[5.104s][info][gc          ] Allocation Stall (pool-1-thread-6) 82.406ms
[5.104s][info][gc          ] Allocation Stall (pool-1-thread-4) 82.446ms
[5.105s][info][gc          ] Allocation Stall (pool-1-thread-8) 76.623ms
[5.104s][info][gc          ] Allocation Stall (pool-1-thread-3) 80.471ms
[5.105s][info][gc          ] Allocation Stall (pool-1-thread-9) 48.361ms
[5.104s][info][gc          ] Allocation Stall (pool-1-thread-5) 79.826ms
[5.106s][info][gc,phases   ] GC(51) Concurrent Select Relocation Set 2.290ms
[5.106s][info][gc,phases   ] GC(51) Pause Relocate Start 0.001ms
[5.113s][info][gc          ] Relocation Stall (pool-1-thread-5) 5.869ms
[5.113s][info][gc          ] Relocation Stall (pool-1-thread-7) 5.754ms
[5.113s][info][gc          ] Relocation Stall (pool-1-thread-1) 5.987ms
[5.113s][info][gc          ] Relocation Stall (pool-1-thread-2) 6.053ms
[5.113s][info][gc          ] Allocation Stall (pool-1-thread-1) 7.469ms
[5.113s][info][gc          ] Allocation Stall (pool-1-thread-2) 7.518ms
[5.113s][info][gc          ] Relocation Stall (pool-1-thread-9) 5.977ms
[5.113s][info][gc          ] Relocation Stall (pool-1-thread-3) 5.789ms
[5.113s][info][gc          ] Allocation Stall (pool-1-thread-9) 7.503ms
[5.113s][info][gc          ] Allocation Stall (pool-1-thread-3) 7.440ms
[5.113s][info][gc          ] Allocation Stall (pool-1-thread-7) 7.112ms
[5.113s][info][gc          ] Relocation Stall (pool-1-thread-6) 5.752ms
[5.113s][info][gc          ] Allocation Stall (pool-1-thread-6) 7.368ms
[5.113s][info][gc          ] Relocation Stall (pool-1-thread-8) 6.023ms
[5.113s][info][gc          ] Allocation Stall (pool-1-thread-5) 7.396ms
[5.113s][info][gc          ] Relocation Stall (pool-1-thread-4) 6.179ms
[5.113s][info][gc          ] Allocation Stall (pool-1-thread-8) 7.625ms
[5.113s][info][gc          ] Allocation Stall (pool-1-thread-4) 7.660ms
[5.120s][info][gc          ] Allocation Stall (pool-1-thread-2) 0.977ms
[5.121s][info][gc,phases   ] GC(51) Concurrent Relocate 15.077ms
[5.122s][info][gc,load     ] GC(51) Load: 0.42/0.24/0.20
[5.122s][info][gc,mmu      ] GC(51) MMU: 2ms/97.7%, 5ms/99.1%, 10ms/99.5%, 20ms/99.7%, 50ms/99.9%, 100ms/99.9%
[5.122s][info][gc,marking  ] GC(51) Mark: 4 stripe(s), 10 proactive flush(es), 1 terminate flush(es), 0 completion(s), 0 continuation(s) 
[5.122s][info][gc,marking  ] GC(51) Mark Stack Usage: 32M
[5.122s][info][gc,nmethod  ] GC(51) NMethods: 1523 registered, 202 unregistered
[5.122s][info][gc,metaspace] GC(51) Metaspace: 10M used, 10M committed, 1088M reserved
[5.122s][info][gc,ref      ] GC(51) Soft: 143 encountered, 40 discovered, 0 enqueued
[5.122s][info][gc,ref      ] GC(51) Weak: 898 encountered, 279 discovered, 0 enqueued
[5.122s][info][gc,ref      ] GC(51) Final: 0 encountered, 0 discovered, 0 enqueued
[5.122s][info][gc,ref      ] GC(51) Phantom: 3 encountered, 2 discovered, 0 enqueued
[5.122s][info][gc,reloc    ] GC(51) Small Pages: 200 / 400M, Empty: 14M, Relocated: 43M, In-Place: 8
[5.122s][info][gc,reloc    ] GC(51) Medium Pages: 0 / 0M, Empty: 0M, Relocated: 0M, In-Place: 0
[5.122s][info][gc,reloc    ] GC(51) Large Pages: 0 / 0M, Empty: 0M, Relocated: 0M, In-Place: 0
[5.122s][info][gc,reloc    ] GC(51) Forwarding Usage: 28M
[5.122s][info][gc,heap     ] GC(51) Min Capacity: 8M(2%)
[5.122s][info][gc,heap     ] GC(51) Max Capacity: 400M(100%)
[5.122s][info][gc,heap     ] GC(51) Soft Max Capacity: 400M(100%)
[5.122s][info][gc,heap     ] GC(51)                Mark Start          Mark End        Relocate Start      Relocate End           High               Low         
[5.122s][info][gc,heap     ] GC(51)  Capacity:      400M (100%)        400M (100%)        400M (100%)        400M (100%)        400M (100%)        400M (100%)   
[5.122s][info][gc,heap     ] GC(51)      Free:        0M (0%)            0M (0%)            0M (0%)            0M (0%)          136M (34%)           0M (0%)     
[5.122s][info][gc,heap     ] GC(51)      Used:      400M (100%)        400M (100%)        400M (100%)        400M (100%)        400M (100%)        264M (66%)    
[5.122s][info][gc,heap     ] GC(51)      Live:         -               214M (54%)         214M (54%)         214M (54%)            -                  -          
[5.122s][info][gc,heap     ] GC(51) Allocated:         -                 0M (0%)           14M (4%)          174M (44%)            -                  -          
[5.122s][info][gc,heap     ] GC(51)   Garbage:         -               185M (46%)         171M (43%)          11M (3%)             -                  -          
[5.122s][info][gc,heap     ] GC(51) Reclaimed:         -                  -                14M (4%)          174M (44%)            -                  -          
[5.122s][info][gc          ] GC(51) Garbage Collection (Allocation Stall) 400M(100%)->400M(100%)
[5.122s][info][gc,start    ] GC(52) Garbage Collection (Allocation Stall)
[5.122s][info][gc,ref      ] GC(52) Clearing All SoftReferences
[5.122s][info][gc,task     ] GC(52) Using 4 workers
[5.122s][info][gc,ref      ] GC(52) Clearing All SoftReferences
[5.122s][info][gc,phases   ] GC(52) Pause Mark Start 0.015ms
[5.178s][info][gc,phases   ] GC(52) Concurrent Mark 56.550ms
[5.178s][info][gc,phases   ] GC(52) Pause Mark End 0.004ms
[5.178s][info][gc,phases   ] GC(52) Concurrent Mark Free 0.001ms
[5.179s][info][gc,phases   ] GC(52) Concurrent Process Non-Strong References 0.575ms
[5.179s][info][gc,phases   ] GC(52) Concurrent Reset Relocation Set 0.006ms
[5.179s][info][gc          ] Allocation Stall (pool-1-thread-6) 59.974ms
[5.179s][info][gc          ] Allocation Stall (pool-1-thread-4) 59.975ms
[5.179s][info][gc          ] Allocation Stall (pool-1-thread-3) 59.926ms
[5.179s][info][gc          ] Allocation Stall (pool-1-thread-7) 59.936ms
[5.179s][info][gc          ] Allocation Stall (pool-1-thread-1) 59.968ms
[5.179s][info][gc          ] Allocation Stall (pool-1-thread-5) 59.936ms
[5.179s][info][gc          ] Allocation Stall (pool-1-thread-8) 59.085ms
[5.179s][info][gc          ] Allocation Stall (pool-1-thread-2) 58.653ms
[5.179s][info][gc          ] Allocation Stall (pool-1-thread-9) 59.919ms
[5.182s][info][gc,phases   ] GC(52) Concurrent Select Relocation Set 3.225ms
[5.182s][info][gc,phases   ] GC(52) Pause Relocate Start 0.003ms
[5.190s][info][gc          ] Allocation Stall (pool-1-thread-6) 0.203ms
[5.192s][info][gc          ] Relocation Stall (pool-1-thread-2) 0.699ms
[5.192s][info][gc          ] Allocation Stall (pool-1-thread-2) 0.834ms
[5.192s][info][gc          ] Allocation Stall (pool-1-thread-7) 1.534ms
[5.192s][info][gc          ] Allocation Stall (pool-1-thread-1) 1.547ms
[5.192s][info][gc          ] Allocation Stall (pool-1-thread-3) 1.550ms
[5.192s][info][gc          ] Allocation Stall (pool-1-thread-4) 1.572ms
[5.192s][info][gc          ] Allocation Stall (pool-1-thread-9) 1.779ms
[5.192s][info][gc,phases   ] GC(52) Concurrent Relocate 9.977ms
[5.192s][info][gc,load     ] GC(52) Load: 0.42/0.24/0.20
[5.192s][info][gc,mmu      ] GC(52) MMU: 2ms/97.7%, 5ms/99.1%, 10ms/99.5%, 20ms/99.7%, 50ms/99.9%, 100ms/99.9%
[5.192s][info][gc,marking  ] GC(52) Mark: 4 stripe(s), 2 proactive flush(es), 1 terminate flush(es), 0 completion(s), 0 continuation(s) 
[5.192s][info][gc,marking  ] GC(52) Mark Stack Usage: 32M
[5.192s][info][gc,nmethod  ] GC(52) NMethods: 1523 registered, 202 unregistered
[5.192s][info][gc,metaspace] GC(52) Metaspace: 10M used, 10M committed, 1088M reserved
[5.192s][info][gc,ref      ] GC(52) Soft: 143 encountered, 46 discovered, 0 enqueued
[5.192s][info][gc,ref      ] GC(52) Weak: 898 encountered, 178 discovered, 0 enqueued
[5.192s][info][gc,ref      ] GC(52) Final: 0 encountered, 0 discovered, 0 enqueued
[5.192s][info][gc,ref      ] GC(52) Phantom: 3 encountered, 2 discovered, 0 enqueued
[5.192s][info][gc,reloc    ] GC(52) Small Pages: 200 / 400M, Empty: 104M, Relocated: 23M, In-Place: 4
[5.192s][info][gc,reloc    ] GC(52) Medium Pages: 0 / 0M, Empty: 0M, Relocated: 0M, In-Place: 0
[5.192s][info][gc,reloc    ] GC(52) Large Pages: 0 / 0M, Empty: 0M, Relocated: 0M, In-Place: 0
[5.192s][info][gc,reloc    ] GC(52) Forwarding Usage: 13M
[5.192s][info][gc,heap     ] GC(52) Min Capacity: 8M(2%)
[5.192s][info][gc,heap     ] GC(52) Max Capacity: 400M(100%)
[5.192s][info][gc,heap     ] GC(52) Soft Max Capacity: 400M(100%)
[5.192s][info][gc,heap     ] GC(52)                Mark Start          Mark End        Relocate Start      Relocate End           High               Low         
[5.192s][info][gc,heap     ] GC(52)  Capacity:      400M (100%)        400M (100%)        400M (100%)        400M (100%)        400M (100%)        400M (100%)   
[5.192s][info][gc,heap     ] GC(52)      Free:        0M (0%)            0M (0%)           44M (11%)           0M (0%)          104M (26%)           0M (0%)     
[5.192s][info][gc,heap     ] GC(52)      Used:      400M (100%)        400M (100%)        356M (89%)         400M (100%)        400M (100%)        296M (74%)    
[5.192s][info][gc,heap     ] GC(52)      Live:         -               151M (38%)         151M (38%)         151M (38%)            -                  -          
[5.192s][info][gc,heap     ] GC(52) Allocated:         -                 0M (0%)           60M (15%)         241M (60%)            -                  -          
[5.192s][info][gc,heap     ] GC(52)   Garbage:         -               248M (62%)         144M (36%)           6M (2%)             -                  -          
[5.192s][info][gc,heap     ] GC(52) Reclaimed:         -                  -               104M (26%)         241M (60%)            -                  -          
[5.192s][info][gc          ] GC(52) Garbage Collection (Allocation Stall) 400M(100%)->400M(100%)
[5.192s][info][gc,start    ] GC(53) Garbage Collection (Allocation Stall)
[5.192s][info][gc,ref      ] GC(53) Clearing All SoftReferences
[5.192s][info][gc,task     ] GC(53) Using 4 workers
[5.192s][info][gc,ref      ] GC(53) Clearing All SoftReferences
[5.192s][info][gc,phases   ] GC(53) Pause Mark Start 0.010ms
[5.271s][info][gc,phases   ] GC(53) Concurrent Mark 78.802ms
[5.271s][info][gc,phases   ] GC(53) Pause Mark End 0.006ms
[5.271s][info][gc,phases   ] GC(53) Concurrent Mark Free 0.001ms
[5.272s][info][gc,phases   ] GC(53) Concurrent Process Non-Strong References 0.645ms
[5.272s][info][gc,phases   ] GC(53) Concurrent Reset Relocation Set 0.006ms
[5.273s][info][gc          ] Allocation Stall (pool-1-thread-5) 82.280ms
[5.273s][info][gc          ] Allocation Stall (pool-1-thread-7) 80.741ms
[5.273s][info][gc          ] Allocation Stall (pool-1-thread-9) 80.302ms
[5.273s][info][gc          ] Allocation Stall (pool-1-thread-2) 80.737ms
[5.273s][info][gc          ] Allocation Stall (pool-1-thread-3) 80.610ms
[5.273s][info][gc          ] Allocation Stall (pool-1-thread-8) 81.683ms
[5.273s][info][gc          ] Allocation Stall (pool-1-thread-4) 80.633ms
[5.273s][info][gc          ] Allocation Stall (pool-1-thread-1) 80.608ms
[5.273s][info][gc          ] Allocation Stall (pool-1-thread-6) 81.971ms
[5.275s][info][gc,phases   ] GC(53) Concurrent Select Relocation Set 2.829ms
[5.275s][info][gc,phases   ] GC(53) Pause Relocate Start 0.002ms
[5.276s][info][gc          ] Relocation Stall (pool-1-thread-3) 1.123ms
[5.276s][info][gc          ] Relocation Stall (pool-1-thread-9) 0.796ms
[5.276s][info][gc          ] Relocation Stall (pool-1-thread-4) 0.970ms
[5.276s][info][gc          ] Relocation Stall (pool-1-thread-5) 0.943ms
[5.276s][info][gc          ] Relocation Stall (pool-1-thread-7) 1.083ms
[5.276s][info][gc          ] Relocation Stall (pool-1-thread-1) 0.982ms
[5.276s][info][gc          ] Allocation Stall (pool-1-thread-7) 1.804ms
[5.276s][info][gc          ] Relocation Stall (pool-1-thread-2) 0.847ms
[5.276s][info][gc          ] Relocation Stall (pool-1-thread-8) 0.862ms
[5.276s][info][gc          ] Allocation Stall (pool-1-thread-3) 1.777ms
[5.276s][info][gc          ] Allocation Stall (pool-1-thread-9) 1.724ms
[5.276s][info][gc          ] Allocation Stall (pool-1-thread-4) 1.762ms
[5.276s][info][gc          ] Allocation Stall (pool-1-thread-5) 1.755ms
[5.276s][info][gc          ] Relocation Stall (pool-1-thread-6) 1.078ms
[5.276s][info][gc          ] Allocation Stall (pool-1-thread-1) 1.802ms
[5.276s][info][gc          ] Allocation Stall (pool-1-thread-2) 1.783ms
[5.276s][info][gc          ] Allocation Stall (pool-1-thread-8) 1.801ms
[5.276s][info][gc          ] Allocation Stall (pool-1-thread-6) 1.898ms
[5.281s][info][gc          ] Allocation Stall (pool-1-thread-6) 0.054ms
[5.282s][info][gc          ] Allocation Stall (pool-1-thread-6) 0.090ms
[5.282s][info][gc          ] Allocation Stall (pool-1-thread-3) 0.234ms
[5.282s][info][gc          ] Allocation Stall (pool-1-thread-9) 0.255ms
[5.282s][info][gc          ] Allocation Stall (pool-1-thread-1) 0.251ms
[5.282s][info][gc          ] Allocation Stall (pool-1-thread-2) 0.265ms
[5.282s][info][gc          ] Allocation Stall (pool-1-thread-7) 0.275ms
[5.282s][info][gc          ] Allocation Stall (pool-1-thread-4) 0.281ms
[5.282s][info][gc          ] Allocation Stall (pool-1-thread-5) 0.282ms
[5.282s][info][gc          ] Allocation Stall (pool-1-thread-6) 0.069ms
[5.282s][info][gc          ] Allocation Stall (pool-1-thread-7) 0.163ms
[5.282s][info][gc          ] Allocation Stall (pool-1-thread-9) 0.168ms
[5.282s][info][gc          ] Allocation Stall (pool-1-thread-4) 0.174ms
[5.282s][info][gc          ] Allocation Stall (pool-1-thread-3) 0.157ms
[5.282s][info][gc          ] Allocation Stall (pool-1-thread-1) 0.162ms
[5.282s][info][gc          ] Allocation Stall (pool-1-thread-2) 0.188ms
[5.282s][info][gc          ] Allocation Stall (pool-1-thread-5) 0.164ms
[5.283s][info][gc          ] Allocation Stall (pool-1-thread-1) 0.018ms
[5.283s][info][gc          ] Allocation Stall (pool-1-thread-4) 0.188ms
[5.283s][info][gc          ] Allocation Stall (pool-1-thread-6) 0.206ms
[5.283s][info][gc          ] Allocation Stall (pool-1-thread-3) 0.103ms
[5.283s][info][gc          ] Allocation Stall (pool-1-thread-5) 0.101ms
[5.283s][info][gc          ] Allocation Stall (pool-1-thread-7) 0.140ms
[5.283s][info][gc          ] Allocation Stall (pool-1-thread-1) 0.141ms
[5.283s][info][gc          ] Allocation Stall (pool-1-thread-2) 0.176ms
[5.283s][info][gc          ] Allocation Stall (pool-1-thread-6) 0.073ms
[5.283s][info][gc          ] Allocation Stall (pool-1-thread-1) 0.097ms
[5.284s][info][gc          ] Allocation Stall (pool-1-thread-2) 0.388ms
[5.284s][info][gc          ] Relocation Stall (pool-1-thread-8) 2.169ms
[5.284s][info][gc          ] Allocation Stall (pool-1-thread-6) 0.431ms
[5.284s][info][gc          ] Allocation Stall (pool-1-thread-3) 0.438ms
[5.284s][info][gc          ] Allocation Stall (pool-1-thread-4) 0.439ms
[5.284s][info][gc          ] Allocation Stall (pool-1-thread-7) 0.454ms
[5.284s][info][gc          ] Allocation Stall (pool-1-thread-5) 0.473ms
[5.284s][info][gc          ] Allocation Stall (pool-1-thread-1) 0.292ms
[5.284s][info][gc          ] Allocation Stall (pool-1-thread-7) 0.098ms
[5.284s][info][gc          ] Allocation Stall (pool-1-thread-5) 0.296ms
[5.284s][info][gc          ] Allocation Stall (pool-1-thread-6) 0.362ms
[5.284s][info][gc          ] Allocation Stall (pool-1-thread-1) 0.359ms
[5.284s][info][gc          ] Allocation Stall (pool-1-thread-3) 0.350ms
[5.284s][info][gc          ] Allocation Stall (pool-1-thread-4) 0.362ms
[5.284s][info][gc          ] Allocation Stall (pool-1-thread-2) 0.369ms
[5.284s][info][gc          ] Allocation Stall (pool-1-thread-7) 0.360ms
[5.284s][info][gc          ] Allocation Stall (pool-1-thread-6) 0.082ms
[5.285s][info][gc          ] Allocation Stall (pool-1-thread-4) 0.633ms
[5.285s][info][gc          ] Allocation Stall (pool-1-thread-2) 0.653ms
[5.285s][info][gc          ] Allocation Stall (pool-1-thread-7) 0.624ms
[5.285s][info][gc          ] Allocation Stall (pool-1-thread-5) 0.633ms
[5.285s][info][gc          ] Allocation Stall (pool-1-thread-3) 0.648ms
[5.285s][info][gc          ] Allocation Stall (pool-1-thread-1) 0.653ms
[5.285s][info][gc          ] Allocation Stall (pool-1-thread-6) 0.405ms
[5.286s][info][gc          ] Allocation Stall (pool-1-thread-1) 0.724ms
[5.286s][info][gc          ] Allocation Stall (pool-1-thread-5) 1.127ms
[5.287s][info][gc          ] Allocation Stall (pool-1-thread-2) 1.332ms
[5.287s][info][gc,phases   ] GC(53) Concurrent Relocate 12.134ms
[5.287s][info][gc,load     ] GC(53) Load: 0.42/0.24/0.20
[5.287s][info][gc,mmu      ] GC(53) MMU: 2ms/97.7%, 5ms/99.1%, 10ms/99.5%, 20ms/99.7%, 50ms/99.9%, 100ms/99.9%
[5.287s][info][gc,marking  ] GC(53) Mark: 4 stripe(s), 10 proactive flush(es), 1 terminate flush(es), 0 completion(s), 0 continuation(s) 
[5.287s][info][gc,marking  ] GC(53) Mark Stack Usage: 32M
[5.287s][info][gc,nmethod  ] GC(53) NMethods: 1523 registered, 202 unregistered
[5.287s][info][gc,metaspace] GC(53) Metaspace: 10M used, 10M committed, 1088M reserved
[5.287s][info][gc,ref      ] GC(53) Soft: 143 encountered, 48 discovered, 0 enqueued
[5.287s][info][gc,ref      ] GC(53) Weak: 898 encountered, 285 discovered, 0 enqueued
[5.287s][info][gc,ref      ] GC(53) Final: 0 encountered, 0 discovered, 0 enqueued
[5.287s][info][gc,ref      ] GC(53) Phantom: 3 encountered, 2 discovered, 0 enqueued
[5.287s][info][gc,reloc    ] GC(53) Small Pages: 200 / 400M, Empty: 32M, Relocated: 32M, In-Place: 12
[5.287s][info][gc,reloc    ] GC(53) Medium Pages: 0 / 0M, Empty: 0M, Relocated: 0M, In-Place: 0
[5.287s][info][gc,reloc    ] GC(53) Large Pages: 0 / 0M, Empty: 0M, Relocated: 0M, In-Place: 0
[5.287s][info][gc,reloc    ] GC(53) Forwarding Usage: 17M
[5.287s][info][gc,heap     ] GC(53) Min Capacity: 8M(2%)
[5.287s][info][gc,heap     ] GC(53) Max Capacity: 400M(100%)
[5.287s][info][gc,heap     ] GC(53) Soft Max Capacity: 400M(100%)
[5.287s][info][gc,heap     ] GC(53)                Mark Start          Mark End        Relocate Start      Relocate End           High               Low         
[5.287s][info][gc,heap     ] GC(53)  Capacity:      400M (100%)        400M (100%)        400M (100%)        400M (100%)        400M (100%)        400M (100%)   
[5.287s][info][gc,heap     ] GC(53)      Free:        0M (0%)            0M (0%)            0M (0%)            0M (0%)           48M (12%)           0M (0%)     
[5.287s][info][gc,heap     ] GC(53)      Used:      400M (100%)        400M (100%)        400M (100%)        400M (100%)        400M (100%)        352M (88%)    
[5.287s][info][gc,heap     ] GC(53)      Live:         -               178M (45%)         178M (45%)         178M (45%)            -                  -          
[5.287s][info][gc,heap     ] GC(53) Allocated:         -                 0M (0%)           32M (8%)          211M (53%)            -                  -          
[5.287s][info][gc,heap     ] GC(53)   Garbage:         -               221M (55%)         189M (47%)           9M (2%)             -                  -          
[5.287s][info][gc,heap     ] GC(53) Reclaimed:         -                  -                32M (8%)          211M (53%)            -                  -          
[5.287s][info][gc          ] GC(53) Garbage Collection (Allocation Stall) 400M(100%)->400M(100%)
[5.287s][info][gc,start    ] GC(54) Garbage Collection (Allocation Stall)
[5.287s][info][gc,ref      ] GC(54) Clearing All SoftReferences
[5.287s][info][gc,task     ] GC(54) Using 4 workers
[5.287s][info][gc,ref      ] GC(54) Clearing All SoftReferences
[5.287s][info][gc,phases   ] GC(54) Pause Mark Start 0.011ms
[5.377s][info][gc,phases   ] GC(54) Concurrent Mark 90.365ms
[5.377s][info][gc,phases   ] GC(54) Pause Mark End 0.005ms
[5.378s][info][gc,phases   ] GC(54) Concurrent Mark Free 0.001ms
[5.378s][info][gc,phases   ] GC(54) Concurrent Process Non-Strong References 0.625ms
[5.378s][info][gc,phases   ] GC(54) Concurrent Reset Relocation Set 0.005ms
[5.379s][info][gc          ] Allocation Stall (pool-1-thread-5) 91.851ms
[5.379s][info][gc          ] Allocation Stall (pool-1-thread-4) 93.291ms
[5.379s][info][gc          ] Allocation Stall (pool-1-thread-8) 93.048ms
[5.379s][info][gc          ] Allocation Stall (pool-1-thread-2) 91.863ms
[5.379s][info][gc          ] Allocation Stall (pool-1-thread-7) 93.296ms
[5.379s][info][gc          ] Allocation Stall (pool-1-thread-9) 66.774ms
[5.379s][info][gc          ] Allocation Stall (pool-1-thread-1) 92.411ms
[5.379s][info][gc          ] Allocation Stall (pool-1-thread-6) 93.302ms
[5.379s][info][gc          ] Allocation Stall (pool-1-thread-3) 93.292ms
[5.381s][info][gc,phases   ] GC(54) Concurrent Select Relocation Set 2.505ms
[5.381s][info][gc,phases   ] GC(54) Pause Relocate Start 0.024ms
[5.381s][info][gc          ] Allocation Stall (pool-1-thread-1) 0.086ms
[5.381s][info][gc          ] Allocation Stall (pool-1-thread-8) 0.114ms
[5.381s][info][gc          ] Allocation Stall (pool-1-thread-9) 0.102ms
[5.381s][info][gc          ] Allocation Stall (pool-1-thread-2) 0.123ms
[5.381s][info][gc          ] Allocation Stall (pool-1-thread-4) 0.131ms
[5.381s][info][gc          ] Allocation Stall (pool-1-thread-5) 0.190ms
[5.381s][info][gc          ] Allocation Stall (pool-1-thread-3) 0.249ms
[5.381s][info][gc          ] Relocation Stall (pool-1-thread-7) 0.385ms
[5.381s][info][gc          ] Allocation Stall (pool-1-thread-6) 0.250ms
[5.382s][info][gc          ] Allocation Stall (pool-1-thread-9) 0.355ms
[5.382s][info][gc          ] Allocation Stall (pool-1-thread-2) 0.057ms
[5.382s][info][gc          ] Allocation Stall (pool-1-thread-6) 0.066ms
[5.382s][info][gc          ] Allocation Stall (pool-1-thread-1) 0.065ms
[5.382s][info][gc          ] Allocation Stall (pool-1-thread-8) 0.102ms
[5.382s][info][gc          ] Allocation Stall (pool-1-thread-4) 0.189ms
[5.382s][info][gc          ] Allocation Stall (pool-1-thread-3) 0.185ms
[5.382s][info][gc          ] Allocation Stall (pool-1-thread-5) 0.196ms
[5.382s][info][gc          ] Allocation Stall (pool-1-thread-1) 0.116ms
[5.382s][info][gc          ] Allocation Stall (pool-1-thread-1) 0.025ms
[5.382s][info][gc          ] Allocation Stall (pool-1-thread-2) 0.103ms
[5.382s][info][gc          ] Allocation Stall (pool-1-thread-8) 0.007ms
[5.382s][info][gc          ] Allocation Stall (pool-1-thread-6) 0.122ms
[5.383s][info][gc          ] Allocation Stall (pool-1-thread-9) 0.233ms
[5.383s][info][gc          ] Allocation Stall (pool-1-thread-2) 0.147ms
[5.383s][info][gc          ] Allocation Stall (pool-1-thread-6) 0.147ms
[5.383s][info][gc          ] Allocation Stall (pool-1-thread-7) 0.184ms
[5.383s][info][gc          ] Allocation Stall (pool-1-thread-8) 0.228ms
[5.383s][info][gc          ] Allocation Stall (pool-1-thread-4) 0.242ms
[5.383s][info][gc          ] Allocation Stall (pool-1-thread-9) 0.111ms
[5.383s][info][gc          ] Allocation Stall (pool-1-thread-3) 0.267ms
[5.383s][info][gc          ] Allocation Stall (pool-1-thread-1) 0.123ms
[5.383s][info][gc          ] Allocation Stall (pool-1-thread-2) 0.177ms
[5.383s][info][gc          ] Allocation Stall (pool-1-thread-5) 0.207ms
[5.383s][info][gc          ] Allocation Stall (pool-1-thread-9) 0.053ms
[5.383s][info][gc          ] Allocation Stall (pool-1-thread-4) 0.050ms
[5.383s][info][gc          ] Allocation Stall (pool-1-thread-2) 0.069ms
[5.383s][info][gc          ] Allocation Stall (pool-1-thread-9) 0.126ms
[5.383s][info][gc          ] Allocation Stall (pool-1-thread-8) 0.126ms
[5.383s][info][gc          ] Allocation Stall (pool-1-thread-4) 0.120ms
[5.383s][info][gc          ] Allocation Stall (pool-1-thread-3) 0.130ms
[5.383s][info][gc          ] Allocation Stall (pool-1-thread-6) 0.133ms
[5.383s][info][gc          ] Allocation Stall (pool-1-thread-5) 0.153ms
[5.383s][info][gc          ] Allocation Stall (pool-1-thread-7) 0.153ms
[5.383s][info][gc          ] Allocation Stall (pool-1-thread-1) 0.154ms
[5.383s][info][gc          ] Allocation Stall (pool-1-thread-9) 0.066ms
[5.384s][info][gc          ] Allocation Stall (pool-1-thread-8) 0.048ms
[5.384s][info][gc          ] Allocation Stall (pool-1-thread-3) 0.155ms
[5.384s][info][gc          ] Allocation Stall (pool-1-thread-6) 0.170ms
[5.384s][info][gc          ] Allocation Stall (pool-1-thread-9) 0.178ms
[5.384s][info][gc          ] Allocation Stall (pool-1-thread-4) 0.179ms
[5.384s][info][gc          ] Allocation Stall (pool-1-thread-7) 0.182ms
[5.384s][info][gc          ] Allocation Stall (pool-1-thread-1) 0.192ms
[5.384s][info][gc          ] Allocation Stall (pool-1-thread-5) 0.307ms
[5.384s][info][gc          ] Allocation Stall (pool-1-thread-2) 0.396ms
[5.384s][info][gc          ] Allocation Stall (pool-1-thread-1) 0.195ms
[5.384s][info][gc          ] Allocation Stall (pool-1-thread-3) 0.314ms
[5.384s][info][gc          ] Allocation Stall (pool-1-thread-7) 0.422ms
[5.384s][info][gc          ] Allocation Stall (pool-1-thread-6) 0.219ms
[5.384s][info][gc          ] Allocation Stall (pool-1-thread-4) 0.257ms
[5.384s][info][gc          ] Allocation Stall (pool-1-thread-9) 0.207ms
[5.384s][info][gc          ] Allocation Stall (pool-1-thread-2) 0.212ms
[5.385s][info][gc          ] Allocation Stall (pool-1-thread-3) 0.131ms
[5.385s][info][gc          ] Allocation Stall (pool-1-thread-7) 0.127ms
[5.385s][info][gc          ] Allocation Stall (pool-1-thread-6) 0.045ms
[5.385s][info][gc          ] Allocation Stall (pool-1-thread-4) 0.013ms
[5.385s][info][gc          ] Allocation Stall (pool-1-thread-7) 0.141ms
[5.385s][info][gc          ] Allocation Stall (pool-1-thread-2) 0.109ms
[5.385s][info][gc          ] Allocation Stall (pool-1-thread-3) 0.100ms
[5.385s][info][gc          ] Allocation Stall (pool-1-thread-4) 0.095ms
[5.385s][info][gc          ] Allocation Stall (pool-1-thread-9) 0.097ms
[5.385s][info][gc          ] Allocation Stall (pool-1-thread-5) 0.099ms
[5.385s][info][gc          ] Allocation Stall (pool-1-thread-1) 0.119ms
[5.385s][info][gc          ] Allocation Stall (pool-1-thread-6) 0.024ms
[5.385s][info][gc          ] Allocation Stall (pool-1-thread-9) 0.140ms
[5.385s][info][gc          ] Allocation Stall (pool-1-thread-2) 0.174ms
[5.385s][info][gc          ] Allocation Stall (pool-1-thread-1) 0.105ms
[5.385s][info][gc          ] Allocation Stall (pool-1-thread-5) 0.091ms
[5.385s][info][gc          ] Allocation Stall (pool-1-thread-3) 0.102ms
[5.385s][info][gc          ] Allocation Stall (pool-1-thread-6) 0.102ms
[5.385s][info][gc          ] Allocation Stall (pool-1-thread-4) 0.119ms
[5.386s][info][gc          ] Allocation Stall (pool-1-thread-9) 0.093ms
[5.386s][info][gc          ] Allocation Stall (pool-1-thread-2) 0.138ms
[5.386s][info][gc          ] Allocation Stall (pool-1-thread-1) 0.143ms
[5.386s][info][gc          ] Allocation Stall (pool-1-thread-5) 0.130ms
[5.386s][info][gc          ] Allocation Stall (pool-1-thread-6) 0.196ms
[5.386s][info][gc          ] Allocation Stall (pool-1-thread-3) 0.200ms
[5.386s][info][gc          ] Allocation Stall (pool-1-thread-4) 0.367ms
[5.386s][info][gc          ] Allocation Stall (pool-1-thread-5) 0.197ms
[5.386s][info][gc          ] Allocation Stall (pool-1-thread-9) 0.117ms
[5.386s][info][gc          ] Allocation Stall (pool-1-thread-6) 0.110ms
[5.386s][info][gc          ] Allocation Stall (pool-1-thread-1) 0.116ms
[5.386s][info][gc          ] Allocation Stall (pool-1-thread-7) 0.111ms
[5.386s][info][gc          ] Allocation Stall (pool-1-thread-3) 0.127ms
[5.386s][info][gc          ] Allocation Stall (pool-1-thread-2) 0.135ms
[5.386s][info][gc          ] Allocation Stall (pool-1-thread-6) 0.190ms
[5.386s][info][gc          ] Allocation Stall (pool-1-thread-9) 0.143ms
[5.386s][info][gc          ] Allocation Stall (pool-1-thread-3) 0.140ms
[5.386s][info][gc          ] Allocation Stall (pool-1-thread-7) 0.146ms
[5.386s][info][gc          ] Allocation Stall (pool-1-thread-5) 0.147ms
[5.386s][info][gc          ] Allocation Stall (pool-1-thread-2) 0.149ms
[5.386s][info][gc          ] Allocation Stall (pool-1-thread-4) 0.153ms
[5.386s][info][gc          ] Allocation Stall (pool-1-thread-1) 0.159ms
[5.387s][info][gc          ] Allocation Stall (pool-1-thread-1) 0.129ms
[5.387s][info][gc          ] Allocation Stall (pool-1-thread-3) 0.129ms
[5.387s][info][gc          ] Allocation Stall (pool-1-thread-4) 0.127ms
[5.387s][info][gc          ] Allocation Stall (pool-1-thread-2) 0.126ms
[5.387s][info][gc          ] Allocation Stall (pool-1-thread-7) 0.136ms
[5.387s][info][gc          ] Allocation Stall (pool-1-thread-9) 0.133ms
[5.387s][info][gc          ] Allocation Stall (pool-1-thread-5) 0.102ms
[5.387s][info][gc          ] Allocation Stall (pool-1-thread-6) 0.113ms
[5.387s][info][gc          ] Allocation Stall (pool-1-thread-1) 0.073ms
[5.387s][info][gc          ] Allocation Stall (pool-1-thread-2) 0.164ms
[5.387s][info][gc          ] Allocation Stall (pool-1-thread-6) 0.172ms
[5.387s][info][gc          ] Allocation Stall (pool-1-thread-9) 0.178ms
[5.387s][info][gc          ] Allocation Stall (pool-1-thread-3) 0.166ms
[5.387s][info][gc          ] Allocation Stall (pool-1-thread-7) 0.174ms
[5.387s][info][gc          ] Allocation Stall (pool-1-thread-4) 0.198ms
[5.387s][info][gc          ] Allocation Stall (pool-1-thread-5) 0.205ms
[5.387s][info][gc          ] Allocation Stall (pool-1-thread-2) 0.061ms
[5.387s][info][gc          ] Allocation Stall (pool-1-thread-2) 0.080ms
[5.387s][info][gc          ] Allocation Stall (pool-1-thread-4) 0.183ms
[5.387s][info][gc          ] Allocation Stall (pool-1-thread-9) 0.186ms
[5.387s][info][gc          ] Allocation Stall (pool-1-thread-1) 0.193ms
[5.387s][info][gc          ] Allocation Stall (pool-1-thread-3) 0.194ms
[5.388s][info][gc          ] Allocation Stall (pool-1-thread-5) 0.281ms
[5.388s][info][gc          ] Allocation Stall (pool-1-thread-6) 0.357ms
[5.388s][info][gc          ] Allocation Stall (pool-1-thread-3) 0.347ms
[5.388s][info][gc          ] Allocation Stall (pool-1-thread-7) 0.380ms
[5.388s][info][gc          ] Relocation Stall (pool-1-thread-8) 3.792ms
[5.388s][info][gc          ] Allocation Stall (pool-1-thread-9) 0.319ms
[5.388s][info][gc          ] Allocation Stall (pool-1-thread-2) 0.308ms
[5.388s][info][gc          ] Allocation Stall (pool-1-thread-6) 0.226ms
[5.388s][info][gc          ] Allocation Stall (pool-1-thread-4) 0.236ms
[5.388s][info][gc          ] Allocation Stall (pool-1-thread-5) 0.242ms
[5.388s][info][gc          ] Allocation Stall (pool-1-thread-1) 0.440ms
[5.389s][info][gc          ] Allocation Stall (pool-1-thread-2) 0.501ms
[5.389s][info][gc          ] Allocation Stall (pool-1-thread-9) 0.504ms
[5.389s][info][gc          ] Allocation Stall (pool-1-thread-3) 0.766ms
[5.389s][info][gc          ] Allocation Stall (pool-1-thread-7) 0.890ms
[5.389s][info][gc          ] Allocation Stall (pool-1-thread-4) 1.022ms
[5.389s][info][gc          ] Allocation Stall (pool-1-thread-5) 1.032ms
[5.389s][info][gc          ] Allocation Stall (pool-1-thread-6) 1.030ms
[5.390s][info][gc          ] Allocation Stall (pool-1-thread-9) 1.206ms
[5.390s][info][gc          ] Allocation Stall (pool-1-thread-2) 1.762ms
[5.391s][info][gc,phases   ] GC(54) Concurrent Relocate 9.860ms
[5.391s][info][gc,load     ] GC(54) Load: 0.42/0.24/0.20
[5.391s][info][gc,mmu      ] GC(54) MMU: 2ms/97.7%, 5ms/99.1%, 10ms/99.5%, 20ms/99.7%, 50ms/99.9%, 100ms/99.9%
[5.391s][info][gc,marking  ] GC(54) Mark: 4 stripe(s), 10 proactive flush(es), 1 terminate flush(es), 0 completion(s), 0 continuation(s) 
[5.391s][info][gc,marking  ] GC(54) Mark Stack Usage: 32M
[5.391s][info][gc,nmethod  ] GC(54) NMethods: 1523 registered, 202 unregistered
[5.391s][info][gc,metaspace] GC(54) Metaspace: 10M used, 10M committed, 1088M reserved
[5.391s][info][gc,ref      ] GC(54) Soft: 143 encountered, 47 discovered, 0 enqueued
[5.391s][info][gc,ref      ] GC(54) Weak: 898 encountered, 184 discovered, 0 enqueued
[5.391s][info][gc,ref      ] GC(54) Final: 0 encountered, 0 discovered, 0 enqueued
[5.391s][info][gc,ref      ] GC(54) Phantom: 3 encountered, 2 discovered, 0 enqueued
[5.391s][info][gc,reloc    ] GC(54) Small Pages: 200 / 400M, Empty: 46M, Relocated: 26M, In-Place: 14
[5.391s][info][gc,reloc    ] GC(54) Medium Pages: 0 / 0M, Empty: 0M, Relocated: 0M, In-Place: 0
[5.391s][info][gc,reloc    ] GC(54) Large Pages: 0 / 0M, Empty: 0M, Relocated: 0M, In-Place: 0
[5.391s][info][gc,reloc    ] GC(54) Forwarding Usage: 14M
[5.391s][info][gc,heap     ] GC(54) Min Capacity: 8M(2%)
[5.391s][info][gc,heap     ] GC(54) Max Capacity: 400M(100%)
[5.391s][info][gc,heap     ] GC(54) Soft Max Capacity: 400M(100%)
[5.391s][info][gc,heap     ] GC(54)                Mark Start          Mark End        Relocate Start      Relocate End           High               Low         
[5.391s][info][gc,heap     ] GC(54)  Capacity:      400M (100%)        400M (100%)        400M (100%)        400M (100%)        400M (100%)        400M (100%)   
[5.391s][info][gc,heap     ] GC(54)      Free:        0M (0%)            0M (0%)            0M (0%)            0M (0%)           46M (12%)           0M (0%)     
[5.391s][info][gc,heap     ] GC(54)      Used:      400M (100%)        400M (100%)        400M (100%)        400M (100%)        400M (100%)        354M (88%)    
[5.391s][info][gc,heap     ] GC(54)      Live:         -               199M (50%)         199M (50%)         199M (50%)            -                  -          
[5.391s][info][gc,heap     ] GC(54) Allocated:         -                 0M (0%)           46M (12%)         191M (48%)            -                  -          
[5.391s][info][gc,heap     ] GC(54)   Garbage:         -               200M (50%)         154M (39%)           9M (2%)             -                  -          
[5.391s][info][gc,heap     ] GC(54) Reclaimed:         -                  -                46M (12%)         191M (48%)            -                  -          
[5.391s][info][gc          ] GC(54) Garbage Collection (Allocation Stall) 400M(100%)->400M(100%)
[5.391s][info][gc,start    ] GC(55) Garbage Collection (Allocation Stall)
[5.391s][info][gc,ref      ] GC(55) Clearing All SoftReferences
[5.391s][info][gc,task     ] GC(55) Using 4 workers
[5.391s][info][gc,ref      ] GC(55) Clearing All SoftReferences
[5.391s][info][gc,phases   ] GC(55) Pause Mark Start 0.010ms
[5.476s][info][gc,phases   ] GC(55) Concurrent Mark 85.242ms
[5.476s][info][gc,phases   ] GC(55) Pause Mark End 0.010ms
[5.476s][info][gc,phases   ] GC(55) Concurrent Mark Free 0.001ms
[5.477s][info][gc,phases   ] GC(55) Concurrent Process Non-Strong References 0.620ms
[5.477s][info][gc,phases   ] GC(55) Concurrent Reset Relocation Set 0.004ms
[5.477s][info][gc          ] Allocation Stall (pool-1-thread-5) 87.886ms
[5.477s][info][gc          ] Allocation Stall (pool-1-thread-4) 87.942ms
[5.477s][info][gc          ] Allocation Stall (pool-1-thread-2) 86.507ms
[5.477s][info][gc          ] Allocation Stall (pool-1-thread-1) 88.560ms
[5.477s][info][gc          ] Allocation Stall (pool-1-thread-6) 87.944ms
[5.477s][info][gc          ] Allocation Stall (pool-1-thread-7) 88.071ms
[5.477s][info][gc          ] Allocation Stall (pool-1-thread-9) 87.201ms
[5.477s][info][gc          ] Allocation Stall (pool-1-thread-8) 87.424ms
[5.477s][info][gc          ] Allocation Stall (pool-1-thread-3) 88.260ms
[5.480s][info][gc,phases   ] GC(55) Concurrent Select Relocation Set 2.936ms
[5.480s][info][gc,phases   ] GC(55) Pause Relocate Start 0.003ms
[5.485s][info][gc          ] Allocation Stall (pool-1-thread-1) 0.051ms
[5.485s][info][gc          ] Allocation Stall (pool-1-thread-9) 0.213ms
[5.485s][info][gc          ] Allocation Stall (pool-1-thread-6) 0.215ms
[5.485s][info][gc          ] Allocation Stall (pool-1-thread-2) 0.241ms
[5.485s][info][gc          ] Allocation Stall (pool-1-thread-4) 0.232ms
[5.485s][info][gc          ] Allocation Stall (pool-1-thread-8) 0.248ms
[5.485s][info][gc          ] Allocation Stall (pool-1-thread-3) 0.260ms
[5.485s][info][gc          ] Allocation Stall (pool-1-thread-5) 0.347ms
[5.485s][info][gc          ] Allocation Stall (pool-1-thread-1) 0.298ms
[5.485s][info][gc          ] Allocation Stall (pool-1-thread-9) 0.442ms
[5.485s][info][gc          ] Allocation Stall (pool-1-thread-7) 0.484ms
[5.485s][info][gc          ] Allocation Stall (pool-1-thread-4) 0.231ms
[5.485s][info][gc          ] Allocation Stall (pool-1-thread-8) 0.238ms
[5.486s][info][gc          ] Allocation Stall (pool-1-thread-3) 0.245ms
[5.486s][info][gc          ] Allocation Stall (pool-1-thread-6) 0.237ms
[5.486s][info][gc          ] Allocation Stall (pool-1-thread-1) 0.230ms
[5.486s][info][gc          ] Allocation Stall (pool-1-thread-2) 0.273ms
[5.486s][info][gc          ] Allocation Stall (pool-1-thread-5) 0.281ms
[5.486s][info][gc          ] Allocation Stall (pool-1-thread-7) 0.180ms
[5.486s][info][gc          ] Allocation Stall (pool-1-thread-9) 0.200ms
[5.486s][info][gc          ] Allocation Stall (pool-1-thread-4) 0.364ms
[5.486s][info][gc          ] Allocation Stall (pool-1-thread-2) 0.455ms
[5.487s][info][gc          ] Allocation Stall (pool-1-thread-1) 0.861ms
[5.487s][info][gc          ] Allocation Stall (pool-1-thread-5) 0.926ms
[5.487s][info][gc          ] Allocation Stall (pool-1-thread-6) 0.925ms
[5.487s][info][gc          ] Allocation Stall (pool-1-thread-7) 0.924ms
[5.487s][info][gc          ] Allocation Stall (pool-1-thread-9) 1.356ms
[5.487s][info][gc          ] Allocation Stall (pool-1-thread-3) 1.354ms
[5.487s][info][gc          ] Allocation Stall (pool-1-thread-4) 1.027ms
[5.487s][info][gc          ] Allocation Stall (pool-1-thread-2) 0.853ms
[5.487s][info][gc          ] Allocation Stall (pool-1-thread-7) 0.393ms
[5.487s][info][gc          ] Allocation Stall (pool-1-thread-1) 0.396ms
[5.487s][info][gc          ] Allocation Stall (pool-1-thread-5) 0.399ms
[5.487s][info][gc          ] Allocation Stall (pool-1-thread-6) 0.451ms
[5.487s][info][gc          ] Allocation Stall (pool-1-thread-4) 0.082ms
[5.487s][info][gc          ] Allocation Stall (pool-1-thread-3) 0.015ms
[5.487s][info][gc          ] Allocation Stall (pool-1-thread-5) 0.025ms
[5.488s][info][gc          ] Allocation Stall (pool-1-thread-4) 0.449ms
[5.488s][info][gc          ] Allocation Stall (pool-1-thread-2) 0.454ms
[5.488s][info][gc          ] Allocation Stall (pool-1-thread-9) 0.443ms
[5.488s][info][gc          ] Allocation Stall (pool-1-thread-3) 0.444ms
[5.488s][info][gc          ] Allocation Stall (pool-1-thread-1) 0.453ms
[5.488s][info][gc          ] Allocation Stall (pool-1-thread-6) 0.455ms
[5.488s][info][gc          ] Allocation Stall (pool-1-thread-5) 0.463ms
[5.488s][info][gc          ] Allocation Stall (pool-1-thread-7) 0.288ms
[5.488s][info][gc          ] Allocation Stall (pool-1-thread-9) 0.087ms
[5.488s][info][gc          ] Allocation Stall (pool-1-thread-3) 0.097ms
[5.489s][info][gc          ] Allocation Stall (pool-1-thread-6) 0.412ms
[5.489s][info][gc          ] Allocation Stall (pool-1-thread-2) 0.464ms
[5.489s][info][gc          ] Allocation Stall (pool-1-thread-4) 0.465ms
[5.489s][info][gc          ] Allocation Stall (pool-1-thread-7) 0.461ms
[5.489s][info][gc          ] Allocation Stall (pool-1-thread-1) 0.459ms
[5.489s][info][gc          ] Allocation Stall (pool-1-thread-5) 0.463ms
[5.489s][info][gc          ] Allocation Stall (pool-1-thread-3) 0.955ms
[5.489s][info][gc          ] Allocation Stall (pool-1-thread-4) 0.559ms
[5.489s][info][gc          ] Allocation Stall (pool-1-thread-7) 0.467ms
[5.489s][info][gc          ] Allocation Stall (pool-1-thread-2) 0.478ms
[5.489s][info][gc          ] Allocation Stall (pool-1-thread-1) 0.486ms
[5.489s][info][gc          ] Allocation Stall (pool-1-thread-5) 0.491ms
[5.489s][info][gc          ] Allocation Stall (pool-1-thread-6) 0.455ms
[5.490s][info][gc          ] Allocation Stall (pool-1-thread-4) 0.407ms
[5.490s][info][gc          ] Allocation Stall (pool-1-thread-5) 0.429ms
[5.490s][info][gc          ] Allocation Stall (pool-1-thread-1) 0.434ms
[5.490s][info][gc          ] Allocation Stall (pool-1-thread-3) 0.436ms
[5.490s][info][gc          ] Allocation Stall (pool-1-thread-6) 0.439ms
[5.490s][info][gc          ] Allocation Stall (pool-1-thread-7) 0.444ms
[5.490s][info][gc          ] Allocation Stall (pool-1-thread-2) 0.469ms
[5.490s][info][gc          ] Allocation Stall (pool-1-thread-6) 0.392ms
[5.491s][info][gc          ] Allocation Stall (pool-1-thread-1) 0.703ms
[5.491s][info][gc          ] Allocation Stall (pool-1-thread-4) 0.881ms
[5.491s][info][gc          ] Allocation Stall (pool-1-thread-7) 1.217ms
[5.492s][info][gc          ] Relocation Stall (pool-1-thread-8) 5.985ms
[5.492s][info][gc          ] Allocation Stall (pool-1-thread-5) 2.374ms
[5.493s][info][gc          ] Allocation Stall (pool-1-thread-2) 2.573ms
[5.493s][info][gc          ] Allocation Stall (pool-1-thread-3) 3.085ms
[5.493s][info][gc,phases   ] GC(55) Concurrent Relocate 13.257ms
[5.493s][info][gc,load     ] GC(55) Load: 0.42/0.24/0.20
[5.493s][info][gc,mmu      ] GC(55) MMU: 2ms/97.7%, 5ms/99.1%, 10ms/99.5%, 20ms/99.7%, 50ms/99.9%, 100ms/99.9%
[5.493s][info][gc,marking  ] GC(55) Mark: 4 stripe(s), 10 proactive flush(es), 1 terminate flush(es), 0 completion(s), 0 continuation(s) 
[5.493s][info][gc,marking  ] GC(55) Mark Stack Usage: 32M
[5.493s][info][gc,nmethod  ] GC(55) NMethods: 1523 registered, 202 unregistered
[5.493s][info][gc,metaspace] GC(55) Metaspace: 10M used, 10M committed, 1088M reserved
[5.493s][info][gc,ref      ] GC(55) Soft: 143 encountered, 45 discovered, 0 enqueued
[5.493s][info][gc,ref      ] GC(55) Weak: 898 encountered, 204 discovered, 0 enqueued
[5.493s][info][gc,ref      ] GC(55) Final: 0 encountered, 0 discovered, 0 enqueued
[5.493s][info][gc,ref      ] GC(55) Phantom: 3 encountered, 2 discovered, 0 enqueued
[5.493s][info][gc,reloc    ] GC(55) Small Pages: 200 / 400M, Empty: 106M, Relocated: 31M, In-Place: 12
[5.493s][info][gc,reloc    ] GC(55) Medium Pages: 0 / 0M, Empty: 0M, Relocated: 0M, In-Place: 0
[5.493s][info][gc,reloc    ] GC(55) Large Pages: 0 / 0M, Empty: 0M, Relocated: 0M, In-Place: 0
[5.493s][info][gc,reloc    ] GC(55) Forwarding Usage: 16M
[5.493s][info][gc,heap     ] GC(55) Min Capacity: 8M(2%)
[5.493s][info][gc,heap     ] GC(55) Max Capacity: 400M(100%)
[5.493s][info][gc,heap     ] GC(55) Soft Max Capacity: 400M(100%)
[5.493s][info][gc,heap     ] GC(55)                Mark Start          Mark End        Relocate Start      Relocate End           High               Low         
[5.493s][info][gc,heap     ] GC(55)  Capacity:      400M (100%)        400M (100%)        400M (100%)        400M (100%)        400M (100%)        400M (100%)   
[5.493s][info][gc,heap     ] GC(55)      Free:        0M (0%)            0M (0%)           54M (14%)           0M (0%)          106M (26%)           0M (0%)     
[5.493s][info][gc,heap     ] GC(55)      Used:      400M (100%)        400M (100%)        346M (86%)         400M (100%)        400M (100%)        294M (74%)    
[5.493s][info][gc,heap     ] GC(55)      Live:         -               162M (41%)         162M (41%)         162M (41%)            -                  -          
[5.493s][info][gc,heap     ] GC(55) Allocated:         -                 0M (0%)           52M (13%)         231M (58%)            -                  -          
[5.493s][info][gc,heap     ] GC(55)   Garbage:         -               237M (59%)         131M (33%)           5M (1%)             -                  -          
[5.493s][info][gc,heap     ] GC(55) Reclaimed:         -                  -               106M (26%)         231M (58%)            -                  -          
[5.493s][info][gc          ] GC(55) Garbage Collection (Allocation Stall) 400M(100%)->400M(100%)
[5.493s][info][gc,start    ] GC(56) Garbage Collection (Allocation Stall)
[5.493s][info][gc,ref      ] GC(56) Clearing All SoftReferences
[5.493s][info][gc,task     ] GC(56) Using 4 workers
[5.493s][info][gc,ref      ] GC(56) Clearing All SoftReferences
[5.493s][info][gc,phases   ] GC(56) Pause Mark Start 0.012ms
[5.581s][info][gc,phases   ] GC(56) Concurrent Mark 87.238ms
[5.581s][info][gc,phases   ] GC(56) Pause Mark End 0.011ms
[5.581s][info][gc,phases   ] GC(56) Concurrent Mark Free 0.000ms
[5.581s][info][gc,phases   ] GC(56) Concurrent Process Non-Strong References 0.696ms
[5.581s][info][gc,phases   ] GC(56) Concurrent Reset Relocation Set 0.006ms
[5.582s][info][gc          ] Allocation Stall (pool-1-thread-9) 61.427ms
[5.582s][info][gc          ] Allocation Stall (pool-1-thread-6) 91.216ms
[5.582s][info][gc          ] Allocation Stall (pool-1-thread-1) 91.000ms
[5.582s][info][gc          ] Allocation Stall (pool-1-thread-2) 89.032ms
[5.582s][info][gc          ] Allocation Stall (pool-1-thread-3) 88.529ms
[5.582s][info][gc          ] Allocation Stall (pool-1-thread-7) 90.296ms
[5.582s][info][gc          ] Allocation Stall (pool-1-thread-5) 89.041ms
[5.582s][info][gc          ] Allocation Stall (pool-1-thread-8) 88.515ms
[5.582s][info][gc          ] Allocation Stall (pool-1-thread-4) 90.746ms
[5.584s][info][gc,phases   ] GC(56) Concurrent Select Relocation Set 2.524ms
[5.584s][info][gc,phases   ] GC(56) Pause Relocate Start 0.004ms
[5.585s][info][gc          ] Allocation Stall (pool-1-thread-5) 0.036ms
[5.586s][info][gc          ] Allocation Stall (pool-1-thread-8) 0.069ms
[5.586s][info][gc          ] Allocation Stall (pool-1-thread-6) 0.095ms
[5.586s][info][gc          ] Allocation Stall (pool-1-thread-5) 0.103ms
[5.586s][info][gc          ] Allocation Stall (pool-1-thread-8) 0.045ms
[5.586s][info][gc          ] Allocation Stall (pool-1-thread-9) 0.046ms
[5.586s][info][gc          ] Allocation Stall (pool-1-thread-3) 0.056ms
[5.586s][info][gc          ] Allocation Stall (pool-1-thread-2) 0.065ms
[5.586s][info][gc          ] Allocation Stall (pool-1-thread-7) 0.092ms
[5.586s][info][gc          ] Allocation Stall (pool-1-thread-1) 0.133ms
[5.586s][info][gc          ] Allocation Stall (pool-1-thread-1) 0.017ms
[5.586s][info][gc          ] Allocation Stall (pool-1-thread-8) 0.058ms
[5.586s][info][gc          ] Allocation Stall (pool-1-thread-2) 0.055ms
[5.586s][info][gc          ] Allocation Stall (pool-1-thread-3) 0.064ms
[5.586s][info][gc          ] Allocation Stall (pool-1-thread-1) 0.056ms
[5.586s][info][gc          ] Allocation Stall (pool-1-thread-7) 0.105ms
[5.586s][info][gc          ] Allocation Stall (pool-1-thread-5) 0.105ms
[5.586s][info][gc          ] Allocation Stall (pool-1-thread-3) 0.191ms
[5.587s][info][gc          ] Allocation Stall (pool-1-thread-4) 0.209ms
[5.587s][info][gc          ] Allocation Stall (pool-1-thread-8) 0.236ms
[5.587s][info][gc          ] Allocation Stall (pool-1-thread-9) 0.421ms
[5.587s][info][gc          ] Allocation Stall (pool-1-thread-6) 0.219ms
[5.587s][info][gc          ] Allocation Stall (pool-1-thread-3) 0.222ms
[5.587s][info][gc          ] Allocation Stall (pool-1-thread-2) 0.226ms
[5.587s][info][gc          ] Allocation Stall (pool-1-thread-1) 0.111ms
[5.587s][info][gc          ] Allocation Stall (pool-1-thread-4) 0.127ms
[5.587s][info][gc          ] Allocation Stall (pool-1-thread-5) 0.128ms
[5.587s][info][gc          ] Allocation Stall (pool-1-thread-8) 0.144ms
[5.587s][info][gc          ] Allocation Stall (pool-1-thread-6) 0.141ms
[5.587s][info][gc          ] Allocation Stall (pool-1-thread-3) 0.308ms
[5.587s][info][gc          ] Allocation Stall (pool-1-thread-5) 0.309ms
[5.587s][info][gc          ] Allocation Stall (pool-1-thread-4) 0.313ms
[5.587s][info][gc          ] Allocation Stall (pool-1-thread-2) 0.315ms
[5.587s][info][gc          ] Allocation Stall (pool-1-thread-8) 0.309ms
[5.587s][info][gc          ] Allocation Stall (pool-1-thread-1) 0.310ms
[5.588s][info][gc          ] Allocation Stall (pool-1-thread-9) 0.314ms
[5.588s][info][gc          ] Allocation Stall (pool-1-thread-7) 0.250ms
[5.588s][info][gc          ] Allocation Stall (pool-1-thread-6) 0.122ms
[5.588s][info][gc          ] Allocation Stall (pool-1-thread-7) 0.104ms
[5.588s][info][gc          ] Allocation Stall (pool-1-thread-6) 0.147ms
[5.588s][info][gc          ] Allocation Stall (pool-1-thread-1) 0.123ms
[5.588s][info][gc          ] Allocation Stall (pool-1-thread-8) 0.139ms
[5.588s][info][gc          ] Allocation Stall (pool-1-thread-9) 0.125ms
[5.588s][info][gc          ] Allocation Stall (pool-1-thread-3) 0.126ms
[5.588s][info][gc          ] Allocation Stall (pool-1-thread-5) 0.140ms
[5.588s][info][gc          ] Allocation Stall (pool-1-thread-4) 0.177ms
[5.588s][info][gc          ] Allocation Stall (pool-1-thread-2) 0.183ms
[5.588s][info][gc          ] Allocation Stall (pool-1-thread-1) 0.215ms
[5.588s][info][gc          ] Allocation Stall (pool-1-thread-7) 0.428ms
[5.588s][info][gc          ] Allocation Stall (pool-1-thread-5) 0.430ms
[5.588s][info][gc          ] Allocation Stall (pool-1-thread-4) 0.432ms
[5.588s][info][gc          ] Allocation Stall (pool-1-thread-3) 0.434ms
[5.588s][info][gc          ] Allocation Stall (pool-1-thread-8) 0.420ms
[5.588s][info][gc          ] Allocation Stall (pool-1-thread-9) 0.420ms
[5.588s][info][gc          ] Allocation Stall (pool-1-thread-6) 0.433ms
[5.588s][info][gc          ] Allocation Stall (pool-1-thread-2) 0.437ms
[5.588s][info][gc          ] Allocation Stall (pool-1-thread-1) 0.248ms
[5.589s][info][gc          ] Allocation Stall (pool-1-thread-6) 0.236ms
[5.589s][info][gc          ] Allocation Stall (pool-1-thread-4) 0.457ms
[5.589s][info][gc          ] Allocation Stall (pool-1-thread-1) 0.464ms
[5.589s][info][gc          ] Allocation Stall (pool-1-thread-9) 0.444ms
[5.589s][info][gc          ] Allocation Stall (pool-1-thread-3) 0.447ms
[5.589s][info][gc          ] Allocation Stall (pool-1-thread-2) 0.462ms
[5.589s][info][gc          ] Allocation Stall (pool-1-thread-7) 0.460ms
[5.589s][info][gc          ] Allocation Stall (pool-1-thread-5) 0.463ms
[5.589s][info][gc          ] Allocation Stall (pool-1-thread-6) 0.216ms
[5.589s][info][gc          ] Allocation Stall (pool-1-thread-1) 0.205ms
[5.590s][info][gc          ] Allocation Stall (pool-1-thread-9) 0.349ms
[5.590s][info][gc          ] Allocation Stall (pool-1-thread-5) 0.897ms
[5.590s][info][gc          ] Allocation Stall (pool-1-thread-6) 0.985ms
[5.590s][info][gc          ] Allocation Stall (pool-1-thread-3) 0.988ms
[5.590s][info][gc          ] Allocation Stall (pool-1-thread-2) 0.991ms
[5.590s][info][gc          ] Allocation Stall (pool-1-thread-4) 1.114ms
[5.590s][info][gc          ] Allocation Stall (pool-1-thread-7) 0.973ms
[5.590s][info][gc          ] Allocation Stall (pool-1-thread-1) 0.978ms
[5.590s][info][gc          ] Allocation Stall (pool-1-thread-9) 0.762ms
[5.591s][info][gc          ] Allocation Stall (pool-1-thread-4) 0.317ms
[5.591s][info][gc          ] Allocation Stall (pool-1-thread-1) 0.493ms
[5.591s][info][gc          ] Allocation Stall (pool-1-thread-7) 0.692ms
[5.592s][info][gc          ] Allocation Stall (pool-1-thread-6) 1.008ms
[5.592s][info][gc          ] Allocation Stall (pool-1-thread-2) 1.103ms
[5.592s][info][gc          ] Allocation Stall (pool-1-thread-5) 1.268ms
[5.592s][info][gc          ] Allocation Stall (pool-1-thread-3) 1.685ms
[5.592s][info][gc          ] Allocation Stall (pool-1-thread-9) 1.758ms
[5.592s][info][gc          ] Allocation Stall (pool-1-thread-8) 1.623ms
[5.592s][info][gc          ] Allocation Stall (pool-1-thread-4) 1.368ms
[5.592s][info][gc          ] Allocation Stall (pool-1-thread-1) 1.333ms
[5.593s][info][gc          ] Allocation Stall (pool-1-thread-7) 1.360ms
[5.593s][info][gc          ] Allocation Stall (pool-1-thread-2) 1.066ms
[5.593s][info][gc          ] Allocation Stall (pool-1-thread-6) 1.064ms
[5.593s][info][gc          ] Allocation Stall (pool-1-thread-5) 0.892ms
[5.593s][info][gc          ] Allocation Stall (pool-1-thread-9) 0.419ms
[5.593s][info][gc          ] Allocation Stall (pool-1-thread-3) 0.662ms
[5.593s][info][gc          ] Allocation Stall (pool-1-thread-4) 0.784ms
[5.593s][info][gc          ] Allocation Stall (pool-1-thread-8) 0.791ms
[5.593s][info][gc          ] Allocation Stall (pool-1-thread-1) 0.653ms
[5.593s][info][gc          ] Allocation Stall (pool-1-thread-2) 0.341ms
[5.593s][info][gc          ] Allocation Stall (pool-1-thread-5) 0.342ms
[5.593s][info][gc          ] Allocation Stall (pool-1-thread-7) 0.346ms
[5.593s][info][gc          ] Allocation Stall (pool-1-thread-9) 0.351ms
[5.593s][info][gc          ] Allocation Stall (pool-1-thread-6) 0.501ms
[5.594s][info][gc          ] Allocation Stall (pool-1-thread-8) 0.455ms
[5.594s][info][gc          ] Allocation Stall (pool-1-thread-2) 1.054ms
[5.594s][info][gc          ] Allocation Stall (pool-1-thread-5) 1.072ms
[5.594s][info][gc          ] Allocation Stall (pool-1-thread-1) 1.076ms
[5.594s][info][gc          ] Allocation Stall (pool-1-thread-3) 1.093ms
[5.594s][info][gc          ] Allocation Stall (pool-1-thread-9) 1.098ms
[5.595s][info][gc          ] Allocation Stall (pool-1-thread-7) 1.113ms
[5.595s][info][gc          ] Allocation Stall (pool-1-thread-4) 1.132ms
[5.595s][info][gc          ] Allocation Stall (pool-1-thread-6) 0.965ms
[5.595s][info][gc          ] Allocation Stall (pool-1-thread-8) 0.623ms
[5.595s][info][gc          ] Allocation Stall (pool-1-thread-9) 0.065ms
[5.595s][info][gc          ] Allocation Stall (pool-1-thread-3) 0.343ms
[5.595s][info][gc          ] Allocation Stall (pool-1-thread-1) 0.365ms
[5.595s][info][gc          ] Allocation Stall (pool-1-thread-9) 0.370ms
[5.595s][info][gc          ] Allocation Stall (pool-1-thread-5) 0.368ms
[5.595s][info][gc          ] Allocation Stall (pool-1-thread-7) 0.579ms
[5.595s][info][gc          ] Allocation Stall (pool-1-thread-2) 0.618ms
[5.595s][info][gc          ] Allocation Stall (pool-1-thread-4) 0.624ms
[5.596s][info][gc          ] Allocation Stall (pool-1-thread-6) 0.844ms
[5.596s][info][gc          ] Allocation Stall (pool-1-thread-8) 0.946ms
[5.596s][info][gc          ] Allocation Stall (pool-1-thread-5) 0.936ms
[5.596s][info][gc          ] Allocation Stall (pool-1-thread-9) 1.335ms
[5.596s][info][gc          ] Allocation Stall (pool-1-thread-1) 1.338ms
[5.597s][info][gc          ] Allocation Stall (pool-1-thread-3) 1.341ms
[5.597s][info][gc          ] Allocation Stall (pool-1-thread-4) 1.076ms
[5.597s][info][gc          ] Allocation Stall (pool-1-thread-2) 1.056ms
[5.597s][info][gc          ] Allocation Stall (pool-1-thread-7) 0.913ms
[5.597s][info][gc          ] Allocation Stall (pool-1-thread-6) 0.915ms
[5.597s][info][gc          ] Allocation Stall (pool-1-thread-8) 0.808ms
[5.597s][info][gc,phases   ] GC(56) Concurrent Relocate 13.053ms
[5.597s][info][gc,load     ] GC(56) Load: 0.42/0.24/0.20
[5.597s][info][gc,mmu      ] GC(56) MMU: 2ms/97.7%, 5ms/99.1%, 10ms/99.5%, 20ms/99.7%, 50ms/99.9%, 100ms/99.9%
[5.597s][info][gc,marking  ] GC(56) Mark: 4 stripe(s), 10 proactive flush(es), 1 terminate flush(es), 0 completion(s), 0 continuation(s) 
[5.597s][info][gc,marking  ] GC(56) Mark Stack Usage: 32M
[5.597s][info][gc,nmethod  ] GC(56) NMethods: 1523 registered, 202 unregistered
[5.597s][info][gc,metaspace] GC(56) Metaspace: 10M used, 10M committed, 1088M reserved
[5.597s][info][gc,ref      ] GC(56) Soft: 143 encountered, 43 discovered, 0 enqueued
[5.597s][info][gc,ref      ] GC(56) Weak: 898 encountered, 211 discovered, 0 enqueued
[5.597s][info][gc,ref      ] GC(56) Final: 0 encountered, 0 discovered, 0 enqueued
[5.597s][info][gc,ref      ] GC(56) Phantom: 3 encountered, 2 discovered, 0 enqueued
[5.597s][info][gc,reloc    ] GC(56) Small Pages: 200 / 400M, Empty: 42M, Relocated: 36M, In-Place: 16
[5.597s][info][gc,reloc    ] GC(56) Medium Pages: 0 / 0M, Empty: 0M, Relocated: 0M, In-Place: 0
[5.597s][info][gc,reloc    ] GC(56) Large Pages: 0 / 0M, Empty: 0M, Relocated: 0M, In-Place: 0
[5.597s][info][gc,reloc    ] GC(56) Forwarding Usage: 19M
[5.597s][info][gc,heap     ] GC(56) Min Capacity: 8M(2%)
[5.597s][info][gc,heap     ] GC(56) Max Capacity: 400M(100%)
[5.597s][info][gc,heap     ] GC(56) Soft Max Capacity: 400M(100%)
[5.597s][info][gc,heap     ] GC(56)                Mark Start          Mark End        Relocate Start      Relocate End           High               Low         
[5.597s][info][gc,heap     ] GC(56)  Capacity:      400M (100%)        400M (100%)        400M (100%)        400M (100%)        400M (100%)        400M (100%)   
[5.597s][info][gc,heap     ] GC(56)      Free:        0M (0%)            0M (0%)            4M (1%)            0M (0%)           42M (10%)           0M (0%)     
[5.597s][info][gc,heap     ] GC(56)      Used:      400M (100%)        400M (100%)        396M (99%)         400M (100%)        400M (100%)        358M (90%)    
[5.597s][info][gc,heap     ] GC(56)      Live:         -               198M (50%)         198M (50%)         198M (50%)            -                  -          
[5.597s][info][gc,heap     ] GC(56) Allocated:         -                 0M (0%)           38M (10%)         193M (48%)            -                  -          
[5.597s][info][gc,heap     ] GC(56)   Garbage:         -               201M (50%)         159M (40%)           7M (2%)             -                  -          
[5.597s][info][gc,heap     ] GC(56) Reclaimed:         -                  -                42M (10%)         193M (48%)            -                  -          
[5.597s][info][gc          ] GC(56) Garbage Collection (Allocation Stall) 400M(100%)->400M(100%)
[5.597s][info][gc,start    ] GC(57) Garbage Collection (Allocation Stall)
[5.597s][info][gc,ref      ] GC(57) Clearing All SoftReferences
[5.597s][info][gc,task     ] GC(57) Using 4 workers
[5.597s][info][gc,ref      ] GC(57) Clearing All SoftReferences
[5.597s][info][gc,phases   ] GC(57) Pause Mark Start 0.009ms
[5.660s][info][gc,phases   ] GC(57) Concurrent Mark 62.806ms
[5.660s][info][gc,phases   ] GC(57) Pause Mark End 0.009ms
[5.660s][info][gc,phases   ] GC(57) Concurrent Mark Free 0.000ms
[5.661s][info][gc,phases   ] GC(57) Concurrent Process Non-Strong References 0.531ms
[5.661s][info][gc,phases   ] GC(57) Concurrent Reset Relocation Set 0.005ms
[5.661s][info][gc          ] Allocation Stall (pool-1-thread-9) 64.344ms
[5.661s][info][gc          ] Allocation Stall (pool-1-thread-8) 64.284ms
[5.661s][info][gc          ] Allocation Stall (pool-1-thread-1) 64.349ms
[5.661s][info][gc          ] Allocation Stall (pool-1-thread-5) 64.735ms
[5.661s][info][gc          ] Allocation Stall (pool-1-thread-7) 64.277ms
[5.661s][info][gc          ] Allocation Stall (pool-1-thread-3) 64.387ms
[5.661s][info][gc          ] Allocation Stall (pool-1-thread-2) 64.275ms
[5.661s][info][gc          ] Allocation Stall (pool-1-thread-6) 64.296ms
[5.661s][info][gc          ] Allocation Stall (pool-1-thread-4) 64.284ms
[5.663s][info][gc,phases   ] GC(57) Concurrent Select Relocation Set 2.543ms
[5.663s][info][gc,phases   ] GC(57) Pause Relocate Start 0.002ms
[5.670s][info][gc          ] Allocation Stall (pool-1-thread-2) 0.169ms
[5.671s][info][gc          ] Allocation Stall (pool-1-thread-4) 0.262ms
[5.671s][info][gc          ] Allocation Stall (pool-1-thread-3) 0.282ms
[5.671s][info][gc          ] Allocation Stall (pool-1-thread-7) 0.306ms
[5.671s][info][gc          ] Allocation Stall (pool-1-thread-1) 0.497ms
[5.671s][info][gc          ] Allocation Stall (pool-1-thread-9) 0.573ms
[5.671s][info][gc          ] Allocation Stall (pool-1-thread-6) 0.582ms
[5.671s][info][gc          ] Allocation Stall (pool-1-thread-5) 0.600ms
[5.671s][info][gc          ] Allocation Stall (pool-1-thread-4) 0.578ms
[5.671s][info][gc          ] Allocation Stall (pool-1-thread-2) 0.804ms
[5.671s][info][gc          ] Allocation Stall (pool-1-thread-7) 0.778ms
[5.671s][info][gc          ] Allocation Stall (pool-1-thread-3) 0.774ms
[5.671s][info][gc          ] Allocation Stall (pool-1-thread-1) 0.536ms
[5.672s][info][gc          ] Allocation Stall (pool-1-thread-6) 0.664ms
[5.672s][info][gc          ] Allocation Stall (pool-1-thread-9) 0.689ms
[5.672s][info][gc          ] Allocation Stall (pool-1-thread-5) 0.682ms
[5.672s][info][gc          ] Allocation Stall (pool-1-thread-2) 0.205ms
[5.672s][info][gc          ] Allocation Stall (pool-1-thread-4) 0.187ms
[5.672s][info][gc          ] Allocation Stall (pool-1-thread-3) 0.418ms
[5.672s][info][gc          ] Allocation Stall (pool-1-thread-7) 0.698ms
[5.672s][info][gc          ] Allocation Stall (pool-1-thread-1) 0.732ms
[5.672s][info][gc          ] Allocation Stall (pool-1-thread-9) 0.478ms
[5.672s][info][gc          ] Allocation Stall (pool-1-thread-4) 0.472ms
[5.672s][info][gc          ] Allocation Stall (pool-1-thread-6) 0.473ms
[5.672s][info][gc          ] Allocation Stall (pool-1-thread-2) 0.478ms
[5.672s][info][gc          ] Allocation Stall (pool-1-thread-5) 0.498ms
[5.673s][info][gc          ] Allocation Stall (pool-1-thread-3) 0.774ms
[5.673s][info][gc          ] Allocation Stall (pool-1-thread-4) 0.892ms
[5.673s][info][gc          ] Allocation Stall (pool-1-thread-6) 0.941ms
[5.673s][info][gc          ] Allocation Stall (pool-1-thread-9) 0.835ms
[5.673s][info][gc          ] Allocation Stall (pool-1-thread-1) 0.832ms
[5.673s][info][gc          ] Allocation Stall (pool-1-thread-2) 0.826ms
[5.673s][info][gc          ] Allocation Stall (pool-1-thread-5) 0.839ms
[5.674s][info][gc          ] Allocation Stall (pool-1-thread-7) 1.015ms
[5.674s][info][gc          ] Relocation Stall (pool-1-thread-8) 3.420ms
[5.674s][info][gc          ] Allocation Stall (pool-1-thread-3) 0.956ms
[5.674s][info][gc          ] Allocation Stall (pool-1-thread-2) 0.770ms
[5.674s][info][gc          ] Allocation Stall (pool-1-thread-6) 0.769ms
[5.674s][info][gc          ] Allocation Stall (pool-1-thread-9) 0.777ms
[5.674s][info][gc          ] Allocation Stall (pool-1-thread-5) 0.789ms
[5.676s][info][gc,phases   ] GC(57) Concurrent Relocate 12.447ms
[5.676s][info][gc,load     ] GC(57) Load: 0.42/0.24/0.20
[5.676s][info][gc,mmu      ] GC(57) MMU: 2ms/97.7%, 5ms/99.1%, 10ms/99.5%, 20ms/99.7%, 50ms/99.9%, 100ms/99.9%
[5.676s][info][gc,marking  ] GC(57) Mark: 4 stripe(s), 10 proactive flush(es), 1 terminate flush(es), 0 completion(s), 0 continuation(s) 
[5.676s][info][gc,marking  ] GC(57) Mark Stack Usage: 32M
[5.676s][info][gc,nmethod  ] GC(57) NMethods: 1523 registered, 202 unregistered
[5.676s][info][gc,metaspace] GC(57) Metaspace: 10M used, 10M committed, 1088M reserved
[5.676s][info][gc,ref      ] GC(57) Soft: 143 encountered, 47 discovered, 0 enqueued
[5.676s][info][gc,ref      ] GC(57) Weak: 898 encountered, 38 discovered, 0 enqueued
[5.676s][info][gc,ref      ] GC(57) Final: 0 encountered, 0 discovered, 0 enqueued
[5.676s][info][gc,ref      ] GC(57) Phantom: 3 encountered, 0 discovered, 0 enqueued
[5.676s][info][gc,reloc    ] GC(57) Small Pages: 200 / 400M, Empty: 98M, Relocated: 29M, In-Place: 7
[5.676s][info][gc,reloc    ] GC(57) Medium Pages: 0 / 0M, Empty: 0M, Relocated: 0M, In-Place: 0
[5.676s][info][gc,reloc    ] GC(57) Large Pages: 0 / 0M, Empty: 0M, Relocated: 0M, In-Place: 0
[5.676s][info][gc,reloc    ] GC(57) Forwarding Usage: 16M
[5.676s][info][gc,heap     ] GC(57) Min Capacity: 8M(2%)
[5.676s][info][gc,heap     ] GC(57) Max Capacity: 400M(100%)
[5.676s][info][gc,heap     ] GC(57) Soft Max Capacity: 400M(100%)
[5.676s][info][gc,heap     ] GC(57)                Mark Start          Mark End        Relocate Start      Relocate End           High               Low         
[5.676s][info][gc,heap     ] GC(57)  Capacity:      400M (100%)        400M (100%)        400M (100%)        400M (100%)        400M (100%)        400M (100%)   
[5.676s][info][gc,heap     ] GC(57)      Free:        0M (0%)            0M (0%)           60M (15%)           0M (0%)           98M (24%)           0M (0%)     
[5.676s][info][gc,heap     ] GC(57)      Used:      400M (100%)        400M (100%)        340M (85%)         400M (100%)        400M (100%)        302M (76%)    
[5.676s][info][gc,heap     ] GC(57)      Live:         -               165M (41%)         165M (41%)         165M (41%)            -                  -          
[5.676s][info][gc,heap     ] GC(57) Allocated:         -                 0M (0%)           38M (10%)         226M (57%)            -                  -          
[5.676s][info][gc,heap     ] GC(57)   Garbage:         -               234M (59%)         136M (34%)           8M (2%)             -                  -          
[5.676s][info][gc,heap     ] GC(57) Reclaimed:         -                  -                98M (24%)         226M (57%)            -                  -          
[5.676s][info][gc          ] GC(57) Garbage Collection (Allocation Stall) 400M(100%)->400M(100%)
[5.676s][info][gc,start    ] GC(58) Garbage Collection (Allocation Stall)
[5.676s][info][gc,ref      ] GC(58) Clearing All SoftReferences
[5.676s][info][gc,task     ] GC(58) Using 4 workers
[5.676s][info][gc,ref      ] GC(58) Clearing All SoftReferences
[5.676s][info][gc,phases   ] GC(58) Pause Mark Start 0.008ms
[5.774s][info][gc,phases   ] GC(58) Concurrent Mark 98.010ms
[5.774s][info][gc,phases   ] GC(58) Pause Mark End 0.013ms
[5.774s][info][gc,phases   ] GC(58) Concurrent Mark Free 0.000ms
[5.774s][info][gc,phases   ] GC(58) Concurrent Process Non-Strong References 0.608ms
[5.774s][info][gc,phases   ] GC(58) Concurrent Reset Relocation Set 0.003ms
[5.775s][info][gc          ] Allocation Stall (pool-1-thread-9) 100.555ms
[5.775s][info][gc          ] Allocation Stall (pool-1-thread-6) 100.508ms
[5.775s][info][gc          ] Allocation Stall (pool-1-thread-3) 100.581ms
[5.775s][info][gc          ] Allocation Stall (pool-1-thread-8) 97.535ms
[5.775s][info][gc          ] Allocation Stall (pool-1-thread-7) 101.082ms
[5.775s][info][gc          ] Allocation Stall (pool-1-thread-5) 100.537ms
[5.775s][info][gc          ] Allocation Stall (pool-1-thread-2) 100.566ms
[5.775s][info][gc          ] Allocation Stall (pool-1-thread-1) 101.439ms
[5.775s][info][gc          ] Allocation Stall (pool-1-thread-4) 101.426ms
[5.777s][info][gc,phases   ] GC(58) Concurrent Select Relocation Set 2.455ms
[5.777s][info][gc,phases   ] GC(58) Pause Relocate Start 0.002ms
[5.783s][info][gc          ] Relocation Stall (pool-1-thread-8) 5.788ms
[5.783s][info][gc          ] Relocation Stall (pool-1-thread-9) 5.720ms
[5.783s][info][gc          ] Relocation Stall (pool-1-thread-3) 5.721ms
[5.783s][info][gc          ] Relocation Stall (pool-1-thread-6) 5.622ms
[5.783s][info][gc          ] Relocation Stall (pool-1-thread-4) 5.915ms
[5.783s][info][gc          ] Relocation Stall (pool-1-thread-1) 5.925ms
[5.783s][info][gc          ] Relocation Stall (pool-1-thread-2) 5.924ms
[5.783s][info][gc          ] Relocation Stall (pool-1-thread-5) 5.912ms
[5.783s][info][gc          ] Relocation Stall (pool-1-thread-7) 5.750ms
[5.783s][info][gc          ] Allocation Stall (pool-1-thread-8) 7.072ms
[5.783s][info][gc          ] Allocation Stall (pool-1-thread-7) 7.143ms
[5.783s][info][gc          ] Allocation Stall (pool-1-thread-3) 6.928ms
[5.783s][info][gc          ] Allocation Stall (pool-1-thread-6) 6.863ms
[5.783s][info][gc          ] Allocation Stall (pool-1-thread-4) 7.152ms
[5.783s][info][gc          ] Allocation Stall (pool-1-thread-1) 7.173ms
[5.783s][info][gc          ] Allocation Stall (pool-1-thread-2) 7.165ms
[5.783s][info][gc          ] Allocation Stall (pool-1-thread-5) 7.155ms
[5.783s][info][gc          ] Allocation Stall (pool-1-thread-9) 6.987ms
[5.791s][info][gc          ] Allocation Stall (pool-1-thread-3) 0.240ms
[5.791s][info][gc          ] Allocation Stall (pool-1-thread-4) 0.330ms
[5.791s][info][gc          ] Allocation Stall (pool-1-thread-1) 0.322ms
[5.791s][info][gc          ] Allocation Stall (pool-1-thread-7) 0.341ms
[5.791s][info][gc          ] Allocation Stall (pool-1-thread-6) 0.345ms
[5.791s][info][gc          ] Allocation Stall (pool-1-thread-2) 0.352ms
[5.791s][info][gc          ] Allocation Stall (pool-1-thread-5) 0.669ms
[5.792s][info][gc          ] Allocation Stall (pool-1-thread-1) 1.073ms
[5.792s][info][gc          ] Allocation Stall (pool-1-thread-6) 1.379ms
[5.793s][info][gc          ] Allocation Stall (pool-1-thread-4) 1.921ms
[5.793s][info][gc,phases   ] GC(58) Concurrent Relocate 16.000ms
[5.793s][info][gc,load     ] GC(58) Load: 0.42/0.24/0.20
[5.793s][info][gc,mmu      ] GC(58) MMU: 2ms/97.7%, 5ms/99.1%, 10ms/99.5%, 20ms/99.7%, 50ms/99.9%, 100ms/99.9%
[5.793s][info][gc,marking  ] GC(58) Mark: 4 stripe(s), 10 proactive flush(es), 1 terminate flush(es), 0 completion(s), 0 continuation(s) 
[5.793s][info][gc,marking  ] GC(58) Mark Stack Usage: 32M
[5.793s][info][gc,nmethod  ] GC(58) NMethods: 1523 registered, 202 unregistered
[5.793s][info][gc,metaspace] GC(58) Metaspace: 10M used, 10M committed, 1088M reserved
[5.793s][info][gc,ref      ] GC(58) Soft: 143 encountered, 58 discovered, 0 enqueued
[5.793s][info][gc,ref      ] GC(58) Weak: 898 encountered, 0 discovered, 0 enqueued
[5.793s][info][gc,ref      ] GC(58) Final: 0 encountered, 0 discovered, 0 enqueued
[5.793s][info][gc,ref      ] GC(58) Phantom: 3 encountered, 2 discovered, 0 enqueued
[5.793s][info][gc,reloc    ] GC(58) Small Pages: 200 / 400M, Empty: 18M, Relocated: 43M, In-Place: 5
[5.793s][info][gc,reloc    ] GC(58) Medium Pages: 0 / 0M, Empty: 0M, Relocated: 0M, In-Place: 0
[5.793s][info][gc,reloc    ] GC(58) Large Pages: 0 / 0M, Empty: 0M, Relocated: 0M, In-Place: 0
[5.793s][info][gc,reloc    ] GC(58) Forwarding Usage: 29M
[5.793s][info][gc,heap     ] GC(58) Min Capacity: 8M(2%)
[5.793s][info][gc,heap     ] GC(58) Max Capacity: 400M(100%)
[5.793s][info][gc,heap     ] GC(58) Soft Max Capacity: 400M(100%)
[5.793s][info][gc,heap     ] GC(58)                Mark Start          Mark End        Relocate Start      Relocate End           High               Low         
[5.793s][info][gc,heap     ] GC(58)  Capacity:      400M (100%)        400M (100%)        400M (100%)        400M (100%)        400M (100%)        400M (100%)   
[5.793s][info][gc,heap     ] GC(58)      Free:        0M (0%)            0M (0%)            0M (0%)            0M (0%)          142M (36%)           0M (0%)     
[5.793s][info][gc,heap     ] GC(58)      Used:      400M (100%)        400M (100%)        400M (100%)        400M (100%)        400M (100%)        258M (64%)    
[5.793s][info][gc,heap     ] GC(58)      Live:         -               205M (51%)         205M (51%)         205M (51%)            -                  -          
[5.793s][info][gc,heap     ] GC(58) Allocated:         -                 0M (0%)           18M (4%)          190M (48%)            -                  -          
[5.793s][info][gc,heap     ] GC(58)   Garbage:         -               194M (49%)         176M (44%)           4M (1%)             -                  -          
[5.793s][info][gc,heap     ] GC(58) Reclaimed:         -                  -                18M (4%)          190M (48%)            -                  -          
[5.793s][info][gc          ] GC(58) Garbage Collection (Allocation Stall) 400M(100%)->400M(100%)
[5.793s][info][gc,start    ] GC(59) Garbage Collection (Allocation Stall)
[5.793s][info][gc,ref      ] GC(59) Clearing All SoftReferences
[5.793s][info][gc,task     ] GC(59) Using 4 workers
[5.793s][info][gc,ref      ] GC(59) Clearing All SoftReferences
[5.793s][info][gc,phases   ] GC(59) Pause Mark Start 0.009ms
[5.870s][info][gc,phases   ] GC(59) Concurrent Mark 77.250ms
[5.870s][info][gc,phases   ] GC(59) Pause Mark End 0.010ms
[5.870s][info][gc,phases   ] GC(59) Concurrent Mark Free 0.000ms
[5.871s][info][gc,phases   ] GC(59) Concurrent Process Non-Strong References 0.562ms
[5.871s][info][gc,phases   ] GC(59) Concurrent Reset Relocation Set 0.005ms
[5.871s][info][gc          ] Allocation Stall (pool-1-thread-6) 78.955ms
[5.871s][info][gc          ] Allocation Stall (pool-1-thread-3) 80.372ms
[5.871s][info][gc          ] Allocation Stall (pool-1-thread-1) 79.297ms
[5.871s][info][gc          ] Allocation Stall (pool-1-thread-2) 80.387ms
[5.871s][info][gc          ] Allocation Stall (pool-1-thread-7) 80.394ms
[5.871s][info][gc          ] Allocation Stall (pool-1-thread-5) 79.881ms
[5.871s][info][gc          ] Allocation Stall (pool-1-thread-8) 79.572ms
[5.871s][info][gc          ] Allocation Stall (pool-1-thread-4) 78.279ms
[5.871s][info][gc          ] Allocation Stall (pool-1-thread-9) 54.620ms
[5.875s][info][gc,phases   ] GC(59) Concurrent Select Relocation Set 3.794ms
[5.875s][info][gc,phases   ] GC(59) Pause Relocate Start 0.003ms
[5.879s][info][gc          ] Allocation Stall (pool-1-thread-1) 0.131ms
[5.879s][info][gc          ] Allocation Stall (pool-1-thread-8) 0.134ms
[5.879s][info][gc          ] Allocation Stall (pool-1-thread-6) 0.150ms
[5.879s][info][gc          ] Allocation Stall (pool-1-thread-7) 0.152ms
[5.879s][info][gc          ] Allocation Stall (pool-1-thread-2) 0.146ms
[5.879s][info][gc          ] Allocation Stall (pool-1-thread-9) 0.137ms
[5.879s][info][gc          ] Allocation Stall (pool-1-thread-4) 0.146ms
[5.879s][info][gc          ] Allocation Stall (pool-1-thread-5) 0.148ms
[5.879s][info][gc          ] Allocation Stall (pool-1-thread-3) 0.152ms
[5.880s][info][gc          ] Allocation Stall (pool-1-thread-3) 0.083ms
[5.880s][info][gc          ] Allocation Stall (pool-1-thread-7) 0.087ms
[5.880s][info][gc          ] Allocation Stall (pool-1-thread-2) 0.093ms
[5.880s][info][gc          ] Allocation Stall (pool-1-thread-9) 0.085ms
[5.880s][info][gc          ] Allocation Stall (pool-1-thread-4) 0.085ms
[5.880s][info][gc          ] Allocation Stall (pool-1-thread-1) 0.092ms
[5.880s][info][gc          ] Allocation Stall (pool-1-thread-5) 0.099ms
[5.880s][info][gc          ] Allocation Stall (pool-1-thread-6) 0.099ms
[5.880s][info][gc          ] Allocation Stall (pool-1-thread-4) 0.009ms
[5.880s][info][gc          ] Allocation Stall (pool-1-thread-3) 0.118ms
[5.880s][info][gc          ] Allocation Stall (pool-1-thread-7) 0.220ms
[5.880s][info][gc          ] Allocation Stall (pool-1-thread-1) 0.212ms
[5.880s][info][gc          ] Allocation Stall (pool-1-thread-2) 0.221ms
[5.880s][info][gc          ] Allocation Stall (pool-1-thread-5) 0.223ms
[5.880s][info][gc          ] Relocation Stall (pool-1-thread-8) 0.739ms
[5.880s][info][gc          ] Allocation Stall (pool-1-thread-9) 0.376ms
[5.880s][info][gc          ] Allocation Stall (pool-1-thread-4) 0.445ms
[5.880s][info][gc          ] Allocation Stall (pool-1-thread-6) 0.396ms
[5.880s][info][gc          ] Allocation Stall (pool-1-thread-1) 0.250ms
[5.880s][info][gc          ] Allocation Stall (pool-1-thread-7) 0.160ms
[5.881s][info][gc          ] Allocation Stall (pool-1-thread-3) 0.697ms
[5.881s][info][gc          ] Allocation Stall (pool-1-thread-5) 1.165ms
[5.883s][info][gc          ] Allocation Stall (pool-1-thread-2) 2.436ms
[5.883s][info][gc          ] Allocation Stall (pool-1-thread-1) 2.576ms
[5.883s][info][gc          ] Allocation Stall (pool-1-thread-6) 2.807ms
[5.883s][info][gc          ] Allocation Stall (pool-1-thread-4) 2.811ms
[5.885s][info][gc,phases   ] GC(59) Concurrent Relocate 9.647ms
[5.885s][info][gc,load     ] GC(59) Load: 0.42/0.24/0.20
[5.885s][info][gc,mmu      ] GC(59) MMU: 2ms/97.7%, 5ms/99.1%, 10ms/99.5%, 20ms/99.7%, 50ms/99.9%, 100ms/99.9%
[5.885s][info][gc,marking  ] GC(59) Mark: 4 stripe(s), 10 proactive flush(es), 1 terminate flush(es), 0 completion(s), 0 continuation(s) 
[5.885s][info][gc,marking  ] GC(59) Mark Stack Usage: 32M
[5.885s][info][gc,nmethod  ] GC(59) NMethods: 1523 registered, 202 unregistered
[5.885s][info][gc,metaspace] GC(59) Metaspace: 10M used, 10M committed, 1088M reserved
[5.885s][info][gc,ref      ] GC(59) Soft: 143 encountered, 42 discovered, 0 enqueued
[5.885s][info][gc,ref      ] GC(59) Weak: 898 encountered, 78 discovered, 0 enqueued
[5.885s][info][gc,ref      ] GC(59) Final: 0 encountered, 0 discovered, 0 enqueued
[5.885s][info][gc,ref      ] GC(59) Phantom: 3 encountered, 2 discovered, 0 enqueued
[5.885s][info][gc,reloc    ] GC(59) Small Pages: 200 / 400M, Empty: 102M, Relocated: 24M, In-Place: 7
[5.885s][info][gc,reloc    ] GC(59) Medium Pages: 0 / 0M, Empty: 0M, Relocated: 0M, In-Place: 0
[5.885s][info][gc,reloc    ] GC(59) Large Pages: 0 / 0M, Empty: 0M, Relocated: 0M, In-Place: 0
[5.885s][info][gc,reloc    ] GC(59) Forwarding Usage: 15M
[5.885s][info][gc,heap     ] GC(59) Min Capacity: 8M(2%)
[5.885s][info][gc,heap     ] GC(59) Max Capacity: 400M(100%)
[5.885s][info][gc,heap     ] GC(59) Soft Max Capacity: 400M(100%)
[5.885s][info][gc,heap     ] GC(59)                Mark Start          Mark End        Relocate Start      Relocate End           High               Low         
[5.885s][info][gc,heap     ] GC(59)  Capacity:      400M (100%)        400M (100%)        400M (100%)        400M (100%)        400M (100%)        400M (100%)   
[5.885s][info][gc,heap     ] GC(59)      Free:        0M (0%)            0M (0%)           30M (8%)            0M (0%)          102M (26%)           0M (0%)     
[5.885s][info][gc,heap     ] GC(59)      Used:      400M (100%)        400M (100%)        370M (92%)         400M (100%)        400M (100%)        298M (74%)    
[5.885s][info][gc,heap     ] GC(59)      Live:         -               199M (50%)         199M (50%)         199M (50%)            -                  -          
[5.885s][info][gc,heap     ] GC(59) Allocated:         -                 0M (0%)           72M (18%)         187M (47%)            -                  -          
[5.885s][info][gc,heap     ] GC(59)   Garbage:         -               200M (50%)          98M (25%)          12M (3%)             -                  -          
[5.885s][info][gc,heap     ] GC(59) Reclaimed:         -                  -               102M (26%)         187M (47%)            -                  -          
[5.885s][info][gc          ] GC(59) Garbage Collection (Allocation Stall) 400M(100%)->400M(100%)
[5.885s][info][gc,start    ] GC(60) Garbage Collection (Allocation Stall)
[5.885s][info][gc,ref      ] GC(60) Clearing All SoftReferences
[5.885s][info][gc,task     ] GC(60) Using 4 workers
[5.885s][info][gc,ref      ] GC(60) Clearing All SoftReferences
[5.885s][info][gc,phases   ] GC(60) Pause Mark Start 0.009ms
[5.944s][info][gc,phases   ] GC(60) Concurrent Mark 59.167ms
[5.944s][info][gc,phases   ] GC(60) Pause Mark End 0.010ms
[5.944s][info][gc,phases   ] GC(60) Concurrent Mark Free 0.000ms
[5.945s][info][gc,phases   ] GC(60) Concurrent Process Non-Strong References 0.583ms
[5.945s][info][gc,phases   ] GC(60) Concurrent Reset Relocation Set 0.003ms
[5.945s][info][gc          ] Allocation Stall (pool-1-thread-3) 63.746ms
[5.945s][info][gc          ] Allocation Stall (pool-1-thread-2) 62.252ms
[5.945s][info][gc          ] Allocation Stall (pool-1-thread-4) 61.687ms
[5.945s][info][gc          ] Allocation Stall (pool-1-thread-7) 64.391ms
[5.945s][info][gc          ] Allocation Stall (pool-1-thread-9) 64.594ms
[5.945s][info][gc          ] Allocation Stall (pool-1-thread-8) 63.024ms
[5.945s][info][gc          ] Allocation Stall (pool-1-thread-6) 61.699ms
[5.945s][info][gc          ] Allocation Stall (pool-1-thread-5) 63.499ms
[5.945s][info][gc          ] Allocation Stall (pool-1-thread-1) 61.699ms
[5.946s][info][gc,phases   ] GC(60) Concurrent Select Relocation Set 1.870ms
[5.947s][info][gc,phases   ] GC(60) Pause Relocate Start 0.002ms
[5.957s][info][gc          ] Allocation Stall (pool-1-thread-6) 0.084ms
[5.957s][info][gc          ] Allocation Stall (pool-1-thread-5) 0.234ms
[5.958s][info][gc          ] Allocation Stall (pool-1-thread-1) 1.068ms
[5.958s][info][gc,phases   ] GC(60) Concurrent Relocate 11.475ms
[5.958s][info][gc,load     ] GC(60) Load: 0.42/0.24/0.20
[5.958s][info][gc,mmu      ] GC(60) MMU: 2ms/97.7%, 5ms/99.1%, 10ms/99.5%, 20ms/99.7%, 50ms/99.9%, 100ms/99.9%
[5.958s][info][gc,marking  ] GC(60) Mark: 4 stripe(s), 3 proactive flush(es), 1 terminate flush(es), 0 completion(s), 0 continuation(s) 
[5.958s][info][gc,marking  ] GC(60) Mark Stack Usage: 32M
[5.958s][info][gc,nmethod  ] GC(60) NMethods: 1523 registered, 202 unregistered
[5.958s][info][gc,metaspace] GC(60) Metaspace: 10M used, 10M committed, 1088M reserved
[5.958s][info][gc,ref      ] GC(60) Soft: 143 encountered, 50 discovered, 0 enqueued
[5.958s][info][gc,ref      ] GC(60) Weak: 898 encountered, 1 discovered, 0 enqueued
[5.958s][info][gc,ref      ] GC(60) Final: 0 encountered, 0 discovered, 0 enqueued
[5.958s][info][gc,ref      ] GC(60) Phantom: 3 encountered, 1 discovered, 0 enqueued
[5.958s][info][gc,reloc    ] GC(60) Small Pages: 200 / 400M, Empty: 100M, Relocated: 24M, In-Place: 0
[5.958s][info][gc,reloc    ] GC(60) Medium Pages: 0 / 0M, Empty: 0M, Relocated: 0M, In-Place: 0
[5.958s][info][gc,reloc    ] GC(60) Large Pages: 0 / 0M, Empty: 0M, Relocated: 0M, In-Place: 0
[5.958s][info][gc,reloc    ] GC(60) Forwarding Usage: 12M
[5.958s][info][gc,heap     ] GC(60) Min Capacity: 8M(2%)
[5.958s][info][gc,heap     ] GC(60) Max Capacity: 400M(100%)
[5.958s][info][gc,heap     ] GC(60) Soft Max Capacity: 400M(100%)
[5.958s][info][gc,heap     ] GC(60)                Mark Start          Mark End        Relocate Start      Relocate End           High               Low         
[5.958s][info][gc,heap     ] GC(60)  Capacity:      400M (100%)        400M (100%)        400M (100%)        400M (100%)        400M (100%)        400M (100%)   
[5.958s][info][gc,heap     ] GC(60)      Free:        0M (0%)            0M (0%)           66M (16%)           0M (0%)          100M (25%)           0M (0%)     
[5.958s][info][gc,heap     ] GC(60)      Used:      400M (100%)        400M (100%)        334M (84%)         400M (100%)        400M (100%)        300M (75%)    
[5.958s][info][gc,heap     ] GC(60)      Live:         -               151M (38%)         151M (38%)         151M (38%)            -                  -          
[5.958s][info][gc,heap     ] GC(60) Allocated:         -                 0M (0%)           34M (8%)          243M (61%)            -                  -          
[5.958s][info][gc,heap     ] GC(60)   Garbage:         -               248M (62%)         148M (37%)           5M (1%)             -                  -          
[5.958s][info][gc,heap     ] GC(60) Reclaimed:         -                  -               100M (25%)         243M (61%)            -                  -          
[5.958s][info][gc          ] GC(60) Garbage Collection (Allocation Stall) 400M(100%)->400M(100%)
[5.958s][info][gc,start    ] GC(61) Garbage Collection (Allocation Stall)
[5.958s][info][gc,ref      ] GC(61) Clearing All SoftReferences
[5.958s][info][gc,task     ] GC(61) Using 4 workers
[5.958s][info][gc,ref      ] GC(61) Clearing All SoftReferences
[5.958s][info][gc,phases   ] GC(61) Pause Mark Start 0.009ms
[6.027s][info][gc,phases   ] GC(61) Concurrent Mark 68.499ms
[6.027s][info][gc,phases   ] GC(61) Pause Mark End 0.013ms
[6.027s][info][gc,phases   ] GC(61) Concurrent Mark Free 0.000ms
[6.028s][info][gc,phases   ] GC(61) Concurrent Process Non-Strong References 0.657ms
[6.028s][info][gc,phases   ] GC(61) Concurrent Reset Relocation Set 0.009ms
[6.028s][info][gc          ] Allocation Stall (pool-1-thread-9) 70.884ms
[6.028s][info][gc          ] Allocation Stall (pool-1-thread-8) 70.602ms
[6.028s][info][gc          ] Allocation Stall (pool-1-thread-2) 70.892ms
[6.028s][info][gc          ] Allocation Stall (pool-1-thread-6) 70.608ms
[6.028s][info][gc          ] Allocation Stall (pool-1-thread-7) 70.831ms
[6.028s][info][gc          ] Allocation Stall (pool-1-thread-4) 70.868ms
[6.028s][info][gc          ] Allocation Stall (pool-1-thread-1) 69.676ms
[6.028s][info][gc          ] Allocation Stall (pool-1-thread-5) 70.626ms
[6.028s][info][gc          ] Allocation Stall (pool-1-thread-3) 70.897ms
[6.030s][info][gc,phases   ] GC(61) Concurrent Select Relocation Set 2.049ms
[6.030s][info][gc,phases   ] GC(61) Pause Relocate Start 0.004ms
[6.034s][info][gc          ] Relocation Stall (pool-1-thread-8) 3.947ms
[6.034s][info][gc          ] Relocation Stall (pool-1-thread-3) 4.143ms
[6.034s][info][gc          ] Relocation Stall (pool-1-thread-7) 3.905ms
[6.034s][info][gc          ] Relocation Stall (pool-1-thread-2) 3.767ms
[6.034s][info][gc          ] Allocation Stall (pool-1-thread-7) 4.873ms
[6.034s][info][gc          ] Allocation Stall (pool-1-thread-2) 4.824ms
[6.034s][info][gc          ] Relocation Stall (pool-1-thread-9) 3.880ms
[6.034s][info][gc          ] Relocation Stall (pool-1-thread-6) 4.013ms
[6.034s][info][gc          ] Relocation Stall (pool-1-thread-1) 4.073ms
[6.034s][info][gc          ] Allocation Stall (pool-1-thread-8) 4.866ms
[6.034s][info][gc          ] Allocation Stall (pool-1-thread-1) 4.946ms
[6.034s][info][gc          ] Relocation Stall (pool-1-thread-5) 3.803ms
[6.034s][info][gc          ] Relocation Stall (pool-1-thread-4) 3.709ms
[6.034s][info][gc          ] Allocation Stall (pool-1-thread-9) 4.865ms
[6.034s][info][gc          ] Allocation Stall (pool-1-thread-6) 4.921ms
[6.034s][info][gc          ] Allocation Stall (pool-1-thread-3) 4.994ms
[6.034s][info][gc          ] Allocation Stall (pool-1-thread-5) 4.898ms
[6.034s][info][gc          ] Allocation Stall (pool-1-thread-4) 4.883ms
[6.039s][info][gc,phases   ] GC(61) Concurrent Relocate 9.717ms
[6.039s][info][gc,load     ] GC(61) Load: 0.42/0.24/0.20
[6.039s][info][gc,mmu      ] GC(61) MMU: 2ms/97.7%, 5ms/99.1%, 10ms/99.5%, 20ms/99.7%, 50ms/99.9%, 100ms/99.9%
[6.039s][info][gc,marking  ] GC(61) Mark: 4 stripe(s), 2 proactive flush(es), 1 terminate flush(es), 0 completion(s), 0 continuation(s) 
[6.039s][info][gc,marking  ] GC(61) Mark Stack Usage: 32M
[6.039s][info][gc,nmethod  ] GC(61) NMethods: 1523 registered, 202 unregistered
[6.039s][info][gc,metaspace] GC(61) Metaspace: 10M used, 10M committed, 1088M reserved
[6.039s][info][gc,ref      ] GC(61) Soft: 143 encountered, 44 discovered, 0 enqueued
[6.039s][info][gc,ref      ] GC(61) Weak: 898 encountered, 141 discovered, 0 enqueued
[6.039s][info][gc,ref      ] GC(61) Final: 0 encountered, 0 discovered, 0 enqueued
[6.039s][info][gc,ref      ] GC(61) Phantom: 3 encountered, 2 discovered, 0 enqueued
[6.039s][info][gc,reloc    ] GC(61) Small Pages: 200 / 400M, Empty: 20M, Relocated: 33M, In-Place: 4
[6.039s][info][gc,reloc    ] GC(61) Medium Pages: 0 / 0M, Empty: 0M, Relocated: 0M, In-Place: 0
[6.039s][info][gc,reloc    ] GC(61) Large Pages: 0 / 0M, Empty: 0M, Relocated: 0M, In-Place: 0
[6.039s][info][gc,reloc    ] GC(61) Forwarding Usage: 17M
[6.039s][info][gc,heap     ] GC(61) Min Capacity: 8M(2%)
[6.039s][info][gc,heap     ] GC(61) Max Capacity: 400M(100%)
[6.039s][info][gc,heap     ] GC(61) Soft Max Capacity: 400M(100%)
[6.039s][info][gc,heap     ] GC(61)                Mark Start          Mark End        Relocate Start      Relocate End           High               Low         
[6.039s][info][gc,heap     ] GC(61)  Capacity:      400M (100%)        400M (100%)        400M (100%)        400M (100%)        400M (100%)        400M (100%)   
[6.039s][info][gc,heap     ] GC(61)      Free:        0M (0%)            0M (0%)            0M (0%)           80M (20%)         158M (40%)           0M (0%)     
[6.039s][info][gc,heap     ] GC(61)      Used:      400M (100%)        400M (100%)        400M (100%)        320M (80%)         400M (100%)        242M (60%)    
[6.039s][info][gc,heap     ] GC(61)      Live:         -               182M (46%)         182M (46%)         182M (46%)            -                  -          
[6.039s][info][gc,heap     ] GC(61) Allocated:         -                 0M (0%)           20M (5%)          132M (33%)            -                  -          
[6.039s][info][gc,heap     ] GC(61)   Garbage:         -               217M (54%)         197M (49%)           5M (1%)             -                  -          
[6.039s][info][gc,heap     ] GC(61) Reclaimed:         -                  -                20M (5%)          212M (53%)            -                  -          
[6.039s][info][gc          ] GC(61) Garbage Collection (Allocation Stall) 400M(100%)->320M(80%)
[6.044s][info][gc,start    ] GC(62) Garbage Collection (Allocation Stall)
[6.044s][info][gc,ref      ] GC(62) Clearing All SoftReferences
[6.044s][info][gc,task     ] GC(62) Using 4 workers
[6.044s][info][gc,ref      ] GC(62) Clearing All SoftReferences
[6.044s][info][gc,phases   ] GC(62) Pause Mark Start 0.011ms
[6.129s][info][gc,phases   ] GC(62) Concurrent Mark 85.575ms
[6.129s][info][gc,phases   ] GC(62) Pause Mark End 0.009ms
[6.129s][info][gc,phases   ] GC(62) Concurrent Mark Free 0.001ms
[6.130s][info][gc,phases   ] GC(62) Concurrent Process Non-Strong References 0.569ms
[6.130s][info][gc,phases   ] GC(62) Concurrent Reset Relocation Set 0.005ms
[6.131s][info][gc          ] Allocation Stall (pool-1-thread-5) 87.095ms
[6.131s][info][gc          ] Allocation Stall (pool-1-thread-4) 87.135ms
[6.131s][info][gc          ] Allocation Stall (pool-1-thread-8) 86.443ms
[6.131s][info][gc          ] Allocation Stall (pool-1-thread-7) 87.091ms
[6.131s][info][gc          ] Allocation Stall (pool-1-thread-9) 59.160ms
[6.131s][info][gc          ] Allocation Stall (pool-1-thread-6) 87.118ms
[6.131s][info][gc          ] Allocation Stall (pool-1-thread-3) 87.119ms
[6.131s][info][gc          ] Allocation Stall (pool-1-thread-1) 87.148ms
[6.131s][info][gc          ] Allocation Stall (pool-1-thread-2) 87.114ms
[6.133s][info][gc,phases   ] GC(62) Concurrent Select Relocation Set 3.132ms
[6.133s][info][gc,phases   ] GC(62) Pause Relocate Start 0.004ms
[6.136s][info][gc          ] Allocation Stall (pool-1-thread-8) 0.055ms
[6.137s][info][gc          ] Allocation Stall (pool-1-thread-4) 0.133ms
[6.137s][info][gc          ] Allocation Stall (pool-1-thread-2) 0.147ms
[6.137s][info][gc          ] Allocation Stall (pool-1-thread-5) 0.159ms
[6.137s][info][gc          ] Allocation Stall (pool-1-thread-1) 0.453ms
[6.137s][info][gc          ] Allocation Stall (pool-1-thread-6) 0.534ms
[6.137s][info][gc          ] Allocation Stall (pool-1-thread-9) 0.540ms
[6.137s][info][gc          ] Allocation Stall (pool-1-thread-2) 0.489ms
[6.138s][info][gc          ] Allocation Stall (pool-1-thread-4) 0.798ms
[6.138s][info][gc          ] Allocation Stall (pool-1-thread-3) 0.849ms
[6.138s][info][gc          ] Allocation Stall (pool-1-thread-8) 0.845ms
[6.138s][info][gc          ] Allocation Stall (pool-1-thread-5) 0.848ms
[6.138s][info][gc          ] Allocation Stall (pool-1-thread-7) 0.694ms
[6.138s][info][gc          ] Allocation Stall (pool-1-thread-1) 0.525ms
[6.138s][info][gc          ] Allocation Stall (pool-1-thread-6) 0.504ms
[6.138s][info][gc          ] Allocation Stall (pool-1-thread-9) 0.538ms
[6.138s][info][gc          ] Allocation Stall (pool-1-thread-2) 0.341ms
[6.138s][info][gc          ] Allocation Stall (pool-1-thread-5) 0.333ms
[6.139s][info][gc          ] Allocation Stall (pool-1-thread-7) 0.795ms
[6.139s][info][gc          ] Allocation Stall (pool-1-thread-4) 0.805ms
[6.139s][info][gc          ] Allocation Stall (pool-1-thread-3) 0.807ms
[6.139s][info][gc          ] Allocation Stall (pool-1-thread-9) 0.805ms
[6.139s][info][gc          ] Allocation Stall (pool-1-thread-8) 0.807ms
[6.139s][info][gc          ] Allocation Stall (pool-1-thread-1) 0.808ms
[6.139s][info][gc          ] Allocation Stall (pool-1-thread-6) 0.818ms
[6.139s][info][gc          ] Allocation Stall (pool-1-thread-5) 0.386ms
[6.139s][info][gc          ] Allocation Stall (pool-1-thread-2) 0.811ms
[6.139s][info][gc          ] Allocation Stall (pool-1-thread-9) 0.388ms
[6.139s][info][gc          ] Allocation Stall (pool-1-thread-4) 0.375ms
[6.139s][info][gc          ] Allocation Stall (pool-1-thread-5) 0.381ms
[6.139s][info][gc          ] Allocation Stall (pool-1-thread-3) 0.388ms
[6.139s][info][gc          ] Allocation Stall (pool-1-thread-1) 0.390ms
[6.139s][info][gc          ] Allocation Stall (pool-1-thread-6) 0.389ms
[6.139s][info][gc          ] Allocation Stall (pool-1-thread-8) 0.391ms
[6.139s][info][gc          ] Allocation Stall (pool-1-thread-7) 0.390ms
[6.139s][info][gc          ] Allocation Stall (pool-1-thread-2) 0.388ms
[6.140s][info][gc          ] Allocation Stall (pool-1-thread-6) 0.328ms
[6.140s][info][gc          ] Allocation Stall (pool-1-thread-4) 0.356ms
[6.140s][info][gc          ] Allocation Stall (pool-1-thread-3) 0.361ms
[6.140s][info][gc          ] Allocation Stall (pool-1-thread-1) 0.362ms
[6.140s][info][gc          ] Allocation Stall (pool-1-thread-2) 0.367ms
[6.140s][info][gc          ] Allocation Stall (pool-1-thread-7) 0.369ms
[6.140s][info][gc          ] Allocation Stall (pool-1-thread-8) 0.423ms
[6.140s][info][gc          ] Allocation Stall (pool-1-thread-5) 0.424ms
[6.140s][info][gc          ] Allocation Stall (pool-1-thread-9) 0.431ms
[6.140s][info][gc          ] Allocation Stall (pool-1-thread-3) 0.089ms
[6.140s][info][gc          ] Allocation Stall (pool-1-thread-4) 0.327ms
[6.141s][info][gc          ] Allocation Stall (pool-1-thread-3) 0.776ms
[6.141s][info][gc          ] Allocation Stall (pool-1-thread-1) 0.828ms
[6.141s][info][gc          ] Allocation Stall (pool-1-thread-7) 0.816ms
[6.141s][info][gc          ] Allocation Stall (pool-1-thread-5) 0.820ms
[6.141s][info][gc          ] Allocation Stall (pool-1-thread-6) 0.825ms
[6.141s][info][gc          ] Allocation Stall (pool-1-thread-2) 0.828ms
[6.141s][info][gc          ] Allocation Stall (pool-1-thread-9) 0.875ms
[6.141s][info][gc          ] Allocation Stall (pool-1-thread-8) 0.881ms
[6.141s][info][gc          ] Allocation Stall (pool-1-thread-4) 0.396ms
[6.142s][info][gc          ] Allocation Stall (pool-1-thread-2) 0.647ms
[6.142s][info][gc          ] Allocation Stall (pool-1-thread-3) 0.860ms
[6.142s][info][gc          ] Allocation Stall (pool-1-thread-1) 1.265ms
[6.143s][info][gc          ] Allocation Stall (pool-1-thread-5) 1.485ms
[6.143s][info][gc          ] Allocation Stall (pool-1-thread-4) 1.726ms
[6.144s][info][gc          ] Allocation Stall (pool-1-thread-9) 2.626ms
[6.144s][info][gc          ] Allocation Stall (pool-1-thread-6) 2.791ms
[6.145s][info][gc          ] Allocation Stall (pool-1-thread-7) 3.153ms
[6.145s][info][gc          ] Allocation Stall (pool-1-thread-2) 2.744ms
[6.145s][info][gc          ] Allocation Stall (pool-1-thread-3) 2.448ms
[6.145s][info][gc          ] Allocation Stall (pool-1-thread-1) 2.039ms
[6.145s][info][gc          ] Allocation Stall (pool-1-thread-5) 1.784ms
[6.145s][info][gc          ] Allocation Stall (pool-1-thread-8) 1.479ms
[6.146s][info][gc,phases   ] GC(62) Concurrent Relocate 12.659ms
[6.146s][info][gc,load     ] GC(62) Load: 0.42/0.24/0.20
[6.146s][info][gc,mmu      ] GC(62) MMU: 2ms/97.7%, 5ms/99.1%, 10ms/99.5%, 20ms/99.7%, 50ms/99.9%, 100ms/99.9%
[6.146s][info][gc,marking  ] GC(62) Mark: 4 stripe(s), 10 proactive flush(es), 1 terminate flush(es), 0 completion(s), 0 continuation(s) 
[6.146s][info][gc,marking  ] GC(62) Mark Stack Usage: 32M
[6.146s][info][gc,nmethod  ] GC(62) NMethods: 1523 registered, 202 unregistered
[6.146s][info][gc,metaspace] GC(62) Metaspace: 10M used, 10M committed, 1088M reserved
[6.146s][info][gc,ref      ] GC(62) Soft: 143 encountered, 46 discovered, 0 enqueued
[6.146s][info][gc,ref      ] GC(62) Weak: 898 encountered, 181 discovered, 0 enqueued
[6.146s][info][gc,ref      ] GC(62) Final: 0 encountered, 0 discovered, 0 enqueued
[6.146s][info][gc,ref      ] GC(62) Phantom: 3 encountered, 2 discovered, 0 enqueued
[6.146s][info][gc,reloc    ] GC(62) Small Pages: 200 / 400M, Empty: 102M, Relocated: 33M, In-Place: 15
[6.146s][info][gc,reloc    ] GC(62) Medium Pages: 0 / 0M, Empty: 0M, Relocated: 0M, In-Place: 0
[6.146s][info][gc,reloc    ] GC(62) Large Pages: 0 / 0M, Empty: 0M, Relocated: 0M, In-Place: 0
[6.146s][info][gc,reloc    ] GC(62) Forwarding Usage: 18M
[6.146s][info][gc,heap     ] GC(62) Min Capacity: 8M(2%)
[6.146s][info][gc,heap     ] GC(62) Max Capacity: 400M(100%)
[6.146s][info][gc,heap     ] GC(62) Soft Max Capacity: 400M(100%)
[6.146s][info][gc,heap     ] GC(62)                Mark Start          Mark End        Relocate Start      Relocate End           High               Low         
[6.146s][info][gc,heap     ] GC(62)  Capacity:      400M (100%)        400M (100%)        400M (100%)        400M (100%)        400M (100%)        400M (100%)   
[6.146s][info][gc,heap     ] GC(62)      Free:        0M (0%)            0M (0%)           56M (14%)           0M (0%)          102M (26%)           0M (0%)     
[6.146s][info][gc,heap     ] GC(62)      Used:      400M (100%)        400M (100%)        344M (86%)         400M (100%)        400M (100%)        298M (74%)    
[6.146s][info][gc,heap     ] GC(62)      Live:         -               212M (53%)         212M (53%)         212M (53%)            -                  -          
[6.146s][info][gc,heap     ] GC(62) Allocated:         -                 0M (0%)           46M (12%)         180M (45%)            -                  -          
[6.146s][info][gc,heap     ] GC(62)   Garbage:         -               187M (47%)          85M (21%)           7M (2%)             -                  -          
[6.146s][info][gc,heap     ] GC(62) Reclaimed:         -                  -               102M (26%)         180M (45%)            -                  -          
[6.146s][info][gc          ] GC(62) Garbage Collection (Allocation Stall) 400M(100%)->400M(100%)
[6.146s][info][gc,start    ] GC(63) Garbage Collection (Allocation Stall)
[6.146s][info][gc,ref      ] GC(63) Clearing All SoftReferences
[6.146s][info][gc,task     ] GC(63) Using 4 workers
[6.146s][info][gc,ref      ] GC(63) Clearing All SoftReferences
[6.146s][info][gc,phases   ] GC(63) Pause Mark Start 0.008ms
[6.214s][info][gc,phases   ] GC(63) Concurrent Mark 68.072ms
[6.214s][info][gc,phases   ] GC(63) Pause Mark End 0.007ms
[6.214s][info][gc,phases   ] GC(63) Concurrent Mark Free 0.001ms
[6.215s][info][gc,phases   ] GC(63) Concurrent Process Non-Strong References 0.556ms
[6.215s][info][gc,phases   ] GC(63) Concurrent Reset Relocation Set 0.003ms
[6.215s][info][gc          ] Allocation Stall (pool-1-thread-2) 70.481ms
[6.215s][info][gc          ] Allocation Stall (pool-1-thread-4) 72.061ms
[6.215s][info][gc          ] Allocation Stall (pool-1-thread-3) 70.495ms
[6.215s][info][gc          ] Allocation Stall (pool-1-thread-8) 70.493ms
[6.215s][info][gc          ] Allocation Stall (pool-1-thread-5) 70.512ms
[6.215s][info][gc          ] Allocation Stall (pool-1-thread-9) 71.251ms
[6.215s][info][gc          ] Allocation Stall (pool-1-thread-7) 70.607ms
[6.215s][info][gc          ] Allocation Stall (pool-1-thread-6) 71.020ms
[6.215s][info][gc          ] Allocation Stall (pool-1-thread-1) 70.498ms
[6.218s][info][gc,phases   ] GC(63) Concurrent Select Relocation Set 2.814ms
[6.218s][info][gc,phases   ] GC(63) Pause Relocate Start 0.005ms
[6.226s][info][gc          ] Allocation Stall (pool-1-thread-5) 0.060ms
[6.227s][info][gc          ] Allocation Stall (pool-1-thread-4) 0.261ms
[6.227s][info][gc          ] Allocation Stall (pool-1-thread-6) 0.255ms
[6.227s][info][gc          ] Allocation Stall (pool-1-thread-9) 0.568ms
[6.227s][info][gc          ] Allocation Stall (pool-1-thread-2) 0.622ms
[6.227s][info][gc          ] Allocation Stall (pool-1-thread-8) 0.636ms
[6.227s][info][gc          ] Allocation Stall (pool-1-thread-1) 0.659ms
[6.227s][info][gc          ] Allocation Stall (pool-1-thread-3) 0.669ms
[6.227s][info][gc          ] Allocation Stall (pool-1-thread-5) 0.717ms
[6.227s][info][gc,phases   ] GC(63) Concurrent Relocate 9.679ms
[6.227s][info][gc,load     ] GC(63) Load: 0.42/0.24/0.20
[6.227s][info][gc,mmu      ] GC(63) MMU: 2ms/97.7%, 5ms/99.1%, 10ms/99.5%, 20ms/99.7%, 50ms/99.9%, 100ms/99.9%
[6.227s][info][gc,marking  ] GC(63) Mark: 4 stripe(s), 10 proactive flush(es), 1 terminate flush(es), 0 completion(s), 0 continuation(s) 
[6.227s][info][gc,marking  ] GC(63) Mark Stack Usage: 32M
[6.227s][info][gc,nmethod  ] GC(63) NMethods: 1523 registered, 202 unregistered
[6.227s][info][gc,metaspace] GC(63) Metaspace: 10M used, 10M committed, 1088M reserved
[6.227s][info][gc,ref      ] GC(63) Soft: 143 encountered, 50 discovered, 0 enqueued
[6.227s][info][gc,ref      ] GC(63) Weak: 898 encountered, 206 discovered, 0 enqueued
[6.227s][info][gc,ref      ] GC(63) Final: 0 encountered, 0 discovered, 0 enqueued
[6.227s][info][gc,ref      ] GC(63) Phantom: 3 encountered, 2 discovered, 0 enqueued
[6.227s][info][gc,reloc    ] GC(63) Small Pages: 200 / 400M, Empty: 124M, Relocated: 18M, In-Place: 0
[6.227s][info][gc,reloc    ] GC(63) Medium Pages: 0 / 0M, Empty: 0M, Relocated: 0M, In-Place: 0
[6.227s][info][gc,reloc    ] GC(63) Large Pages: 0 / 0M, Empty: 0M, Relocated: 0M, In-Place: 0
[6.227s][info][gc,reloc    ] GC(63) Forwarding Usage: 9M
[6.227s][info][gc,heap     ] GC(63) Min Capacity: 8M(2%)
[6.227s][info][gc,heap     ] GC(63) Max Capacity: 400M(100%)
[6.227s][info][gc,heap     ] GC(63) Soft Max Capacity: 400M(100%)
[6.227s][info][gc,heap     ] GC(63)                Mark Start          Mark End        Relocate Start      Relocate End           High               Low         
[6.227s][info][gc,heap     ] GC(63)  Capacity:      400M (100%)        400M (100%)        400M (100%)        400M (100%)        400M (100%)        400M (100%)   
[6.227s][info][gc,heap     ] GC(63)      Free:        0M (0%)            0M (0%)           70M (18%)           0M (0%)          124M (31%)           0M (0%)     
[6.227s][info][gc,heap     ] GC(63)      Used:      400M (100%)        400M (100%)        330M (82%)         400M (100%)        400M (100%)        276M (69%)    
[6.227s][info][gc,heap     ] GC(63)      Live:         -               150M (38%)         150M (38%)         150M (38%)            -                  -          
[6.228s][info][gc,heap     ] GC(63) Allocated:         -                 0M (0%)           54M (14%)         244M (61%)            -                  -          
[6.228s][info][gc,heap     ] GC(63)   Garbage:         -               249M (62%)         125M (31%)           4M (1%)             -                  -          
[6.228s][info][gc,heap     ] GC(63) Reclaimed:         -                  -               124M (31%)         244M (61%)            -                  -          
[6.228s][info][gc          ] GC(63) Garbage Collection (Allocation Stall) 400M(100%)->400M(100%)
[6.228s][info][gc,start    ] GC(64) Garbage Collection (Allocation Stall)
[6.228s][info][gc,ref      ] GC(64) Clearing All SoftReferences
[6.228s][info][gc,task     ] GC(64) Using 4 workers
[6.228s][info][gc,ref      ] GC(64) Clearing All SoftReferences
[6.228s][info][gc,phases   ] GC(64) Pause Mark Start 0.008ms
[6.292s][info][gc,phases   ] GC(64) Concurrent Mark 64.650ms
[6.292s][info][gc,phases   ] GC(64) Pause Mark End 0.012ms
[6.292s][info][gc,phases   ] GC(64) Concurrent Mark Free 0.000ms
[6.293s][info][gc,phases   ] GC(64) Concurrent Process Non-Strong References 0.577ms
[6.293s][info][gc,phases   ] GC(64) Concurrent Reset Relocation Set 0.003ms
[6.294s][info][gc          ] Allocation Stall (pool-1-thread-2) 67.004ms
[6.294s][info][gc          ] Allocation Stall (pool-1-thread-4) 67.528ms
[6.294s][info][gc          ] Allocation Stall (pool-1-thread-9) 66.982ms
[6.294s][info][gc          ] Allocation Stall (pool-1-thread-5) 66.634ms
[6.294s][info][gc          ] Allocation Stall (pool-1-thread-3) 67.019ms
[6.294s][info][gc          ] Allocation Stall (pool-1-thread-8) 67.017ms
[6.294s][info][gc          ] Allocation Stall (pool-1-thread-7) 67.441ms
[6.294s][info][gc          ] Allocation Stall (pool-1-thread-6) 67.435ms
[6.294s][info][gc          ] Allocation Stall (pool-1-thread-1) 67.038ms
[6.296s][info][gc,phases   ] GC(64) Concurrent Select Relocation Set 3.358ms
[6.296s][info][gc,phases   ] GC(64) Pause Relocate Start 0.003ms
[6.298s][info][gc          ] Allocation Stall (pool-1-thread-5) 0.052ms
[6.298s][info][gc          ] Allocation Stall (pool-1-thread-4) 0.046ms
[6.298s][info][gc          ] Allocation Stall (pool-1-thread-9) 0.045ms
[6.298s][info][gc          ] Allocation Stall (pool-1-thread-7) 0.019ms
[6.298s][info][gc          ] Allocation Stall (pool-1-thread-4) 0.102ms
[6.298s][info][gc          ] Allocation Stall (pool-1-thread-1) 0.161ms
[6.298s][info][gc          ] Allocation Stall (pool-1-thread-6) 0.174ms
[6.298s][info][gc          ] Allocation Stall (pool-1-thread-3) 0.190ms
[6.298s][info][gc          ] Allocation Stall (pool-1-thread-4) 0.051ms
[6.299s][info][gc          ] Allocation Stall (pool-1-thread-4) 0.045ms
[6.299s][info][gc          ] Allocation Stall (pool-1-thread-5) 0.160ms
[6.299s][info][gc          ] Allocation Stall (pool-1-thread-6) 0.190ms
[6.299s][info][gc          ] Allocation Stall (pool-1-thread-7) 0.186ms
[6.299s][info][gc          ] Allocation Stall (pool-1-thread-3) 0.184ms
[6.299s][info][gc          ] Allocation Stall (pool-1-thread-2) 0.101ms
[6.299s][info][gc          ] Allocation Stall (pool-1-thread-1) 0.095ms
[6.299s][info][gc          ] Allocation Stall (pool-1-thread-9) 0.088ms
[6.299s][info][gc          ] Allocation Stall (pool-1-thread-4) 0.099ms
[6.299s][info][gc          ] Allocation Stall (pool-1-thread-2) 0.023ms
[6.299s][info][gc          ] Allocation Stall (pool-1-thread-7) 0.051ms
[6.299s][info][gc          ] Allocation Stall (pool-1-thread-3) 0.063ms
[6.299s][info][gc          ] Allocation Stall (pool-1-thread-4) 0.060ms
[6.299s][info][gc          ] Allocation Stall (pool-1-thread-9) 0.059ms
[6.299s][info][gc          ] Allocation Stall (pool-1-thread-6) 0.066ms
[6.299s][info][gc          ] Allocation Stall (pool-1-thread-1) 0.069ms
[6.299s][info][gc          ] Allocation Stall (pool-1-thread-2) 0.067ms
[6.299s][info][gc          ] Allocation Stall (pool-1-thread-5) 0.054ms
[6.299s][info][gc          ] Allocation Stall (pool-1-thread-5) 0.079ms
[6.299s][info][gc          ] Allocation Stall (pool-1-thread-4) 0.066ms
[6.299s][info][gc          ] Allocation Stall (pool-1-thread-1) 0.069ms
[6.299s][info][gc          ] Allocation Stall (pool-1-thread-2) 0.076ms
[6.299s][info][gc          ] Allocation Stall (pool-1-thread-3) 0.075ms
[6.299s][info][gc          ] Allocation Stall (pool-1-thread-7) 0.065ms
[6.299s][info][gc          ] Allocation Stall (pool-1-thread-9) 0.065ms
[6.299s][info][gc          ] Allocation Stall (pool-1-thread-6) 0.073ms
[6.300s][info][gc          ] Allocation Stall (pool-1-thread-2) 0.089ms
[6.300s][info][gc          ] Allocation Stall (pool-1-thread-9) 0.142ms
[6.300s][info][gc          ] Allocation Stall (pool-1-thread-6) 0.148ms
[6.300s][info][gc          ] Allocation Stall (pool-1-thread-5) 0.143ms
[6.300s][info][gc          ] Allocation Stall (pool-1-thread-4) 0.140ms
[6.300s][info][gc          ] Allocation Stall (pool-1-thread-3) 0.138ms
[6.300s][info][gc          ] Allocation Stall (pool-1-thread-1) 0.135ms
[6.300s][info][gc          ] Allocation Stall (pool-1-thread-2) 0.065ms
[6.300s][info][gc          ] Allocation Stall (pool-1-thread-3) 0.076ms
[6.300s][info][gc          ] Allocation Stall (pool-1-thread-5) 0.076ms
[6.300s][info][gc          ] Allocation Stall (pool-1-thread-4) 0.081ms
[6.300s][info][gc          ] Allocation Stall (pool-1-thread-1) 0.064ms
[6.300s][info][gc          ] Allocation Stall (pool-1-thread-6) 0.081ms
[6.300s][info][gc          ] Allocation Stall (pool-1-thread-9) 0.079ms
[6.300s][info][gc          ] Allocation Stall (pool-1-thread-1) 0.009ms
[6.301s][info][gc          ] Allocation Stall (pool-1-thread-9) 0.135ms
[6.301s][info][gc          ] Allocation Stall (pool-1-thread-4) 0.142ms
[6.301s][info][gc          ] Allocation Stall (pool-1-thread-7) 0.066ms
[6.301s][info][gc          ] Allocation Stall (pool-1-thread-5) 0.072ms
[6.301s][info][gc          ] Allocation Stall (pool-1-thread-1) 0.077ms
[6.301s][info][gc          ] Allocation Stall (pool-1-thread-2) 0.081ms
[6.301s][info][gc          ] Allocation Stall (pool-1-thread-6) 0.075ms
[6.301s][info][gc          ] Allocation Stall (pool-1-thread-3) 0.310ms
[6.301s][info][gc          ] Allocation Stall (pool-1-thread-2) 0.187ms
[6.301s][info][gc          ] Allocation Stall (pool-1-thread-7) 0.182ms
[6.301s][info][gc          ] Allocation Stall (pool-1-thread-4) 0.187ms
[6.301s][info][gc          ] Allocation Stall (pool-1-thread-1) 0.199ms
[6.301s][info][gc          ] Allocation Stall (pool-1-thread-5) 0.206ms
[6.301s][info][gc          ] Allocation Stall (pool-1-thread-9) 0.190ms
[6.301s][info][gc          ] Allocation Stall (pool-1-thread-6) 0.180ms
[6.301s][info][gc          ] Allocation Stall (pool-1-thread-3) 0.018ms
[6.301s][info][gc          ] Allocation Stall (pool-1-thread-5) 0.084ms
[6.301s][info][gc          ] Allocation Stall (pool-1-thread-4) 0.136ms
[6.301s][info][gc          ] Allocation Stall (pool-1-thread-3) 0.134ms
[6.301s][info][gc          ] Allocation Stall (pool-1-thread-1) 0.127ms
[6.301s][info][gc          ] Allocation Stall (pool-1-thread-6) 0.123ms
[6.301s][info][gc          ] Allocation Stall (pool-1-thread-2) 0.132ms
[6.301s][info][gc          ] Allocation Stall (pool-1-thread-7) 0.129ms
[6.301s][info][gc          ] Allocation Stall (pool-1-thread-9) 0.133ms
[6.302s][info][gc          ] Allocation Stall (pool-1-thread-1) 0.045ms
[6.302s][info][gc          ] Allocation Stall (pool-1-thread-3) 0.077ms
[6.302s][info][gc          ] Allocation Stall (pool-1-thread-9) 0.063ms
[6.302s][info][gc          ] Allocation Stall (pool-1-thread-2) 0.063ms
[6.302s][info][gc          ] Allocation Stall (pool-1-thread-4) 0.069ms
[6.302s][info][gc          ] Allocation Stall (pool-1-thread-7) 0.139ms
[6.302s][info][gc          ] Allocation Stall (pool-1-thread-5) 0.214ms
[6.302s][info][gc          ] Allocation Stall (pool-1-thread-9) 0.086ms
[6.302s][info][gc          ] Allocation Stall (pool-1-thread-4) 0.085ms
[6.302s][info][gc          ] Allocation Stall (pool-1-thread-3) 0.218ms
[6.302s][info][gc          ] Allocation Stall (pool-1-thread-2) 0.193ms
[6.302s][info][gc          ] Allocation Stall (pool-1-thread-4) 0.101ms
[6.302s][info][gc          ] Allocation Stall (pool-1-thread-1) 0.095ms
[6.302s][info][gc          ] Allocation Stall (pool-1-thread-6) 0.109ms
[6.302s][info][gc          ] Allocation Stall (pool-1-thread-5) 0.106ms
[6.302s][info][gc          ] Allocation Stall (pool-1-thread-9) 0.110ms
[6.302s][info][gc          ] Allocation Stall (pool-1-thread-7) 0.113ms
[6.302s][info][gc          ] Allocation Stall (pool-1-thread-9) 0.079ms
[6.302s][info][gc          ] Allocation Stall (pool-1-thread-3) 0.137ms
[6.302s][info][gc          ] Allocation Stall (pool-1-thread-7) 0.140ms
[6.302s][info][gc          ] Allocation Stall (pool-1-thread-4) 0.124ms
[6.302s][info][gc          ] Allocation Stall (pool-1-thread-5) 0.130ms
[6.302s][info][gc          ] Allocation Stall (pool-1-thread-1) 0.143ms
[6.302s][info][gc          ] Allocation Stall (pool-1-thread-2) 0.138ms
[6.302s][info][gc          ] Allocation Stall (pool-1-thread-6) 0.126ms
[6.303s][info][gc          ] Allocation Stall (pool-1-thread-6) 0.116ms
[6.303s][info][gc          ] Allocation Stall (pool-1-thread-1) 0.138ms
[6.303s][info][gc          ] Allocation Stall (pool-1-thread-5) 0.129ms
[6.303s][info][gc          ] Allocation Stall (pool-1-thread-7) 0.135ms
[6.303s][info][gc          ] Allocation Stall (pool-1-thread-4) 0.141ms
[6.303s][info][gc          ] Allocation Stall (pool-1-thread-2) 0.134ms
[6.303s][info][gc          ] Allocation Stall (pool-1-thread-3) 0.142ms
[6.303s][info][gc          ] Allocation Stall (pool-1-thread-9) 0.126ms
[6.303s][info][gc          ] Allocation Stall (pool-1-thread-1) 0.141ms
[6.303s][info][gc          ] Allocation Stall (pool-1-thread-6) 0.154ms
[6.303s][info][gc          ] Allocation Stall (pool-1-thread-9) 0.155ms
[6.303s][info][gc          ] Allocation Stall (pool-1-thread-3) 0.213ms
[6.303s][info][gc          ] Allocation Stall (pool-1-thread-5) 0.229ms
[6.303s][info][gc          ] Allocation Stall (pool-1-thread-4) 0.228ms
[6.303s][info][gc          ] Allocation Stall (pool-1-thread-9) 0.105ms
[6.304s][info][gc          ] Allocation Stall (pool-1-thread-1) 0.151ms
[6.304s][info][gc          ] Allocation Stall (pool-1-thread-2) 0.155ms
[6.304s][info][gc          ] Allocation Stall (pool-1-thread-4) 0.161ms
[6.304s][info][gc          ] Allocation Stall (pool-1-thread-5) 0.153ms
[6.304s][info][gc          ] Allocation Stall (pool-1-thread-3) 0.162ms
[6.304s][info][gc          ] Allocation Stall (pool-1-thread-7) 0.161ms
[6.304s][info][gc          ] Allocation Stall (pool-1-thread-6) 0.170ms
[6.304s][info][gc          ] Allocation Stall (pool-1-thread-9) 0.022ms
[6.304s][info][gc          ] Allocation Stall (pool-1-thread-7) 0.075ms
[6.304s][info][gc          ] Allocation Stall (pool-1-thread-3) 0.219ms
[6.304s][info][gc          ] Allocation Stall (pool-1-thread-9) 0.242ms
[6.304s][info][gc          ] Allocation Stall (pool-1-thread-4) 0.247ms
[6.304s][info][gc          ] Allocation Stall (pool-1-thread-5) 0.240ms
[6.304s][info][gc          ] Allocation Stall (pool-1-thread-2) 0.241ms
[6.304s][info][gc          ] Allocation Stall (pool-1-thread-1) 0.246ms
[6.304s][info][gc          ] Allocation Stall (pool-1-thread-7) 0.370ms
[6.304s][info][gc          ] Allocation Stall (pool-1-thread-6) 0.384ms
[6.304s][info][gc          ] Allocation Stall (pool-1-thread-4) 0.166ms
[6.304s][info][gc          ] Allocation Stall (pool-1-thread-1) 0.169ms
[6.304s][info][gc          ] Allocation Stall (pool-1-thread-3) 0.171ms
[6.304s][info][gc          ] Allocation Stall (pool-1-thread-5) 0.175ms
[6.304s][info][gc          ] Allocation Stall (pool-1-thread-9) 0.181ms
[6.304s][info][gc          ] Allocation Stall (pool-1-thread-2) 0.182ms
[6.305s][info][gc          ] Allocation Stall (pool-1-thread-4) 0.122ms
[6.305s][info][gc          ] Allocation Stall (pool-1-thread-3) 0.152ms
[6.305s][info][gc          ] Allocation Stall (pool-1-thread-7) 0.157ms
[6.305s][info][gc          ] Allocation Stall (pool-1-thread-6) 0.152ms
[6.305s][info][gc          ] Allocation Stall (pool-1-thread-1) 0.155ms
[6.305s][info][gc          ] Allocation Stall (pool-1-thread-2) 0.148ms
[6.305s][info][gc          ] Allocation Stall (pool-1-thread-5) 0.156ms
[6.305s][info][gc          ] Allocation Stall (pool-1-thread-9) 0.158ms
[6.305s][info][gc          ] Allocation Stall (pool-1-thread-5) 0.295ms
[6.305s][info][gc          ] Relocation Stall (pool-1-thread-8) 7.741ms
[6.305s][info][gc          ] Allocation Stall (pool-1-thread-4) 0.454ms
[6.305s][info][gc          ] Allocation Stall (pool-1-thread-1) 0.458ms
[6.305s][info][gc          ] Allocation Stall (pool-1-thread-6) 0.455ms
[6.305s][info][gc          ] Allocation Stall (pool-1-thread-9) 0.466ms
[6.306s][info][gc          ] Allocation Stall (pool-1-thread-2) 0.825ms
[6.306s][info][gc          ] Allocation Stall (pool-1-thread-3) 1.164ms
[6.306s][info][gc          ] Allocation Stall (pool-1-thread-7) 1.197ms
[6.306s][info][gc          ] Allocation Stall (pool-1-thread-4) 0.905ms
[6.307s][info][gc,phases   ] GC(64) Concurrent Relocate 10.508ms
[6.307s][info][gc,load     ] GC(64) Load: 0.42/0.24/0.20
[6.307s][info][gc,mmu      ] GC(64) MMU: 2ms/97.7%, 5ms/99.1%, 10ms/99.5%, 20ms/99.7%, 50ms/99.9%, 100ms/99.9%
[6.307s][info][gc,marking  ] GC(64) Mark: 4 stripe(s), 7 proactive flush(es), 1 terminate flush(es), 0 completion(s), 0 continuation(s) 
[6.307s][info][gc,marking  ] GC(64) Mark Stack Usage: 32M
[6.307s][info][gc,nmethod  ] GC(64) NMethods: 1523 registered, 202 unregistered
[6.307s][info][gc,metaspace] GC(64) Metaspace: 10M used, 10M committed, 1088M reserved
[6.307s][info][gc,ref      ] GC(64) Soft: 143 encountered, 45 discovered, 0 enqueued
[6.307s][info][gc,ref      ] GC(64) Weak: 898 encountered, 11 discovered, 0 enqueued
[6.307s][info][gc,ref      ] GC(64) Final: 0 encountered, 0 discovered, 0 enqueued
[6.307s][info][gc,ref      ] GC(64) Phantom: 3 encountered, 1 discovered, 0 enqueued
[6.307s][info][gc,reloc    ] GC(64) Small Pages: 200 / 400M, Empty: 56M, Relocated: 26M, In-Place: 9
[6.307s][info][gc,reloc    ] GC(64) Medium Pages: 0 / 0M, Empty: 0M, Relocated: 0M, In-Place: 0
[6.307s][info][gc,reloc    ] GC(64) Large Pages: 0 / 0M, Empty: 0M, Relocated: 0M, In-Place: 0
[6.307s][info][gc,reloc    ] GC(64) Forwarding Usage: 13M
[6.307s][info][gc,heap     ] GC(64) Min Capacity: 8M(2%)
[6.307s][info][gc,heap     ] GC(64) Max Capacity: 400M(100%)
[6.307s][info][gc,heap     ] GC(64) Soft Max Capacity: 400M(100%)
[6.307s][info][gc,heap     ] GC(64)                Mark Start          Mark End        Relocate Start      Relocate End           High               Low         
[6.307s][info][gc,heap     ] GC(64)  Capacity:      400M (100%)        400M (100%)        400M (100%)        400M (100%)        400M (100%)        400M (100%)   
[6.307s][info][gc,heap     ] GC(64)      Free:        0M (0%)            0M (0%)           10M (2%)            0M (0%)           56M (14%)           0M (0%)     
[6.307s][info][gc,heap     ] GC(64)      Used:      400M (100%)        400M (100%)        390M (98%)         400M (100%)        400M (100%)        344M (86%)    
[6.307s][info][gc,heap     ] GC(64)      Live:         -               176M (44%)         176M (44%)         176M (44%)            -                  -          
[6.307s][info][gc,heap     ] GC(64) Allocated:         -                 0M (0%)           46M (12%)         215M (54%)            -                  -          
[6.307s][info][gc,heap     ] GC(64)   Garbage:         -               223M (56%)         167M (42%)           7M (2%)             -                  -          
[6.307s][info][gc,heap     ] GC(64) Reclaimed:         -                  -                56M (14%)         215M (54%)            -                  -          
[6.307s][info][gc          ] GC(64) Garbage Collection (Allocation Stall) 400M(100%)->400M(100%)
[6.307s][info][gc,start    ] GC(65) Garbage Collection (Allocation Stall)
[6.307s][info][gc,ref      ] GC(65) Clearing All SoftReferences
[6.307s][info][gc,task     ] GC(65) Using 4 workers
[6.307s][info][gc,ref      ] GC(65) Clearing All SoftReferences
[6.307s][info][gc,phases   ] GC(65) Pause Mark Start 0.008ms
[6.386s][info][gc,phases   ] GC(65) Concurrent Mark 79.230ms
[6.386s][info][gc,phases   ] GC(65) Pause Mark End 0.009ms
[6.386s][info][gc,phases   ] GC(65) Concurrent Mark Free 0.001ms
[6.387s][info][gc,phases   ] GC(65) Concurrent Process Non-Strong References 0.565ms
[6.387s][info][gc,phases   ] GC(65) Concurrent Reset Relocation Set 0.004ms
[6.388s][info][gc          ] Allocation Stall (pool-1-thread-9) 82.773ms
[6.388s][info][gc          ] Allocation Stall (pool-1-thread-6) 82.783ms
[6.388s][info][gc          ] Allocation Stall (pool-1-thread-1) 82.789ms
[6.388s][info][gc          ] Allocation Stall (pool-1-thread-3) 81.871ms
[6.388s][info][gc          ] Allocation Stall (pool-1-thread-4) 81.894ms
[6.388s][info][gc          ] Allocation Stall (pool-1-thread-5) 82.770ms
[6.388s][info][gc          ] Allocation Stall (pool-1-thread-8) 74.103ms
[6.388s][info][gc          ] Allocation Stall (pool-1-thread-7) 81.913ms
[6.388s][info][gc          ] Allocation Stall (pool-1-thread-2) 82.382ms
[6.391s][info][gc,phases   ] GC(65) Concurrent Select Relocation Set 4.467ms
[6.392s][info][gc,phases   ] GC(65) Pause Relocate Start 0.004ms
[6.392s][info][gc          ] Relocation Stall (pool-1-thread-9) 0.122ms
[6.392s][info][gc          ] Allocation Stall (pool-1-thread-1) 1.394ms
[6.392s][info][gc          ] Allocation Stall (pool-1-thread-4) 1.387ms
[6.392s][info][gc          ] Allocation Stall (pool-1-thread-8) 1.433ms
[6.392s][info][gc          ] Allocation Stall (pool-1-thread-2) 1.448ms
[6.392s][info][gc          ] Allocation Stall (pool-1-thread-5) 1.439ms
[6.392s][info][gc          ] Allocation Stall (pool-1-thread-3) 1.501ms
[6.392s][info][gc          ] Allocation Stall (pool-1-thread-6) 1.313ms
[6.392s][info][gc          ] Allocation Stall (pool-1-thread-7) 0.958ms
[6.392s][info][gc          ] Allocation Stall (pool-1-thread-1) 0.102ms
[6.392s][info][gc          ] Allocation Stall (pool-1-thread-8) 0.098ms
[6.392s][info][gc          ] Allocation Stall (pool-1-thread-2) 0.103ms
[6.392s][info][gc          ] Allocation Stall (pool-1-thread-4) 0.155ms
[6.392s][info][gc          ] Allocation Stall (pool-1-thread-3) 0.054ms
[6.393s][info][gc          ] Allocation Stall (pool-1-thread-4) 0.180ms
[6.393s][info][gc          ] Allocation Stall (pool-1-thread-2) 0.187ms
[6.393s][info][gc          ] Allocation Stall (pool-1-thread-1) 0.183ms
[6.393s][info][gc          ] Allocation Stall (pool-1-thread-8) 0.186ms
[6.393s][info][gc          ] Allocation Stall (pool-1-thread-5) 0.185ms
[6.393s][info][gc          ] Allocation Stall (pool-1-thread-7) 0.057ms
[6.393s][info][gc          ] Allocation Stall (pool-1-thread-1) 0.103ms
[6.393s][info][gc          ] Allocation Stall (pool-1-thread-6) 0.110ms
[6.393s][info][gc          ] Allocation Stall (pool-1-thread-2) 0.109ms
[6.393s][info][gc          ] Allocation Stall (pool-1-thread-3) 0.117ms
[6.393s][info][gc          ] Allocation Stall (pool-1-thread-5) 0.101ms
[6.393s][info][gc          ] Allocation Stall (pool-1-thread-4) 0.108ms
[6.394s][info][gc          ] Allocation Stall (pool-1-thread-1) 0.022ms
[6.394s][info][gc          ] Allocation Stall (pool-1-thread-4) 0.032ms
[6.394s][info][gc          ] Allocation Stall (pool-1-thread-5) 0.043ms
[6.394s][info][gc          ] Allocation Stall (pool-1-thread-6) 0.016ms
[6.394s][info][gc          ] Allocation Stall (pool-1-thread-2) 0.083ms
[6.394s][info][gc          ] Allocation Stall (pool-1-thread-5) 0.086ms
[6.394s][info][gc          ] Allocation Stall (pool-1-thread-1) 0.072ms
[6.394s][info][gc          ] Allocation Stall (pool-1-thread-2) 0.059ms
[6.394s][info][gc          ] Allocation Stall (pool-1-thread-4) 0.061ms
[6.394s][info][gc          ] Allocation Stall (pool-1-thread-3) 0.083ms
[6.394s][info][gc          ] Allocation Stall (pool-1-thread-5) 0.074ms
[6.394s][info][gc          ] Allocation Stall (pool-1-thread-6) 0.076ms
[6.395s][info][gc          ] Allocation Stall (pool-1-thread-2) 0.075ms
[6.395s][info][gc          ] Allocation Stall (pool-1-thread-3) 0.148ms
[6.395s][info][gc          ] Allocation Stall (pool-1-thread-7) 0.146ms
[6.395s][info][gc          ] Allocation Stall (pool-1-thread-4) 0.156ms
[6.395s][info][gc          ] Allocation Stall (pool-1-thread-1) 0.153ms
[6.395s][info][gc          ] Allocation Stall (pool-1-thread-5) 0.276ms
[6.395s][info][gc          ] Allocation Stall (pool-1-thread-6) 0.369ms
[6.395s][info][gc          ] Allocation Stall (pool-1-thread-2) 0.237ms
[6.395s][info][gc          ] Allocation Stall (pool-1-thread-1) 0.171ms
[6.395s][info][gc          ] Allocation Stall (pool-1-thread-3) 0.177ms
[6.395s][info][gc          ] Allocation Stall (pool-1-thread-4) 0.253ms
[6.395s][info][gc          ] Allocation Stall (pool-1-thread-7) 0.256ms
[6.396s][info][gc          ] Allocation Stall (pool-1-thread-3) 0.125ms
[6.396s][info][gc          ] Allocation Stall (pool-1-thread-6) 0.112ms
[6.396s][info][gc          ] Allocation Stall (pool-1-thread-5) 0.116ms
[6.396s][info][gc          ] Allocation Stall (pool-1-thread-8) 0.127ms
[6.396s][info][gc          ] Allocation Stall (pool-1-thread-1) 0.126ms
[6.396s][info][gc          ] Allocation Stall (pool-1-thread-7) 0.135ms
[6.396s][info][gc          ] Allocation Stall (pool-1-thread-2) 0.133ms
[6.396s][info][gc          ] Allocation Stall (pool-1-thread-8) 0.021ms
[6.396s][info][gc          ] Allocation Stall (pool-1-thread-4) 0.153ms
[6.396s][info][gc          ] Allocation Stall (pool-1-thread-2) 0.133ms
[6.396s][info][gc          ] Allocation Stall (pool-1-thread-5) 0.134ms
[6.396s][info][gc          ] Allocation Stall (pool-1-thread-3) 0.144ms
[6.396s][info][gc          ] Allocation Stall (pool-1-thread-1) 0.133ms
[6.396s][info][gc          ] Allocation Stall (pool-1-thread-4) 0.132ms
[6.396s][info][gc          ] Allocation Stall (pool-1-thread-6) 0.132ms
[6.396s][info][gc          ] Allocation Stall (pool-1-thread-8) 0.140ms
[6.396s][info][gc          ] Allocation Stall (pool-1-thread-7) 0.161ms
[6.396s][info][gc          ] Allocation Stall (pool-1-thread-1) 0.038ms
[6.396s][info][gc          ] Allocation Stall (pool-1-thread-2) 0.035ms
[6.396s][info][gc          ] Allocation Stall (pool-1-thread-5) 0.042ms
[6.396s][info][gc          ] Allocation Stall (pool-1-thread-5) 0.223ms
[6.396s][info][gc          ] Allocation Stall (pool-1-thread-1) 0.253ms
[6.396s][info][gc          ] Allocation Stall (pool-1-thread-2) 0.250ms
[6.396s][info][gc          ] Allocation Stall (pool-1-thread-6) 0.252ms
[6.396s][info][gc          ] Allocation Stall (pool-1-thread-3) 0.257ms
[6.396s][info][gc          ] Allocation Stall (pool-1-thread-4) 0.263ms
[6.396s][info][gc          ] Allocation Stall (pool-1-thread-7) 0.255ms
[6.396s][info][gc          ] Allocation Stall (pool-1-thread-8) 0.260ms
[6.397s][info][gc          ] Allocation Stall (pool-1-thread-2) 0.206ms
[6.397s][info][gc          ] Allocation Stall (pool-1-thread-1) 0.207ms
[6.397s][info][gc          ] Allocation Stall (pool-1-thread-7) 0.215ms
[6.397s][info][gc          ] Allocation Stall (pool-1-thread-4) 0.219ms
[6.397s][info][gc          ] Allocation Stall (pool-1-thread-8) 0.222ms
[6.397s][info][gc          ] Allocation Stall (pool-1-thread-3) 0.229ms
[6.397s][info][gc          ] Allocation Stall (pool-1-thread-6) 0.229ms
[6.397s][info][gc          ] Allocation Stall (pool-1-thread-5) 0.233ms
[6.397s][info][gc          ] Allocation Stall (pool-1-thread-2) 0.106ms
[6.397s][info][gc          ] Allocation Stall (pool-1-thread-5) 0.027ms
[6.397s][info][gc          ] Allocation Stall (pool-1-thread-8) 0.032ms
[6.397s][info][gc          ] Allocation Stall (pool-1-thread-3) 0.036ms
[6.397s][info][gc          ] Allocation Stall (pool-1-thread-2) 0.203ms
[6.397s][info][gc          ] Allocation Stall (pool-1-thread-4) 0.225ms
[6.397s][info][gc          ] Allocation Stall (pool-1-thread-1) 0.232ms
[6.397s][info][gc          ] Allocation Stall (pool-1-thread-8) 0.231ms
[6.397s][info][gc          ] Allocation Stall (pool-1-thread-6) 0.235ms
[6.397s][info][gc          ] Allocation Stall (pool-1-thread-5) 0.231ms
[6.398s][info][gc          ] Allocation Stall (pool-1-thread-3) 0.407ms
[6.398s][info][gc          ] Allocation Stall (pool-1-thread-7) 0.429ms
[6.398s][info][gc          ] Allocation Stall (pool-1-thread-6) 0.235ms
[6.398s][info][gc          ] Allocation Stall (pool-1-thread-5) 0.225ms
[6.398s][info][gc          ] Allocation Stall (pool-1-thread-2) 0.227ms
[6.398s][info][gc          ] Allocation Stall (pool-1-thread-8) 0.758ms
[6.399s][info][gc          ] Allocation Stall (pool-1-thread-1) 0.965ms
[6.399s][info][gc          ] Allocation Stall (pool-1-thread-4) 1.024ms
[6.399s][info][gc          ] Allocation Stall (pool-1-thread-2) 0.732ms
[6.399s][info][gc          ] Allocation Stall (pool-1-thread-3) 0.735ms
[6.399s][info][gc          ] Allocation Stall (pool-1-thread-6) 0.894ms
[6.399s][info][gc          ] Allocation Stall (pool-1-thread-5) 1.235ms
[6.399s][info][gc          ] Allocation Stall (pool-1-thread-7) 1.292ms
[6.399s][info][gc          ] Allocation Stall (pool-1-thread-8) 0.710ms
[6.399s][info][gc          ] Allocation Stall (pool-1-thread-4) 0.489ms
[6.399s][info][gc          ] Allocation Stall (pool-1-thread-1) 0.498ms
[6.400s][info][gc          ] Allocation Stall (pool-1-thread-2) 1.010ms
[6.400s][info][gc          ] Allocation Stall (pool-1-thread-3) 1.048ms
[6.400s][info][gc          ] Allocation Stall (pool-1-thread-6) 0.852ms
[6.400s][info][gc          ] Allocation Stall (pool-1-thread-5) 0.608ms
[6.400s][info][gc          ] Allocation Stall (pool-1-thread-8) 0.514ms
[6.400s][info][gc          ] Allocation Stall (pool-1-thread-7) 0.521ms
[6.400s][info][gc          ] Allocation Stall (pool-1-thread-4) 0.775ms
[6.401s][info][gc          ] Allocation Stall (pool-1-thread-1) 1.389ms
[6.401s][info][gc          ] Allocation Stall (pool-1-thread-2) 1.376ms
[6.401s][info][gc          ] Allocation Stall (pool-1-thread-3) 1.456ms
[6.401s][info][gc          ] Allocation Stall (pool-1-thread-7) 1.381ms
[6.401s][info][gc          ] Allocation Stall (pool-1-thread-6) 1.378ms
[6.401s][info][gc          ] Allocation Stall (pool-1-thread-8) 1.390ms
[6.401s][info][gc          ] Allocation Stall (pool-1-thread-5) 1.388ms
[6.401s][info][gc          ] Allocation Stall (pool-1-thread-4) 1.017ms
[6.402s][info][gc          ] Allocation Stall (pool-1-thread-1) 1.053ms
[6.402s][info][gc          ] Allocation Stall (pool-1-thread-7) 0.896ms
[6.402s][info][gc          ] Allocation Stall (pool-1-thread-2) 0.851ms
[6.402s][info][gc          ] Allocation Stall (pool-1-thread-6) 0.857ms
[6.402s][info][gc          ] Allocation Stall (pool-1-thread-3) 0.855ms
[6.402s][info][gc          ] Allocation Stall (pool-1-thread-4) 0.861ms
[6.402s][info][gc          ] Allocation Stall (pool-1-thread-8) 0.848ms
[6.403s][info][gc          ] Allocation Stall (pool-1-thread-5) 1.159ms
[6.404s][info][gc          ] Allocation Stall (pool-1-thread-1) 1.788ms
[6.404s][info][gc          ] Allocation Stall (pool-1-thread-3) 1.837ms
[6.404s][info][gc          ] Allocation Stall (pool-1-thread-2) 1.845ms
[6.404s][info][gc          ] Allocation Stall (pool-1-thread-8) 1.856ms
[6.404s][info][gc          ] Allocation Stall (pool-1-thread-6) 1.864ms
[6.404s][info][gc          ] Allocation Stall (pool-1-thread-4) 1.855ms
[6.404s][info][gc          ] Allocation Stall (pool-1-thread-7) 1.678ms
[6.404s][info][gc          ] Allocation Stall (pool-1-thread-5) 1.486ms
[6.404s][info][gc          ] Allocation Stall (pool-1-thread-1) 0.168ms
[6.405s][info][gc          ] Allocation Stall (pool-1-thread-8) 0.376ms
[6.406s][info][gc          ] Relocation Stall (pool-1-thread-9) 12.893ms
[6.406s][info][gc,phases   ] GC(65) Concurrent Relocate 14.670ms
[6.406s][info][gc,load     ] GC(65) Load: 0.42/0.24/0.20
[6.406s][info][gc,mmu      ] GC(65) MMU: 2ms/97.7%, 5ms/99.1%, 10ms/99.5%, 20ms/99.7%, 50ms/99.9%, 100ms/99.9%
[6.406s][info][gc,marking  ] GC(65) Mark: 4 stripe(s), 9 proactive flush(es), 1 terminate flush(es), 0 completion(s), 0 continuation(s) 
[6.406s][info][gc,marking  ] GC(65) Mark Stack Usage: 32M
[6.406s][info][gc,nmethod  ] GC(65) NMethods: 1523 registered, 202 unregistered
[6.406s][info][gc,metaspace] GC(65) Metaspace: 10M used, 10M committed, 1088M reserved
[6.406s][info][gc,ref      ] GC(65) Soft: 143 encountered, 57 discovered, 0 enqueued
[6.406s][info][gc,ref      ] GC(65) Weak: 898 encountered, 157 discovered, 0 enqueued
[6.406s][info][gc,ref      ] GC(65) Final: 0 encountered, 0 discovered, 0 enqueued
[6.406s][info][gc,ref      ] GC(65) Phantom: 3 encountered, 2 discovered, 0 enqueued
[6.406s][info][gc,reloc    ] GC(65) Small Pages: 200 / 400M, Empty: 40M, Relocated: 41M, In-Place: 23
[6.406s][info][gc,reloc    ] GC(65) Medium Pages: 0 / 0M, Empty: 0M, Relocated: 0M, In-Place: 0
[6.406s][info][gc,reloc    ] GC(65) Large Pages: 0 / 0M, Empty: 0M, Relocated: 0M, In-Place: 0
[6.406s][info][gc,reloc    ] GC(65) Forwarding Usage: 25M
[6.406s][info][gc,heap     ] GC(65) Min Capacity: 8M(2%)
[6.406s][info][gc,heap     ] GC(65) Max Capacity: 400M(100%)
[6.406s][info][gc,heap     ] GC(65) Soft Max Capacity: 400M(100%)
[6.406s][info][gc,heap     ] GC(65)                Mark Start          Mark End        Relocate Start      Relocate End           High               Low         
[6.406s][info][gc,heap     ] GC(65)  Capacity:      400M (100%)        400M (100%)        400M (100%)        400M (100%)        400M (100%)        400M (100%)   
[6.406s][info][gc,heap     ] GC(65)      Free:        0M (0%)            0M (0%)            0M (0%)            0M (0%)           40M (10%)           0M (0%)     
[6.406s][info][gc,heap     ] GC(65)      Used:      400M (100%)        400M (100%)        400M (100%)        400M (100%)        400M (100%)        360M (90%)    
[6.406s][info][gc,heap     ] GC(65)      Live:         -               211M (53%)         211M (53%)         211M (53%)            -                  -          
[6.406s][info][gc,heap     ] GC(65) Allocated:         -                 0M (0%)           40M (10%)         180M (45%)            -                  -          
[6.406s][info][gc,heap     ] GC(65)   Garbage:         -               188M (47%)         148M (37%)           8M (2%)             -                  -          
[6.406s][info][gc,heap     ] GC(65) Reclaimed:         -                  -                40M (10%)         180M (45%)            -                  -          
[6.406s][info][gc          ] GC(65) Garbage Collection (Allocation Stall) 400M(100%)->400M(100%)
[6.406s][info][gc,start    ] GC(66) Garbage Collection (Allocation Stall)
[6.406s][info][gc,ref      ] GC(66) Clearing All SoftReferences
[6.406s][info][gc,task     ] GC(66) Using 4 workers
[6.406s][info][gc,ref      ] GC(66) Clearing All SoftReferences
[6.406s][info][gc,phases   ] GC(66) Pause Mark Start 0.008ms
[6.490s][info][gc,phases   ] GC(66) Concurrent Mark 83.538ms
[6.490s][info][gc,phases   ] GC(66) Pause Mark End 0.013ms
[6.490s][info][gc,phases   ] GC(66) Concurrent Mark Free 0.000ms
[6.491s][info][gc,phases   ] GC(66) Concurrent Process Non-Strong References 0.540ms
[6.491s][info][gc,phases   ] GC(66) Concurrent Reset Relocation Set 0.004ms
[6.491s][info][gc          ] Allocation Stall (pool-1-thread-7) 86.645ms
[6.491s][info][gc          ] Allocation Stall (pool-1-thread-5) 86.647ms
[6.491s][info][gc          ] Allocation Stall (pool-1-thread-6) 86.676ms
[6.491s][info][gc          ] Allocation Stall (pool-1-thread-4) 86.669ms
[6.491s][info][gc          ] Allocation Stall (pool-1-thread-8) 86.195ms
[6.491s][info][gc          ] Allocation Stall (pool-1-thread-2) 86.744ms
[6.491s][info][gc          ] Allocation Stall (pool-1-thread-3) 86.749ms
[6.491s][info][gc          ] Allocation Stall (pool-1-thread-1) 86.661ms
[6.491s][info][gc          ] Allocation Stall (pool-1-thread-9) 61.537ms
[6.494s][info][gc,phases   ] GC(66) Concurrent Select Relocation Set 3.625ms
[6.494s][info][gc,phases   ] GC(66) Pause Relocate Start 0.005ms
[6.499s][info][gc          ] Allocation Stall (pool-1-thread-3) 0.186ms
[6.499s][info][gc          ] Allocation Stall (pool-1-thread-5) 0.325ms
[6.499s][info][gc          ] Allocation Stall (pool-1-thread-2) 0.330ms
[6.500s][info][gc          ] Allocation Stall (pool-1-thread-7) 0.821ms
[6.501s][info][gc          ] Allocation Stall (pool-1-thread-9) 1.731ms
[6.501s][info][gc,phases   ] GC(66) Concurrent Relocate 6.883ms
[6.501s][info][gc,load     ] GC(66) Load: 0.42/0.24/0.20
[6.501s][info][gc,mmu      ] GC(66) MMU: 2ms/97.7%, 5ms/99.1%, 10ms/99.5%, 20ms/99.7%, 50ms/99.9%, 100ms/99.9%
[6.501s][info][gc,marking  ] GC(66) Mark: 4 stripe(s), 10 proactive flush(es), 2 terminate flush(es), 0 completion(s), 0 continuation(s) 
[6.501s][info][gc,marking  ] GC(66) Mark Stack Usage: 32M
[6.501s][info][gc,nmethod  ] GC(66) NMethods: 1523 registered, 202 unregistered
[6.501s][info][gc,metaspace] GC(66) Metaspace: 10M used, 10M committed, 1088M reserved
[6.501s][info][gc,ref      ] GC(66) Soft: 143 encountered, 43 discovered, 0 enqueued
[6.501s][info][gc,ref      ] GC(66) Weak: 898 encountered, 415 discovered, 0 enqueued
[6.501s][info][gc,ref      ] GC(66) Final: 0 encountered, 0 discovered, 0 enqueued
[6.501s][info][gc,ref      ] GC(66) Phantom: 3 encountered, 2 discovered, 0 enqueued
[6.501s][info][gc,reloc    ] GC(66) Small Pages: 200 / 400M, Empty: 116M, Relocated: 15M, In-Place: 4
[6.501s][info][gc,reloc    ] GC(66) Medium Pages: 0 / 0M, Empty: 0M, Relocated: 0M, In-Place: 0
[6.501s][info][gc,reloc    ] GC(66) Large Pages: 0 / 0M, Empty: 0M, Relocated: 0M, In-Place: 0
[6.501s][info][gc,reloc    ] GC(66) Forwarding Usage: 9M
[6.501s][info][gc,heap     ] GC(66) Min Capacity: 8M(2%)
[6.501s][info][gc,heap     ] GC(66) Max Capacity: 400M(100%)
[6.501s][info][gc,heap     ] GC(66) Soft Max Capacity: 400M(100%)
[6.501s][info][gc,heap     ] GC(66)                Mark Start          Mark End        Relocate Start      Relocate End           High               Low         
[6.501s][info][gc,heap     ] GC(66)  Capacity:      400M (100%)        400M (100%)        400M (100%)        400M (100%)        400M (100%)        400M (100%)   
[6.501s][info][gc,heap     ] GC(66)      Free:        0M (0%)            0M (0%)           48M (12%)           0M (0%)          116M (29%)           0M (0%)     
[6.501s][info][gc,heap     ] GC(66)      Used:      400M (100%)        400M (100%)        352M (88%)         400M (100%)        400M (100%)        284M (71%)    
[6.501s][info][gc,heap     ] GC(66)      Live:         -               208M (52%)         208M (52%)         208M (52%)            -                  -          
[6.501s][info][gc,heap     ] GC(66) Allocated:         -                 0M (0%)           68M (17%)         179M (45%)            -                  -          
[6.501s][info][gc,heap     ] GC(66)   Garbage:         -               191M (48%)          75M (19%)          12M (3%)             -                  -          
[6.501s][info][gc,heap     ] GC(66) Reclaimed:         -                  -               116M (29%)         179M (45%)            -                  -          
[6.501s][info][gc          ] GC(66) Garbage Collection (Allocation Stall) 400M(100%)->400M(100%)
[6.501s][info][gc,start    ] GC(67) Garbage Collection (Allocation Stall)
[6.501s][info][gc,ref      ] GC(67) Clearing All SoftReferences
[6.501s][info][gc,task     ] GC(67) Using 4 workers
[6.501s][info][gc,ref      ] GC(67) Clearing All SoftReferences
[6.501s][info][gc,phases   ] GC(67) Pause Mark Start 0.007ms
[6.564s][info][gc,phases   ] GC(67) Concurrent Mark 62.319ms
[6.564s][info][gc,phases   ] GC(67) Pause Mark End 0.008ms
[6.564s][info][gc,phases   ] GC(67) Concurrent Mark Free 0.001ms
[6.564s][info][gc,phases   ] GC(67) Concurrent Process Non-Strong References 0.585ms
[6.564s][info][gc,phases   ] GC(67) Concurrent Reset Relocation Set 0.003ms
[6.565s][info][gc          ] Allocation Stall (pool-1-thread-1) 65.780ms
[6.565s][info][gc          ] Allocation Stall (pool-1-thread-2) 65.353ms
[6.565s][info][gc          ] Allocation Stall (pool-1-thread-8) 59.284ms
[6.565s][info][gc          ] Allocation Stall (pool-1-thread-7) 64.674ms
[6.565s][info][gc          ] Allocation Stall (pool-1-thread-4) 65.784ms
[6.565s][info][gc          ] Allocation Stall (pool-1-thread-6) 65.776ms
[6.565s][info][gc          ] Allocation Stall (pool-1-thread-5) 65.354ms
[6.565s][info][gc          ] Allocation Stall (pool-1-thread-9) 63.968ms
[6.565s][info][gc          ] Allocation Stall (pool-1-thread-3) 65.487ms
[6.569s][info][gc,phases   ] GC(67) Concurrent Select Relocation Set 4.260ms
[6.569s][info][gc,phases   ] GC(67) Pause Relocate Start 0.005ms
[6.569s][info][gc          ] Allocation Stall (pool-1-thread-3) 0.415ms
[6.569s][info][gc          ] Allocation Stall (pool-1-thread-1) 0.420ms
[6.569s][info][gc          ] Allocation Stall (pool-1-thread-4) 0.359ms
[6.569s][info][gc          ] Allocation Stall (pool-1-thread-6) 0.349ms
[6.569s][info][gc          ] Allocation Stall (pool-1-thread-7) 0.198ms
[6.572s][info][gc          ] Allocation Stall (pool-1-thread-4) 0.098ms
[6.572s][info][gc          ] Allocation Stall (pool-1-thread-6) 0.144ms
[6.572s][info][gc          ] Allocation Stall (pool-1-thread-1) 0.152ms
[6.572s][info][gc          ] Allocation Stall (pool-1-thread-7) 0.156ms
[6.572s][info][gc          ] Allocation Stall (pool-1-thread-3) 0.173ms
[6.573s][info][gc          ] Allocation Stall (pool-1-thread-3) 0.237ms
[6.573s][info][gc          ] Allocation Stall (pool-1-thread-1) 0.355ms
[6.573s][info][gc          ] Allocation Stall (pool-1-thread-7) 0.360ms
[6.573s][info][gc          ] Allocation Stall (pool-1-thread-4) 0.360ms
[6.573s][info][gc          ] Allocation Stall (pool-1-thread-6) 0.331ms
[6.573s][info][gc          ] Allocation Stall (pool-1-thread-3) 0.023ms
[6.574s][info][gc          ] Allocation Stall (pool-1-thread-7) 0.189ms
[6.574s][info][gc          ] Allocation Stall (pool-1-thread-1) 0.359ms
[6.574s][info][gc          ] Allocation Stall (pool-1-thread-4) 0.235ms
[6.574s][info][gc          ] Allocation Stall (pool-1-thread-3) 0.242ms
[6.574s][info][gc          ] Allocation Stall (pool-1-thread-8) 0.237ms
[6.574s][info][gc          ] Allocation Stall (pool-1-thread-6) 0.246ms
[6.574s][info][gc          ] Allocation Stall (pool-1-thread-1) 0.016ms
[6.574s][info][gc          ] Allocation Stall (pool-1-thread-3) 0.129ms
[6.574s][info][gc          ] Allocation Stall (pool-1-thread-4) 0.251ms
[6.574s][info][gc          ] Allocation Stall (pool-1-thread-8) 0.258ms
[6.574s][info][gc          ] Allocation Stall (pool-1-thread-6) 0.247ms
[6.574s][info][gc          ] Allocation Stall (pool-1-thread-1) 0.253ms
[6.574s][info][gc          ] Allocation Stall (pool-1-thread-7) 0.313ms
[6.575s][info][gc          ] Allocation Stall (pool-1-thread-6) 0.149ms
[6.575s][info][gc          ] Allocation Stall (pool-1-thread-7) 0.115ms
[6.575s][info][gc          ] Allocation Stall (pool-1-thread-1) 0.118ms
[6.575s][info][gc          ] Allocation Stall (pool-1-thread-8) 0.114ms
[6.575s][info][gc          ] Allocation Stall (pool-1-thread-4) 0.117ms
[6.575s][info][gc          ] Allocation Stall (pool-1-thread-3) 0.330ms
[6.575s][info][gc          ] Allocation Stall (pool-1-thread-8) 0.193ms
[6.575s][info][gc          ] Allocation Stall (pool-1-thread-6) 0.198ms
[6.575s][info][gc          ] Allocation Stall (pool-1-thread-1) 0.200ms
[6.575s][info][gc          ] Allocation Stall (pool-1-thread-4) 0.205ms
[6.575s][info][gc          ] Allocation Stall (pool-1-thread-7) 0.204ms
[6.575s][info][gc          ] Relocation Stall (pool-1-thread-9) 6.372ms
[6.575s][info][gc          ] Allocation Stall (pool-1-thread-9) 0.429ms
[6.575s][info][gc          ] Relocation Stall (pool-1-thread-5) 6.374ms
[6.575s][info][gc          ] Allocation Stall (pool-1-thread-5) 0.427ms
[6.575s][info][gc          ] Relocation Stall (pool-1-thread-2) 6.381ms
[6.575s][info][gc          ] Allocation Stall (pool-1-thread-2) 0.432ms
[6.575s][info][gc          ] Allocation Stall (pool-1-thread-7) 0.106ms
[6.575s][info][gc          ] Allocation Stall (pool-1-thread-1) 0.112ms
[6.575s][info][gc          ] Allocation Stall (pool-1-thread-8) 0.111ms
[6.575s][info][gc          ] Allocation Stall (pool-1-thread-4) 0.129ms
[6.575s][info][gc          ] Allocation Stall (pool-1-thread-3) 0.111ms
[6.575s][info][gc          ] Allocation Stall (pool-1-thread-6) 0.132ms
[6.576s][info][gc          ] Allocation Stall (pool-1-thread-6) 0.475ms
[6.576s][info][gc          ] Allocation Stall (pool-1-thread-2) 0.553ms
[6.576s][info][gc          ] Allocation Stall (pool-1-thread-9) 0.557ms
[6.576s][info][gc          ] Allocation Stall (pool-1-thread-4) 0.561ms
[6.576s][info][gc          ] Allocation Stall (pool-1-thread-8) 0.567ms
[6.576s][info][gc          ] Allocation Stall (pool-1-thread-5) 0.817ms
[6.576s][info][gc          ] Allocation Stall (pool-1-thread-1) 0.846ms
[6.576s][info][gc          ] Allocation Stall (pool-1-thread-3) 0.826ms
[6.576s][info][gc          ] Allocation Stall (pool-1-thread-7) 0.681ms
[6.576s][info][gc          ] Allocation Stall (pool-1-thread-2) 0.319ms
[6.576s][info][gc          ] Allocation Stall (pool-1-thread-9) 0.244ms
[6.576s][info][gc          ] Allocation Stall (pool-1-thread-6) 0.363ms
[6.577s][info][gc          ] Allocation Stall (pool-1-thread-4) 0.711ms
[6.577s][info][gc          ] Allocation Stall (pool-1-thread-8) 0.751ms
[6.577s][info][gc          ] Allocation Stall (pool-1-thread-5) 0.564ms
[6.577s][info][gc          ] Allocation Stall (pool-1-thread-7) 0.491ms
[6.577s][info][gc          ] Allocation Stall (pool-1-thread-1) 0.496ms
[6.577s][info][gc          ] Allocation Stall (pool-1-thread-9) 0.502ms
[6.577s][info][gc          ] Allocation Stall (pool-1-thread-3) 0.590ms
[6.577s][info][gc          ] Allocation Stall (pool-1-thread-2) 0.909ms
[6.577s][info][gc          ] Allocation Stall (pool-1-thread-6) 0.674ms
[6.577s][info][gc          ] Allocation Stall (pool-1-thread-8) 0.447ms
[6.577s][info][gc          ] Allocation Stall (pool-1-thread-9) 0.454ms
[6.578s][info][gc          ] Allocation Stall (pool-1-thread-1) 0.453ms
[6.578s][info][gc          ] Allocation Stall (pool-1-thread-4) 0.457ms
[6.578s][info][gc          ] Allocation Stall (pool-1-thread-7) 0.385ms
[6.578s][info][gc          ] Allocation Stall (pool-1-thread-3) 0.364ms
[6.578s][info][gc          ] Allocation Stall (pool-1-thread-5) 0.362ms
[6.578s][info][gc          ] Allocation Stall (pool-1-thread-6) 0.033ms
[6.578s][info][gc          ] Allocation Stall (pool-1-thread-2) 0.041ms
[6.578s][info][gc          ] Allocation Stall (pool-1-thread-8) 0.394ms
[6.578s][info][gc          ] Allocation Stall (pool-1-thread-9) 0.481ms
[6.578s][info][gc          ] Allocation Stall (pool-1-thread-4) 0.483ms
[6.578s][info][gc          ] Allocation Stall (pool-1-thread-7) 0.487ms
[6.579s][info][gc          ] Allocation Stall (pool-1-thread-1) 0.850ms
[6.579s][info][gc          ] Allocation Stall (pool-1-thread-6) 0.936ms
[6.579s][info][gc          ] Allocation Stall (pool-1-thread-5) 0.949ms
[6.579s][info][gc          ] Allocation Stall (pool-1-thread-3) 0.978ms
[6.579s][info][gc          ] Allocation Stall (pool-1-thread-2) 0.991ms
[6.579s][info][gc          ] Allocation Stall (pool-1-thread-7) 0.485ms
[6.579s][info][gc          ] Allocation Stall (pool-1-thread-8) 0.762ms
[6.579s][info][gc          ] Allocation Stall (pool-1-thread-4) 1.115ms
[6.579s][info][gc          ] Allocation Stall (pool-1-thread-9) 1.197ms
[6.579s][info][gc          ] Allocation Stall (pool-1-thread-1) 0.837ms
[6.579s][info][gc          ] Allocation Stall (pool-1-thread-6) 0.690ms
[6.580s][info][gc          ] Allocation Stall (pool-1-thread-5) 1.142ms
[6.581s][info][gc,phases   ] GC(67) Concurrent Relocate 12.128ms
[6.581s][info][gc,load     ] GC(67) Load: 0.42/0.24/0.20
[6.581s][info][gc,mmu      ] GC(67) MMU: 2ms/97.7%, 5ms/99.1%, 10ms/99.5%, 20ms/99.7%, 50ms/99.9%, 100ms/99.9%
[6.581s][info][gc,marking  ] GC(67) Mark: 4 stripe(s), 8 proactive flush(es), 1 terminate flush(es), 0 completion(s), 0 continuation(s) 
[6.581s][info][gc,marking  ] GC(67) Mark Stack Usage: 32M
[6.581s][info][gc,nmethod  ] GC(67) NMethods: 1523 registered, 202 unregistered
[6.581s][info][gc,metaspace] GC(67) Metaspace: 10M used, 10M committed, 1088M reserved
[6.581s][info][gc,ref      ] GC(67) Soft: 143 encountered, 43 discovered, 0 enqueued
[6.581s][info][gc,ref      ] GC(67) Weak: 898 encountered, 25 discovered, 0 enqueued
[6.581s][info][gc,ref      ] GC(67) Final: 0 encountered, 0 discovered, 0 enqueued
[6.581s][info][gc,ref      ] GC(67) Phantom: 3 encountered, 2 discovered, 0 enqueued
[6.581s][info][gc,reloc    ] GC(67) Small Pages: 200 / 400M, Empty: 68M, Relocated: 31M, In-Place: 15
[6.581s][info][gc,reloc    ] GC(67) Medium Pages: 0 / 0M, Empty: 0M, Relocated: 0M, In-Place: 0
[6.581s][info][gc,reloc    ] GC(67) Large Pages: 0 / 0M, Empty: 0M, Relocated: 0M, In-Place: 0
[6.581s][info][gc,reloc    ] GC(67) Forwarding Usage: 18M
[6.581s][info][gc,heap     ] GC(67) Min Capacity: 8M(2%)
[6.581s][info][gc,heap     ] GC(67) Max Capacity: 400M(100%)
[6.581s][info][gc,heap     ] GC(67) Soft Max Capacity: 400M(100%)
[6.581s][info][gc,heap     ] GC(67)                Mark Start          Mark End        Relocate Start      Relocate End           High               Low         
[6.581s][info][gc,heap     ] GC(67)  Capacity:      400M (100%)        400M (100%)        400M (100%)        400M (100%)        400M (100%)        400M (100%)   
[6.581s][info][gc,heap     ] GC(67)      Free:        0M (0%)            0M (0%)            0M (0%)            0M (0%)           68M (17%)           0M (0%)     
[6.581s][info][gc,heap     ] GC(67)      Used:      400M (100%)        400M (100%)        400M (100%)        400M (100%)        400M (100%)        332M (83%)    
[6.581s][info][gc,heap     ] GC(67)      Live:         -               168M (42%)         168M (42%)         168M (42%)            -                  -          
[6.581s][info][gc,heap     ] GC(67) Allocated:         -                 0M (0%)           68M (17%)         223M (56%)            -                  -          
[6.581s][info][gc,heap     ] GC(67)   Garbage:         -               231M (58%)         163M (41%)           7M (2%)             -                  -          
[6.581s][info][gc,heap     ] GC(67) Reclaimed:         -                  -                68M (17%)         223M (56%)            -                  -          
[6.581s][info][gc          ] GC(67) Garbage Collection (Allocation Stall) 400M(100%)->400M(100%)
[6.581s][info][gc,start    ] GC(68) Garbage Collection (Allocation Stall)
[6.581s][info][gc,ref      ] GC(68) Clearing All SoftReferences
[6.581s][info][gc,task     ] GC(68) Using 4 workers
[6.581s][info][gc,ref      ] GC(68) Clearing All SoftReferences
[6.581s][info][gc,phases   ] GC(68) Pause Mark Start 0.010ms
[6.655s][info][gc,phases   ] GC(68) Concurrent Mark 74.239ms
[6.655s][info][gc,phases   ] GC(68) Pause Mark End 0.011ms
[6.655s][info][gc,phases   ] GC(68) Concurrent Mark Free 0.000ms
[6.656s][info][gc,phases   ] GC(68) Concurrent Process Non-Strong References 0.638ms
[6.656s][info][gc,phases   ] GC(68) Concurrent Reset Relocation Set 0.005ms
[6.656s][info][gc          ] Allocation Stall (pool-1-thread-8) 77.142ms
[6.656s][info][gc          ] Allocation Stall (pool-1-thread-3) 77.452ms
[6.656s][info][gc          ] Allocation Stall (pool-1-thread-6) 76.676ms
[6.656s][info][gc          ] Allocation Stall (pool-1-thread-9) 76.733ms
[6.656s][info][gc          ] Allocation Stall (pool-1-thread-1) 76.750ms
[6.656s][info][gc          ] Allocation Stall (pool-1-thread-7) 77.355ms
[6.656s][info][gc          ] Allocation Stall (pool-1-thread-2) 77.441ms
[6.656s][info][gc          ] Allocation Stall (pool-1-thread-5) 76.162ms
[6.656s][info][gc          ] Allocation Stall (pool-1-thread-4) 76.743ms
[6.659s][info][gc,phases   ] GC(68) Concurrent Select Relocation Set 2.852ms
[6.659s][info][gc,phases   ] GC(68) Pause Relocate Start 0.003ms
[6.666s][info][gc          ] Allocation Stall (pool-1-thread-1) 0.082ms
[6.666s][info][gc          ] Relocation Stall (pool-1-thread-8) 0.890ms
[6.666s][info][gc          ] Allocation Stall (pool-1-thread-7) 0.862ms
[6.667s][info][gc          ] Allocation Stall (pool-1-thread-4) 0.940ms
[6.667s][info][gc          ] Allocation Stall (pool-1-thread-9) 0.961ms
[6.667s][info][gc          ] Allocation Stall (pool-1-thread-5) 0.983ms
[6.667s][info][gc          ] Allocation Stall (pool-1-thread-3) 1.046ms
[6.667s][info][gc          ] Allocation Stall (pool-1-thread-6) 1.093ms
[6.668s][info][gc,phases   ] GC(68) Concurrent Relocate 9.206ms
[6.668s][info][gc,load     ] GC(68) Load: 0.42/0.24/0.20
[6.668s][info][gc,mmu      ] GC(68) MMU: 2ms/97.7%, 5ms/99.1%, 10ms/99.5%, 20ms/99.7%, 50ms/99.9%, 100ms/99.9%
[6.668s][info][gc,marking  ] GC(68) Mark: 4 stripe(s), 10 proactive flush(es), 1 terminate flush(es), 0 completion(s), 0 continuation(s) 
[6.668s][info][gc,marking  ] GC(68) Mark Stack Usage: 32M
[6.668s][info][gc,nmethod  ] GC(68) NMethods: 1523 registered, 202 unregistered
[6.668s][info][gc,metaspace] GC(68) Metaspace: 10M used, 10M committed, 1088M reserved
[6.668s][info][gc,ref      ] GC(68) Soft: 143 encountered, 39 discovered, 0 enqueued
[6.668s][info][gc,ref      ] GC(68) Weak: 898 encountered, 290 discovered, 0 enqueued
[6.668s][info][gc,ref      ] GC(68) Final: 0 encountered, 0 discovered, 0 enqueued
[6.668s][info][gc,ref      ] GC(68) Phantom: 3 encountered, 1 discovered, 0 enqueued
[6.668s][info][gc,reloc    ] GC(68) Small Pages: 200 / 400M, Empty: 120M, Relocated: 22M, In-Place: 3
[6.668s][info][gc,reloc    ] GC(68) Medium Pages: 0 / 0M, Empty: 0M, Relocated: 0M, In-Place: 0
[6.668s][info][gc,reloc    ] GC(68) Large Pages: 0 / 0M, Empty: 0M, Relocated: 0M, In-Place: 0
[6.668s][info][gc,reloc    ] GC(68) Forwarding Usage: 12M
[6.668s][info][gc,heap     ] GC(68) Min Capacity: 8M(2%)
[6.668s][info][gc,heap     ] GC(68) Max Capacity: 400M(100%)
[6.668s][info][gc,heap     ] GC(68) Soft Max Capacity: 400M(100%)
[6.668s][info][gc,heap     ] GC(68)                Mark Start          Mark End        Relocate Start      Relocate End           High               Low         
[6.668s][info][gc,heap     ] GC(68)  Capacity:      400M (100%)        400M (100%)        400M (100%)        400M (100%)        400M (100%)        400M (100%)   
[6.668s][info][gc,heap     ] GC(68)      Free:        0M (0%)            0M (0%)           62M (16%)           0M (0%)          120M (30%)           0M (0%)     
[6.668s][info][gc,heap     ] GC(68)      Used:      400M (100%)        400M (100%)        338M (84%)         400M (100%)        400M (100%)        280M (70%)    
[6.668s][info][gc,heap     ] GC(68)      Live:         -               173M (43%)         173M (43%)         173M (43%)            -                  -          
[6.668s][info][gc,heap     ] GC(68) Allocated:         -                 0M (0%)           58M (14%)         215M (54%)            -                  -          
[6.668s][info][gc,heap     ] GC(68)   Garbage:         -               226M (57%)         106M (27%)          10M (3%)             -                  -          
[6.668s][info][gc,heap     ] GC(68) Reclaimed:         -                  -               120M (30%)         215M (54%)            -                  -          
[6.668s][info][gc          ] GC(68) Garbage Collection (Allocation Stall) 400M(100%)->400M(100%)
[6.668s][info][gc,start    ] GC(69) Garbage Collection (Allocation Stall)
[6.668s][info][gc,ref      ] GC(69) Clearing All SoftReferences
[6.668s][info][gc,task     ] GC(69) Using 4 workers
[6.668s][info][gc,ref      ] GC(69) Clearing All SoftReferences
[6.668s][info][gc,phases   ] GC(69) Pause Mark Start 0.008ms
[6.740s][info][gc,phases   ] GC(69) Concurrent Mark 72.118ms
[6.740s][info][gc,phases   ] GC(69) Pause Mark End 0.008ms
[6.740s][info][gc,phases   ] GC(69) Concurrent Mark Free 0.001ms
[6.741s][info][gc,phases   ] GC(69) Concurrent Process Non-Strong References 0.598ms
[6.741s][info][gc,phases   ] GC(69) Concurrent Reset Relocation Set 0.003ms
[6.741s][info][gc          ] Allocation Stall (pool-1-thread-1) 75.552ms
[6.741s][info][gc          ] Allocation Stall (pool-1-thread-2) 75.738ms
[6.741s][info][gc          ] Allocation Stall (pool-1-thread-9) 74.756ms
[6.741s][info][gc          ] Allocation Stall (pool-1-thread-6) 74.562ms
[6.741s][info][gc          ] Allocation Stall (pool-1-thread-5) 74.595ms
[6.741s][info][gc          ] Allocation Stall (pool-1-thread-3) 74.600ms
[6.741s][info][gc          ] Allocation Stall (pool-1-thread-4) 74.575ms
[6.741s][info][gc          ] Allocation Stall (pool-1-thread-8) 70.394ms
[6.741s][info][gc          ] Allocation Stall (pool-1-thread-7) 74.751ms
[6.743s][info][gc,phases   ] GC(69) Concurrent Select Relocation Set 2.092ms
[6.743s][info][gc,phases   ] GC(69) Pause Relocate Start 0.002ms
[6.743s][info][gc          ] Allocation Stall (pool-1-thread-1) 1.297ms
[6.743s][info][gc          ] Allocation Stall (pool-1-thread-8) 1.299ms
[6.743s][info][gc          ] Allocation Stall (pool-1-thread-5) 1.306ms
[6.743s][info][gc          ] Allocation Stall (pool-1-thread-3) 1.297ms
[6.743s][info][gc          ] Allocation Stall (pool-1-thread-9) 1.292ms
[6.743s][info][gc          ] Allocation Stall (pool-1-thread-4) 1.308ms
[6.743s][info][gc          ] Allocation Stall (pool-1-thread-2) 1.326ms
[6.743s][info][gc          ] Allocation Stall (pool-1-thread-7) 0.940ms
[6.743s][info][gc          ] Allocation Stall (pool-1-thread-6) 1.331ms
[6.743s][info][gc          ] Allocation Stall (pool-1-thread-3) 0.010ms
[6.744s][info][gc          ] Allocation Stall (pool-1-thread-4) 0.017ms
[6.744s][info][gc          ] Allocation Stall (pool-1-thread-8) 0.058ms
[6.744s][info][gc          ] Allocation Stall (pool-1-thread-7) 0.046ms
[6.744s][info][gc          ] Allocation Stall (pool-1-thread-9) 0.028ms
[6.744s][info][gc          ] Allocation Stall (pool-1-thread-2) 0.224ms
[6.744s][info][gc          ] Allocation Stall (pool-1-thread-4) 0.251ms
[6.744s][info][gc          ] Allocation Stall (pool-1-thread-3) 0.288ms
[6.745s][info][gc          ] Allocation Stall (pool-1-thread-5) 0.287ms
[6.745s][info][gc          ] Allocation Stall (pool-1-thread-1) 0.135ms
[6.745s][info][gc          ] Allocation Stall (pool-1-thread-8) 0.113ms
[6.745s][info][gc          ] Allocation Stall (pool-1-thread-6) 0.135ms
[6.745s][info][gc          ] Allocation Stall (pool-1-thread-9) 0.137ms
[6.745s][info][gc          ] Allocation Stall (pool-1-thread-7) 0.146ms
[6.745s][info][gc          ] Allocation Stall (pool-1-thread-2) 0.040ms
[6.746s][info][gc          ] Allocation Stall (pool-1-thread-6) 0.069ms
[6.746s][info][gc          ] Allocation Stall (pool-1-thread-1) 0.078ms
[6.746s][info][gc          ] Allocation Stall (pool-1-thread-8) 0.093ms
[6.746s][info][gc          ] Allocation Stall (pool-1-thread-9) 0.094ms
[6.746s][info][gc          ] Allocation Stall (pool-1-thread-5) 0.089ms
[6.746s][info][gc          ] Allocation Stall (pool-1-thread-3) 0.098ms
[6.746s][info][gc          ] Allocation Stall (pool-1-thread-4) 0.097ms
[6.746s][info][gc          ] Allocation Stall (pool-1-thread-2) 0.007ms
[6.746s][info][gc          ] Allocation Stall (pool-1-thread-5) 0.136ms
[6.747s][info][gc          ] Allocation Stall (pool-1-thread-4) 0.491ms
[6.747s][info][gc          ] Allocation Stall (pool-1-thread-7) 0.494ms
[6.747s][info][gc          ] Allocation Stall (pool-1-thread-3) 0.499ms
[6.747s][info][gc          ] Allocation Stall (pool-1-thread-8) 0.511ms
[6.747s][info][gc          ] Allocation Stall (pool-1-thread-9) 0.518ms
[6.747s][info][gc          ] Allocation Stall (pool-1-thread-6) 0.642ms
[6.747s][info][gc          ] Allocation Stall (pool-1-thread-2) 0.650ms
[6.747s][info][gc          ] Allocation Stall (pool-1-thread-1) 0.646ms
[6.747s][info][gc          ] Allocation Stall (pool-1-thread-5) 0.471ms
[6.747s][info][gc          ] Allocation Stall (pool-1-thread-7) 0.073ms
[6.747s][info][gc          ] Allocation Stall (pool-1-thread-3) 0.078ms
[6.747s][info][gc          ] Allocation Stall (pool-1-thread-9) 0.092ms
[6.747s][info][gc          ] Allocation Stall (pool-1-thread-4) 0.109ms
[6.747s][info][gc          ] Allocation Stall (pool-1-thread-8) 0.120ms
[6.747s][info][gc          ] Allocation Stall (pool-1-thread-2) 0.043ms
[6.747s][info][gc          ] Allocation Stall (pool-1-thread-5) 0.113ms
[6.747s][info][gc          ] Allocation Stall (pool-1-thread-1) 0.186ms
[6.747s][info][gc          ] Allocation Stall (pool-1-thread-2) 0.190ms
[6.747s][info][gc          ] Allocation Stall (pool-1-thread-4) 0.197ms
[6.747s][info][gc          ] Allocation Stall (pool-1-thread-3) 0.343ms
[6.747s][info][gc          ] Allocation Stall (pool-1-thread-7) 0.387ms
[6.747s][info][gc          ] Allocation Stall (pool-1-thread-9) 0.389ms
[6.747s][info][gc          ] Allocation Stall (pool-1-thread-6) 0.396ms
[6.747s][info][gc          ] Allocation Stall (pool-1-thread-8) 0.410ms
[6.747s][info][gc          ] Allocation Stall (pool-1-thread-1) 0.232ms
[6.747s][info][gc          ] Allocation Stall (pool-1-thread-2) 0.154ms
[6.747s][info][gc          ] Allocation Stall (pool-1-thread-5) 0.158ms
[6.747s][info][gc          ] Allocation Stall (pool-1-thread-4) 0.158ms
[6.748s][info][gc          ] Allocation Stall (pool-1-thread-3) 0.134ms
[6.748s][info][gc          ] Allocation Stall (pool-1-thread-8) 0.156ms
[6.748s][info][gc          ] Allocation Stall (pool-1-thread-1) 0.136ms
[6.748s][info][gc          ] Allocation Stall (pool-1-thread-2) 0.169ms
[6.748s][info][gc          ] Allocation Stall (pool-1-thread-5) 0.177ms
[6.748s][info][gc          ] Allocation Stall (pool-1-thread-4) 0.376ms
[6.748s][info][gc          ] Allocation Stall (pool-1-thread-7) 0.496ms
[6.748s][info][gc          ] Allocation Stall (pool-1-thread-6) 0.457ms
[6.748s][info][gc          ] Allocation Stall (pool-1-thread-3) 0.240ms
[6.748s][info][gc          ] Allocation Stall (pool-1-thread-1) 0.340ms
[6.748s][info][gc          ] Allocation Stall (pool-1-thread-8) 0.254ms
[6.748s][info][gc          ] Allocation Stall (pool-1-thread-2) 0.245ms
[6.748s][info][gc          ] Allocation Stall (pool-1-thread-7) 0.063ms
[6.748s][info][gc          ] Allocation Stall (pool-1-thread-7) 0.034ms
[6.749s][info][gc          ] Allocation Stall (pool-1-thread-1) 0.185ms
[6.749s][info][gc          ] Allocation Stall (pool-1-thread-4) 0.175ms
[6.749s][info][gc          ] Allocation Stall (pool-1-thread-8) 0.292ms
[6.749s][info][gc          ] Allocation Stall (pool-1-thread-3) 0.304ms
[6.749s][info][gc          ] Allocation Stall (pool-1-thread-2) 0.514ms
[6.749s][info][gc          ] Allocation Stall (pool-1-thread-4) 0.242ms
[6.749s][info][gc          ] Allocation Stall (pool-1-thread-7) 0.168ms
[6.749s][info][gc          ] Allocation Stall (pool-1-thread-3) 0.172ms
[6.749s][info][gc          ] Allocation Stall (pool-1-thread-8) 0.180ms
[6.749s][info][gc          ] Allocation Stall (pool-1-thread-1) 0.284ms
[6.749s][info][gc          ] Allocation Stall (pool-1-thread-6) 0.498ms
[6.749s][info][gc          ] Allocation Stall (pool-1-thread-5) 0.585ms
[6.749s][info][gc          ] Allocation Stall (pool-1-thread-2) 0.445ms
[6.749s][info][gc          ] Allocation Stall (pool-1-thread-7) 0.363ms
[6.749s][info][gc          ] Allocation Stall (pool-1-thread-8) 0.286ms
[6.750s][info][gc          ] Allocation Stall (pool-1-thread-4) 0.693ms
[6.750s][info][gc          ] Allocation Stall (pool-1-thread-1) 0.772ms
[6.750s][info][gc          ] Allocation Stall (pool-1-thread-3) 0.781ms
[6.750s][info][gc          ] Allocation Stall (pool-1-thread-8) 0.407ms
[6.750s][info][gc          ] Allocation Stall (pool-1-thread-7) 0.416ms
[6.750s][info][gc          ] Allocation Stall (pool-1-thread-5) 0.605ms
[6.750s][info][gc          ] Allocation Stall (pool-1-thread-2) 0.807ms
[6.750s][info][gc          ] Allocation Stall (pool-1-thread-6) 0.833ms
[6.750s][info][gc          ] Allocation Stall (pool-1-thread-8) 0.356ms
[6.751s][info][gc          ] Allocation Stall (pool-1-thread-7) 0.353ms
[6.751s][info][gc          ] Allocation Stall (pool-1-thread-3) 0.389ms
[6.751s][info][gc          ] Allocation Stall (pool-1-thread-4) 0.394ms
[6.751s][info][gc          ] Allocation Stall (pool-1-thread-1) 0.404ms
[6.751s][info][gc          ] Allocation Stall (pool-1-thread-7) 0.155ms
[6.751s][info][gc          ] Allocation Stall (pool-1-thread-3) 0.318ms
[6.751s][info][gc          ] Allocation Stall (pool-1-thread-1) 0.315ms
[6.751s][info][gc          ] Allocation Stall (pool-1-thread-5) 0.395ms
[6.751s][info][gc          ] Allocation Stall (pool-1-thread-4) 0.409ms
[6.751s][info][gc          ] Allocation Stall (pool-1-thread-6) 0.485ms
[6.751s][info][gc          ] Allocation Stall (pool-1-thread-8) 0.486ms
[6.751s][info][gc          ] Allocation Stall (pool-1-thread-2) 0.697ms
[6.752s][info][gc          ] Allocation Stall (pool-1-thread-4) 0.379ms
[6.752s][info][gc          ] Allocation Stall (pool-1-thread-3) 0.598ms
[6.752s][info][gc          ] Allocation Stall (pool-1-thread-1) 0.688ms
[6.752s][info][gc          ] Allocation Stall (pool-1-thread-7) 0.699ms
[6.752s][info][gc          ] Allocation Stall (pool-1-thread-5) 0.708ms
[6.752s][info][gc          ] Allocation Stall (pool-1-thread-6) 0.657ms
[6.752s][info][gc          ] Allocation Stall (pool-1-thread-2) 0.633ms
[6.752s][info][gc          ] Allocation Stall (pool-1-thread-4) 0.381ms
[6.753s][info][gc          ] Allocation Stall (pool-1-thread-1) 0.695ms
[6.753s][info][gc          ] Allocation Stall (pool-1-thread-6) 1.160ms
[6.754s][info][gc          ] Allocation Stall (pool-1-thread-7) 1.395ms
[6.754s][info][gc          ] Allocation Stall (pool-1-thread-3) 1.580ms
[6.754s][info][gc          ] Allocation Stall (pool-1-thread-5) 1.779ms
[6.754s][info][gc          ] Allocation Stall (pool-1-thread-2) 1.465ms
[6.754s][info][gc          ] Allocation Stall (pool-1-thread-4) 1.230ms
[6.754s][info][gc          ] Allocation Stall (pool-1-thread-8) 1.234ms
[6.754s][info][gc          ] Allocation Stall (pool-1-thread-1) 1.068ms
[6.754s][info][gc          ] Allocation Stall (pool-1-thread-6) 0.657ms
[6.754s][info][gc          ] Allocation Stall (pool-1-thread-7) 0.718ms
[6.755s][info][gc          ] Allocation Stall (pool-1-thread-4) 0.505ms
[6.755s][info][gc          ] Allocation Stall (pool-1-thread-1) 0.499ms
[6.755s][info][gc          ] Allocation Stall (pool-1-thread-2) 0.498ms
[6.755s][info][gc          ] Allocation Stall (pool-1-thread-3) 0.503ms
[6.755s][info][gc          ] Allocation Stall (pool-1-thread-8) 0.510ms
[6.755s][info][gc          ] Allocation Stall (pool-1-thread-5) 0.553ms
[6.755s][info][gc          ] Allocation Stall (pool-1-thread-6) 0.709ms
[6.755s][info][gc          ] Allocation Stall (pool-1-thread-1) 0.589ms
[6.755s][info][gc          ] Allocation Stall (pool-1-thread-4) 0.855ms
[6.756s][info][gc          ] Relocation Stall (pool-1-thread-9) 0.985ms
[6.756s][info][gc          ] Allocation Stall (pool-1-thread-2) 1.534ms
[6.756s][info][gc,phases   ] GC(69) Concurrent Relocate 13.162ms
[6.756s][info][gc,load     ] GC(69) Load: 0.42/0.24/0.20
[6.756s][info][gc,mmu      ] GC(69) MMU: 2ms/97.7%, 5ms/99.1%, 10ms/99.5%, 20ms/99.7%, 50ms/99.9%, 100ms/99.9%
[6.756s][info][gc,marking  ] GC(69) Mark: 4 stripe(s), 5 proactive flush(es), 1 terminate flush(es), 0 completion(s), 0 continuation(s) 
[6.756s][info][gc,marking  ] GC(69) Mark Stack Usage: 32M
[6.756s][info][gc,nmethod  ] GC(69) NMethods: 1523 registered, 202 unregistered
[6.756s][info][gc,metaspace] GC(69) Metaspace: 10M used, 10M committed, 1088M reserved
[6.756s][info][gc,ref      ] GC(69) Soft: 143 encountered, 41 discovered, 0 enqueued
[6.756s][info][gc,ref      ] GC(69) Weak: 898 encountered, 180 discovered, 0 enqueued
[6.756s][info][gc,ref      ] GC(69) Final: 0 encountered, 0 discovered, 0 enqueued
[6.756s][info][gc,ref      ] GC(69) Phantom: 3 encountered, 1 discovered, 0 enqueued
[6.756s][info][gc,reloc    ] GC(69) Small Pages: 200 / 400M, Empty: 10M, Relocated: 33M, In-Place: 19
[6.756s][info][gc,reloc    ] GC(69) Medium Pages: 0 / 0M, Empty: 0M, Relocated: 0M, In-Place: 0
[6.756s][info][gc,reloc    ] GC(69) Large Pages: 0 / 0M, Empty: 0M, Relocated: 0M, In-Place: 0
[6.756s][info][gc,reloc    ] GC(69) Forwarding Usage: 23M
[6.756s][info][gc,heap     ] GC(69) Min Capacity: 8M(2%)
[6.756s][info][gc,heap     ] GC(69) Max Capacity: 400M(100%)
[6.756s][info][gc,heap     ] GC(69) Soft Max Capacity: 400M(100%)
[6.756s][info][gc,heap     ] GC(69)                Mark Start          Mark End        Relocate Start      Relocate End           High               Low         
[6.756s][info][gc,heap     ] GC(69)  Capacity:      400M (100%)        400M (100%)        400M (100%)        400M (100%)        400M (100%)        400M (100%)   
[6.756s][info][gc,heap     ] GC(69)      Free:        0M (0%)            0M (0%)            0M (0%)            0M (0%)           10M (2%)            0M (0%)     
[6.756s][info][gc,heap     ] GC(69)      Used:      400M (100%)        400M (100%)        400M (100%)        400M (100%)        400M (100%)        390M (98%)    
[6.756s][info][gc,heap     ] GC(69)      Live:         -               205M (51%)         205M (51%)         205M (51%)            -                  -          
[6.756s][info][gc,heap     ] GC(69) Allocated:         -                 0M (0%)           10M (2%)          181M (45%)            -                  -          
[6.756s][info][gc,heap     ] GC(69)   Garbage:         -               194M (49%)         184M (46%)          12M (3%)             -                  -          
[6.756s][info][gc,heap     ] GC(69) Reclaimed:         -                  -                10M (2%)          181M (45%)            -                  -          
[6.756s][info][gc          ] GC(69) Garbage Collection (Allocation Stall) 400M(100%)->400M(100%)
[6.756s][info][gc,start    ] GC(70) Garbage Collection (Allocation Stall)
[6.756s][info][gc,ref      ] GC(70) Clearing All SoftReferences
[6.756s][info][gc,task     ] GC(70) Using 4 workers
[6.756s][info][gc,ref      ] GC(70) Clearing All SoftReferences
[6.756s][info][gc,phases   ] GC(70) Pause Mark Start 0.008ms
[6.843s][info][gc,phases   ] GC(70) Concurrent Mark 86.445ms
[6.843s][info][gc,phases   ] GC(70) Pause Mark End 0.011ms
[6.843s][info][gc,phases   ] GC(70) Concurrent Mark Free 0.000ms
[6.844s][info][gc,phases   ] GC(70) Concurrent Process Non-Strong References 0.572ms
[6.844s][info][gc,phases   ] GC(70) Concurrent Reset Relocation Set 0.006ms
[6.844s][info][gc          ] Allocation Stall (pool-1-thread-1) 88.987ms
[6.844s][info][gc          ] Allocation Stall (pool-1-thread-3) 89.524ms
[6.844s][info][gc          ] Allocation Stall (pool-1-thread-4) 88.611ms
[6.844s][info][gc          ] Allocation Stall (pool-1-thread-9) 64.484ms
[6.844s][info][gc          ] Allocation Stall (pool-1-thread-7) 89.531ms
[6.844s][info][gc          ] Allocation Stall (pool-1-thread-5) 89.451ms
[6.844s][info][gc          ] Allocation Stall (pool-1-thread-6) 89.133ms
[6.844s][info][gc          ] Allocation Stall (pool-1-thread-2) 87.890ms
[6.844s][info][gc          ] Allocation Stall (pool-1-thread-8) 89.513ms
[6.848s][info][gc,phases   ] GC(70) Concurrent Select Relocation Set 4.144ms
[6.848s][info][gc,phases   ] GC(70) Pause Relocate Start 0.002ms
[6.850s][info][gc          ] Allocation Stall (pool-1-thread-3) 0.072ms
[6.850s][info][gc          ] Allocation Stall (pool-1-thread-2) 0.090ms
[6.850s][info][gc          ] Allocation Stall (pool-1-thread-7) 0.113ms
[6.850s][info][gc          ] Allocation Stall (pool-1-thread-4) 0.123ms
[6.850s][info][gc          ] Allocation Stall (pool-1-thread-6) 0.139ms
[6.850s][info][gc          ] Allocation Stall (pool-1-thread-8) 0.151ms
[6.850s][info][gc          ] Allocation Stall (pool-1-thread-9) 0.187ms
[6.850s][info][gc          ] Allocation Stall (pool-1-thread-1) 0.194ms
[6.850s][info][gc          ] Allocation Stall (pool-1-thread-5) 0.228ms
[6.850s][info][gc          ] Allocation Stall (pool-1-thread-3) 0.154ms
[6.850s][info][gc          ] Allocation Stall (pool-1-thread-1) 0.115ms
[6.850s][info][gc          ] Allocation Stall (pool-1-thread-4) 0.175ms
[6.850s][info][gc          ] Allocation Stall (pool-1-thread-2) 0.179ms
[6.850s][info][gc          ] Allocation Stall (pool-1-thread-8) 0.179ms
[6.850s][info][gc          ] Allocation Stall (pool-1-thread-3) 0.183ms
[6.850s][info][gc          ] Allocation Stall (pool-1-thread-9) 0.185ms
[6.850s][info][gc          ] Allocation Stall (pool-1-thread-5) 0.212ms
[6.850s][info][gc          ] Allocation Stall (pool-1-thread-7) 0.231ms
[6.850s][info][gc          ] Allocation Stall (pool-1-thread-6) 0.240ms
[6.851s][info][gc          ] Allocation Stall (pool-1-thread-4) 0.165ms
[6.851s][info][gc          ] Allocation Stall (pool-1-thread-1) 0.177ms
[6.851s][info][gc          ] Allocation Stall (pool-1-thread-9) 0.173ms
[6.851s][info][gc          ] Allocation Stall (pool-1-thread-8) 0.169ms
[6.851s][info][gc          ] Allocation Stall (pool-1-thread-5) 0.188ms
[6.851s][info][gc          ] Allocation Stall (pool-1-thread-3) 0.176ms
[6.851s][info][gc          ] Allocation Stall (pool-1-thread-7) 0.193ms
[6.851s][info][gc          ] Allocation Stall (pool-1-thread-2) 0.185ms
[6.851s][info][gc          ] Allocation Stall (pool-1-thread-6) 0.142ms
[6.851s][info][gc          ] Allocation Stall (pool-1-thread-2) 0.141ms
[6.851s][info][gc          ] Allocation Stall (pool-1-thread-6) 0.184ms
[6.851s][info][gc          ] Allocation Stall (pool-1-thread-7) 0.187ms
[6.851s][info][gc          ] Allocation Stall (pool-1-thread-5) 0.178ms
[6.851s][info][gc          ] Allocation Stall (pool-1-thread-8) 0.191ms
[6.851s][info][gc          ] Allocation Stall (pool-1-thread-9) 0.193ms
[6.851s][info][gc          ] Allocation Stall (pool-1-thread-3) 0.196ms
[6.851s][info][gc          ] Allocation Stall (pool-1-thread-4) 0.208ms
[6.851s][info][gc          ] Allocation Stall (pool-1-thread-1) 0.204ms
[6.851s][info][gc          ] Allocation Stall (pool-1-thread-5) 0.051ms
[6.851s][info][gc          ] Allocation Stall (pool-1-thread-1) 0.167ms
[6.851s][info][gc          ] Allocation Stall (pool-1-thread-4) 0.187ms
[6.851s][info][gc          ] Allocation Stall (pool-1-thread-3) 0.192ms
[6.851s][info][gc          ] Allocation Stall (pool-1-thread-2) 0.194ms
[6.851s][info][gc          ] Allocation Stall (pool-1-thread-8) 0.208ms
[6.852s][info][gc          ] Allocation Stall (pool-1-thread-7) 0.292ms
[6.852s][info][gc          ] Allocation Stall (pool-1-thread-9) 0.293ms
[6.852s][info][gc          ] Allocation Stall (pool-1-thread-5) 0.195ms
[6.852s][info][gc          ] Allocation Stall (pool-1-thread-4) 0.324ms
[6.852s][info][gc          ] Allocation Stall (pool-1-thread-9) 0.184ms
[6.852s][info][gc          ] Allocation Stall (pool-1-thread-3) 0.187ms
[6.852s][info][gc          ] Allocation Stall (pool-1-thread-5) 0.107ms
[6.852s][info][gc          ] Allocation Stall (pool-1-thread-6) 0.117ms
[6.852s][info][gc          ] Allocation Stall (pool-1-thread-1) 0.130ms
[6.852s][info][gc          ] Allocation Stall (pool-1-thread-7) 0.128ms
[6.852s][info][gc          ] Allocation Stall (pool-1-thread-2) 0.407ms
[6.852s][info][gc          ] Allocation Stall (pool-1-thread-3) 0.301ms
[6.852s][info][gc          ] Allocation Stall (pool-1-thread-9) 0.195ms
[6.852s][info][gc          ] Allocation Stall (pool-1-thread-5) 0.201ms
[6.852s][info][gc          ] Allocation Stall (pool-1-thread-1) 0.213ms
[6.852s][info][gc          ] Allocation Stall (pool-1-thread-7) 0.221ms
[6.852s][info][gc          ] Allocation Stall (pool-1-thread-4) 0.273ms
[6.853s][info][gc          ] Allocation Stall (pool-1-thread-6) 0.715ms
[6.853s][info][gc          ] Relocation Stall (pool-1-thread-8) 0.688ms
[6.853s][info][gc          ] Allocation Stall (pool-1-thread-9) 0.517ms
[6.853s][info][gc          ] Allocation Stall (pool-1-thread-5) 0.367ms
[6.853s][info][gc          ] Allocation Stall (pool-1-thread-3) 0.371ms
[6.853s][info][gc          ] Allocation Stall (pool-1-thread-1) 0.371ms
[6.853s][info][gc          ] Allocation Stall (pool-1-thread-2) 0.348ms
[6.853s][info][gc          ] Allocation Stall (pool-1-thread-4) 0.350ms
[6.853s][info][gc          ] Allocation Stall (pool-1-thread-7) 0.260ms
[6.854s][info][gc          ] Allocation Stall (pool-1-thread-5) 0.658ms
[6.854s][info][gc          ] Allocation Stall (pool-1-thread-3) 0.865ms
[6.855s][info][gc          ] Allocation Stall (pool-1-thread-4) 2.272ms
[6.855s][info][gc          ] Allocation Stall (pool-1-thread-9) 2.269ms
[6.855s][info][gc          ] Allocation Stall (pool-1-thread-7) 2.271ms
[6.855s][info][gc          ] Allocation Stall (pool-1-thread-1) 2.277ms
[6.855s][info][gc          ] Allocation Stall (pool-1-thread-2) 2.283ms
[6.855s][info][gc          ] Allocation Stall (pool-1-thread-6) 2.258ms
[6.855s][info][gc          ] Allocation Stall (pool-1-thread-5) 1.308ms
[6.856s][info][gc          ] Relocation Stall (pool-1-thread-8) 3.070ms
[6.856s][info][gc          ] Allocation Stall (pool-1-thread-3) 2.148ms
[6.856s][info][gc          ] Allocation Stall (pool-1-thread-5) 0.965ms
[6.856s][info][gc          ] Allocation Stall (pool-1-thread-4) 0.971ms
[6.856s][info][gc,phases   ] GC(70) Concurrent Relocate 8.637ms
[6.856s][info][gc          ] Allocation Stall (pool-1-thread-1) 0.971ms
[6.856s][info][gc,load     ] GC(70) Load: 0.42/0.24/0.20
[6.857s][info][gc,mmu      ] GC(70) MMU: 2ms/97.7%, 5ms/99.1%, 10ms/99.5%, 20ms/99.7%, 50ms/99.9%, 100ms/99.9%
[6.857s][info][gc,marking  ] GC(70) Mark: 4 stripe(s), 10 proactive flush(es), 1 terminate flush(es), 0 completion(s), 0 continuation(s) 
[6.857s][info][gc,marking  ] GC(70) Mark Stack Usage: 32M
[6.857s][info][gc,nmethod  ] GC(70) NMethods: 1523 registered, 202 unregistered
[6.857s][info][gc,metaspace] GC(70) Metaspace: 10M used, 10M committed, 1088M reserved
[6.857s][info][gc,ref      ] GC(70) Soft: 143 encountered, 38 discovered, 0 enqueued
[6.857s][info][gc,ref      ] GC(70) Weak: 898 encountered, 177 discovered, 0 enqueued
[6.857s][info][gc,ref      ] GC(70) Final: 0 encountered, 0 discovered, 0 enqueued
[6.857s][info][gc,ref      ] GC(70) Phantom: 3 encountered, 0 discovered, 0 enqueued
[6.857s][info][gc,reloc    ] GC(70) Small Pages: 200 / 400M, Empty: 92M, Relocated: 22M, In-Place: 7
[6.857s][info][gc,reloc    ] GC(70) Medium Pages: 0 / 0M, Empty: 0M, Relocated: 0M, In-Place: 0
[6.857s][info][gc,reloc    ] GC(70) Large Pages: 0 / 0M, Empty: 0M, Relocated: 0M, In-Place: 0
[6.857s][info][gc,reloc    ] GC(70) Forwarding Usage: 13M
[6.857s][info][gc,heap     ] GC(70) Min Capacity: 8M(2%)
[6.857s][info][gc,heap     ] GC(70) Max Capacity: 400M(100%)
[6.857s][info][gc,heap     ] GC(70) Soft Max Capacity: 400M(100%)
[6.857s][info][gc,heap     ] GC(70)                Mark Start          Mark End        Relocate Start      Relocate End           High               Low         
[6.857s][info][gc,heap     ] GC(70)  Capacity:      400M (100%)        400M (100%)        400M (100%)        400M (100%)        400M (100%)        400M (100%)   
[6.857s][info][gc,heap     ] GC(70)      Free:        0M (0%)            0M (0%)           16M (4%)            0M (0%)           92M (23%)           0M (0%)     
[6.857s][info][gc,heap     ] GC(70)      Used:      400M (100%)        400M (100%)        384M (96%)         400M (100%)        400M (100%)        308M (77%)    
[6.857s][info][gc,heap     ] GC(70)      Live:         -               199M (50%)         199M (50%)         199M (50%)            -                  -          
[6.857s][info][gc,heap     ] GC(70) Allocated:         -                 0M (0%)           76M (19%)         186M (46%)            -                  -          
[6.857s][info][gc,heap     ] GC(70)   Garbage:         -               200M (50%)         108M (27%)          14M (4%)             -                  -          
[6.857s][info][gc,heap     ] GC(70) Reclaimed:         -                  -                92M (23%)         186M (46%)            -                  -          
[6.857s][info][gc          ] GC(70) Garbage Collection (Allocation Stall) 400M(100%)->400M(100%)
[6.857s][info][gc,start    ] GC(71) Garbage Collection (Allocation Stall)
[6.857s][info][gc,ref      ] GC(71) Clearing All SoftReferences
[6.857s][info][gc,task     ] GC(71) Using 4 workers
[6.857s][info][gc,ref      ] GC(71) Clearing All SoftReferences
[6.857s][info][gc,phases   ] GC(71) Pause Mark Start 0.008ms
[6.939s][info][gc,phases   ] GC(71) Concurrent Mark 82.461ms
[6.939s][info][gc,phases   ] GC(71) Pause Mark End 0.012ms
[6.939s][info][gc,phases   ] GC(71) Concurrent Mark Free 0.001ms
[6.940s][info][gc,phases   ] GC(71) Concurrent Process Non-Strong References 0.615ms
[6.940s][info][gc,phases   ] GC(71) Concurrent Reset Relocation Set 0.003ms
[6.940s][info][gc          ] Allocation Stall (pool-1-thread-1) 83.687ms
[6.940s][info][gc          ] Allocation Stall (pool-1-thread-8) 79.466ms
[6.940s][info][gc          ] Allocation Stall (pool-1-thread-6) 84.699ms
[6.940s][info][gc          ] Allocation Stall (pool-1-thread-4) 83.702ms
[6.940s][info][gc          ] Allocation Stall (pool-1-thread-3) 83.697ms
[6.940s][info][gc          ] Allocation Stall (pool-1-thread-7) 84.736ms
[6.940s][info][gc          ] Allocation Stall (pool-1-thread-5) 83.659ms
[6.940s][info][gc          ] Allocation Stall (pool-1-thread-9) 84.703ms
[6.940s][info][gc          ] Allocation Stall (pool-1-thread-2) 84.735ms
[6.943s][info][gc,phases   ] GC(71) Concurrent Select Relocation Set 3.194ms
[6.943s][info][gc,phases   ] GC(71) Pause Relocate Start 0.003ms
[6.947s][info][gc          ] Allocation Stall (pool-1-thread-2) 0.078ms
[6.947s][info][gc          ] Allocation Stall (pool-1-thread-5) 0.264ms
[6.947s][info][gc          ] Allocation Stall (pool-1-thread-4) 0.255ms
[6.947s][info][gc          ] Allocation Stall (pool-1-thread-9) 0.268ms
[6.947s][info][gc          ] Allocation Stall (pool-1-thread-3) 0.450ms
[6.948s][info][gc          ] Allocation Stall (pool-1-thread-6) 0.519ms
[6.948s][info][gc          ] Allocation Stall (pool-1-thread-1) 0.527ms
[6.948s][info][gc          ] Allocation Stall (pool-1-thread-7) 0.507ms
[6.948s][info][gc          ] Allocation Stall (pool-1-thread-5) 0.196ms
[6.948s][info][gc          ] Allocation Stall (pool-1-thread-9) 0.202ms
[6.948s][info][gc          ] Allocation Stall (pool-1-thread-2) 0.197ms
[6.948s][info][gc          ] Allocation Stall (pool-1-thread-4) 0.214ms
[6.948s][info][gc          ] Allocation Stall (pool-1-thread-3) 0.282ms
[6.948s][info][gc          ] Allocation Stall (pool-1-thread-5) 0.328ms
[6.948s][info][gc          ] Allocation Stall (pool-1-thread-9) 0.339ms
[6.948s][info][gc          ] Allocation Stall (pool-1-thread-2) 0.348ms
[6.948s][info][gc          ] Allocation Stall (pool-1-thread-4) 0.343ms
[6.948s][info][gc          ] Allocation Stall (pool-1-thread-1) 0.344ms
[6.948s][info][gc          ] Allocation Stall (pool-1-thread-7) 0.513ms
[6.948s][info][gc          ] Allocation Stall (pool-1-thread-6) 0.497ms
[6.948s][info][gc          ] Allocation Stall (pool-1-thread-9) 0.103ms
[6.948s][info][gc          ] Allocation Stall (pool-1-thread-5) 0.118ms
[6.949s][info][gc          ] Allocation Stall (pool-1-thread-2) 0.124ms
[6.949s][info][gc          ] Allocation Stall (pool-1-thread-1) 0.625ms
[6.949s][info][gc          ] Allocation Stall (pool-1-thread-4) 0.646ms
[6.949s][info][gc          ] Allocation Stall (pool-1-thread-3) 0.654ms
[6.949s][info][gc          ] Allocation Stall (pool-1-thread-5) 0.381ms
[6.949s][info][gc          ] Allocation Stall (pool-1-thread-9) 0.392ms
[6.949s][info][gc          ] Allocation Stall (pool-1-thread-2) 0.375ms
[6.949s][info][gc          ] Allocation Stall (pool-1-thread-7) 0.506ms
[6.950s][info][gc          ] Allocation Stall (pool-1-thread-6) 0.838ms
[6.950s][info][gc          ] Allocation Stall (pool-1-thread-1) 0.470ms
[6.950s][info][gc          ] Allocation Stall (pool-1-thread-4) 0.476ms
[6.950s][info][gc          ] Allocation Stall (pool-1-thread-9) 0.463ms
[6.950s][info][gc          ] Allocation Stall (pool-1-thread-3) 0.463ms
[6.950s][info][gc          ] Allocation Stall (pool-1-thread-5) 0.479ms
[6.950s][info][gc          ] Allocation Stall (pool-1-thread-2) 0.488ms
[6.950s][info][gc          ] Allocation Stall (pool-1-thread-8) 0.626ms
[6.950s][info][gc          ] Allocation Stall (pool-1-thread-7) 0.439ms
[6.950s][info][gc          ] Allocation Stall (pool-1-thread-1) 0.207ms
[6.950s][info][gc          ] Allocation Stall (pool-1-thread-9) 0.153ms
[6.950s][info][gc          ] Allocation Stall (pool-1-thread-2) 0.151ms
[6.950s][info][gc          ] Allocation Stall (pool-1-thread-5) 0.171ms
[6.951s][info][gc          ] Allocation Stall (pool-1-thread-3) 0.699ms
[6.951s][info][gc          ] Allocation Stall (pool-1-thread-4) 1.054ms
[6.951s][info][gc          ] Allocation Stall (pool-1-thread-9) 0.944ms
[6.951s][info][gc          ] Allocation Stall (pool-1-thread-8) 0.947ms
[6.951s][info][gc          ] Allocation Stall (pool-1-thread-7) 0.944ms
[6.951s][info][gc          ] Allocation Stall (pool-1-thread-1) 0.855ms
[6.951s][info][gc          ] Allocation Stall (pool-1-thread-6) 0.930ms
[6.951s][info][gc          ] Allocation Stall (pool-1-thread-5) 0.987ms
[6.951s][info][gc          ] Allocation Stall (pool-1-thread-2) 0.947ms
[6.951s][info][gc          ] Allocation Stall (pool-1-thread-3) 0.308ms
[6.951s][info][gc          ] Allocation Stall (pool-1-thread-7) 0.522ms
[6.951s][info][gc          ] Allocation Stall (pool-1-thread-9) 0.456ms
[6.952s][info][gc          ] Allocation Stall (pool-1-thread-1) 0.461ms
[6.952s][info][gc          ] Allocation Stall (pool-1-thread-4) 0.463ms
[6.952s][info][gc          ] Allocation Stall (pool-1-thread-6) 0.344ms
[6.952s][info][gc          ] Allocation Stall (pool-1-thread-3) 0.333ms
[6.952s][info][gc          ] Allocation Stall (pool-1-thread-5) 0.485ms
[6.952s][info][gc          ] Allocation Stall (pool-1-thread-2) 0.835ms
[6.952s][info][gc          ] Allocation Stall (pool-1-thread-8) 0.920ms
[6.952s][info][gc          ] Allocation Stall (pool-1-thread-6) 0.489ms
[6.952s][info][gc          ] Allocation Stall (pool-1-thread-4) 0.484ms
[6.952s][info][gc          ] Allocation Stall (pool-1-thread-9) 0.489ms
[6.952s][info][gc          ] Allocation Stall (pool-1-thread-1) 0.492ms
[6.952s][info][gc          ] Allocation Stall (pool-1-thread-5) 0.446ms
[6.952s][info][gc          ] Allocation Stall (pool-1-thread-3) 0.479ms
[6.952s][info][gc          ] Allocation Stall (pool-1-thread-7) 0.454ms
[6.953s][info][gc          ] Allocation Stall (pool-1-thread-2) 0.804ms
[6.953s][info][gc          ] Allocation Stall (pool-1-thread-8) 0.910ms
[6.953s][info][gc          ] Allocation Stall (pool-1-thread-1) 0.826ms
[6.953s][info][gc          ] Allocation Stall (pool-1-thread-4) 0.833ms
[6.953s][info][gc          ] Allocation Stall (pool-1-thread-9) 0.697ms
[6.953s][info][gc          ] Allocation Stall (pool-1-thread-7) 0.883ms
[6.953s][info][gc          ] Allocation Stall (pool-1-thread-6) 0.988ms
[6.953s][info][gc          ] Allocation Stall (pool-1-thread-5) 0.994ms
[6.953s][info][gc          ] Allocation Stall (pool-1-thread-3) 0.999ms
[6.954s][info][gc          ] Allocation Stall (pool-1-thread-8) 0.373ms
[6.954s][info][gc          ] Allocation Stall (pool-1-thread-4) 0.469ms
[6.954s][info][gc          ] Allocation Stall (pool-1-thread-9) 0.466ms
[6.954s][info][gc          ] Allocation Stall (pool-1-thread-1) 0.464ms
[6.954s][info][gc          ] Allocation Stall (pool-1-thread-2) 0.464ms
[6.954s][info][gc          ] Allocation Stall (pool-1-thread-5) 0.153ms
[6.954s][info][gc          ] Allocation Stall (pool-1-thread-6) 0.160ms
[6.954s][info][gc          ] Allocation Stall (pool-1-thread-7) 0.493ms
[6.954s][info][gc          ] Allocation Stall (pool-1-thread-3) 0.489ms
[6.954s][info][gc          ] Allocation Stall (pool-1-thread-9) 0.359ms
[6.954s][info][gc          ] Allocation Stall (pool-1-thread-8) 0.280ms
[6.954s][info][gc          ] Allocation Stall (pool-1-thread-5) 0.290ms
[6.954s][info][gc          ] Allocation Stall (pool-1-thread-4) 0.291ms
[6.954s][info][gc          ] Allocation Stall (pool-1-thread-2) 0.498ms
[6.955s][info][gc          ] Allocation Stall (pool-1-thread-1) 0.857ms
[6.955s][info][gc          ] Allocation Stall (pool-1-thread-6) 0.957ms
[6.955s][info][gc          ] Allocation Stall (pool-1-thread-4) 0.639ms
[6.955s][info][gc          ] Allocation Stall (pool-1-thread-3) 0.632ms
[6.955s][info][gc          ] Allocation Stall (pool-1-thread-8) 0.635ms
[6.955s][info][gc          ] Allocation Stall (pool-1-thread-9) 0.627ms
[6.955s][info][gc          ] Allocation Stall (pool-1-thread-5) 0.634ms
[6.956s][info][gc          ] Allocation Stall (pool-1-thread-2) 1.292ms
[6.956s][info][gc          ] Allocation Stall (pool-1-thread-7) 1.746ms
[6.957s][info][gc          ] Allocation Stall (pool-1-thread-4) 1.627ms
[6.957s][info][gc          ] Allocation Stall (pool-1-thread-5) 1.896ms
[6.957s][info][gc,phases   ] GC(71) Concurrent Relocate 13.695ms
[6.957s][info][gc,load     ] GC(71) Load: 0.42/0.24/0.20
[6.957s][info][gc,mmu      ] GC(71) MMU: 2ms/97.7%, 5ms/99.1%, 10ms/99.5%, 20ms/99.7%, 50ms/99.9%, 100ms/99.9%
[6.957s][info][gc,marking  ] GC(71) Mark: 4 stripe(s), 10 proactive flush(es), 1 terminate flush(es), 0 completion(s), 0 continuation(s) 
[6.957s][info][gc,marking  ] GC(71) Mark Stack Usage: 32M
[6.957s][info][gc,nmethod  ] GC(71) NMethods: 1523 registered, 202 unregistered
[6.957s][info][gc,metaspace] GC(71) Metaspace: 10M used, 10M committed, 1088M reserved
[6.957s][info][gc,ref      ] GC(71) Soft: 143 encountered, 42 discovered, 0 enqueued
[6.957s][info][gc,ref      ] GC(71) Weak: 898 encountered, 95 discovered, 0 enqueued
[6.957s][info][gc,ref      ] GC(71) Final: 0 encountered, 0 discovered, 0 enqueued
[6.957s][info][gc,ref      ] GC(71) Phantom: 3 encountered, 1 discovered, 0 enqueued
[6.957s][info][gc,reloc    ] GC(71) Small Pages: 200 / 400M, Empty: 84M, Relocated: 36M, In-Place: 16
[6.957s][info][gc,reloc    ] GC(71) Medium Pages: 0 / 0M, Empty: 0M, Relocated: 0M, In-Place: 0
[6.957s][info][gc,reloc    ] GC(71) Large Pages: 0 / 0M, Empty: 0M, Relocated: 0M, In-Place: 0
[6.957s][info][gc,reloc    ] GC(71) Forwarding Usage: 19M
[6.957s][info][gc,heap     ] GC(71) Min Capacity: 8M(2%)
[6.957s][info][gc,heap     ] GC(71) Max Capacity: 400M(100%)
[6.957s][info][gc,heap     ] GC(71) Soft Max Capacity: 400M(100%)
[6.957s][info][gc,heap     ] GC(71)                Mark Start          Mark End        Relocate Start      Relocate End           High               Low         
[6.957s][info][gc,heap     ] GC(71)  Capacity:      400M (100%)        400M (100%)        400M (100%)        400M (100%)        400M (100%)        400M (100%)   
[6.957s][info][gc,heap     ] GC(71)      Free:        0M (0%)            0M (0%)           30M (8%)            0M (0%)           84M (21%)           0M (0%)     
[6.957s][info][gc,heap     ] GC(71)      Used:      400M (100%)        400M (100%)        370M (92%)         400M (100%)        400M (100%)        316M (79%)    
[6.957s][info][gc,heap     ] GC(71)      Live:         -               167M (42%)         167M (42%)         167M (42%)            -                  -          
[6.957s][info][gc,heap     ] GC(71) Allocated:         -                 0M (0%)           54M (14%)         225M (56%)            -                  -          
[6.957s][info][gc,heap     ] GC(71)   Garbage:         -               232M (58%)         148M (37%)           6M (2%)             -                  -          
[6.957s][info][gc,heap     ] GC(71) Reclaimed:         -                  -                84M (21%)         225M (56%)            -                  -          
[6.957s][info][gc          ] GC(71) Garbage Collection (Allocation Stall) 400M(100%)->400M(100%)
[6.957s][info][gc,start    ] GC(72) Garbage Collection (Allocation Stall)
[6.957s][info][gc,ref      ] GC(72) Clearing All SoftReferences
[6.957s][info][gc,task     ] GC(72) Using 4 workers
[6.957s][info][gc,ref      ] GC(72) Clearing All SoftReferences
[6.957s][info][gc,phases   ] GC(72) Pause Mark Start 0.008ms
[7.025s][info][gc,phases   ] GC(72) Concurrent Mark 68.318ms
[7.025s][info][gc,phases   ] GC(72) Pause Mark End 0.013ms
[7.025s][info][gc,phases   ] GC(72) Concurrent Mark Free 0.001ms
[7.026s][info][gc,phases   ] GC(72) Concurrent Process Non-Strong References 0.607ms
[7.026s][info][gc,phases   ] GC(72) Concurrent Reset Relocation Set 0.004ms
[7.026s][info][gc          ] Allocation Stall (pool-1-thread-2) 70.514ms
[7.026s][info][gc          ] Allocation Stall (pool-1-thread-3) 71.493ms
[7.026s][info][gc          ] Allocation Stall (pool-1-thread-7) 70.106ms
[7.026s][info][gc          ] Allocation Stall (pool-1-thread-6) 71.510ms
[7.026s][info][gc          ] Allocation Stall (pool-1-thread-8) 71.494ms
[7.026s][info][gc          ] Allocation Stall (pool-1-thread-5) 69.419ms
[7.026s][info][gc          ] Allocation Stall (pool-1-thread-9) 71.497ms
[7.026s][info][gc          ] Allocation Stall (pool-1-thread-4) 69.764ms
[7.026s][info][gc          ] Allocation Stall (pool-1-thread-1) 71.484ms
[7.029s][info][gc,phases   ] GC(72) Concurrent Select Relocation Set 3.342ms
[7.029s][info][gc,phases   ] GC(72) Pause Relocate Start 0.003ms
[7.033s][info][gc          ] Relocation Stall (pool-1-thread-8) 3.424ms
[7.033s][info][gc          ] Relocation Stall (pool-1-thread-6) 3.280ms
[7.033s][info][gc          ] Relocation Stall (pool-1-thread-4) 3.411ms
[7.033s][info][gc          ] Relocation Stall (pool-1-thread-9) 3.077ms
[7.033s][info][gc          ] Allocation Stall (pool-1-thread-4) 4.603ms
[7.033s][info][gc          ] Relocation Stall (pool-1-thread-1) 3.194ms
[7.033s][info][gc          ] Relocation Stall (pool-1-thread-2) 3.269ms
[7.033s][info][gc          ] Allocation Stall (pool-1-thread-1) 4.557ms
[7.033s][info][gc          ] Allocation Stall (pool-1-thread-2) 4.562ms
[7.033s][info][gc          ] Allocation Stall (pool-1-thread-8) 4.588ms
[7.033s][info][gc          ] Relocation Stall (pool-1-thread-5) 3.450ms
[7.033s][info][gc          ] Allocation Stall (pool-1-thread-9) 4.530ms
[7.033s][info][gc          ] Relocation Stall (pool-1-thread-7) 3.063ms
[7.033s][info][gc          ] Relocation Stall (pool-1-thread-3) 3.303ms
[7.033s][info][gc          ] Allocation Stall (pool-1-thread-3) 4.687ms
[7.033s][info][gc          ] Allocation Stall (pool-1-thread-5) 4.674ms
[7.033s][info][gc          ] Allocation Stall (pool-1-thread-7) 4.300ms
[7.033s][info][gc          ] Allocation Stall (pool-1-thread-6) 4.566ms
[7.040s][info][gc          ] Allocation Stall (pool-1-thread-3) 0.358ms
[7.040s][info][gc          ] Allocation Stall (pool-1-thread-5) 0.473ms
[7.040s][info][gc          ] Allocation Stall (pool-1-thread-1) 0.459ms
[7.040s][info][gc          ] Allocation Stall (pool-1-thread-4) 0.577ms
[7.040s][info][gc          ] Allocation Stall (pool-1-thread-6) 0.673ms
[7.040s][info][gc          ] Allocation Stall (pool-1-thread-2) 1.142ms
[7.041s][info][gc          ] Allocation Stall (pool-1-thread-9) 1.156ms
[7.041s][info][gc          ] Allocation Stall (pool-1-thread-7) 1.127ms
[7.041s][info][gc          ] Allocation Stall (pool-1-thread-3) 0.726ms
[7.041s][info][gc          ] Allocation Stall (pool-1-thread-4) 0.556ms
[7.041s][info][gc          ] Allocation Stall (pool-1-thread-1) 1.119ms
[7.042s][info][gc          ] Allocation Stall (pool-1-thread-5) 1.674ms
[7.043s][info][gc          ] Allocation Stall (pool-1-thread-6) 2.514ms
[7.043s][info][gc          ] Allocation Stall (pool-1-thread-7) 2.344ms
[7.043s][info][gc          ] Allocation Stall (pool-1-thread-3) 2.508ms
[7.044s][info][gc          ] Relocation Stall (pool-1-thread-8) 4.737ms
[7.044s][info][gc,phases   ] GC(72) Concurrent Relocate 14.562ms
[7.044s][info][gc,load     ] GC(72) Load: 0.42/0.24/0.20
[7.044s][info][gc,mmu      ] GC(72) MMU: 2ms/97.7%, 5ms/99.1%, 10ms/99.5%, 20ms/99.7%, 50ms/99.9%, 100ms/99.9%
[7.044s][info][gc,marking  ] GC(72) Mark: 4 stripe(s), 6 proactive flush(es), 1 terminate flush(es), 0 completion(s), 0 continuation(s) 
[7.044s][info][gc,marking  ] GC(72) Mark Stack Usage: 32M
[7.044s][info][gc,nmethod  ] GC(72) NMethods: 1523 registered, 202 unregistered
[7.044s][info][gc,metaspace] GC(72) Metaspace: 10M used, 10M committed, 1088M reserved
[7.044s][info][gc,ref      ] GC(72) Soft: 143 encountered, 40 discovered, 0 enqueued
[7.044s][info][gc,ref      ] GC(72) Weak: 898 encountered, 36 discovered, 0 enqueued
[7.044s][info][gc,ref      ] GC(72) Final: 0 encountered, 0 discovered, 0 enqueued
[7.044s][info][gc,ref      ] GC(72) Phantom: 3 encountered, 2 discovered, 0 enqueued
[7.044s][info][gc,reloc    ] GC(72) Small Pages: 200 / 400M, Empty: 40M, Relocated: 43M, In-Place: 10
[7.044s][info][gc,reloc    ] GC(72) Medium Pages: 0 / 0M, Empty: 0M, Relocated: 0M, In-Place: 0
[7.044s][info][gc,reloc    ] GC(72) Large Pages: 0 / 0M, Empty: 0M, Relocated: 0M, In-Place: 0
[7.044s][info][gc,reloc    ] GC(72) Forwarding Usage: 25M
[7.044s][info][gc,heap     ] GC(72) Min Capacity: 8M(2%)
[7.044s][info][gc,heap     ] GC(72) Max Capacity: 400M(100%)
[7.044s][info][gc,heap     ] GC(72) Soft Max Capacity: 400M(100%)
[7.044s][info][gc,heap     ] GC(72)                Mark Start          Mark End        Relocate Start      Relocate End           High               Low         
[7.044s][info][gc,heap     ] GC(72)  Capacity:      400M (100%)        400M (100%)        400M (100%)        400M (100%)        400M (100%)        400M (100%)   
[7.044s][info][gc,heap     ] GC(72)      Free:        0M (0%)            0M (0%)            0M (0%)            0M (0%)          122M (30%)           0M (0%)     
[7.044s][info][gc,heap     ] GC(72)      Used:      400M (100%)        400M (100%)        400M (100%)        400M (100%)        400M (100%)        278M (70%)    
[7.044s][info][gc,heap     ] GC(72)      Live:         -               182M (46%)         182M (46%)         182M (46%)            -                  -          
[7.044s][info][gc,heap     ] GC(72) Allocated:         -                 0M (0%)           40M (10%)         209M (52%)            -                  -          
[7.044s][info][gc,heap     ] GC(72)   Garbage:         -               217M (54%)         177M (44%)           8M (2%)             -                  -          
[7.044s][info][gc,heap     ] GC(72) Reclaimed:         -                  -                40M (10%)         209M (52%)            -                  -          
[7.044s][info][gc          ] GC(72) Garbage Collection (Allocation Stall) 400M(100%)->400M(100%)
[7.044s][info][gc,start    ] GC(73) Garbage Collection (Allocation Stall)
[7.044s][info][gc,ref      ] GC(73) Clearing All SoftReferences
[7.044s][info][gc,task     ] GC(73) Using 4 workers
[7.044s][info][gc,ref      ] GC(73) Clearing All SoftReferences
[7.044s][info][gc,phases   ] GC(73) Pause Mark Start 0.010ms
[7.132s][info][gc,phases   ] GC(73) Concurrent Mark 87.545ms
[7.132s][info][gc,phases   ] GC(73) Pause Mark End 0.011ms
[7.132s][info][gc,phases   ] GC(73) Concurrent Mark Free 0.000ms
[7.132s][info][gc,phases   ] GC(73) Concurrent Process Non-Strong References 0.604ms
[7.132s][info][gc,phases   ] GC(73) Concurrent Reset Relocation Set 0.006ms
[7.133s][info][gc          ] Allocation Stall (pool-1-thread-4) 92.336ms
[7.133s][info][gc          ] Allocation Stall (pool-1-thread-9) 92.354ms
[7.133s][info][gc          ] Allocation Stall (pool-1-thread-5) 90.897ms
[7.133s][info][gc          ] Allocation Stall (pool-1-thread-6) 90.100ms
[7.133s][info][gc          ] Allocation Stall (pool-1-thread-7) 89.896ms
[7.133s][info][gc          ] Allocation Stall (pool-1-thread-3) 89.541ms
[7.133s][info][gc          ] Allocation Stall (pool-1-thread-1) 91.611ms
[7.133s][info][gc          ] Allocation Stall (pool-1-thread-2) 92.374ms
[7.133s][info][gc          ] Allocation Stall (pool-1-thread-8) 80.600ms
[7.135s][info][gc,phases   ] GC(73) Concurrent Select Relocation Set 2.154ms
[7.135s][info][gc,phases   ] GC(73) Pause Relocate Start 0.004ms
[7.135s][info][gc          ] Allocation Stall (pool-1-thread-3) 0.977ms
[7.135s][info][gc          ] Allocation Stall (pool-1-thread-2) 0.981ms
[7.135s][info][gc          ] Allocation Stall (pool-1-thread-9) 0.953ms
[7.135s][info][gc          ] Allocation Stall (pool-1-thread-7) 0.132ms
[7.135s][info][gc          ] Allocation Stall (pool-1-thread-3) 0.012ms
[7.135s][info][gc          ] Allocation Stall (pool-1-thread-7) 0.022ms
[7.138s][info][gc          ] Allocation Stall (pool-1-thread-3) 0.161ms
[7.138s][info][gc          ] Allocation Stall (pool-1-thread-2) 0.222ms
[7.138s][info][gc          ] Allocation Stall (pool-1-thread-7) 0.140ms
[7.138s][info][gc          ] Allocation Stall (pool-1-thread-3) 0.015ms
[7.138s][info][gc          ] Allocation Stall (pool-1-thread-2) 0.192ms
[7.138s][info][gc          ] Allocation Stall (pool-1-thread-7) 0.145ms
[7.138s][info][gc          ] Allocation Stall (pool-1-thread-3) 0.148ms
[7.139s][info][gc          ] Allocation Stall (pool-1-thread-3) 0.084ms
[7.139s][info][gc          ] Allocation Stall (pool-1-thread-2) 0.200ms
[7.139s][info][gc          ] Allocation Stall (pool-1-thread-7) 0.167ms
[7.139s][info][gc          ] Allocation Stall (pool-1-thread-2) 0.048ms
[7.139s][info][gc          ] Allocation Stall (pool-1-thread-3) 0.052ms
[7.139s][info][gc          ] Allocation Stall (pool-1-thread-3) 0.134ms
[7.140s][info][gc          ] Allocation Stall (pool-1-thread-2) 0.299ms
[7.140s][info][gc          ] Allocation Stall (pool-1-thread-7) 0.370ms
[7.140s][info][gc          ] Allocation Stall (pool-1-thread-3) 0.094ms
[7.140s][info][gc          ] Allocation Stall (pool-1-thread-2) 0.105ms
[7.140s][info][gc          ] Allocation Stall (pool-1-thread-7) 0.188ms
[7.140s][info][gc          ] Allocation Stall (pool-1-thread-3) 0.182ms
[7.140s][info][gc          ] Allocation Stall (pool-1-thread-3) 0.052ms
[7.141s][info][gc          ] Allocation Stall (pool-1-thread-7) 0.155ms
[7.141s][info][gc          ] Allocation Stall (pool-1-thread-2) 0.149ms
[7.141s][info][gc          ] Allocation Stall (pool-1-thread-7) 0.012ms
[7.141s][info][gc          ] Allocation Stall (pool-1-thread-3) 0.024ms
[7.141s][info][gc          ] Allocation Stall (pool-1-thread-7) 0.141ms
[7.141s][info][gc          ] Allocation Stall (pool-1-thread-3) 0.260ms
[7.141s][info][gc          ] Allocation Stall (pool-1-thread-2) 0.250ms
[7.141s][info][gc          ] Allocation Stall (pool-1-thread-3) 0.028ms
[7.141s][info][gc          ] Allocation Stall (pool-1-thread-2) 0.033ms
[7.141s][info][gc          ] Allocation Stall (pool-1-thread-7) 0.074ms
[7.142s][info][gc          ] Allocation Stall (pool-1-thread-2) 0.327ms
[7.142s][info][gc          ] Allocation Stall (pool-1-thread-3) 0.640ms
[7.142s][info][gc          ] Allocation Stall (pool-1-thread-7) 0.710ms
[7.142s][info][gc          ] Allocation Stall (pool-1-thread-2) 0.470ms
[7.142s][info][gc          ] Allocation Stall (pool-1-thread-3) 0.195ms
[7.143s][info][gc          ] Allocation Stall (pool-1-thread-2) 0.067ms
[7.143s][info][gc          ] Allocation Stall (pool-1-thread-7) 0.330ms
[7.143s][info][gc          ] Allocation Stall (pool-1-thread-3) 0.351ms
[7.143s][info][gc          ] Allocation Stall (pool-1-thread-2) 0.100ms
[7.143s][info][gc          ] Allocation Stall (pool-1-thread-7) 0.103ms
[7.144s][info][gc          ] Allocation Stall (pool-1-thread-2) 0.364ms
[7.144s][info][gc          ] Allocation Stall (pool-1-thread-3) 0.363ms
[7.144s][info][gc          ] Allocation Stall (pool-1-thread-3) 0.052ms
[7.144s][info][gc          ] Allocation Stall (pool-1-thread-7) 0.395ms
[7.144s][info][gc          ] Allocation Stall (pool-1-thread-2) 0.695ms
[7.145s][info][gc          ] Allocation Stall (pool-1-thread-3) 0.740ms
[7.145s][info][gc          ] Allocation Stall (pool-1-thread-7) 0.542ms
[7.145s][info][gc          ] Allocation Stall (pool-1-thread-3) 0.134ms
[7.145s][info][gc          ] Allocation Stall (pool-1-thread-2) 0.123ms
[7.145s][info][gc          ] Allocation Stall (pool-1-thread-2) 0.132ms
[7.146s][info][gc          ] Allocation Stall (pool-1-thread-7) 0.687ms
[7.146s][info][gc          ] Allocation Stall (pool-1-thread-3) 0.733ms
[7.146s][info][gc          ] Relocation Stall (pool-1-thread-4) 11.215ms
[7.146s][info][gc          ] Relocation Stall (pool-1-thread-5) 11.212ms
[7.146s][info][gc          ] Relocation Stall (pool-1-thread-8) 11.218ms
[7.146s][info][gc          ] Allocation Stall (pool-1-thread-8) 0.964ms
[7.146s][info][gc          ] Allocation Stall (pool-1-thread-2) 0.505ms
[7.146s][info][gc          ] Relocation Stall (pool-1-thread-6) 11.229ms
[7.146s][info][gc          ] Allocation Stall (pool-1-thread-6) 0.999ms
[7.146s][info][gc          ] Allocation Stall (pool-1-thread-5) 0.987ms
[7.146s][info][gc          ] Allocation Stall (pool-1-thread-4) 0.963ms
[7.146s][info][gc          ] Relocation Stall (pool-1-thread-1) 11.222ms
[7.146s][info][gc          ] Allocation Stall (pool-1-thread-1) 0.977ms
[7.147s][info][gc          ] Allocation Stall (pool-1-thread-7) 0.233ms
[7.147s][info][gc          ] Allocation Stall (pool-1-thread-4) 0.869ms
[7.148s][info][gc          ] Relocation Stall (pool-1-thread-9) 10.456ms
[7.148s][info][gc          ] Allocation Stall (pool-1-thread-5) 1.920ms
[7.148s][info][gc          ] Allocation Stall (pool-1-thread-3) 2.073ms
[7.148s][info][gc          ] Allocation Stall (pool-1-thread-8) 2.082ms
[7.149s][info][gc          ] Allocation Stall (pool-1-thread-1) 2.090ms
[7.149s][info][gc          ] Allocation Stall (pool-1-thread-2) 2.090ms
[7.149s][info][gc,phases   ] GC(73) Concurrent Relocate 14.072ms
[7.149s][info][gc,load     ] GC(73) Load: 0.42/0.24/0.20
[7.149s][info][gc,mmu      ] GC(73) MMU: 2ms/97.7%, 5ms/99.1%, 10ms/99.5%, 20ms/99.7%, 50ms/99.9%, 100ms/99.9%
[7.149s][info][gc,marking  ] GC(73) Mark: 4 stripe(s), 2 proactive flush(es), 1 terminate flush(es), 0 completion(s), 0 continuation(s) 
[7.149s][info][gc,marking  ] GC(73) Mark Stack Usage: 32M
[7.149s][info][gc,nmethod  ] GC(73) NMethods: 1523 registered, 202 unregistered
[7.149s][info][gc,metaspace] GC(73) Metaspace: 10M used, 10M committed, 1088M reserved
[7.149s][info][gc,ref      ] GC(73) Soft: 143 encountered, 64 discovered, 0 enqueued
[7.149s][info][gc,ref      ] GC(73) Weak: 898 encountered, 196 discovered, 0 enqueued
[7.149s][info][gc,ref      ] GC(73) Final: 0 encountered, 0 discovered, 0 enqueued
[7.149s][info][gc,ref      ] GC(73) Phantom: 3 encountered, 1 discovered, 0 enqueued
[7.149s][info][gc,reloc    ] GC(73) Small Pages: 200 / 400M, Empty: 16M, Relocated: 36M, In-Place: 16
[7.149s][info][gc,reloc    ] GC(73) Medium Pages: 0 / 0M, Empty: 0M, Relocated: 0M, In-Place: 0
[7.149s][info][gc,reloc    ] GC(73) Large Pages: 0 / 0M, Empty: 0M, Relocated: 0M, In-Place: 0
[7.149s][info][gc,reloc    ] GC(73) Forwarding Usage: 23M
[7.149s][info][gc,heap     ] GC(73) Min Capacity: 8M(2%)
[7.149s][info][gc,heap     ] GC(73) Max Capacity: 400M(100%)
[7.149s][info][gc,heap     ] GC(73) Soft Max Capacity: 400M(100%)
[7.149s][info][gc,heap     ] GC(73)                Mark Start          Mark End        Relocate Start      Relocate End           High               Low         
[7.149s][info][gc,heap     ] GC(73)  Capacity:      400M (100%)        400M (100%)        400M (100%)        400M (100%)        400M (100%)        400M (100%)   
[7.149s][info][gc,heap     ] GC(73)      Free:        0M (0%)            0M (0%)            0M (0%)            0M (0%)           16M (4%)            0M (0%)     
[7.149s][info][gc,heap     ] GC(73)      Used:      400M (100%)        400M (100%)        400M (100%)        400M (100%)        400M (100%)        384M (96%)    
[7.149s][info][gc,heap     ] GC(73)      Live:         -               210M (53%)         210M (53%)         210M (53%)            -                  -          
[7.149s][info][gc,heap     ] GC(73) Allocated:         -                 0M (0%)           16M (4%)          181M (45%)            -                  -          
[7.149s][info][gc,heap     ] GC(73)   Garbage:         -               189M (47%)         173M (43%)           7M (2%)             -                  -          
[7.149s][info][gc,heap     ] GC(73) Reclaimed:         -                  -                16M (4%)          181M (45%)            -                  -          
[7.149s][info][gc          ] GC(73) Garbage Collection (Allocation Stall) 400M(100%)->400M(100%)
[7.149s][info][gc,start    ] GC(74) Garbage Collection (Allocation Stall)
[7.149s][info][gc,ref      ] GC(74) Clearing All SoftReferences
[7.149s][info][gc,task     ] GC(74) Using 4 workers
[7.149s][info][gc,ref      ] GC(74) Clearing All SoftReferences
[7.149s][info][gc,phases   ] GC(74) Pause Mark Start 0.009ms
[7.227s][info][gc,phases   ] GC(74) Concurrent Mark 78.233ms
[7.227s][info][gc,phases   ] GC(74) Pause Mark End 0.009ms
[7.227s][info][gc,phases   ] GC(74) Concurrent Mark Free 0.000ms
[7.228s][info][gc,phases   ] GC(74) Concurrent Process Non-Strong References 0.521ms
[7.228s][info][gc,phases   ] GC(74) Concurrent Reset Relocation Set 0.005ms
[7.228s][info][gc          ] Allocation Stall (pool-1-thread-7) 81.233ms
[7.228s][info][gc          ] Allocation Stall (pool-1-thread-9) 48.923ms
[7.228s][info][gc          ] Allocation Stall (pool-1-thread-2) 79.488ms
[7.228s][info][gc          ] Allocation Stall (pool-1-thread-5) 79.519ms
[7.228s][info][gc          ] Allocation Stall (pool-1-thread-4) 80.669ms
[7.228s][info][gc          ] Allocation Stall (pool-1-thread-1) 79.491ms
[7.228s][info][gc          ] Allocation Stall (pool-1-thread-6) 81.704ms
[7.228s][info][gc          ] Allocation Stall (pool-1-thread-3) 79.626ms
[7.228s][info][gc          ] Allocation Stall (pool-1-thread-8) 79.552ms
[7.231s][info][gc,phases   ] GC(74) Concurrent Select Relocation Set 3.476ms
[7.231s][info][gc,phases   ] GC(74) Pause Relocate Start 0.004ms
[7.236s][info][gc          ] Allocation Stall (pool-1-thread-2) 0.601ms
[7.236s][info][gc          ] Allocation Stall (pool-1-thread-7) 0.811ms
[7.237s][info][gc          ] Allocation Stall (pool-1-thread-9) 0.923ms
[7.238s][info][gc          ] Allocation Stall (pool-1-thread-3) 2.518ms
[7.238s][info][gc          ] Allocation Stall (pool-1-thread-2) 1.810ms
[7.238s][info][gc          ] Allocation Stall (pool-1-thread-7) 1.814ms
[7.239s][info][gc          ] Allocation Stall (pool-1-thread-9) 1.926ms
[7.239s][info][gc          ] Relocation Stall (pool-1-thread-4) 2.868ms
[7.239s][info][gc          ] Allocation Stall (pool-1-thread-4) 0.126ms
[7.239s][info][gc          ] Relocation Stall (pool-1-thread-5) 2.708ms
[7.239s][info][gc          ] Allocation Stall (pool-1-thread-5) 0.296ms
[7.239s][info][gc          ] Relocation Stall (pool-1-thread-6) 2.960ms
[7.239s][info][gc          ] Allocation Stall (pool-1-thread-7) 0.172ms
[7.239s][info][gc          ] Relocation Stall (pool-1-thread-1) 1.836ms
[7.239s][info][gc          ] Allocation Stall (pool-1-thread-1) 1.109ms
[7.239s][info][gc          ] Allocation Stall (pool-1-thread-6) 0.067ms
[7.239s][info][gc          ] Allocation Stall (pool-1-thread-3) 0.176ms
[7.239s][info][gc          ] Allocation Stall (pool-1-thread-2) 0.154ms
[7.239s][info][gc          ] Allocation Stall (pool-1-thread-3) 0.465ms
[7.240s][info][gc          ] Allocation Stall (pool-1-thread-1) 1.387ms
[7.242s][info][gc          ] Allocation Stall (pool-1-thread-9) 2.881ms
[7.242s][info][gc,phases   ] GC(74) Concurrent Relocate 10.521ms
[7.242s][info][gc          ] Allocation Stall (pool-1-thread-5) 2.904ms
[7.242s][info][gc          ] Allocation Stall (pool-1-thread-2) 2.902ms
[7.242s][info][gc,load     ] GC(74) Load: 0.42/0.24/0.20
[7.242s][info][gc,mmu      ] GC(74) MMU: 2ms/97.7%, 5ms/99.1%, 10ms/99.5%, 20ms/99.7%, 50ms/99.9%, 100ms/99.9%
[7.242s][info][gc,marking  ] GC(74) Mark: 4 stripe(s), 8 proactive flush(es), 1 terminate flush(es), 0 completion(s), 0 continuation(s) 
[7.242s][info][gc,marking  ] GC(74) Mark Stack Usage: 32M
[7.242s][info][gc,nmethod  ] GC(74) NMethods: 1523 registered, 202 unregistered
[7.242s][info][gc,metaspace] GC(74) Metaspace: 10M used, 10M committed, 1088M reserved
[7.242s][info][gc,ref      ] GC(74) Soft: 143 encountered, 55 discovered, 0 enqueued
[7.242s][info][gc,ref      ] GC(74) Weak: 898 encountered, 191 discovered, 0 enqueued
[7.242s][info][gc,ref      ] GC(74) Final: 0 encountered, 0 discovered, 0 enqueued
[7.242s][info][gc,ref      ] GC(74) Phantom: 3 encountered, 1 discovered, 0 enqueued
[7.242s][info][gc          ] Allocation Stall (pool-1-thread-7) 2.923ms
[7.242s][info][gc,reloc    ] GC(74) Small Pages: 200 / 400M, Empty: 98M, Relocated: 26M, In-Place: 8
[7.242s][info][gc,reloc    ] GC(74) Medium Pages: 0 / 0M, Empty: 0M, Relocated: 0M, In-Place: 0
[7.242s][info][gc,reloc    ] GC(74) Large Pages: 0 / 0M, Empty: 0M, Relocated: 0M, In-Place: 0
[7.242s][info][gc,reloc    ] GC(74) Forwarding Usage: 17M
[7.242s][info][gc,heap     ] GC(74) Min Capacity: 8M(2%)
[7.242s][info][gc,heap     ] GC(74) Max Capacity: 400M(100%)
[7.242s][info][gc,heap     ] GC(74) Soft Max Capacity: 400M(100%)
[7.242s][info][gc,heap     ] GC(74)                Mark Start          Mark End        Relocate Start      Relocate End           High               Low         
[7.242s][info][gc,heap     ] GC(74)  Capacity:      400M (100%)        400M (100%)        400M (100%)        400M (100%)        400M (100%)        400M (100%)   
[7.242s][info][gc,heap     ] GC(74)      Free:        0M (0%)            0M (0%)           32M (8%)            0M (0%)           98M (24%)           0M (0%)     
[7.242s][info][gc,heap     ] GC(74)      Used:      400M (100%)        400M (100%)        368M (92%)         400M (100%)        400M (100%)        302M (76%)    
[7.242s][info][gc,heap     ] GC(74)      Live:         -               200M (50%)         200M (50%)         200M (50%)            -                  -          
[7.242s][info][gc,heap     ] GC(74) Allocated:         -                 0M (0%)           66M (16%)         187M (47%)            -                  -          
[7.242s][info][gc,heap     ] GC(74)   Garbage:         -               199M (50%)         101M (25%)          12M (3%)             -                  -          
[7.242s][info][gc,heap     ] GC(74) Reclaimed:         -                  -                98M (24%)         187M (47%)            -                  -          
[7.242s][info][gc          ] GC(74) Garbage Collection (Allocation Stall) 400M(100%)->400M(100%)
[7.242s][info][gc,start    ] GC(75) Garbage Collection (Allocation Stall)
[7.242s][info][gc,ref      ] GC(75) Clearing All SoftReferences
[7.242s][info][gc,task     ] GC(75) Using 4 workers
[7.242s][info][gc,ref      ] GC(75) Clearing All SoftReferences
[7.242s][info][gc,phases   ] GC(75) Pause Mark Start 0.009ms
[7.299s][info][gc,phases   ] GC(75) Concurrent Mark 56.997ms
[7.299s][info][gc,phases   ] GC(75) Pause Mark End 0.009ms
[7.299s][info][gc,phases   ] GC(75) Concurrent Mark Free 0.000ms
[7.300s][info][gc,phases   ] GC(75) Concurrent Process Non-Strong References 0.581ms
[7.300s][info][gc,phases   ] GC(75) Concurrent Reset Relocation Set 0.004ms
[7.300s][info][gc          ] Allocation Stall (pool-1-thread-3) 60.494ms
[7.300s][info][gc          ] Allocation Stall (pool-1-thread-7) 56.887ms
[7.300s][info][gc          ] Allocation Stall (pool-1-thread-2) 58.107ms
[7.300s][info][gc          ] Allocation Stall (pool-1-thread-1) 59.759ms
[7.300s][info][gc          ] Allocation Stall (pool-1-thread-4) 61.203ms
[7.300s][info][gc          ] Allocation Stall (pool-1-thread-6) 61.184ms
[7.300s][info][gc          ] Allocation Stall (pool-1-thread-8) 60.494ms
[7.300s][info][gc          ] Allocation Stall (pool-1-thread-5) 58.109ms
[7.300s][info][gc          ] Allocation Stall (pool-1-thread-9) 58.282ms
[7.302s][info][gc,phases   ] GC(75) Concurrent Select Relocation Set 2.362ms
[7.302s][info][gc,phases   ] GC(75) Pause Relocate Start 0.009ms
[7.311s][info][gc          ] Allocation Stall (pool-1-thread-5) 0.026ms
[7.311s][info][gc          ] Allocation Stall (pool-1-thread-7) 0.246ms
[7.311s][info][gc          ] Allocation Stall (pool-1-thread-9) 0.659ms
[7.311s][info][gc          ] Relocation Stall (C1 CompilerThread1) 0.685ms
[7.312s][info][gc          ] Allocation Stall (pool-1-thread-4) 0.848ms
[7.312s][info][gc          ] Allocation Stall (pool-1-thread-5) 1.341ms
[7.312s][info][gc          ] Allocation Stall (pool-1-thread-6) 1.607ms
[7.313s][info][gc          ] Allocation Stall (pool-1-thread-3) 1.971ms
[7.313s][info][gc          ] Relocation Stall (pool-1-thread-1) 2.341ms
[7.313s][info][gc          ] Relocation Stall (pool-1-thread-2) 2.358ms
[7.313s][info][gc          ] Allocation Stall (pool-1-thread-7) 1.911ms
[7.314s][info][gc,phases   ] GC(75) Concurrent Relocate 11.773ms
[7.314s][info][gc,load     ] GC(75) Load: 0.42/0.24/0.20
[7.314s][info][gc,mmu      ] GC(75) MMU: 2ms/97.7%, 5ms/99.1%, 10ms/99.5%, 20ms/99.7%, 50ms/99.9%, 100ms/99.9%
[7.314s][info][gc,marking  ] GC(75) Mark: 4 stripe(s), 8 proactive flush(es), 1 terminate flush(es), 0 completion(s), 0 continuation(s) 
[7.314s][info][gc,marking  ] GC(75) Mark Stack Usage: 32M
[7.314s][info][gc,nmethod  ] GC(75) NMethods: 1549 registered, 202 unregistered
[7.314s][info][gc,metaspace] GC(75) Metaspace: 10M used, 10M committed, 1088M reserved
[7.314s][info][gc,ref      ] GC(75) Soft: 143 encountered, 63 discovered, 0 enqueued
[7.314s][info][gc,ref      ] GC(75) Weak: 898 encountered, 357 discovered, 0 enqueued
[7.314s][info][gc,ref      ] GC(75) Final: 0 encountered, 0 discovered, 0 enqueued
[7.314s][info][gc,ref      ] GC(75) Phantom: 3 encountered, 1 discovered, 0 enqueued
[7.314s][info][gc,reloc    ] GC(75) Small Pages: 200 / 400M, Empty: 106M, Relocated: 24M, In-Place: 4
[7.314s][info][gc,reloc    ] GC(75) Medium Pages: 0 / 0M, Empty: 0M, Relocated: 0M, In-Place: 0
[7.314s][info][gc,reloc    ] GC(75) Large Pages: 0 / 0M, Empty: 0M, Relocated: 0M, In-Place: 0
[7.314s][info][gc,reloc    ] GC(75) Forwarding Usage: 13M
[7.314s][info][gc,heap     ] GC(75) Min Capacity: 8M(2%)
[7.314s][info][gc,heap     ] GC(75) Max Capacity: 400M(100%)
[7.314s][info][gc,heap     ] GC(75) Soft Max Capacity: 400M(100%)
[7.314s][info][gc,heap     ] GC(75)                Mark Start          Mark End        Relocate Start      Relocate End           High               Low         
[7.314s][info][gc,heap     ] GC(75)  Capacity:      400M (100%)        400M (100%)        400M (100%)        400M (100%)        400M (100%)        400M (100%)   
[7.314s][info][gc,heap     ] GC(75)      Free:        0M (0%)            0M (0%)           60M (15%)           0M (0%)          106M (26%)           0M (0%)     
[7.314s][info][gc,heap     ] GC(75)      Used:      400M (100%)        400M (100%)        340M (85%)         400M (100%)        400M (100%)        294M (74%)    
[7.314s][info][gc,heap     ] GC(75)      Live:         -               156M (39%)         156M (39%)         156M (39%)            -                  -          
[7.314s][info][gc,heap     ] GC(75) Allocated:         -                 0M (0%)           46M (12%)         237M (59%)            -                  -          
[7.314s][info][gc,heap     ] GC(75)   Garbage:         -               243M (61%)         137M (34%)           6M (2%)             -                  -          
[7.314s][info][gc,heap     ] GC(75) Reclaimed:         -                  -               106M (26%)         237M (59%)            -                  -          
[7.314s][info][gc          ] GC(75) Garbage Collection (Allocation Stall) 400M(100%)->400M(100%)
[7.314s][info][gc,start    ] GC(76) Garbage Collection (Allocation Stall)
[7.314s][info][gc,ref      ] GC(76) Clearing All SoftReferences
[7.314s][info][gc,task     ] GC(76) Using 4 workers
[7.314s][info][gc,ref      ] GC(76) Clearing All SoftReferences
[7.314s][info][gc,phases   ] GC(76) Pause Mark Start 0.008ms
[7.395s][info][gc,phases   ] GC(76) Concurrent Mark 80.846ms
[7.395s][info][gc,phases   ] GC(76) Pause Mark End 0.011ms
[7.395s][info][gc,phases   ] GC(76) Concurrent Mark Free 0.001ms
[7.397s][info][gc,phases   ] GC(76) Concurrent Process Non-Strong References 1.532ms
[7.397s][info][gc,phases   ] GC(76) Concurrent Reset Relocation Set 0.005ms
[7.397s][info][gc          ] Allocation Stall (pool-1-thread-9) 85.669ms
[7.397s][info][gc          ] Allocation Stall (pool-1-thread-7) 83.663ms
[7.397s][info][gc          ] Allocation Stall (pool-1-thread-8) 85.249ms
[7.397s][info][gc          ] Allocation Stall (pool-1-thread-6) 84.396ms
[7.397s][info][gc          ] Allocation Stall (pool-1-thread-2) 83.558ms
[7.397s][info][gc          ] Allocation Stall (pool-1-thread-5) 84.791ms
[7.397s][info][gc          ] Allocation Stall (pool-1-thread-3) 84.206ms
[7.397s][info][gc          ] Allocation Stall (pool-1-thread-4) 85.374ms
[7.397s][info][gc          ] Allocation Stall (pool-1-thread-1) 82.742ms
[7.399s][info][gc,phases   ] GC(76) Concurrent Select Relocation Set 2.069ms
[7.399s][info][gc,phases   ] GC(76) Pause Relocate Start 0.003ms
[7.403s][info][gc          ] Relocation Stall (pool-1-thread-9) 3.896ms
[7.403s][info][gc          ] Relocation Stall (pool-1-thread-3) 3.903ms
[7.403s][info][gc          ] Allocation Stall (pool-1-thread-9) 4.159ms
[7.403s][info][gc          ] Relocation Stall (pool-1-thread-5) 3.911ms
[7.403s][info][gc          ] Relocation Stall (pool-1-thread-4) 3.869ms
[7.403s][info][gc          ] Allocation Stall (pool-1-thread-4) 4.173ms
[7.403s][info][gc          ] Relocation Stall (pool-1-thread-8) 3.905ms
[7.403s][info][gc          ] Allocation Stall (pool-1-thread-3) 4.186ms
[7.403s][info][gc          ] Relocation Stall (pool-1-thread-7) 3.926ms
[7.403s][info][gc          ] Allocation Stall (pool-1-thread-5) 4.198ms
[7.403s][info][gc          ] Relocation Stall (pool-1-thread-6) 3.909ms
[7.403s][info][gc          ] Allocation Stall (pool-1-thread-8) 4.218ms
[7.403s][info][gc          ] Allocation Stall (pool-1-thread-6) 4.270ms
[7.405s][info][gc,phases   ] GC(76) Concurrent Relocate 6.363ms
[7.405s][info][gc,load     ] GC(76) Load: 0.42/0.24/0.20
[7.405s][info][gc,mmu      ] GC(76) MMU: 2ms/97.7%, 5ms/99.1%, 10ms/99.5%, 20ms/99.7%, 50ms/99.9%, 100ms/99.9%
[7.405s][info][gc,marking  ] GC(76) Mark: 4 stripe(s), 10 proactive flush(es), 1 terminate flush(es), 0 completion(s), 0 continuation(s) 
[7.405s][info][gc,marking  ] GC(76) Mark Stack Usage: 32M
[7.405s][info][gc,nmethod  ] GC(76) NMethods: 1555 registered, 202 unregistered
[7.405s][info][gc,metaspace] GC(76) Metaspace: 10M used, 10M committed, 1088M reserved
[7.405s][info][gc,ref      ] GC(76) Soft: 154 encountered, 59 discovered, 4 enqueued
[7.405s][info][gc,ref      ] GC(76) Weak: 930 encountered, 46 discovered, 5 enqueued
[7.405s][info][gc,ref      ] GC(76) Final: 0 encountered, 0 discovered, 0 enqueued
[7.405s][info][gc,ref      ] GC(76) Phantom: 3 encountered, 1 discovered, 0 enqueued
[7.405s][info][gc,reloc    ] GC(76) Small Pages: 200 / 400M, Empty: 26M, Relocated: 25M, In-Place: 4
[7.405s][info][gc,reloc    ] GC(76) Medium Pages: 0 / 0M, Empty: 0M, Relocated: 0M, In-Place: 0
[7.405s][info][gc,reloc    ] GC(76) Large Pages: 0 / 0M, Empty: 0M, Relocated: 0M, In-Place: 0
[7.405s][info][gc,reloc    ] GC(76) Forwarding Usage: 13M
[7.405s][info][gc,heap     ] GC(76) Min Capacity: 8M(2%)
[7.405s][info][gc,heap     ] GC(76) Max Capacity: 400M(100%)
[7.405s][info][gc,heap     ] GC(76) Soft Max Capacity: 400M(100%)
[7.405s][info][gc,heap     ] GC(76)                Mark Start          Mark End        Relocate Start      Relocate End           High               Low         
[7.405s][info][gc,heap     ] GC(76)  Capacity:      400M (100%)        400M (100%)        400M (100%)        400M (100%)        400M (100%)        400M (100%)   
[7.405s][info][gc,heap     ] GC(76)      Free:        0M (0%)            0M (0%)            0M (0%)          122M (30%)         170M (42%)           0M (0%)     
[7.405s][info][gc,heap     ] GC(76)      Used:      400M (100%)        400M (100%)        400M (100%)        278M (70%)         400M (100%)        230M (57%)    
[7.405s][info][gc,heap     ] GC(76)      Live:         -               181M (45%)         181M (45%)         181M (45%)            -                  -          
[7.405s][info][gc,heap     ] GC(76) Allocated:         -                 0M (0%)           26M (6%)           88M (22%)            -                  -          
[7.405s][info][gc,heap     ] GC(76)   Garbage:         -               218M (55%)         192M (48%)           8M (2%)             -                  -          
[7.405s][info][gc,heap     ] GC(76) Reclaimed:         -                  -                26M (6%)          210M (52%)            -                  -          
[7.405s][info][gc          ] GC(76) Garbage Collection (Allocation Stall) 400M(100%)->278M(70%)
[7.411s][info][gc,start    ] GC(77) Garbage Collection (Allocation Stall)
[7.411s][info][gc,ref      ] GC(77) Clearing All SoftReferences
[7.411s][info][gc,task     ] GC(77) Using 4 workers
[7.411s][info][gc,ref      ] GC(77) Clearing All SoftReferences
[7.411s][info][gc,phases   ] GC(77) Pause Mark Start 0.011ms
[7.475s][info][gc,phases   ] GC(77) Concurrent Mark 63.869ms
[7.475s][info][gc,phases   ] GC(77) Pause Mark End 0.011ms
[7.475s][info][gc,phases   ] GC(77) Concurrent Mark Free 0.000ms
[7.476s][info][gc,phases   ] GC(77) Concurrent Process Non-Strong References 1.503ms
[7.476s][info][gc,phases   ] GC(77) Concurrent Reset Relocation Set 0.009ms
[7.477s][info][gc          ] Allocation Stall (pool-1-thread-9) 43.884ms
[7.477s][info][gc          ] Allocation Stall (pool-1-thread-8) 66.006ms
[7.477s][info][gc          ] Allocation Stall (Common-Cleaner) 0.307ms
[7.477s][info][gc          ] Allocation Stall (pool-1-thread-7) 66.022ms
[7.477s][info][gc          ] Allocation Stall (pool-1-thread-5) 66.042ms
[7.477s][info][gc          ] Allocation Stall (pool-1-thread-3) 66.017ms
[7.477s][info][gc          ] Allocation Stall (pool-1-thread-4) 66.058ms
[7.477s][info][gc          ] Allocation Stall (pool-1-thread-6) 66.060ms
[7.478s][info][gc,phases   ] GC(77) Concurrent Select Relocation Set 1.896ms
[7.478s][info][gc,phases   ] GC(77) Pause Relocate Start 0.006ms
[7.486s][info][gc          ] Allocation Stall (pool-1-thread-4) 0.166ms
[7.486s][info][gc          ] Allocation Stall (pool-1-thread-5) 0.298ms
[7.486s][info][gc          ] Allocation Stall (pool-1-thread-7) 0.308ms
[7.486s][info][gc          ] Allocation Stall (pool-1-thread-9) 0.384ms
[7.486s][info][gc          ] Allocation Stall (pool-1-thread-3) 0.393ms
[7.487s][info][gc          ] Allocation Stall (pool-1-thread-5) 0.434ms
[7.487s][info][gc          ] Allocation Stall (pool-1-thread-7) 0.822ms
[7.487s][info][gc          ] Allocation Stall (pool-1-thread-4) 0.834ms
[7.488s][info][gc          ] Allocation Stall (pool-1-thread-9) 1.371ms
[7.488s][info][gc,phases   ] GC(77) Concurrent Relocate 9.138ms
[7.488s][info][gc,load     ] GC(77) Load: 0.42/0.24/0.20
[7.488s][info][gc,mmu      ] GC(77) MMU: 2ms/97.7%, 5ms/99.1%, 10ms/99.5%, 20ms/99.7%, 50ms/99.9%, 100ms/99.9%
[7.488s][info][gc,marking  ] GC(77) Mark: 4 stripe(s), 2 proactive flush(es), 1 terminate flush(es), 0 completion(s), 0 continuation(s) 
[7.488s][info][gc,marking  ] GC(77) Mark Stack Usage: 32M
[7.488s][info][gc,nmethod  ] GC(77) NMethods: 1554 registered, 203 unregistered
[7.488s][info][gc,metaspace] GC(77) Metaspace: 10M used, 10M committed, 1088M reserved
[7.488s][info][gc,ref      ] GC(77) Soft: 152 encountered, 42 discovered, 1 enqueued
[7.488s][info][gc,ref      ] GC(77) Weak: 934 encountered, 24 discovered, 9 enqueued
[7.488s][info][gc,ref      ] GC(77) Final: 0 encountered, 0 discovered, 0 enqueued
[7.488s][info][gc,ref      ] GC(77) Phantom: 5 encountered, 3 discovered, 2 enqueued
[7.488s][info][gc,reloc    ] GC(77) Small Pages: 200 / 400M, Empty: 92M, Relocated: 20M, In-Place: 0
[7.488s][info][gc,reloc    ] GC(77) Medium Pages: 0 / 0M, Empty: 0M, Relocated: 0M, In-Place: 0
[7.488s][info][gc,reloc    ] GC(77) Large Pages: 0 / 0M, Empty: 0M, Relocated: 0M, In-Place: 0
[7.488s][info][gc,reloc    ] GC(77) Forwarding Usage: 11M
[7.488s][info][gc,heap     ] GC(77) Min Capacity: 8M(2%)
[7.488s][info][gc,heap     ] GC(77) Max Capacity: 400M(100%)
[7.488s][info][gc,heap     ] GC(77) Soft Max Capacity: 400M(100%)
[7.488s][info][gc,heap     ] GC(77)                Mark Start          Mark End        Relocate Start      Relocate End           High               Low         
[7.488s][info][gc,heap     ] GC(77)  Capacity:      400M (100%)        400M (100%)        400M (100%)        400M (100%)        400M (100%)        400M (100%)   
[7.488s][info][gc,heap     ] GC(77)      Free:        0M (0%)            0M (0%)           62M (16%)           0M (0%)           92M (23%)           0M (0%)     
[7.488s][info][gc,heap     ] GC(77)      Used:      400M (100%)        400M (100%)        338M (84%)         400M (100%)        400M (100%)        308M (77%)    
[7.488s][info][gc,heap     ] GC(77)      Live:         -               198M (50%)         198M (50%)         198M (50%)            -                  -          
[7.488s][info][gc,heap     ] GC(77) Allocated:         -                 0M (0%)           30M (8%)          193M (48%)            -                  -          
[7.488s][info][gc,heap     ] GC(77)   Garbage:         -               201M (50%)         109M (27%)           7M (2%)             -                  -          
[7.488s][info][gc,heap     ] GC(77) Reclaimed:         -                  -                92M (23%)         193M (48%)            -                  -          
[7.488s][info][gc          ] GC(77) Garbage Collection (Allocation Stall) 400M(100%)->400M(100%)
[7.488s][info][gc,start    ] GC(78) Garbage Collection (Allocation Stall)
[7.488s][info][gc,ref      ] GC(78) Clearing All SoftReferences
[7.488s][info][gc,task     ] GC(78) Using 4 workers
[7.488s][info][gc,ref      ] GC(78) Clearing All SoftReferences
[7.488s][info][gc,phases   ] GC(78) Pause Mark Start 0.014ms
[7.553s][info][gc,phases   ] GC(78) Concurrent Mark 65.390ms
[7.553s][info][gc,phases   ] GC(78) Pause Mark End 0.011ms
[7.553s][info][gc,phases   ] GC(78) Concurrent Mark Free 0.001ms
[7.554s][info][gc,phases   ] GC(78) Concurrent Process Non-Strong References 0.587ms
[7.554s][info][gc,phases   ] GC(78) Concurrent Reset Relocation Set 0.004ms
[7.554s][info][gc          ] Allocation Stall (pool-1-thread-8) 67.930ms
[7.554s][info][gc          ] Allocation Stall (pool-1-thread-7) 67.183ms
[7.554s][info][gc          ] Allocation Stall (pool-1-thread-5) 67.463ms
[7.554s][info][gc          ] Allocation Stall (pool-1-thread-9) 66.540ms
[7.554s][info][gc          ] Allocation Stall (pool-1-thread-3) 67.982ms
[7.554s][info][gc          ] Allocation Stall (pool-1-thread-4) 67.034ms
[7.556s][info][gc,phases   ] GC(78) Concurrent Select Relocation Set 2.259ms
[7.556s][info][gc,phases   ] GC(78) Pause Relocate Start 0.039ms
[7.563s][info][gc          ] Allocation Stall (pool-1-thread-4) 0.063ms
[7.563s][info][gc          ] Allocation Stall (pool-1-thread-4) 0.082ms
[7.563s][info][gc          ] Allocation Stall (pool-1-thread-7) 0.129ms
[7.563s][info][gc          ] Allocation Stall (pool-1-thread-3) 0.131ms
[7.563s][info][gc          ] Allocation Stall (pool-1-thread-5) 0.146ms
[7.563s][info][gc          ] Allocation Stall (pool-1-thread-9) 0.175ms
[7.563s][info][gc          ] Allocation Stall (pool-1-thread-4) 0.045ms
[7.563s][info][gc          ] Allocation Stall (pool-1-thread-5) 0.171ms
[7.563s][info][gc          ] Allocation Stall (pool-1-thread-3) 0.062ms
[7.563s][info][gc          ] Allocation Stall (pool-1-thread-9) 0.128ms
[7.563s][info][gc          ] Allocation Stall (pool-1-thread-7) 0.132ms
[7.564s][info][gc          ] Allocation Stall (pool-1-thread-7) 0.031ms
[7.564s][info][gc          ] Allocation Stall (pool-1-thread-3) 0.302ms
[7.564s][info][gc          ] Allocation Stall (pool-1-thread-5) 0.303ms
[7.564s][info][gc          ] Allocation Stall (pool-1-thread-9) 0.320ms
[7.564s][info][gc          ] Allocation Stall (pool-1-thread-4) 0.372ms
[7.564s][info][gc          ] Allocation Stall (pool-1-thread-4) 0.162ms
[7.565s][info][gc          ] Allocation Stall (pool-1-thread-9) 0.250ms
[7.565s][info][gc          ] Allocation Stall (pool-1-thread-5) 0.251ms
[7.565s][info][gc          ] Allocation Stall (pool-1-thread-3) 0.238ms
[7.565s][info][gc          ] Allocation Stall (pool-1-thread-7) 0.460ms
[7.565s][info][gc          ] Allocation Stall (pool-1-thread-8) 0.609ms
[7.565s][info][gc          ] Allocation Stall (pool-1-thread-3) 0.443ms
[7.566s][info][gc          ] Allocation Stall (pool-1-thread-4) 0.799ms
[7.566s][info][gc          ] Allocation Stall (pool-1-thread-5) 0.934ms
[7.566s][info][gc          ] Allocation Stall (pool-1-thread-9) 1.128ms
[7.566s][info][gc          ] Allocation Stall (pool-1-thread-7) 1.231ms
[7.566s][info][gc          ] Allocation Stall (pool-1-thread-8) 0.947ms
[7.566s][info][gc          ] Allocation Stall (pool-1-thread-3) 0.949ms
[7.566s][info][gc          ] Allocation Stall (pool-1-thread-4) 0.587ms
[7.566s][info][gc          ] Allocation Stall (pool-1-thread-5) 0.278ms
[7.566s][info][gc          ] Allocation Stall (pool-1-thread-9) 0.272ms
[7.567s][info][gc          ] Allocation Stall (pool-1-thread-4) 0.286ms
[7.567s][info][gc          ] Allocation Stall (pool-1-thread-9) 0.466ms
[7.567s][info][gc          ] Allocation Stall (pool-1-thread-7) 0.536ms
[7.567s][info][gc          ] Allocation Stall (pool-1-thread-5) 0.544ms
[7.567s][info][gc          ] Allocation Stall (pool-1-thread-3) 1.066ms
[7.568s][info][gc          ] Allocation Stall (pool-1-thread-8) 1.294ms
[7.568s][info][gc          ] Allocation Stall (pool-1-thread-4) 0.720ms
[7.568s][info][gc          ] Allocation Stall (pool-1-thread-5) 0.684ms
[7.568s][info][gc          ] Allocation Stall (pool-1-thread-7) 0.602ms
[7.568s][info][gc          ] Allocation Stall (pool-1-thread-3) 0.196ms
[7.569s][info][gc          ] Allocation Stall (pool-1-thread-3) 0.635ms
[7.569s][info][gc,phases   ] GC(78) Concurrent Relocate 12.520ms
[7.569s][info][gc,load     ] GC(78) Load: 0.42/0.24/0.20
[7.569s][info][gc,mmu      ] GC(78) MMU: 2ms/97.7%, 5ms/99.0%, 10ms/99.5%, 20ms/99.7%, 50ms/99.9%, 100ms/99.9%
[7.569s][info][gc,marking  ] GC(78) Mark: 4 stripe(s), 10 proactive flush(es), 1 terminate flush(es), 0 completion(s), 0 continuation(s) 
[7.569s][info][gc,marking  ] GC(78) Mark Stack Usage: 32M
[7.569s][info][gc,nmethod  ] GC(78) NMethods: 1554 registered, 203 unregistered
[7.569s][info][gc,metaspace] GC(78) Metaspace: 10M used, 10M committed, 1088M reserved
[7.569s][info][gc,ref      ] GC(78) Soft: 151 encountered, 39 discovered, 0 enqueued
[7.569s][info][gc,ref      ] GC(78) Weak: 925 encountered, 40 discovered, 0 enqueued
[7.569s][info][gc,ref      ] GC(78) Final: 0 encountered, 0 discovered, 0 enqueued
[7.569s][info][gc,ref      ] GC(78) Phantom: 3 encountered, 1 discovered, 0 enqueued
[7.569s][info][gc,reloc    ] GC(78) Small Pages: 200 / 400M, Empty: 42M, Relocated: 31M, In-Place: 7
[7.569s][info][gc,reloc    ] GC(78) Medium Pages: 0 / 0M, Empty: 0M, Relocated: 0M, In-Place: 0
[7.569s][info][gc,reloc    ] GC(78) Large Pages: 0 / 0M, Empty: 0M, Relocated: 0M, In-Place: 0
[7.569s][info][gc,reloc    ] GC(78) Forwarding Usage: 16M
[7.569s][info][gc,heap     ] GC(78) Min Capacity: 8M(2%)
[7.569s][info][gc,heap     ] GC(78) Max Capacity: 400M(100%)
[7.569s][info][gc,heap     ] GC(78) Soft Max Capacity: 400M(100%)
[7.569s][info][gc,heap     ] GC(78)                Mark Start          Mark End        Relocate Start      Relocate End           High               Low         
[7.569s][info][gc,heap     ] GC(78)  Capacity:      400M (100%)        400M (100%)        400M (100%)        400M (100%)        400M (100%)        400M (100%)   
[7.569s][info][gc,heap     ] GC(78)      Free:        0M (0%)            0M (0%)            8M (2%)            0M (0%)           42M (10%)           0M (0%)     
[7.569s][info][gc,heap     ] GC(78)      Used:      400M (100%)        400M (100%)        392M (98%)         400M (100%)        400M (100%)        358M (90%)    
[7.569s][info][gc,heap     ] GC(78)      Live:         -               164M (41%)         164M (41%)         164M (41%)            -                  -          
[7.569s][info][gc,heap     ] GC(78) Allocated:         -                 0M (0%)           34M (8%)          229M (57%)            -                  -          
[7.569s][info][gc,heap     ] GC(78)   Garbage:         -               235M (59%)         193M (48%)           5M (1%)             -                  -          
[7.569s][info][gc,heap     ] GC(78) Reclaimed:         -                  -                42M (10%)         229M (57%)            -                  -          
[7.569s][info][gc          ] GC(78) Garbage Collection (Allocation Stall) 400M(100%)->400M(100%)
[7.569s][info][gc,start    ] GC(79) Garbage Collection (Allocation Stall)
[7.569s][info][gc,ref      ] GC(79) Clearing All SoftReferences
[7.569s][info][gc,task     ] GC(79) Using 4 workers
[7.569s][info][gc,ref      ] GC(79) Clearing All SoftReferences
[7.569s][info][gc,phases   ] GC(79) Pause Mark Start 0.009ms
[7.643s][info][gc,phases   ] GC(79) Concurrent Mark 73.899ms
[7.643s][info][gc,phases   ] GC(79) Pause Mark End 0.010ms
[7.643s][info][gc,phases   ] GC(79) Concurrent Mark Free 0.001ms
[7.644s][info][gc,phases   ] GC(79) Concurrent Process Non-Strong References 0.625ms
[7.644s][info][gc,phases   ] GC(79) Concurrent Reset Relocation Set 0.006ms
[7.644s][info][gc          ] Allocation Stall (pool-1-thread-8) 76.095ms
[7.644s][info][gc          ] Allocation Stall (pool-1-thread-3) 75.331ms
[7.644s][info][gc          ] Allocation Stall (pool-1-thread-4) 76.099ms
[7.644s][info][gc          ] Allocation Stall (pool-1-thread-7) 76.098ms
[7.644s][info][gc          ] Allocation Stall (pool-1-thread-9) 47.222ms
[7.644s][info][gc          ] Allocation Stall (pool-1-thread-5) 76.078ms
[7.646s][info][gc,phases   ] GC(79) Concurrent Select Relocation Set 2.043ms
[7.646s][info][gc,phases   ] GC(79) Pause Relocate Start 0.003ms
[7.649s][info][gc          ] Relocation Stall (pool-1-thread-3) 2.941ms
[7.649s][info][gc          ] Relocation Stall (pool-1-thread-9) 2.883ms
[7.649s][info][gc          ] Relocation Stall (pool-1-thread-8) 3.080ms
[7.649s][info][gc          ] Relocation Stall (pool-1-thread-4) 3.098ms
[7.649s][info][gc          ] Relocation Stall (pool-1-thread-7) 2.878ms
[7.649s][info][gc          ] Allocation Stall (pool-1-thread-9) 3.717ms
[7.649s][info][gc          ] Allocation Stall (pool-1-thread-3) 3.748ms
[7.649s][info][gc          ] Relocation Stall (pool-1-thread-5) 2.909ms
[7.649s][info][gc          ] Allocation Stall (pool-1-thread-8) 3.753ms
[7.649s][info][gc          ] Allocation Stall (pool-1-thread-4) 3.772ms
[7.649s][info][gc          ] Allocation Stall (pool-1-thread-7) 3.671ms
[7.649s][info][gc          ] Allocation Stall (pool-1-thread-5) 3.781ms
[7.657s][info][gc          ] Allocation Stall (pool-1-thread-3) 0.532ms
[7.657s][info][gc          ] Relocation Stall (pool-1-thread-8) 0.573ms
[7.657s][info][gc,phases   ] GC(79) Concurrent Relocate 11.473ms
[7.657s][info][gc,load     ] GC(79) Load: 0.42/0.24/0.20
[7.657s][info][gc,mmu      ] GC(79) MMU: 2ms/97.7%, 5ms/99.0%, 10ms/99.5%, 20ms/99.7%, 50ms/99.9%, 100ms/99.9%
[7.657s][info][gc,marking  ] GC(79) Mark: 4 stripe(s), 10 proactive flush(es), 1 terminate flush(es), 0 completion(s), 0 continuation(s) 
[7.657s][info][gc,marking  ] GC(79) Mark Stack Usage: 32M
[7.657s][info][gc,nmethod  ] GC(79) NMethods: 1554 registered, 203 unregistered
[7.657s][info][gc,metaspace] GC(79) Metaspace: 10M used, 10M committed, 1088M reserved
[7.657s][info][gc,ref      ] GC(79) Soft: 151 encountered, 43 discovered, 0 enqueued
[7.657s][info][gc,ref      ] GC(79) Weak: 925 encountered, 407 discovered, 0 enqueued
[7.657s][info][gc,ref      ] GC(79) Final: 0 encountered, 0 discovered, 0 enqueued
[7.657s][info][gc,ref      ] GC(79) Phantom: 3 encountered, 2 discovered, 0 enqueued
[7.657s][info][gc,reloc    ] GC(79) Small Pages: 200 / 400M, Empty: 20M, Relocated: 36M, In-Place: 6
[7.657s][info][gc,reloc    ] GC(79) Medium Pages: 0 / 0M, Empty: 0M, Relocated: 0M, In-Place: 0
[7.657s][info][gc,reloc    ] GC(79) Large Pages: 0 / 0M, Empty: 0M, Relocated: 0M, In-Place: 0
[7.657s][info][gc,reloc    ] GC(79) Forwarding Usage: 19M
[7.657s][info][gc,heap     ] GC(79) Min Capacity: 8M(2%)
[7.657s][info][gc,heap     ] GC(79) Max Capacity: 400M(100%)
[7.657s][info][gc,heap     ] GC(79) Soft Max Capacity: 400M(100%)
[7.657s][info][gc,heap     ] GC(79)                Mark Start          Mark End        Relocate Start      Relocate End           High               Low         
[7.657s][info][gc,heap     ] GC(79)  Capacity:      400M (100%)        400M (100%)        400M (100%)        400M (100%)        400M (100%)        400M (100%)   
[7.657s][info][gc,heap     ] GC(79)      Free:        0M (0%)            0M (0%)            0M (0%)            0M (0%)          118M (30%)           0M (0%)     
[7.657s][info][gc,heap     ] GC(79)      Used:      400M (100%)        400M (100%)        400M (100%)        400M (100%)        400M (100%)        282M (70%)    
[7.657s][info][gc,heap     ] GC(79)      Live:         -               201M (50%)         201M (50%)         201M (50%)            -                  -          
[7.657s][info][gc,heap     ] GC(79) Allocated:         -                 0M (0%)           20M (5%)          186M (47%)            -                  -          
[7.657s][info][gc,heap     ] GC(79)   Garbage:         -               198M (50%)         178M (45%)          11M (3%)             -                  -          
[7.657s][info][gc,heap     ] GC(79) Reclaimed:         -                  -                20M (5%)          186M (47%)            -                  -          
[7.657s][info][gc          ] GC(79) Garbage Collection (Allocation Stall) 400M(100%)->400M(100%)
[7.657s][info][gc,start    ] GC(80) Garbage Collection (Allocation Stall)
[7.657s][info][gc,ref      ] GC(80) Clearing All SoftReferences
[7.657s][info][gc,task     ] GC(80) Using 4 workers
[7.657s][info][gc,ref      ] GC(80) Clearing All SoftReferences
[7.657s][info][gc,phases   ] GC(80) Pause Mark Start 0.008ms
[7.728s][info][gc,phases   ] GC(80) Concurrent Mark 71.252ms
[7.729s][info][gc,phases   ] GC(80) Pause Mark End 0.007ms
[7.729s][info][gc,phases   ] GC(80) Concurrent Mark Free 0.000ms
[7.729s][info][gc,phases   ] GC(80) Concurrent Process Non-Strong References 0.623ms
[7.729s][info][gc,phases   ] GC(80) Concurrent Reset Relocation Set 0.005ms
[7.730s][info][gc          ] Allocation Stall (pool-1-thread-7) 73.366ms
[7.730s][info][gc          ] Allocation Stall (pool-1-thread-5) 73.332ms
[7.730s][info][gc          ] Allocation Stall (pool-1-thread-3) 72.651ms
[7.730s][info][gc          ] Allocation Stall (pool-1-thread-4) 73.353ms
[7.730s][info][gc          ] Allocation Stall (pool-1-thread-9) 73.387ms
[7.730s][info][gc          ] Allocation Stall (pool-1-thread-8) 69.947ms
[7.734s][info][gc,phases   ] GC(80) Concurrent Select Relocation Set 4.446ms
[7.734s][info][gc,phases   ] GC(80) Pause Relocate Start 0.004ms
[7.734s][info][gc          ] Allocation Stall (pool-1-thread-9) 1.570ms
[7.734s][info][gc          ] Allocation Stall (pool-1-thread-3) 1.558ms
[7.734s][info][gc          ] Allocation Stall (pool-1-thread-7) 1.525ms
[7.734s][info][gc          ] Allocation Stall (pool-1-thread-8) 1.573ms
[7.734s][info][gc          ] Allocation Stall (pool-1-thread-5) 1.521ms
[7.734s][info][gc          ] Allocation Stall (pool-1-thread-4) 1.520ms
[7.735s][info][gc          ] Allocation Stall (pool-1-thread-5) 0.094ms
[7.735s][info][gc          ] Allocation Stall (pool-1-thread-4) 0.154ms
[7.735s][info][gc          ] Allocation Stall (pool-1-thread-8) 0.144ms
[7.736s][info][gc          ] Allocation Stall (pool-1-thread-3) 0.180ms
[7.736s][info][gc          ] Allocation Stall (pool-1-thread-7) 0.062ms
[7.736s][info][gc          ] Allocation Stall (pool-1-thread-5) 0.107ms
[7.736s][info][gc          ] Allocation Stall (pool-1-thread-4) 0.241ms
[7.736s][info][gc          ] Allocation Stall (pool-1-thread-3) 0.370ms
[7.736s][info][gc          ] Allocation Stall (pool-1-thread-8) 0.295ms
[7.736s][info][gc          ] Allocation Stall (pool-1-thread-5) 0.201ms
[7.736s][info][gc          ] Allocation Stall (pool-1-thread-7) 0.204ms
[7.737s][info][gc          ] Allocation Stall (pool-1-thread-3) 0.162ms
[7.737s][info][gc          ] Allocation Stall (pool-1-thread-8) 0.347ms
[7.737s][info][gc          ] Allocation Stall (pool-1-thread-5) 0.351ms
[7.737s][info][gc          ] Allocation Stall (pool-1-thread-4) 0.352ms
[7.737s][info][gc          ] Allocation Stall (pool-1-thread-7) 0.278ms
[7.737s][info][gc          ] Allocation Stall (pool-1-thread-4) 0.021ms
[7.737s][info][gc          ] Allocation Stall (pool-1-thread-8) 0.300ms
[7.738s][info][gc          ] Allocation Stall (pool-1-thread-7) 0.730ms
[7.738s][info][gc          ] Allocation Stall (pool-1-thread-5) 0.649ms
[7.738s][info][gc          ] Allocation Stall (pool-1-thread-4) 0.713ms
[7.738s][info][gc          ] Allocation Stall (pool-1-thread-3) 0.683ms
[7.738s][info][gc          ] Allocation Stall (pool-1-thread-7) 0.214ms
[7.738s][info][gc          ] Allocation Stall (pool-1-thread-3) 0.371ms
[7.738s][info][gc          ] Allocation Stall (pool-1-thread-4) 0.378ms
[7.738s][info][gc          ] Allocation Stall (pool-1-thread-5) 0.377ms
[7.739s][info][gc          ] Allocation Stall (pool-1-thread-4) 0.156ms
[7.739s][info][gc          ] Allocation Stall (pool-1-thread-5) 0.438ms
[7.739s][info][gc          ] Allocation Stall (pool-1-thread-7) 0.448ms
[7.739s][info][gc          ] Allocation Stall (pool-1-thread-3) 0.476ms
[7.739s][info][gc          ] Allocation Stall (pool-1-thread-5) 0.171ms
[7.740s][info][gc          ] Allocation Stall (pool-1-thread-3) 0.653ms
[7.740s][info][gc          ] Allocation Stall (pool-1-thread-4) 1.283ms
[7.740s][info][gc          ] Allocation Stall (pool-1-thread-7) 1.257ms
[7.740s][info][gc          ] Allocation Stall (pool-1-thread-8) 1.157ms
[7.740s][info][gc          ] Allocation Stall (pool-1-thread-5) 1.005ms
[7.740s][info][gc          ] Allocation Stall (pool-1-thread-3) 0.415ms
[7.741s][info][gc          ] Allocation Stall (pool-1-thread-5) 0.363ms
[7.741s][info][gc          ] Allocation Stall (pool-1-thread-8) 0.536ms
[7.741s][info][gc          ] Allocation Stall (pool-1-thread-3) 0.548ms
[7.741s][info][gc          ] Allocation Stall (pool-1-thread-4) 0.545ms
[7.741s][info][gc          ] Allocation Stall (pool-1-thread-7) 0.414ms
[7.741s][info][gc          ] Allocation Stall (pool-1-thread-5) 0.090ms
[7.742s][info][gc          ] Allocation Stall (pool-1-thread-4) 0.307ms
[7.742s][info][gc          ] Allocation Stall (pool-1-thread-8) 0.590ms
[7.742s][info][gc          ] Allocation Stall (pool-1-thread-3) 0.649ms
[7.742s][info][gc          ] Allocation Stall (pool-1-thread-5) 0.651ms
[7.742s][info][gc          ] Allocation Stall (pool-1-thread-7) 0.658ms
[7.743s][info][gc          ] Allocation Stall (pool-1-thread-4) 0.818ms
[7.743s][info][gc          ] Allocation Stall (pool-1-thread-8) 1.030ms
[7.744s][info][gc          ] Allocation Stall (pool-1-thread-3) 1.417ms
[7.744s][info][gc          ] Allocation Stall (pool-1-thread-7) 1.438ms
[7.744s][info][gc          ] Allocation Stall (pool-1-thread-5) 1.439ms
[7.744s][info][gc          ] Allocation Stall (pool-1-thread-4) 0.713ms
[7.744s][info][gc          ] Allocation Stall (pool-1-thread-8) 0.262ms
[7.744s][info][gc          ] Allocation Stall (pool-1-thread-5) 0.182ms
[7.745s][info][gc          ] Allocation Stall (pool-1-thread-3) 0.732ms
[7.745s][info][gc          ] Allocation Stall (pool-1-thread-7) 0.778ms
[7.745s][info][gc          ] Allocation Stall (pool-1-thread-8) 0.781ms
[7.745s][info][gc          ] Allocation Stall (pool-1-thread-4) 0.780ms
[7.745s][info][gc          ] Allocation Stall (pool-1-thread-5) 0.534ms
[7.746s][info][gc          ] Allocation Stall (pool-1-thread-5) 0.748ms
[7.746s][info][gc          ] Allocation Stall (pool-1-thread-8) 0.750ms
[7.746s][info][gc          ] Allocation Stall (pool-1-thread-4) 0.729ms
[7.746s][info][gc          ] Allocation Stall (pool-1-thread-3) 0.734ms
[7.746s][info][gc          ] Allocation Stall (pool-1-thread-7) 0.667ms
[7.746s][info][gc          ] Allocation Stall (pool-1-thread-5) 0.667ms
[7.746s][info][gc          ] Allocation Stall (pool-1-thread-3) 0.734ms
[7.746s][info][gc          ] Allocation Stall (pool-1-thread-4) 0.734ms
[7.746s][info][gc          ] Relocation Stall (pool-1-thread-9) 11.112ms
[7.746s][info][gc          ] Allocation Stall (pool-1-thread-8) 0.739ms
[7.746s][info][gc          ] Allocation Stall (pool-1-thread-7) 0.769ms
[7.746s][info][gc          ] Allocation Stall (pool-1-thread-5) 0.035ms
[7.747s][info][gc          ] Allocation Stall (pool-1-thread-5) 0.726ms
[7.748s][info][gc          ] Allocation Stall (pool-1-thread-8) 1.331ms
[7.748s][info][gc          ] Allocation Stall (pool-1-thread-7) 1.568ms
[7.748s][info][gc          ] Allocation Stall (pool-1-thread-3) 1.575ms
[7.748s][info][gc          ] Allocation Stall (pool-1-thread-4) 1.577ms
[7.748s][info][gc          ] Allocation Stall (pool-1-thread-5) 0.711ms
[7.749s][info][gc          ] Allocation Stall (pool-1-thread-3) 0.692ms
[7.749s][info][gc          ] Allocation Stall (pool-1-thread-4) 0.982ms
[7.750s][info][gc          ] Allocation Stall (pool-1-thread-5) 1.434ms
[7.750s][info][gc          ] Allocation Stall (pool-1-thread-7) 1.902ms
[7.750s][info][gc          ] Relocation Stall (pool-1-thread-9) 1.850ms
[7.751s][info][gc          ] Allocation Stall (pool-1-thread-8) 2.713ms
[7.752s][info][gc          ] Allocation Stall (pool-1-thread-3) 2.237ms
[7.752s][info][gc          ] Allocation Stall (pool-1-thread-4) 2.483ms
[7.753s][info][gc          ] Allocation Stall (pool-1-thread-5) 2.811ms
[7.753s][info][gc,phases   ] GC(80) Concurrent Relocate 19.731ms
[7.753s][info][gc,load     ] GC(80) Load: 0.42/0.24/0.20
[7.753s][info][gc,mmu      ] GC(80) MMU: 2ms/97.7%, 5ms/99.0%, 10ms/99.5%, 20ms/99.7%, 50ms/99.9%, 100ms/99.9%
[7.753s][info][gc,marking  ] GC(80) Mark: 4 stripe(s), 7 proactive flush(es), 1 terminate flush(es), 0 completion(s), 0 continuation(s) 
[7.753s][info][gc,marking  ] GC(80) Mark Stack Usage: 32M
[7.753s][info][gc,nmethod  ] GC(80) NMethods: 1554 registered, 203 unregistered
[7.753s][info][gc,metaspace] GC(80) Metaspace: 10M used, 10M committed, 1088M reserved
[7.753s][info][gc,ref      ] GC(80) Soft: 151 encountered, 46 discovered, 0 enqueued
[7.753s][info][gc,ref      ] GC(80) Weak: 925 encountered, 123 discovered, 0 enqueued
[7.753s][info][gc,ref      ] GC(80) Final: 0 encountered, 0 discovered, 0 enqueued
[7.753s][info][gc,ref      ] GC(80) Phantom: 3 encountered, 1 discovered, 0 enqueued
[7.753s][info][gc,reloc    ] GC(80) Small Pages: 200 / 400M, Empty: 42M, Relocated: 60M, In-Place: 33
[7.753s][info][gc,reloc    ] GC(80) Medium Pages: 0 / 0M, Empty: 0M, Relocated: 0M, In-Place: 0
[7.753s][info][gc,reloc    ] GC(80) Large Pages: 0 / 0M, Empty: 0M, Relocated: 0M, In-Place: 0
[7.753s][info][gc,reloc    ] GC(80) Forwarding Usage: 41M
[7.753s][info][gc,heap     ] GC(80) Min Capacity: 8M(2%)
[7.753s][info][gc,heap     ] GC(80) Max Capacity: 400M(100%)
[7.753s][info][gc,heap     ] GC(80) Soft Max Capacity: 400M(100%)
[7.753s][info][gc,heap     ] GC(80)                Mark Start          Mark End        Relocate Start      Relocate End           High               Low         
[7.753s][info][gc,heap     ] GC(80)  Capacity:      400M (100%)        400M (100%)        400M (100%)        400M (100%)        400M (100%)        400M (100%)   
[7.753s][info][gc,heap     ] GC(80)      Free:        0M (0%)            0M (0%)            0M (0%)            0M (0%)           42M (10%)           0M (0%)     
[7.753s][info][gc,heap     ] GC(80)      Used:      400M (100%)        400M (100%)        400M (100%)        400M (100%)        400M (100%)        358M (90%)    
[7.754s][info][gc,heap     ] GC(80)      Live:         -               191M (48%)         191M (48%)         191M (48%)            -                  -          
[7.754s][info][gc,heap     ] GC(80) Allocated:         -                 0M (0%)           42M (10%)         201M (50%)            -                  -          
[7.754s][info][gc,heap     ] GC(80)   Garbage:         -               208M (52%)         166M (42%)           6M (2%)             -                  -          
[7.754s][info][gc,heap     ] GC(80) Reclaimed:         -                  -                42M (10%)         201M (50%)            -                  -          
[7.754s][info][gc          ] GC(80) Garbage Collection (Allocation Stall) 400M(100%)->400M(100%)
[7.754s][info][gc,start    ] GC(81) Garbage Collection (Allocation Stall)
[7.754s][info][gc,ref      ] GC(81) Clearing All SoftReferences
[7.754s][info][gc,task     ] GC(81) Using 4 workers
[7.754s][info][gc,ref      ] GC(81) Clearing All SoftReferences
[7.754s][info][gc,phases   ] GC(81) Pause Mark Start 0.014ms
[7.825s][info][gc,phases   ] GC(81) Concurrent Mark 71.329ms
[7.825s][info][gc,phases   ] GC(81) Pause Mark End 0.012ms
[7.825s][info][gc,phases   ] GC(81) Concurrent Mark Free 0.001ms
[7.826s][info][gc,phases   ] GC(81) Concurrent Process Non-Strong References 0.655ms
[7.826s][info][gc,phases   ] GC(81) Concurrent Reset Relocation Set 0.008ms
[7.827s][info][gc          ] Allocation Stall (pool-1-thread-8) 75.203ms
[7.827s][info][gc          ] Allocation Stall (pool-1-thread-3) 74.875ms
[7.827s][info][gc          ] Allocation Stall (pool-1-thread-9) 36.484ms
[7.827s][info][gc          ] Allocation Stall (pool-1-thread-5) 73.360ms
[7.827s][info][gc          ] Allocation Stall (pool-1-thread-7) 75.939ms
[7.827s][info][gc          ] Allocation Stall (pool-1-thread-4) 74.109ms
[7.831s][info][gc,phases   ] GC(81) Concurrent Select Relocation Set 5.071ms
[7.831s][info][gc,phases   ] GC(81) Pause Relocate Start 0.005ms
[7.840s][info][gc          ] Relocation Stall (pool-1-thread-7) 9.111ms
[7.840s][info][gc          ] Relocation Stall (pool-1-thread-5) 8.968ms
[7.840s][info][gc          ] Relocation Stall (pool-1-thread-8) 9.116ms
[7.840s][info][gc          ] Relocation Stall (pool-1-thread-4) 8.957ms
[7.840s][info][gc          ] Relocation Stall (pool-1-thread-9) 8.831ms
[7.840s][info][gc          ] Relocation Stall (pool-1-thread-3) 8.988ms
[7.840s][info][gc          ] Allocation Stall (pool-1-thread-5) 9.395ms
[7.840s][info][gc          ] Allocation Stall (pool-1-thread-4) 9.415ms
[7.840s][info][gc          ] Allocation Stall (pool-1-thread-9) 9.393ms
[7.840s][info][gc          ] Allocation Stall (pool-1-thread-3) 9.467ms
[7.842s][info][gc,phases   ] GC(81) Concurrent Relocate 11.374ms
[7.842s][info][gc,load     ] GC(81) Load: 0.42/0.24/0.20
[7.842s][info][gc,mmu      ] GC(81) MMU: 2ms/97.7%, 5ms/99.0%, 10ms/99.5%, 20ms/99.7%, 50ms/99.9%, 100ms/99.9%
[7.842s][info][gc,marking  ] GC(81) Mark: 4 stripe(s), 5 proactive flush(es), 1 terminate flush(es), 0 completion(s), 0 continuation(s) 
[7.842s][info][gc,marking  ] GC(81) Mark Stack Usage: 32M
[7.842s][info][gc,nmethod  ] GC(81) NMethods: 1554 registered, 203 unregistered
[7.842s][info][gc,metaspace] GC(81) Metaspace: 10M used, 10M committed, 1088M reserved
[7.842s][info][gc,ref      ] GC(81) Soft: 151 encountered, 45 discovered, 0 enqueued
[7.842s][info][gc,ref      ] GC(81) Weak: 925 encountered, 97 discovered, 0 enqueued
[7.842s][info][gc,ref      ] GC(81) Final: 0 encountered, 0 discovered, 0 enqueued
[7.842s][info][gc,ref      ] GC(81) Phantom: 3 encountered, 2 discovered, 0 enqueued
[7.842s][info][gc,reloc    ] GC(81) Small Pages: 200 / 400M, Empty: 76M, Relocated: 41M, In-Place: 4
[7.842s][info][gc,reloc    ] GC(81) Medium Pages: 0 / 0M, Empty: 0M, Relocated: 0M, In-Place: 0
[7.842s][info][gc,reloc    ] GC(81) Large Pages: 0 / 0M, Empty: 0M, Relocated: 0M, In-Place: 0
[7.842s][info][gc,reloc    ] GC(81) Forwarding Usage: 26M
[7.842s][info][gc,heap     ] GC(81) Min Capacity: 8M(2%)
[7.842s][info][gc,heap     ] GC(81) Max Capacity: 400M(100%)
[7.842s][info][gc,heap     ] GC(81) Soft Max Capacity: 400M(100%)
[7.842s][info][gc,heap     ] GC(81)                Mark Start          Mark End        Relocate Start      Relocate End           High               Low         
[7.842s][info][gc,heap     ] GC(81)  Capacity:      400M (100%)        400M (100%)        400M (100%)        400M (100%)        400M (100%)        400M (100%)   
[7.842s][info][gc,heap     ] GC(81)      Free:        0M (0%)            0M (0%)            0M (0%)           46M (12%)          94M (24%)           0M (0%)     
[7.842s][info][gc,heap     ] GC(81)      Used:      400M (100%)        400M (100%)        400M (100%)        354M (88%)         400M (100%)        306M (76%)    
[7.842s][info][gc,heap     ] GC(81)      Live:         -               212M (53%)         212M (53%)         212M (53%)            -                  -          
[7.842s][info][gc,heap     ] GC(81) Allocated:         -                 0M (0%)           76M (19%)         128M (32%)            -                  -          
[7.842s][info][gc,heap     ] GC(81)   Garbage:         -               187M (47%)         111M (28%)          13M (3%)             -                  -          
[7.842s][info][gc,heap     ] GC(81) Reclaimed:         -                  -                76M (19%)         174M (44%)            -                  -          
[7.843s][info][gc          ] GC(81) Garbage Collection (Allocation Stall) 400M(100%)->354M(88%)
[7.844s][info][gc,start    ] GC(82) Garbage Collection (Allocation Stall)
[7.844s][info][gc,ref      ] GC(82) Clearing All SoftReferences
[7.844s][info][gc,task     ] GC(82) Using 4 workers
[7.844s][info][gc,ref      ] GC(82) Clearing All SoftReferences
[7.844s][info][gc,phases   ] GC(82) Pause Mark Start 0.016ms
[7.925s][info][gc,phases   ] GC(82) Concurrent Mark 80.962ms
[7.926s][info][gc,phases   ] GC(82) Pause Mark End 0.010ms
[7.926s][info][gc,phases   ] GC(82) Concurrent Mark Free 0.001ms
[7.926s][info][gc,phases   ] GC(82) Concurrent Process Non-Strong References 0.572ms
[7.926s][info][gc,phases   ] GC(82) Concurrent Reset Relocation Set 0.005ms
[7.927s][info][gc          ] Allocation Stall (pool-1-thread-9) 82.139ms
[7.927s][info][gc          ] Allocation Stall (pool-1-thread-5) 82.130ms
[7.927s][info][gc          ] Allocation Stall (pool-1-thread-7) 82.102ms
[7.927s][info][gc          ] Allocation Stall (pool-1-thread-8) 82.114ms
[7.927s][info][gc          ] Allocation Stall (pool-1-thread-4) 82.142ms
[7.927s][info][gc          ] Allocation Stall (pool-1-thread-3) 82.151ms
[7.929s][info][gc,phases   ] GC(82) Concurrent Select Relocation Set 2.628ms
[7.929s][info][gc,phases   ] GC(82) Pause Relocate Start 0.002ms
[7.935s][info][gc          ] Allocation Stall (pool-1-thread-3) 0.010ms
[7.935s][info][gc          ] Allocation Stall (pool-1-thread-5) 0.018ms
[7.935s][info][gc          ] Allocation Stall (pool-1-thread-7) 0.029ms
[7.935s][info][gc          ] Allocation Stall (pool-1-thread-4) 0.132ms
[7.936s][info][gc          ] Allocation Stall (pool-1-thread-3) 0.201ms
[7.936s][info][gc          ] Allocation Stall (pool-1-thread-5) 0.212ms
[7.936s][info][gc          ] Allocation Stall (pool-1-thread-7) 0.318ms
[7.936s][info][gc          ] Allocation Stall (pool-1-thread-4) 0.031ms
[7.936s][info][gc          ] Allocation Stall (pool-1-thread-3) 0.036ms
[7.936s][info][gc          ] Allocation Stall (pool-1-thread-5) 0.033ms
[7.936s][info][gc          ] Allocation Stall (pool-1-thread-5) 0.250ms
[7.936s][info][gc          ] Allocation Stall (pool-1-thread-7) 0.412ms
[7.936s][info][gc          ] Allocation Stall (pool-1-thread-3) 0.414ms
[7.936s][info][gc          ] Allocation Stall (pool-1-thread-4) 0.411ms
[7.936s][info][gc          ] Allocation Stall (pool-1-thread-5) 0.045ms
[7.937s][info][gc          ] Allocation Stall (pool-1-thread-3) 0.404ms
[7.937s][info][gc          ] Allocation Stall (pool-1-thread-7) 0.463ms
[7.937s][info][gc          ] Allocation Stall (pool-1-thread-5) 0.283ms
[7.937s][info][gc          ] Allocation Stall (pool-1-thread-3) 0.031ms
[7.937s][info][gc          ] Allocation Stall (pool-1-thread-5) 0.226ms
[7.937s][info][gc          ] Allocation Stall (pool-1-thread-7) 0.207ms
[7.937s][info][gc          ] Allocation Stall (pool-1-thread-3) 0.178ms
[7.938s][info][gc          ] Allocation Stall (pool-1-thread-5) 0.293ms
[7.938s][info][gc          ] Allocation Stall (pool-1-thread-7) 0.351ms
[7.938s][info][gc          ] Allocation Stall (pool-1-thread-3) 0.353ms
[7.938s][info][gc          ] Allocation Stall (pool-1-thread-7) 0.165ms
[7.938s][info][gc          ] Relocation Stall (pool-1-thread-9) 3.106ms
[7.938s][info][gc          ] Allocation Stall (pool-1-thread-5) 0.189ms
[7.938s][info][gc          ] Allocation Stall (pool-1-thread-3) 0.199ms
[7.939s][info][gc          ] Relocation Stall (pool-1-thread-4) 2.660ms
[7.939s][info][gc          ] Allocation Stall (pool-1-thread-5) 0.285ms
[7.939s][info][gc          ] Allocation Stall (pool-1-thread-7) 0.668ms
[7.940s][info][gc          ] Allocation Stall (pool-1-thread-3) 0.671ms
[7.940s][info][gc          ] Allocation Stall (pool-1-thread-5) 0.212ms
[7.940s][info][gc          ] Allocation Stall (pool-1-thread-5) 0.258ms
[7.940s][info][gc,phases   ] GC(82) Concurrent Relocate 11.183ms
[7.940s][info][gc          ] Relocation Stall (pool-1-thread-8) 4.693ms
[7.940s][info][gc,load     ] GC(82) Load: 0.42/0.24/0.20
[7.940s][info][gc,mmu      ] GC(82) MMU: 2ms/97.7%, 5ms/99.0%, 10ms/99.5%, 20ms/99.7%, 50ms/99.9%, 100ms/99.9%
[7.940s][info][gc,marking  ] GC(82) Mark: 4 stripe(s), 10 proactive flush(es), 1 terminate flush(es), 0 completion(s), 0 continuation(s) 
[7.940s][info][gc,marking  ] GC(82) Mark Stack Usage: 32M
[7.940s][info][gc,nmethod  ] GC(82) NMethods: 1554 registered, 203 unregistered
[7.940s][info][gc,metaspace] GC(82) Metaspace: 10M used, 10M committed, 1088M reserved
[7.940s][info][gc,ref      ] GC(82) Soft: 151 encountered, 37 discovered, 0 enqueued
[7.940s][info][gc,ref      ] GC(82) Weak: 925 encountered, 123 discovered, 0 enqueued
[7.940s][info][gc,ref      ] GC(82) Final: 0 encountered, 0 discovered, 0 enqueued
[7.940s][info][gc,ref      ] GC(82) Phantom: 3 encountered, 1 discovered, 0 enqueued
[7.940s][info][gc,reloc    ] GC(82) Small Pages: 200 / 400M, Empty: 86M, Relocated: 32M, In-Place: 7
[7.940s][info][gc,reloc    ] GC(82) Medium Pages: 0 / 0M, Empty: 0M, Relocated: 0M, In-Place: 0
[7.940s][info][gc,reloc    ] GC(82) Large Pages: 0 / 0M, Empty: 0M, Relocated: 0M, In-Place: 0
[7.940s][info][gc,reloc    ] GC(82) Forwarding Usage: 16M
[7.940s][info][gc,heap     ] GC(82) Min Capacity: 8M(2%)
[7.940s][info][gc,heap     ] GC(82) Max Capacity: 400M(100%)
[7.940s][info][gc,heap     ] GC(82) Soft Max Capacity: 400M(100%)
[7.940s][info][gc,heap     ] GC(82)                Mark Start          Mark End        Relocate Start      Relocate End           High               Low         
[7.940s][info][gc,heap     ] GC(82)  Capacity:      400M (100%)        400M (100%)        400M (100%)        400M (100%)        400M (100%)        400M (100%)   
[7.940s][info][gc,heap     ] GC(82)      Free:        0M (0%)            0M (0%)           42M (10%)           0M (0%)           86M (22%)           0M (0%)     
[7.940s][info][gc,heap     ] GC(82)      Used:      400M (100%)        400M (100%)        358M (90%)         400M (100%)        400M (100%)        314M (78%)    
[7.940s][info][gc,heap     ] GC(82)      Live:         -               161M (40%)         161M (40%)         161M (40%)            -                  -          
[7.940s][info][gc,heap     ] GC(82) Allocated:         -                 0M (0%)           44M (11%)         234M (59%)            -                  -          
[7.940s][info][gc,heap     ] GC(82)   Garbage:         -               238M (60%)         152M (38%)           4M (1%)             -                  -          
[7.940s][info][gc,heap     ] GC(82) Reclaimed:         -                  -                86M (22%)         234M (59%)            -                  -          
[7.940s][info][gc          ] GC(82) Garbage Collection (Allocation Stall) 400M(100%)->400M(100%)
[7.940s][info][gc,start    ] GC(83) Garbage Collection (Allocation Stall)
[7.940s][info][gc,ref      ] GC(83) Clearing All SoftReferences
[7.940s][info][gc,task     ] GC(83) Using 4 workers
[7.940s][info][gc,ref      ] GC(83) Clearing All SoftReferences
[7.940s][info][gc,phases   ] GC(83) Pause Mark Start 0.011ms
[8.014s][info][gc,phases   ] GC(83) Concurrent Mark 73.713ms
[8.014s][info][gc,phases   ] GC(83) Pause Mark End 0.008ms
[8.014s][info][gc,phases   ] GC(83) Concurrent Mark Free 0.000ms
[8.015s][info][gc,phases   ] GC(83) Concurrent Process Non-Strong References 0.608ms
[8.015s][info][gc,phases   ] GC(83) Concurrent Reset Relocation Set 0.006ms
[8.015s][info][gc          ] Allocation Stall (pool-1-thread-8) 68.751ms
[8.015s][info][gc          ] Allocation Stall (pool-1-thread-9) 46.055ms
[8.015s][info][gc          ] Allocation Stall (pool-1-thread-7) 75.262ms
[8.015s][info][gc          ] Allocation Stall (pool-1-thread-3) 75.271ms
[8.015s][info][gc          ] Allocation Stall (pool-1-thread-5) 74.914ms
[8.018s][info][gc,phases   ] GC(83) Concurrent Select Relocation Set 3.674ms
[8.018s][info][gc,phases   ] GC(83) Pause Relocate Start 0.004ms
[8.018s][info][gc          ] Allocation Stall (pool-1-thread-3) 0.855ms
[8.033s][info][gc          ] Relocation Stall (pool-1-thread-8) 14.383ms
[8.033s][info][gc          ] Relocation Stall (pool-1-thread-9) 14.422ms
[8.033s][info][gc          ] Relocation Stall (pool-1-thread-7) 14.405ms
[8.033s][info][gc          ] Allocation Stall (pool-1-thread-8) 15.267ms
[8.033s][info][gc          ] Allocation Stall (pool-1-thread-7) 15.294ms
[8.033s][info][gc          ] Allocation Stall (pool-1-thread-9) 15.284ms
[8.033s][info][gc,phases   ] GC(83) Concurrent Relocate 14.606ms
[8.033s][info][gc,load     ] GC(83) Load: 0.42/0.24/0.20
[8.033s][info][gc,mmu      ] GC(83) MMU: 2ms/97.7%, 5ms/99.0%, 10ms/99.5%, 20ms/99.7%, 50ms/99.9%, 100ms/99.9%
[8.033s][info][gc,marking  ] GC(83) Mark: 4 stripe(s), 7 proactive flush(es), 1 terminate flush(es), 0 completion(s), 0 continuation(s) 
[8.033s][info][gc,marking  ] GC(83) Mark Stack Usage: 32M
[8.033s][info][gc,nmethod  ] GC(83) NMethods: 1554 registered, 203 unregistered
[8.033s][info][gc,metaspace] GC(83) Metaspace: 10M used, 10M committed, 1088M reserved
[8.033s][info][gc,ref      ] GC(83) Soft: 151 encountered, 39 discovered, 0 enqueued
[8.033s][info][gc,ref      ] GC(83) Weak: 925 encountered, 449 discovered, 0 enqueued
[8.033s][info][gc,ref      ] GC(83) Final: 0 encountered, 0 discovered, 0 enqueued
[8.033s][info][gc,ref      ] GC(83) Phantom: 3 encountered, 1 discovered, 0 enqueued
[8.033s][info][gc,reloc    ] GC(83) Small Pages: 200 / 400M, Empty: 40M, Relocated: 52M, In-Place: 4
[8.033s][info][gc,reloc    ] GC(83) Medium Pages: 0 / 0M, Empty: 0M, Relocated: 0M, In-Place: 0
[8.033s][info][gc,reloc    ] GC(83) Large Pages: 0 / 0M, Empty: 0M, Relocated: 0M, In-Place: 0
[8.033s][info][gc,reloc    ] GC(83) Forwarding Usage: 34M
[8.033s][info][gc,heap     ] GC(83) Min Capacity: 8M(2%)
[8.033s][info][gc,heap     ] GC(83) Max Capacity: 400M(100%)
[8.033s][info][gc,heap     ] GC(83) Soft Max Capacity: 400M(100%)
[8.033s][info][gc,heap     ] GC(83)                Mark Start          Mark End        Relocate Start      Relocate End           High               Low         
[8.033s][info][gc,heap     ] GC(83)  Capacity:      400M (100%)        400M (100%)        400M (100%)        400M (100%)        400M (100%)        400M (100%)   
[8.033s][info][gc,heap     ] GC(83)      Free:        0M (0%)            0M (0%)            0M (0%)           74M (18%)          74M (18%)           0M (0%)     
[8.033s][info][gc,heap     ] GC(83)      Used:      400M (100%)        400M (100%)        400M (100%)        326M (82%)         400M (100%)        326M (82%)    
[8.033s][info][gc,heap     ] GC(83)      Live:         -               211M (53%)         211M (53%)         211M (53%)            -                  -          
[8.033s][info][gc,heap     ] GC(83) Allocated:         -                 0M (0%)           40M (10%)         107M (27%)            -                  -          
[8.033s][info][gc,heap     ] GC(83)   Garbage:         -               188M (47%)         148M (37%)           6M (2%)             -                  -          
[8.033s][info][gc,heap     ] GC(83) Reclaimed:         -                  -                40M (10%)         181M (45%)            -                  -          
[8.033s][info][gc          ] GC(83) Garbage Collection (Allocation Stall) 400M(100%)->326M(82%)
[8.037s][info][gc,start    ] GC(84) Garbage Collection (Allocation Stall)
[8.037s][info][gc,ref      ] GC(84) Clearing All SoftReferences
[8.037s][info][gc,task     ] GC(84) Using 4 workers
[8.037s][info][gc,ref      ] GC(84) Clearing All SoftReferences
[8.037s][info][gc,phases   ] GC(84) Pause Mark Start 0.040ms
[8.116s][info][gc,phases   ] GC(84) Concurrent Mark 78.997ms
[8.116s][info][gc,phases   ] GC(84) Pause Mark End 0.007ms
[8.116s][info][gc,phases   ] GC(84) Concurrent Mark Free 0.000ms
[8.116s][info][gc,phases   ] GC(84) Concurrent Process Non-Strong References 0.598ms
[8.116s][info][gc,phases   ] GC(84) Concurrent Reset Relocation Set 0.005ms
[8.117s][info][gc          ] Allocation Stall (pool-1-thread-7) 80.185ms
[8.117s][info][gc          ] Allocation Stall (pool-1-thread-8) 80.154ms
[8.117s][info][gc          ] Allocation Stall (pool-1-thread-9) 80.181ms
[8.119s][info][gc,phases   ] GC(84) Concurrent Select Relocation Set 2.535ms
[8.119s][info][gc,phases   ] GC(84) Pause Relocate Start 0.003ms
[8.133s][info][gc          ] Allocation Stall (pool-1-thread-7) 1.997ms
[8.134s][info][gc          ] Allocation Stall (pool-1-thread-8) 1.679ms
[8.134s][info][gc,phases   ] GC(84) Concurrent Relocate 14.598ms
[8.134s][info][gc,load     ] GC(84) Load: 0.42/0.24/0.20
[8.134s][info][gc,mmu      ] GC(84) MMU: 2ms/97.7%, 5ms/99.0%, 10ms/99.5%, 20ms/99.7%, 50ms/99.9%, 100ms/99.9%
[8.134s][info][gc,marking  ] GC(84) Mark: 4 stripe(s), 10 proactive flush(es), 1 terminate flush(es), 0 completion(s), 0 continuation(s) 
[8.134s][info][gc,marking  ] GC(84) Mark Stack Usage: 32M
[8.134s][info][gc,nmethod  ] GC(84) NMethods: 1554 registered, 203 unregistered
[8.134s][info][gc,metaspace] GC(84) Metaspace: 10M used, 10M committed, 1088M reserved
[8.134s][info][gc,ref      ] GC(84) Soft: 151 encountered, 60 discovered, 0 enqueued
[8.134s][info][gc,ref      ] GC(84) Weak: 925 encountered, 312 discovered, 0 enqueued
[8.134s][info][gc,ref      ] GC(84) Final: 0 encountered, 0 discovered, 0 enqueued
[8.134s][info][gc,ref      ] GC(84) Phantom: 3 encountered, 1 discovered, 0 enqueued
[8.134s][info][gc,reloc    ] GC(84) Small Pages: 200 / 400M, Empty: 122M, Relocated: 38M, In-Place: 4
[8.134s][info][gc,reloc    ] GC(84) Medium Pages: 0 / 0M, Empty: 0M, Relocated: 0M, In-Place: 0
[8.134s][info][gc,reloc    ] GC(84) Large Pages: 0 / 0M, Empty: 0M, Relocated: 0M, In-Place: 0
[8.134s][info][gc,reloc    ] GC(84) Forwarding Usage: 22M
[8.134s][info][gc,heap     ] GC(84) Min Capacity: 8M(2%)
[8.134s][info][gc,heap     ] GC(84) Max Capacity: 400M(100%)
[8.134s][info][gc,heap     ] GC(84) Soft Max Capacity: 400M(100%)
[8.134s][info][gc,heap     ] GC(84)                Mark Start          Mark End        Relocate Start      Relocate End           High               Low         
[8.134s][info][gc,heap     ] GC(84)  Capacity:      400M (100%)        400M (100%)        400M (100%)        400M (100%)        400M (100%)        400M (100%)   
[8.134s][info][gc,heap     ] GC(84)      Free:        0M (0%)            0M (0%)           88M (22%)           0M (0%)          122M (30%)           0M (0%)     
[8.134s][info][gc,heap     ] GC(84)      Used:      400M (100%)        400M (100%)        312M (78%)         400M (100%)        400M (100%)        278M (70%)    
[8.134s][info][gc,heap     ] GC(84)      Live:         -               181M (45%)         181M (45%)         181M (45%)            -                  -          
[8.134s][info][gc,heap     ] GC(84) Allocated:         -                 0M (0%)           34M (8%)          210M (53%)            -                  -          
[8.134s][info][gc,heap     ] GC(84)   Garbage:         -               218M (55%)          96M (24%)           7M (2%)             -                  -          
[8.134s][info][gc,heap     ] GC(84) Reclaimed:         -                  -               122M (30%)         210M (53%)            -                  -          
[8.134s][info][gc          ] GC(84) Garbage Collection (Allocation Stall) 400M(100%)->400M(100%)
[8.134s][info][gc,start    ] GC(85) Garbage Collection (Allocation Stall)
[8.134s][info][gc,ref      ] GC(85) Clearing All SoftReferences
[8.134s][info][gc,task     ] GC(85) Using 4 workers
[8.134s][info][gc,ref      ] GC(85) Clearing All SoftReferences
[8.134s][info][gc,phases   ] GC(85) Pause Mark Start 0.019ms
[8.202s][info][gc,phases   ] GC(85) Concurrent Mark 68.571ms
[8.202s][info][gc,phases   ] GC(85) Pause Mark End 0.009ms
[8.202s][info][gc,phases   ] GC(85) Concurrent Mark Free 0.000ms
[8.203s][info][gc,phases   ] GC(85) Concurrent Process Non-Strong References 0.604ms
[8.203s][info][gc,phases   ] GC(85) Concurrent Reset Relocation Set 0.004ms
[8.203s][info][gc          ] Allocation Stall (pool-1-thread-7) 69.562ms
[8.203s][info][gc          ] Allocation Stall (pool-1-thread-8) 69.427ms
[8.203s][info][gc          ] Allocation Stall (pool-1-thread-9) 44.005ms
[8.205s][info][gc,phases   ] GC(85) Concurrent Select Relocation Set 1.614ms
[8.205s][info][gc,phases   ] GC(85) Pause Relocate Start 0.009ms
[8.214s][info][gc,phases   ] GC(85) Concurrent Relocate 9.434ms
[8.214s][info][gc,load     ] GC(85) Load: 0.42/0.24/0.20
[8.214s][info][gc,mmu      ] GC(85) MMU: 2ms/97.7%, 5ms/99.0%, 10ms/99.5%, 20ms/99.7%, 50ms/99.9%, 100ms/99.9%
[8.214s][info][gc,marking  ] GC(85) Mark: 4 stripe(s), 2 proactive flush(es), 1 terminate flush(es), 0 completion(s), 0 continuation(s) 
[8.214s][info][gc,marking  ] GC(85) Mark Stack Usage: 32M
[8.214s][info][gc,nmethod  ] GC(85) NMethods: 1554 registered, 203 unregistered
[8.214s][info][gc,metaspace] GC(85) Metaspace: 10M used, 10M committed, 1088M reserved
[8.214s][info][gc,ref      ] GC(85) Soft: 151 encountered, 42 discovered, 0 enqueued
[8.214s][info][gc,ref      ] GC(85) Weak: 925 encountered, 266 discovered, 0 enqueued
[8.214s][info][gc,ref      ] GC(85) Final: 0 encountered, 0 discovered, 0 enqueued
[8.214s][info][gc,ref      ] GC(85) Phantom: 3 encountered, 2 discovered, 0 enqueued
[8.214s][info][gc,reloc    ] GC(85) Small Pages: 200 / 400M, Empty: 134M, Relocated: 20M, In-Place: 0
[8.214s][info][gc,reloc    ] GC(85) Medium Pages: 0 / 0M, Empty: 0M, Relocated: 0M, In-Place: 0
[8.214s][info][gc,reloc    ] GC(85) Large Pages: 0 / 0M, Empty: 0M, Relocated: 0M, In-Place: 0
[8.214s][info][gc,reloc    ] GC(85) Forwarding Usage: 12M
[8.214s][info][gc,heap     ] GC(85) Min Capacity: 8M(2%)
[8.214s][info][gc,heap     ] GC(85) Max Capacity: 400M(100%)
[8.214s][info][gc,heap     ] GC(85) Soft Max Capacity: 400M(100%)
[8.214s][info][gc,heap     ] GC(85)                Mark Start          Mark End        Relocate Start      Relocate End           High               Low         
[8.214s][info][gc,heap     ] GC(85)  Capacity:      400M (100%)        400M (100%)        400M (100%)        400M (100%)        400M (100%)        400M (100%)   
[8.214s][info][gc,heap     ] GC(85)      Free:        0M (0%)            0M (0%)          104M (26%)          34M (8%)          128M (32%)           0M (0%)     
[8.214s][info][gc,heap     ] GC(85)      Used:      400M (100%)        400M (100%)        296M (74%)         366M (92%)         400M (100%)        272M (68%)    
[8.214s][info][gc,heap     ] GC(85)      Live:         -               199M (50%)         199M (50%)         199M (50%)            -                  -          
[8.214s][info][gc,heap     ] GC(85) Allocated:         -                 0M (0%)           30M (8%)          159M (40%)            -                  -          
[8.214s][info][gc,heap     ] GC(85)   Garbage:         -               200M (50%)          66M (17%)           6M (2%)             -                  -          
[8.214s][info][gc,heap     ] GC(85) Reclaimed:         -                  -               134M (34%)         193M (48%)            -                  -          
[8.214s][info][gc          ] GC(85) Garbage Collection (Allocation Stall) 400M(100%)->366M(92%)
[8.216s][info][gc,start    ] GC(86) Garbage Collection (Allocation Stall)
[8.216s][info][gc,ref      ] GC(86) Clearing All SoftReferences
[8.216s][info][gc,task     ] GC(86) Using 4 workers
[8.217s][info][gc,ref      ] GC(86) Clearing All SoftReferences
[8.217s][info][gc,phases   ] GC(86) Pause Mark Start 0.017ms
[8.293s][info][gc,phases   ] GC(86) Concurrent Mark 75.998ms
[8.293s][info][gc,phases   ] GC(86) Pause Mark End 0.007ms
[8.293s][info][gc,phases   ] GC(86) Concurrent Mark Free 0.000ms
[8.293s][info][gc,phases   ] GC(86) Concurrent Process Non-Strong References 0.597ms
[8.293s][info][gc,phases   ] GC(86) Concurrent Reset Relocation Set 0.003ms
[8.293s][info][gc          ] Allocation Stall (pool-1-thread-9) 76.838ms
[8.293s][info][gc          ] Allocation Stall (pool-1-thread-8) 73.813ms
[8.295s][info][gc,phases   ] GC(86) Concurrent Select Relocation Set 1.337ms
[8.295s][info][gc,phases   ] GC(86) Pause Relocate Start 0.014ms
[8.295s][info][gc,phases   ] GC(86) Concurrent Relocate 0.432ms
[8.295s][info][gc,load     ] GC(86) Load: 0.46/0.25/0.20
[8.295s][info][gc,mmu      ] GC(86) MMU: 2ms/97.7%, 5ms/99.0%, 10ms/99.5%, 20ms/99.7%, 50ms/99.9%, 100ms/99.9%
[8.295s][info][gc,marking  ] GC(86) Mark: 4 stripe(s), 10 proactive flush(es), 1 terminate flush(es), 0 completion(s), 0 continuation(s) 
[8.295s][info][gc,marking  ] GC(86) Mark Stack Usage: 32M
[8.295s][info][gc,nmethod  ] GC(86) NMethods: 1553 registered, 204 unregistered
[8.295s][info][gc,metaspace] GC(86) Metaspace: 10M used, 10M committed, 1088M reserved
[8.295s][info][gc,ref      ] GC(86) Soft: 151 encountered, 35 discovered, 0 enqueued
[8.295s][info][gc,ref      ] GC(86) Weak: 925 encountered, 511 discovered, 0 enqueued
[8.295s][info][gc,ref      ] GC(86) Final: 0 encountered, 0 discovered, 0 enqueued
[8.295s][info][gc,ref      ] GC(86) Phantom: 3 encountered, 1 discovered, 0 enqueued
[8.295s][info][gc,reloc    ] GC(86) Small Pages: 200 / 400M, Empty: 224M, Relocated: 2M, In-Place: 0
[8.295s][info][gc,reloc    ] GC(86) Medium Pages: 0 / 0M, Empty: 0M, Relocated: 0M, In-Place: 0
[8.295s][info][gc,reloc    ] GC(86) Large Pages: 0 / 0M, Empty: 0M, Relocated: 0M, In-Place: 0
[8.295s][info][gc,reloc    ] GC(86) Forwarding Usage: 1M
[8.295s][info][gc,heap     ] GC(86) Min Capacity: 8M(2%)
[8.295s][info][gc,heap     ] GC(86) Max Capacity: 400M(100%)
[8.295s][info][gc,heap     ] GC(86) Soft Max Capacity: 400M(100%)
[8.295s][info][gc,heap     ] GC(86)                Mark Start          Mark End        Relocate Start      Relocate End           High               Low         
[8.295s][info][gc,heap     ] GC(86)  Capacity:      400M (100%)        400M (100%)        400M (100%)        400M (100%)        400M (100%)        400M (100%)   
[8.295s][info][gc,heap     ] GC(86)      Free:        0M (0%)            0M (0%)          194M (48%)         200M (50%)         214M (54%)           0M (0%)     
[8.295s][info][gc,heap     ] GC(86)      Used:      400M (100%)        400M (100%)        206M (52%)         200M (50%)         400M (100%)        186M (46%)    
[8.295s][info][gc,heap     ] GC(86)      Live:         -               156M (39%)         156M (39%)         156M (39%)            -                  -          
[8.295s][info][gc,heap     ] GC(86) Allocated:         -                 0M (0%)           30M (8%)           35M (9%)             -                  -          
[8.295s][info][gc,heap     ] GC(86)   Garbage:         -               243M (61%)          19M (5%)            7M (2%)             -                  -          
[8.295s][info][gc,heap     ] GC(86) Reclaimed:         -                  -               224M (56%)         235M (59%)            -                  -          
[8.295s][info][gc          ] GC(86) Garbage Collection (Allocation Stall) 400M(100%)->200M(50%)
[8.308s][info][gc,start    ] GC(87) Garbage Collection (Allocation Stall)
[8.308s][info][gc,ref      ] GC(87) Clearing All SoftReferences
[8.308s][info][gc,task     ] GC(87) Using 4 workers
[8.308s][info][gc,ref      ] GC(87) Clearing All SoftReferences
[8.308s][info][gc,phases   ] GC(87) Pause Mark Start 0.015ms
[8.380s][info][gc,phases   ] GC(87) Concurrent Mark 71.388ms
[8.380s][info][gc,phases   ] GC(87) Pause Mark End 0.009ms
[8.380s][info][gc,phases   ] GC(87) Concurrent Mark Free 0.000ms
[8.380s][info][gc,phases   ] GC(87) Concurrent Process Non-Strong References 0.599ms
[8.380s][info][gc,phases   ] GC(87) Concurrent Reset Relocation Set 0.001ms
[8.380s][info][gc          ] Allocation Stall (pool-1-thread-9) 72.298ms
[8.380s][info][gc          ] Allocation Stall (pool-1-thread-8) 67.860ms
[8.382s][info][gc,phases   ] GC(87) Concurrent Select Relocation Set 1.237ms
[8.382s][info][gc,phases   ] GC(87) Pause Relocate Start 0.006ms
[8.386s][info][gc,phases   ] GC(87) Concurrent Relocate 4.476ms
[8.386s][info][gc,load     ] GC(87) Load: 0.46/0.25/0.20
[8.386s][info][gc,mmu      ] GC(87) MMU: 2ms/97.7%, 5ms/99.0%, 10ms/99.5%, 20ms/99.7%, 50ms/99.9%, 100ms/99.9%
[8.386s][info][gc,marking  ] GC(87) Mark: 4 stripe(s), 10 proactive flush(es), 1 terminate flush(es), 0 completion(s), 0 continuation(s) 
[8.386s][info][gc,marking  ] GC(87) Mark Stack Usage: 32M
[8.386s][info][gc,nmethod  ] GC(87) NMethods: 1553 registered, 204 unregistered
[8.386s][info][gc,metaspace] GC(87) Metaspace: 10M used, 10M committed, 1088M reserved
[8.386s][info][gc,ref      ] GC(87) Soft: 151 encountered, 57 discovered, 0 enqueued
[8.386s][info][gc,ref      ] GC(87) Weak: 925 encountered, 184 discovered, 0 enqueued
[8.386s][info][gc,ref      ] GC(87) Final: 0 encountered, 0 discovered, 0 enqueued
[8.386s][info][gc,ref      ] GC(87) Phantom: 3 encountered, 2 discovered, 0 enqueued
[8.386s][info][gc,reloc    ] GC(87) Small Pages: 200 / 400M, Empty: 172M, Relocated: 17M, In-Place: 0
[8.386s][info][gc,reloc    ] GC(87) Medium Pages: 0 / 0M, Empty: 0M, Relocated: 0M, In-Place: 0
[8.386s][info][gc,reloc    ] GC(87) Large Pages: 0 / 0M, Empty: 0M, Relocated: 0M, In-Place: 0
[8.386s][info][gc,reloc    ] GC(87) Forwarding Usage: 8M
[8.386s][info][gc,heap     ] GC(87) Min Capacity: 8M(2%)
[8.386s][info][gc,heap     ] GC(87) Max Capacity: 400M(100%)
[8.386s][info][gc,heap     ] GC(87) Soft Max Capacity: 400M(100%)
[8.386s][info][gc,heap     ] GC(87)                Mark Start          Mark End        Relocate Start      Relocate End           High               Low         
[8.386s][info][gc,heap     ] GC(87)  Capacity:      400M (100%)        400M (100%)        400M (100%)        400M (100%)        400M (100%)        400M (100%)   
[8.386s][info][gc,heap     ] GC(87)      Free:        0M (0%)            0M (0%)          148M (37%)         146M (36%)         162M (40%)           0M (0%)     
[8.386s][info][gc,heap     ] GC(87)      Used:      400M (100%)        400M (100%)        252M (63%)         254M (64%)         400M (100%)        238M (60%)    
[8.386s][info][gc,heap     ] GC(87)      Live:         -               199M (50%)         199M (50%)         199M (50%)            -                  -          
[8.386s][info][gc,heap     ] GC(87) Allocated:         -                 0M (0%)           24M (6%)           45M (11%)            -                  -          
[8.386s][info][gc,heap     ] GC(87)   Garbage:         -               200M (50%)          28M (7%)            8M (2%)             -                  -          
[8.386s][info][gc,heap     ] GC(87) Reclaimed:         -                  -               172M (43%)         191M (48%)            -                  -          
[8.386s][info][gc          ] GC(87) Garbage Collection (Allocation Stall) 400M(100%)->254M(64%)
[8.396s][info][gc,start    ] GC(88) Garbage Collection (Allocation Stall)
[8.396s][info][gc,ref      ] GC(88) Clearing All SoftReferences
[8.396s][info][gc,task     ] GC(88) Using 4 workers
[8.397s][info][gc,ref      ] GC(88) Clearing All SoftReferences
[8.397s][info][gc,phases   ] GC(88) Pause Mark Start 0.017ms
[8.487s][info][gc,phases   ] GC(88) Concurrent Mark 90.335ms
[8.487s][info][gc,phases   ] GC(88) Pause Mark End 0.008ms
[8.487s][info][gc,phases   ] GC(88) Concurrent Mark Free 0.001ms
[8.488s][info][gc,phases   ] GC(88) Concurrent Process Non-Strong References 0.610ms
[8.488s][info][gc,phases   ] GC(88) Concurrent Reset Relocation Set 0.001ms
[8.488s][info][gc          ] Allocation Stall (pool-1-thread-8) 91.260ms
[8.488s][info][gc          ] Allocation Stall (pool-1-thread-9) 77.377ms
[8.489s][info][gc,phases   ] GC(88) Concurrent Select Relocation Set 1.823ms
[8.490s][info][gc,phases   ] GC(88) Pause Relocate Start 0.003ms
[8.501s][info][gc          ] Allocation Stall (pool-1-thread-8) 0.311ms
[8.501s][info][gc,phases   ] GC(88) Concurrent Relocate 11.804ms
[8.501s][info][gc,load     ] GC(88) Load: 0.46/0.25/0.20
[8.501s][info][gc,mmu      ] GC(88) MMU: 2ms/97.7%, 5ms/99.0%, 10ms/99.5%, 20ms/99.7%, 50ms/99.9%, 100ms/99.9%
[8.501s][info][gc,marking  ] GC(88) Mark: 4 stripe(s), 10 proactive flush(es), 1 terminate flush(es), 0 completion(s), 0 continuation(s) 
[8.501s][info][gc,marking  ] GC(88) Mark Stack Usage: 32M
[8.501s][info][gc,nmethod  ] GC(88) NMethods: 1553 registered, 204 unregistered
[8.501s][info][gc,metaspace] GC(88) Metaspace: 10M used, 10M committed, 1088M reserved
[8.501s][info][gc,ref      ] GC(88) Soft: 151 encountered, 50 discovered, 0 enqueued
[8.501s][info][gc,ref      ] GC(88) Weak: 925 encountered, 358 discovered, 0 enqueued
[8.501s][info][gc,ref      ] GC(88) Final: 0 encountered, 0 discovered, 0 enqueued
[8.501s][info][gc,ref      ] GC(88) Phantom: 3 encountered, 0 discovered, 0 enqueued
[8.501s][info][gc,reloc    ] GC(88) Small Pages: 200 / 400M, Empty: 146M, Relocated: 29M, In-Place: 0
[8.501s][info][gc,reloc    ] GC(88) Medium Pages: 0 / 0M, Empty: 0M, Relocated: 0M, In-Place: 0
[8.501s][info][gc,reloc    ] GC(88) Large Pages: 0 / 0M, Empty: 0M, Relocated: 0M, In-Place: 0
[8.501s][info][gc,reloc    ] GC(88) Forwarding Usage: 15M
[8.501s][info][gc,heap     ] GC(88) Min Capacity: 8M(2%)
[8.501s][info][gc,heap     ] GC(88) Max Capacity: 400M(100%)
[8.501s][info][gc,heap     ] GC(88) Soft Max Capacity: 400M(100%)
[8.501s][info][gc,heap     ] GC(88)                Mark Start          Mark End        Relocate Start      Relocate End           High               Low         
[8.502s][info][gc,heap     ] GC(88)  Capacity:      400M (100%)        400M (100%)        400M (100%)        400M (100%)        400M (100%)        400M (100%)   
[8.502s][info][gc,heap     ] GC(88)      Free:        0M (0%)            0M (0%)          116M (29%)           0M (0%)          130M (32%)           0M (0%)     
[8.502s][info][gc,heap     ] GC(88)      Used:      400M (100%)        400M (100%)        284M (71%)         400M (100%)        400M (100%)        270M (68%)    
[8.502s][info][gc,heap     ] GC(88)      Live:         -               199M (50%)         199M (50%)         199M (50%)            -                  -          
[8.502s][info][gc,heap     ] GC(88) Allocated:         -                 0M (0%)           30M (8%)          193M (48%)            -                  -          
[8.502s][info][gc,heap     ] GC(88)   Garbage:         -               200M (50%)          54M (14%)           6M (2%)             -                  -          
[8.502s][info][gc,heap     ] GC(88) Reclaimed:         -                  -               146M (36%)         193M (48%)            -                  -          
[8.502s][info][gc          ] GC(88) Garbage Collection (Allocation Stall) 400M(100%)->400M(100%)
[8.502s][info][gc,start    ] GC(89) Garbage Collection (Allocation Stall)
[8.502s][info][gc,ref      ] GC(89) Clearing All SoftReferences
[8.502s][info][gc,task     ] GC(89) Using 4 workers
[8.502s][info][gc,ref      ] GC(89) Clearing All SoftReferences
[8.502s][info][gc,phases   ] GC(89) Pause Mark Start 0.016ms
[8.574s][info][gc,phases   ] GC(89) Concurrent Mark 72.842ms
[8.575s][info][gc,phases   ] GC(89) Pause Mark End 0.007ms
[8.575s][info][gc,phases   ] GC(89) Concurrent Mark Free 0.001ms
[8.575s][info][gc,phases   ] GC(89) Concurrent Process Non-Strong References 0.603ms
[8.575s][info][gc,phases   ] GC(89) Concurrent Reset Relocation Set 0.002ms
[8.575s][info][gc          ] Allocation Stall (pool-1-thread-8) 73.710ms
[8.575s][info][gc          ] Allocation Stall (pool-1-thread-9) 74.127ms
[8.577s][info][gc,phases   ] GC(89) Concurrent Select Relocation Set 1.502ms
[8.577s][info][gc,phases   ] GC(89) Pause Relocate Start 0.027ms
[8.579s][info][gc,phases   ] GC(89) Concurrent Relocate 1.750ms
[8.579s][info][gc,load     ] GC(89) Load: 0.46/0.25/0.20
[8.579s][info][gc,mmu      ] GC(89) MMU: 2ms/97.7%, 5ms/99.0%, 10ms/99.5%, 20ms/99.7%, 50ms/99.9%, 100ms/99.9%
[8.579s][info][gc,marking  ] GC(89) Mark: 4 stripe(s), 10 proactive flush(es), 1 terminate flush(es), 0 completion(s), 0 continuation(s) 
[8.579s][info][gc,marking  ] GC(89) Mark Stack Usage: 32M
[8.579s][info][gc,nmethod  ] GC(89) NMethods: 1553 registered, 204 unregistered
[8.579s][info][gc,metaspace] GC(89) Metaspace: 10M used, 10M committed, 1088M reserved
[8.579s][info][gc,ref      ] GC(89) Soft: 151 encountered, 54 discovered, 0 enqueued
[8.579s][info][gc,ref      ] GC(89) Weak: 925 encountered, 465 discovered, 0 enqueued
[8.579s][info][gc,ref      ] GC(89) Final: 0 encountered, 0 discovered, 0 enqueued
[8.579s][info][gc,ref      ] GC(89) Phantom: 3 encountered, 2 discovered, 0 enqueued
[8.579s][info][gc,reloc    ] GC(89) Small Pages: 200 / 400M, Empty: 210M, Relocated: 8M, In-Place: 0
[8.579s][info][gc,reloc    ] GC(89) Medium Pages: 0 / 0M, Empty: 0M, Relocated: 0M, In-Place: 0
[8.579s][info][gc,reloc    ] GC(89) Large Pages: 0 / 0M, Empty: 0M, Relocated: 0M, In-Place: 0
[8.579s][info][gc,reloc    ] GC(89) Forwarding Usage: 4M
[8.579s][info][gc,heap     ] GC(89) Min Capacity: 8M(2%)
[8.579s][info][gc,heap     ] GC(89) Max Capacity: 400M(100%)
[8.579s][info][gc,heap     ] GC(89) Soft Max Capacity: 400M(100%)
[8.579s][info][gc,heap     ] GC(89)                Mark Start          Mark End        Relocate Start      Relocate End           High               Low         
[8.579s][info][gc,heap     ] GC(89)  Capacity:      400M (100%)        400M (100%)        400M (100%)        400M (100%)        400M (100%)        400M (100%)   
[8.579s][info][gc,heap     ] GC(89)      Free:        0M (0%)            0M (0%)          184M (46%)         164M (41%)         196M (49%)           0M (0%)     
[8.579s][info][gc,heap     ] GC(89)      Used:      400M (100%)        400M (100%)        216M (54%)         236M (59%)         400M (100%)        204M (51%)    
[8.579s][info][gc,heap     ] GC(89)      Live:         -               168M (42%)         168M (42%)         168M (42%)            -                  -          
[8.579s][info][gc,heap     ] GC(89) Allocated:         -                 0M (0%)           26M (6%)           59M (15%)            -                  -          
[8.579s][info][gc,heap     ] GC(89)   Garbage:         -               231M (58%)          21M (5%)            7M (2%)             -                  -          
[8.579s][info][gc,heap     ] GC(89) Reclaimed:         -                  -               210M (52%)         223M (56%)            -                  -          
[8.579s][info][gc          ] GC(89) Garbage Collection (Allocation Stall) 400M(100%)->236M(59%)
[8.618s][info][gc,heap,exit] Heap
[8.618s][info][gc,heap,exit]  ZHeap           used 284M, capacity 400M, max capacity 400M
[8.618s][info][gc,heap,exit]  Metaspace       used 10587K, committed 10880K, reserved 1114112K
[8.618s][info][gc,heap,exit]   class space    used 1229K, committed 1344K, reserved 1048576K
